seg000:A000 ;
seg000:A000 ; +-------------------------------------------------------------------------+
seg000:A000 ; |      This file was generated by The Interactive Disassembler (IDA)      |
seg000:A000 ; |           Copyright (c) 2026 Hex-Rays, <support@hex-rays.com>           |
seg000:A000 ; |                      License info: 48-2137-ACAB-69                      |
seg000:A000 ; |                             hi@hex-rays.com                             |
seg000:A000 ; +-------------------------------------------------------------------------+
seg000:A000 ;
seg000:A000 ; Input SHA256 : 62B1C263E3A3A17059DC03E9A251771080C801F33947D867B62364B46477C3A6
seg000:A000 ; Input MD5    : 5BBEFDC6AB8BEDBA9A4262A09F0493EB
seg000:A000 ; Input CRC32  : BCFDC5A4
seg000:A000 ; Compiler     : GNU C++
seg000:A000
seg000:A000 ; File Name   : /home/brox/Projects/zeliard/WORK/eai3.bin
seg000:A000 ; Format      : Binary file
seg000:A000 ; Base Address: 0000h Range: 0000h - 0737h Loaded length: 0737h
seg000:A000
seg000:A000                 .286
seg000:A000                 .model small
seg000:A000 .intel_syntax noprefix
seg000:A000
seg000:A000 ; ===========================================================================
seg000:A000
seg000:A000 ; Segment type: Pure code
seg000:A000 seg000          segment byte public 'CODE'
seg000:A000                 assume cs:seg000
seg000:A000                 ;org 0A000h
seg000:A000                 assume es:nothing, ss:nothing, ds:seg000
seg000:A000                 dw offset Monster_AI
seg000:A002                 db    0
seg000:A003                 db    0
seg000:A004                 db    0
seg000:A005                 db    0
seg000:A006                 dw offset death_descriptors
seg000:A008 monster_xp      db 20, 10, 10, 20, 0, 0, 0, 0
seg000:A010 monster_damage  db 40, 40, 16, 40, 0, 0, 0, 0
seg000:A018                 db    0
seg000:A019                 db    0
seg000:A01A                 db    0
seg000:A01B                 db    0
seg000:A01C                 db    0
seg000:A01D                 db    0
seg000:A01E                 db    0
seg000:A01F                 db    0
seg000:A020                 db    0
seg000:A021                 db    0
seg000:A022                 db    0
seg000:A023                 db    0
seg000:A024                 db    0
seg000:A025                 db    0
seg000:A026                 db    0
seg000:A027                 db    0
seg000:A028                 db    0
seg000:A029                 db    0
seg000:A02A                 db    0
seg000:A02B                 db    0
seg000:A02C                 db    0
seg000:A02D                 db    0
seg000:A02E                 db    0
seg000:A02F                 db    0                 ;
seg000:A02F                                         ; left frames
seg000:A030                 dw offset byte_A0B0
seg000:A032                 dw offset byte_A155
seg000:A034                 dw offset byte_A1A5
seg000:A036                 dw offset byte_A1D7
seg000:A038                 dw 0
seg000:A03A                 dw 0
seg000:A03C                 dw 0
seg000:A03E                 dw 0
seg000:A040                 dw offset byte_A128
seg000:A042                 dw offset byte_A173
seg000:A044                 dw offset byte_A1C8
seg000:A046                 dw offset byte_A213
seg000:A048                 dw 0
seg000:A04A                 dw 0
seg000:A04C                 dw 0
seg000:A04E                 dw 0
seg000:A050                 dw offset byte_A272
seg000:A052                 dw offset byte_A272
seg000:A054                 dw offset byte_A222
seg000:A056                 dw offset byte_A259
seg000:A058                 dw offset byte_A231
seg000:A05A                 dw offset byte_A245
seg000:A05C                 dw offset byte_A26D
seg000:A05E                 dw 0
seg000:A060                 dw offset byte_A28B
seg000:A062                 dw offset byte_A290
seg000:A064                 dw 0
seg000:A066                 dw 0
seg000:A068                 dw offset byte_A286
seg000:A06A                 dw offset byte_A295
seg000:A06C                 dw 0
seg000:A06E                 dw 0                    ;
seg000:A06E                                         ; right frames
seg000:A070                 dw offset byte_A0EC
seg000:A072                 dw offset byte_A137
seg000:A074                 dw offset byte_A182
seg000:A076                 dw offset byte_A1F5
seg000:A078                 dw 0
seg000:A07A                 dw 0
seg000:A07C                 dw 0
seg000:A07E                 dw 0
seg000:A080                 dw offset byte_A128
seg000:A082                 dw offset byte_A173
seg000:A084                 dw offset byte_A1C8
seg000:A086                 dw offset byte_A213
seg000:A088                 dw 0
seg000:A08A                 dw 0
seg000:A08C                 dw 0
seg000:A08E                 dw 0
seg000:A090                 dw offset byte_A272
seg000:A092                 dw offset byte_A272
seg000:A094                 dw offset byte_A222
seg000:A096                 dw offset byte_A259
seg000:A098                 dw offset byte_A231
seg000:A09A                 dw offset byte_A245
seg000:A09C                 dw offset byte_A26D
seg000:A09E                 dw 0
seg000:A0A0                 dw offset byte_A28B
seg000:A0A2                 dw offset byte_A290
seg000:A0A4                 dw 0
seg000:A0A6                 dw 0
seg000:A0A8                 dw offset byte_A286
seg000:A0AA                 dw offset byte_A295
seg000:A0AC                 dw 0
seg000:A0AE                 dw 0
seg000:A0B0 byte_A0B0       db 0, 1, 2, 3, 4
seg000:A0B5                 db 0, 5, 6, 7, 8
seg000:A0BA                 db 0, 9, 0Ah, 0Bh, 0Ch
seg000:A0BF                 db 0, 0Dh, 0Eh, 0Fh, 10h
seg000:A0C4                 db 0, 11h, 12h, 13h, 14h
seg000:A0C9                 db 0, 15h, 16h, 17h, 18h
seg000:A0CE                 db 0, 19h, 1Ah, 1Bh, 1Ch
seg000:A0D3                 db 0, 1Dh, 1Eh, 0Fh, 10h
seg000:A0D8                 db 0, 21h, 22h, 0, 0
seg000:A0DD                 db 0, 0, 0, 21h, 22h
seg000:A0E2                 db 0, 0, 0, 23h, 24h
seg000:A0E7                 db 0, 25h, 26h, 27h, 28h
seg000:A0EC byte_A0EC       db 0, 1Dh, 1Eh, 0Fh, 10h
seg000:A0F1                 db 0, 0BFh, 1Ah, 0C0h, 1Ch
seg000:A0F6                 db 0, 15h, 16h, 0C1h, 0C2h
seg000:A0FB                 db 0, 11h, 12h, 13h, 14h
seg000:A100                 db 0, 0Dh, 0Eh, 0Fh, 10h
seg000:A105                 db 0, 0C3h, 0Ah, 0C4h, 1Ch
seg000:A10A                 db 0, 5, 6, 20h, 1Fh
seg000:A10F                 db 0, 1, 2, 3, 4
seg000:A114                 db 0, 21h, 22h, 0, 0
seg000:A119                 db 0, 0, 0, 21h, 22h
seg000:A11E                 db 0, 0, 0, 23h, 24h
seg000:A123                 db 0, 25h, 26h, 27h, 28h
seg000:A128 byte_A128       db 0, 29h, 2Ah, 2Bh, 2Ch
seg000:A12D                 db 0, 2Dh, 2Eh, 2Fh, 30h
seg000:A132                 db 0, 31h, 32h, 33h, 34h
seg000:A137 byte_A137       db 0, 0, 0, 35h, 36h
seg000:A13C                 db 0, 37h, 38h, 39h, 3Ah
seg000:A141                 db 0, 3Bh, 3Ch, 3Dh, 3Eh
seg000:A146                 db 0, 3Fh, 40h, 41h, 42h
seg000:A14B                 db 0, 43h, 44h, 45h, 46h
seg000:A150                 db 0, 43h, 44h, 45h, 46h
seg000:A155 byte_A155       db 0, 0, 0, 47h, 48h
seg000:A15A                 db 0, 49h, 4Ah, 4Bh, 4Ch
seg000:A15F                 db 0, 4Dh, 4Eh, 4Fh, 50h
seg000:A164                 db 0, 51h, 52h, 53h, 54h
seg000:A169                 db 0, 55h, 56h, 57h, 58h
seg000:A16E                 db 0, 55h, 56h, 57h, 58h
seg000:A173 byte_A173       db 0, 59h, 5Ah, 5Bh, 5Ch
seg000:A178                 db 0, 5Dh, 5Eh, 5Fh, 60h
seg000:A17D                 db 0, 61h, 62h, 63h, 64h
seg000:A182 byte_A182       db 0, 0, 0, 65h, 66h
seg000:A187                 db 0, 0, 0, 67h, 68h
seg000:A18C                 db 0, 0, 0, 69h, 6Ah
seg000:A191                 db 0, 0, 0, 6Bh, 6Ch
seg000:A196                 db 0, 6Dh, 6Eh, 6Fh, 70h
seg000:A19B                 db 0, 76h, 77h, 73h, 74h
seg000:A1A0                 db 0, 76h, 78h, 73h, 74h
seg000:A1A5 byte_A1A5       db 0, 0, 0, 65h, 66h
seg000:A1AA                 db 0, 0, 0, 67h, 68h
seg000:A1AF                 db 0, 0, 0, 69h, 6Ah
seg000:A1B4                 db 0, 0, 0, 6Bh, 6Ch
seg000:A1B9                 db 0, 6Dh, 6Eh, 6Fh, 70h
seg000:A1BE                 db 0, 71h, 72h, 73h, 74h
seg000:A1C3                 db 0, 75h, 72h, 73h, 74h
seg000:A1C8 byte_A1C8       db 0, 7Bh, 7Ch, 7Dh, 7Eh
seg000:A1CD                 db 0, 7Fh, 80h, 81h, 82h
seg000:A1D2                 db 0, 83h, 84h, 85h, 86h
seg000:A1D7 byte_A1D7       db 1, 87h, 88h, 89h, 8Ah
seg000:A1DC                 db 1, 8Bh, 8Ch, 8Dh, 8Eh
seg000:A1E1                 db 1, 8Fh, 90h, 91h, 92h
seg000:A1E6                 db 1, 93h, 94h, 95h, 96h
seg000:A1EB                 db 1, 97h, 98h, 99h, 9Ah
seg000:A1F0                 db 1, 9Bh, 9Ch, 9Dh, 9Eh
seg000:A1F5 byte_A1F5       db 1, 87h, 88h, 89h, 8Ah
seg000:A1FA                 db 1, 9Fh, 0A0h, 0A1h, 0A2h
seg000:A1FF                 db 1, 0A3h, 0A4h, 0A5h, 0A6h
seg000:A204                 db 1, 0A7h, 0A8h, 0A9h, 0AAh
seg000:A209                 db 1, 0ABh, 0ACh, 0ADh, 0AEh
seg000:A20E                 db 1, 0AFh, 0B0h, 0B1h, 0B2h
seg000:A213 byte_A213       db 1, 0B3h, 0B4h, 0B5h, 0B6h
seg000:A218                 db 1, 0B7h, 0B8h, 0B9h, 0BAh
seg000:A21D                 db 1, 0BBh, 0BCh, 0BDh, 0BEh
seg000:A222 byte_A222       db 1, 0EFh, 0F0h, 0F1h, 0F2h
seg000:A227                 db 1, 0F3h, 0C5h, 0C6h, 0C7h
seg000:A22C                 db 1, 0C8h, 0C9h, 0CAh, 0CBh
seg000:A231 byte_A231       db 0, 0CCh, 0CDh, 0CEh, 0CFh
seg000:A236                 db 0, 0D0h, 0D1h, 0D2h, 0D3h
seg000:A23B                 db 0, 0D4h, 0D5h, 0D6h, 0D7h
seg000:A240                 db 0, 0D0h, 0D1h, 0D2h, 0D3h
seg000:A245 byte_A245       db 2, 0CCh, 0CDh, 0CEh, 0CFh
seg000:A24A                 db 2, 0D0h, 0D1h, 0D2h, 0D3h
seg000:A24F                 db 2, 0D4h, 0D5h, 0D6h, 0D7h
seg000:A254                 db 2, 0D0h, 0D1h, 0D2h, 0D3h
seg000:A259 byte_A259       db 0, 0D8h, 0D9h, 0DAh, 0DBh
seg000:A25E                 db 0, 0D8h, 0D9h, 0DAh, 0DBh
seg000:A263                 db 0, 0D8h, 0D9h, 0DAh, 0DBh
seg000:A268                 db 0, 0D8h, 0D9h, 0DAh, 0DBh
seg000:A26D byte_A26D       db 1, 0DCh, 0DDh, 0DEh, 0DFh
seg000:A272 byte_A272       db 1, 0E4h, 0ECh, 0E4h, 0ECh
seg000:A277                 db 1, 0E5h, 0ECh, 0E6h, 0ECh
seg000:A27C                 db 1, 0E7h, 0E8h, 0E9h, 0EAh
seg000:A281                 db 1, 0, 0, 0, 0EBh
seg000:A286 byte_A286       db 2, 0E0h, 0E1h, 0E2h, 0E3h
seg000:A28B byte_A28B       db 0, 0EDh, 0EEh, 79h, 7Ah
seg000:A290 byte_A290       db 2, 0EDh, 0EEh, 79h, 7Ah
seg000:A295 byte_A295       db 1, 0F4h, 0F5h, 0F6h, 0F7h
seg000:A29A death_descriptors dw offset byte_A2A2
seg000:A29C                 dw offset byte_A2A6
seg000:A29E                 dw offset byte_A2AA
seg000:A2A0                 dw offset byte_A2AE
seg000:A2A2 byte_A2A2       db 4, 4, 0, 0
seg000:A2A6 byte_A2A6       db 5, 5, 0, 0
seg000:A2AA byte_A2AA       db 4, 4, 4, 4
seg000:A2AE byte_A2AE       db 5, 5, 5, 5
seg000:A2B2
seg000:A2B2 ; =============== S U B R O U T I N E =======================================
seg000:A2B2
seg000:A2B2
seg000:A2B2 Monster_AI      proc near
seg000:A2B2
seg000:A2B2 ; FUNCTION CHUNK AT seg000:A66E SIZE 00000093 BYTES
seg000:A2B2
seg000:A2B2                 mov     bl, [si+4]
seg000:A2B5                 and     bl, 0Fh
seg000:A2B8                 xor     bh, bh
seg000:A2BA                 add     bx, bx          ; switch 4 cases
seg000:A2BC                 jmp     jpt_A2BC[bx]    ; switch jump
seg000:A2BC ; ---------------------------------------------------------------------------
seg000:A2C0 jpt_A2BC        dw offset loc_A2C8      ; jump table for switch statement
seg000:A2C2                 dw offset loc_A44D
seg000:A2C4                 dw offset loc_A4F0
seg000:A2C6                 dw offset loc_A66E
seg000:A2C8 ; ---------------------------------------------------------------------------
seg000:A2C8
seg000:A2C8 loc_A2C8:                               ; jumptable 0000A2BC case 0
seg000:A2C8                 test    byte ptr [si+8], 0FFh
seg000:A2CC                 jnz     short loc_A2D2
seg000:A2CE                 mov     byte ptr [si+8], 2
seg000:A2D2
seg000:A2D2 loc_A2D2:
seg000:A2D2                 test    byte ptr [si+5], 20h
seg000:A2D6                 jz      short loc_A2DD
seg000:A2D8                 jmp     word ptr cs:6034h ; Hero_Hits_monster_proc
seg000:A2DD ; ---------------------------------------------------------------------------
seg000:A2DD
seg000:A2DD loc_A2DD:
seg000:A2DD                 mov     bl, [si+9]
seg000:A2E0                 and     bx, 7           ; switch 8 cases
seg000:A2E3                 add     bx, bx
seg000:A2E5                 jmp     jpt_A2E5[bx]    ; switch jump
seg000:A2E5 ; ---------------------------------------------------------------------------
seg000:A2E9 jpt_A2E5        dw offset loc_A2F9      ; jump table for switch statement
seg000:A2EB                 dw offset loc_A356
seg000:A2ED                 dw offset loc_A367
seg000:A2EF                 dw offset loc_A374
seg000:A2F1                 dw offset loc_A3AC
seg000:A2F3                 dw offset loc_A3E0
seg000:A2F5                 dw offset loc_A405
seg000:A2F7                 dw offset loc_A40E
seg000:A2F9 ; ---------------------------------------------------------------------------
seg000:A2F9
seg000:A2F9 loc_A2F9:                               ; jumptable 0000A2E5 case 0
seg000:A2F9                 inc     byte ptr [si+6]
seg000:A2FC                 and     byte ptr [si+6], 7
seg000:A300                 call    word ptr cs:601Ch ; check_collision_N2_proc
seg000:A305                 jnb     short loc_A34D
seg000:A307                 test    byte ptr [si+6], 1
seg000:A30B                 jnz     short loc_A30E
seg000:A30D                 retn
seg000:A30E ; ---------------------------------------------------------------------------
seg000:A30E
seg000:A30E loc_A30E:
seg000:A30E                 mov     al, [si+3]
seg000:A311                 cmp     al, 12h
seg000:A313                 jb      short loc_A319
seg000:A315                 cmp     al, 15h
seg000:A317                 jb      short loc_A34D
seg000:A319
seg000:A319 loc_A319:
seg000:A319                 test    byte ptr [si+5], 80h
seg000:A31D                 jnz     short loc_A337
seg000:A31F                 call    word ptr cs:6010h ; move_monster_W_proc
seg000:A324                 jb      short loc_A327
seg000:A326                 retn
seg000:A327 ; ---------------------------------------------------------------------------
seg000:A327
seg000:A327 loc_A327:
seg000:A327                 xor     al, al
seg000:A329                 xchg    al, [si+0Ah]
seg000:A32C                 xor     byte ptr [si+5], 80h
seg000:A330                 test    al, 1
seg000:A332                 jz      short loc_A335
seg000:A334                 retn
seg000:A335 ; ---------------------------------------------------------------------------
seg000:A335
seg000:A335 loc_A335:
seg000:A335                 jmp     short loc_A34D
seg000:A337 ; ---------------------------------------------------------------------------
seg000:A337
seg000:A337 loc_A337:                               ;
seg000:A337                 call    word ptr cs:6008h ; move_monster_E_proc
seg000:A33C                 jb      short loc_A33F
seg000:A33E                 retn
seg000:A33F ; ---------------------------------------------------------------------------
seg000:A33F
seg000:A33F loc_A33F:
seg000:A33F                 xor     al, al
seg000:A341                 xchg    al, [si+0Ah]
seg000:A344                 xor     byte ptr [si+5], 80h
seg000:A348                 test    al, 1
seg000:A34A                 jz      short loc_A34D
seg000:A34C                 retn
seg000:A34D ; ---------------------------------------------------------------------------
seg000:A34D
seg000:A34D loc_A34D:
seg000:A34D                 mov     byte ptr [si+9], 1
seg000:A351                 mov     byte ptr [si+6], 8
seg000:A355                 retn
seg000:A356 ; ---------------------------------------------------------------------------
seg000:A356
seg000:A356 loc_A356:                               ;
seg000:A356                 call    word ptr cs:6014h ; move_monster_S_proc
seg000:A35B                 jb      short loc_A35E
seg000:A35D                 retn
seg000:A35E ; ---------------------------------------------------------------------------
seg000:A35E
seg000:A35E loc_A35E:
seg000:A35E                 mov     byte ptr [si+9], 2
seg000:A362                 mov     byte ptr [si+6], 9
seg000:A366                 retn
seg000:A367 ; ---------------------------------------------------------------------------
seg000:A367
seg000:A367 loc_A367:                               ; jumptable 0000A2E5 case 2
seg000:A367                 mov     byte ptr [si+9], 3
seg000:A36B                 mov     byte ptr [si+6], 0Ah
seg000:A36F                 mov     byte ptr [si+0Ah], 0
seg000:A373                 retn
seg000:A374 ; ---------------------------------------------------------------------------
seg000:A374
seg000:A374 loc_A374:                               ; jumptable 0000A2E5 case 3
seg000:A374                 cmp     byte ptr [si+0Ah], 1
seg000:A378                 jnz     short loc_A382
seg000:A37A                 mov     byte ptr [si+9], 4
seg000:A37E                 mov     byte ptr [si+0Ah], 0FFh
seg000:A382
seg000:A382 loc_A382:
seg000:A382                 mov     byte ptr [si+6], 0Bh
seg000:A386                 test    byte ptr [si+5], 80h
seg000:A38A                 jnz     short loc_A39C
seg000:A38C                 inc     byte ptr [si+0Ah]
seg000:A38F                 call    word ptr cs:600Eh ; move_monster_NW_proc
seg000:A394                 jb      short loc_A397
seg000:A396                 retn
seg000:A397 ; ---------------------------------------------------------------------------
seg000:A397
seg000:A397 loc_A397:
seg000:A397                 xor     byte ptr [si+5], 80h
seg000:A39B                 retn
seg000:A39C ; ---------------------------------------------------------------------------
seg000:A39C
seg000:A39C loc_A39C:
seg000:A39C                 inc     byte ptr [si+0Ah]
seg000:A39F                 call    word ptr cs:600Ah ; move_monster_NE_proc
seg000:A3A4                 jb      short loc_A3A7
seg000:A3A6                 retn
seg000:A3A7 ; ---------------------------------------------------------------------------
seg000:A3A7
seg000:A3A7 loc_A3A7:
seg000:A3A7                 xor     byte ptr [si+5], 80h
seg000:A3AB                 retn
seg000:A3AC ; ---------------------------------------------------------------------------
seg000:A3AC
seg000:A3AC loc_A3AC:                               ; jumptable 0000A2E5 case 4
seg000:A3AC                 cmp     byte ptr [si+0Ah], 1
seg000:A3B0                 jnz     short loc_A3B6
seg000:A3B2                 mov     byte ptr [si+9], 5
seg000:A3B6
seg000:A3B6 loc_A3B6:
seg000:A3B6                 mov     byte ptr [si+6], 8
seg000:A3BA                 test    byte ptr [si+5], 80h
seg000:A3BE                 jnz     short loc_A3D0
seg000:A3C0                 inc     byte ptr [si+0Ah]
seg000:A3C3                 call    word ptr cs:6010h ; move_monster_W_proc
seg000:A3C8                 jb      short loc_A3CB
seg000:A3CA                 retn
seg000:A3CB ; ---------------------------------------------------------------------------
seg000:A3CB
seg000:A3CB loc_A3CB:
seg000:A3CB                 xor     byte ptr [si+5], 80h
seg000:A3CF                 retn
seg000:A3D0 ; ---------------------------------------------------------------------------
seg000:A3D0
seg000:A3D0 loc_A3D0:
seg000:A3D0                 inc     byte ptr [si+0Ah]
seg000:A3D3                 call    word ptr cs:6008h ; move_monster_E_proc
seg000:A3D8                 jb      short loc_A3DB
seg000:A3DA                 retn
seg000:A3DB ; ---------------------------------------------------------------------------
seg000:A3DB
seg000:A3DB loc_A3DB:
seg000:A3DB                 xor     byte ptr [si+5], 80h
seg000:A3DF                 retn
seg000:A3E0 ; ---------------------------------------------------------------------------
seg000:A3E0
seg000:A3E0 loc_A3E0:                               ; jumptable 0000A2E5 case 5
seg000:A3E0                 mov     byte ptr [si+6], 8
seg000:A3E4                 test    byte ptr [si+5], 80h
seg000:A3E8                 jnz     short loc_A3FB
seg000:A3EA                 call    word ptr cs:6012h ; move_monster_SW_proc
seg000:A3EF                 jb      short loc_A3F2
seg000:A3F1                 retn
seg000:A3F2 ; ---------------------------------------------------------------------------
seg000:A3F2
seg000:A3F2 loc_A3F2:
seg000:A3F2                 mov     byte ptr [si+6], 9
seg000:A3F6                 mov     byte ptr [si+9], 6
seg000:A3FA                 retn
seg000:A3FB ; ---------------------------------------------------------------------------
seg000:A3FB
seg000:A3FB loc_A3FB:                               ;
seg000:A3FB                 call    word ptr cs:6016h ; move_monster_SE_proc
seg000:A400                 jb      short loc_A403
seg000:A402                 retn
seg000:A403 ; ---------------------------------------------------------------------------
seg000:A403
seg000:A403 loc_A403:
seg000:A403                 jmp     short loc_A3F2
seg000:A405 ; ---------------------------------------------------------------------------
seg000:A405
seg000:A405 loc_A405:                               ; jumptable 0000A2E5 case 6
seg000:A405                 mov     byte ptr [si+6], 0Ah
seg000:A409                 mov     byte ptr [si+9], 7
seg000:A40D                 retn
seg000:A40E ; ---------------------------------------------------------------------------
seg000:A40E
seg000:A40E loc_A40E:                               ; jumptable 0000A2E5 case 7
seg000:A40E                 mov     byte ptr [si+6], 8
seg000:A412                 test    byte ptr [si+5], 80h
seg000:A416                 jnz     short loc_A439
seg000:A418                 call    word ptr cs:600Eh ; move_monster_NW_proc
seg000:A41D                 jb      short loc_A420
seg000:A41F                 retn
seg000:A420 ; ---------------------------------------------------------------------------
seg000:A420
seg000:A420 loc_A420:                               ;
seg000:A420                 call    word ptr cs:601Ch ; check_collision_N2_proc
seg000:A425                 jb      short loc_A42C
seg000:A427                 xor     byte ptr [si+5], 80h
seg000:A42B                 retn
seg000:A42C ; ---------------------------------------------------------------------------
seg000:A42C
seg000:A42C loc_A42C:
seg000:A42C                 mov     byte ptr [si+9], 0
seg000:A430                 mov     byte ptr [si+6], 0
seg000:A434                 mov     byte ptr [si+0Ah], 1
seg000:A438                 retn
seg000:A439 ; ---------------------------------------------------------------------------
seg000:A439
seg000:A439 loc_A439:                               ;
seg000:A439                 call    word ptr cs:600Ah ; move_monster_NE_proc
seg000:A43E                 jb      short loc_A441
seg000:A440                 retn
seg000:A441 ; ---------------------------------------------------------------------------
seg000:A441
seg000:A441 loc_A441:                               ;
seg000:A441                 call    word ptr cs:600Ch ; move_monster_N_proc
seg000:A446                 jb      short loc_A42C
seg000:A448                 xor     byte ptr [si+5], 80h
seg000:A44C                 retn
seg000:A44D ; ---------------------------------------------------------------------------
seg000:A44D
seg000:A44D loc_A44D:                               ; jumptable 0000A2BC case 1
seg000:A44D                 test    byte ptr [si+8], 0FFh
seg000:A451                 jnz     short loc_A457
seg000:A453                 mov     byte ptr [si+8], 2
seg000:A457
seg000:A457 loc_A457:
seg000:A457                 test    byte ptr [si+5], 20h
seg000:A45B                 jz      short loc_A462
seg000:A45D                 jmp     word ptr cs:6034h ; Hero_Hits_monster_proc
seg000:A462 ; ---------------------------------------------------------------------------
seg000:A462
seg000:A462 loc_A462:
seg000:A462                 test    byte ptr [si+9], 8
seg000:A466                 jnz     short loc_A498
seg000:A468                 test    byte ptr [si+9], 4
seg000:A46C                 jnz     short loc_A47C
seg000:A46E                 or      byte ptr [si+5], 80h
seg000:A472                 cmp     byte ptr [si+3], 11h
seg000:A476                 jb      short loc_A47C
seg000:A478                 xor     byte ptr [si+5], 80h
seg000:A47C
seg000:A47C loc_A47C:                               ;
seg000:A47C                 call    word ptr cs:6014h ; move_monster_S_proc
seg000:A481                 jb      short loc_A484
seg000:A483                 retn
seg000:A484 ; ---------------------------------------------------------------------------
seg000:A484
seg000:A484 loc_A484:
seg000:A484                 and     byte ptr [si+6], 0F0h
seg000:A488                 add     byte ptr [si+6], 80h
seg000:A48C                 jb      short loc_A48F
seg000:A48E                 retn
seg000:A48F ; ---------------------------------------------------------------------------
seg000:A48F
seg000:A48F loc_A48F:
seg000:A48F                 mov     byte ptr [si+6], 0
seg000:A493                 or      byte ptr [si+9], 8
seg000:A497                 retn
seg000:A498 ; ---------------------------------------------------------------------------
seg000:A498
seg000:A498 loc_A498:
seg000:A498                 and     byte ptr [si+9], 0FBh
seg000:A49C                 mov     al, [si+6]
seg000:A49F                 inc     byte ptr [si+6]
seg000:A4A2                 and     byte ptr [si+6], 7
seg000:A4A6                 cmp     byte ptr [si+6], 6
seg000:A4AA                 jb      short loc_A4B4
seg000:A4AC                 mov     byte ptr [si+6], 0
seg000:A4B0                 and     byte ptr [si+9], 0F7h
seg000:A4B4
seg000:A4B4 loc_A4B4:
seg000:A4B4                 mov     bx, offset byte_A4E4
seg000:A4B7                 test    byte ptr [si+5], 80h
seg000:A4BB                 jnz     short loc_A4C0
seg000:A4BD                 mov     bx, offset byte_A4EA
seg000:A4C0
seg000:A4C0 loc_A4C0:
seg000:A4C0                 xlat
seg000:A4C1                 call    word ptr cs:6004h ; monster_move_in_direction_proc
seg000:A4C6                 jb      short loc_A4C9
seg000:A4C8                 retn
seg000:A4C9 ; ---------------------------------------------------------------------------
seg000:A4C9
seg000:A4C9 loc_A4C9:
seg000:A4C9                 and     byte ptr [si+9], 0F7h
seg000:A4CD                 cmp     byte ptr [si+6], 1
seg000:A4D1                 jnz     short loc_A4DB
seg000:A4D3                 or      byte ptr [si+9], 4
seg000:A4D7                 xor     byte ptr [si+5], 80h
seg000:A4DB
seg000:A4DB loc_A4DB:
seg000:A4DB                 mov     byte ptr [si+6], 0
seg000:A4DF                 jmp     word ptr cs:6014h ; move_monster_S_proc
seg000:A4DF ; ---------------------------------------------------------------------------
seg000:A4E4 byte_A4E4       db 1, 1, 0, 0, 7, 7
seg000:A4EA byte_A4EA       db 3, 3, 4, 4, 5, 5
seg000:A4F0 ; ---------------------------------------------------------------------------
seg000:A4F0
seg000:A4F0 loc_A4F0:                               ; jumptable 0000A2BC case 2
seg000:A4F0                 test    byte ptr [si+8], 0FFh
seg000:A4F4                 jnz     short loc_A4FA
seg000:A4F6                 mov     byte ptr [si+8], 4
seg000:A4FA
seg000:A4FA loc_A4FA:
seg000:A4FA                 test    byte ptr [si+5], 20h
seg000:A4FE                 jz      short loc_A505
seg000:A500                 jmp     word ptr cs:6034h ; Hero_Hits_monster_proc
seg000:A505 ; ---------------------------------------------------------------------------
seg000:A505
seg000:A505 loc_A505:                               ;
seg000:A505                 call    word ptr cs:6014h ; move_monster_S_proc
seg000:A50A                 jb      short loc_A50D
seg000:A50C                 retn
seg000:A50D ; ---------------------------------------------------------------------------
seg000:A50D
seg000:A50D loc_A50D:
seg000:A50D                 mov     bl, [si+9]
seg000:A510                 and     bx, 3
seg000:A513                 add     bx, bx          ; switch 4 cases
seg000:A515                 jmp     jpt_A515[bx]    ; switch jump
seg000:A515 ; ---------------------------------------------------------------------------
seg000:A519 jpt_A515        dw offset loc_A521      ; jump table for switch statement
seg000:A51B                 dw offset loc_A5A3
seg000:A51D                 dw offset loc_A5BA
seg000:A51F                 dw offset loc_A612
seg000:A521 ; ---------------------------------------------------------------------------
seg000:A521
seg000:A521 loc_A521:                               ; jumptable 0000A515 case 0
seg000:A521                 or      byte ptr [si+4], 60h
seg000:A525                 add     byte ptr [si+6], 80h
seg000:A529                 jb      short loc_A52C
seg000:A52B                 retn
seg000:A52C ; ---------------------------------------------------------------------------
seg000:A52C
seg000:A52C loc_A52C:
seg000:A52C                 inc     byte ptr [si+6]
seg000:A52F                 and     byte ptr [si+6], 1
seg000:A533                 jz      short loc_A536
seg000:A535                 retn
seg000:A536 ; ---------------------------------------------------------------------------
seg000:A536
seg000:A536 loc_A536:
seg000:A536                 inc     byte ptr [si+0Ah]
seg000:A539                 cmp     byte ptr [si+0Ah], 7
seg000:A53D                 jb      short loc_A547
seg000:A53F                 mov     byte ptr [si+9], 1
seg000:A543                 mov     byte ptr [si+6], 2
seg000:A547
seg000:A547 loc_A547:
seg000:A547                 test    byte ptr [si+5], 80h
seg000:A54B                 jz      short loc_A578
seg000:A54D                 mov     ax, [si+2]
seg000:A550                 call    word ptr cs:6028h ; coords_in_ax_to_proximity_map_offset_in_di_proc
seg000:A555                 xchg    si, di
seg000:A557                 add     si, 4Ah ; 'J'
seg000:A55A                 call    word ptr cs:602Ah ; wrap_map_from_above_proc
seg000:A55F                 xchg    si, di
seg000:A561                 mov     al, [di]
seg000:A563                 call    word ptr cs:602Eh ; is_blocking_proc
seg000:A568                 jz      short loc_A56F
seg000:A56A                 jmp     word ptr cs:6008h ; move_monster_E_proc
seg000:A56F ; ---------------------------------------------------------------------------
seg000:A56F
seg000:A56F loc_A56F:
seg000:A56F                 and     byte ptr [si+5], 7Fh
seg000:A573                 jmp     word ptr cs:6010h ; move_monster_W_proc
seg000:A578 ; ---------------------------------------------------------------------------
seg000:A578
seg000:A578 loc_A578:
seg000:A578                 mov     ax, [si+2]
seg000:A57B                 call    word ptr cs:6028h ; coords_in_ax_to_proximity_map_offset_in_di_proc
seg000:A580                 xchg    si, di
seg000:A582                 add     si, 47h ; 'G'
seg000:A585                 call    word ptr cs:602Ah ; wrap_map_from_above_proc
seg000:A58A                 xchg    si, di
seg000:A58C                 mov     al, [di]
seg000:A58E                 call    word ptr cs:602Eh ; is_blocking_proc
seg000:A593                 jz      short loc_A59A
seg000:A595                 jmp     word ptr cs:6010h ; move_monster_W_proc
seg000:A59A ; ---------------------------------------------------------------------------
seg000:A59A
seg000:A59A loc_A59A:
seg000:A59A                 or      byte ptr [si+5], 80h
seg000:A59E                 jmp     word ptr cs:6008h ; move_monster_E_proc
seg000:A5A3 ; ---------------------------------------------------------------------------
seg000:A5A3
seg000:A5A3 loc_A5A3:                               ; jumptable 0000A515 case 1
seg000:A5A3                 and     byte ptr [si+4], 1Fh
seg000:A5A7                 inc     byte ptr [si+6]
seg000:A5AA                 cmp     byte ptr [si+6], 5
seg000:A5AE                 jz      short loc_A5B1
seg000:A5B0                 retn
seg000:A5B1 ; ---------------------------------------------------------------------------
seg000:A5B1
seg000:A5B1 loc_A5B1:
seg000:A5B1                 mov     byte ptr [si+9], 2
seg000:A5B5                 mov     byte ptr [si+0Ah], 0
seg000:A5B9                 retn
seg000:A5BA ; ---------------------------------------------------------------------------
seg000:A5BA
seg000:A5BA loc_A5BA:                               ; jumptable 0000A515 case 2
seg000:A5BA                 test    byte ptr [si+9], 80h
seg000:A5BE                 jnz     short loc_A5DA
seg000:A5C0                 add     byte ptr [si+6], 40h ; '@'
seg000:A5C4                 jb      short loc_A5C7
seg000:A5C6                 retn
seg000:A5C7 ; ---------------------------------------------------------------------------
seg000:A5C7
seg000:A5C7 loc_A5C7:
seg000:A5C7                 xor     byte ptr [si+5], 80h
seg000:A5CB                 call    sub_A625
seg000:A5CE                 jb      short loc_A5E3
seg000:A5D0                 inc     byte ptr [si+0Ah]
seg000:A5D3                 cmp     byte ptr [si+0Ah], 3
seg000:A5D7                 jz      short loc_A5DA
seg000:A5D9                 retn
seg000:A5DA ; ---------------------------------------------------------------------------
seg000:A5DA
seg000:A5DA loc_A5DA:
seg000:A5DA                 mov     byte ptr [si+9], 3
seg000:A5DE                 mov     byte ptr [si+6], 5
seg000:A5E2                 retn
seg000:A5E3 ; ---------------------------------------------------------------------------
seg000:A5E3
seg000:A5E3 loc_A5E3:
seg000:A5E3                 mov     byte ptr [si+6], 6
seg000:A5E7                 or      byte ptr [si+9], 80h
seg000:A5EB                 mov     al, [si+3]
seg000:A5EE                 mov     byte_A661, al
seg000:A5F1                 inc     al
seg000:A5F3                 mov     byte_A654, al
seg000:A5F6                 mov     al, [si+2]
seg000:A5F9                 and     al, 3Fh
seg000:A5FB                 mov     byte_A662, al
seg000:A5FE                 mov     byte_A655, al
seg000:A601                 mov     bx, offset byte_A654
seg000:A604                 test    byte ptr [si+5], 80h
seg000:A608                 jnz     short loc_A60D
seg000:A60A                 mov     bx, offset byte_A661
seg000:A60D
seg000:A60D loc_A60D:                               ;
seg000:A60D                 jmp     word ptr cs:603Ah ; Add_Projectile_To_Array_proc
seg000:A612 ; ---------------------------------------------------------------------------
seg000:A612
seg000:A612 loc_A612:                               ; jumptable 0000A515 case 3
seg000:A612                 dec     byte ptr [si+6]
seg000:A615                 cmp     byte ptr [si+6], 1
seg000:A619                 jz      short loc_A61C
seg000:A61B                 retn
seg000:A61C ; ---------------------------------------------------------------------------
seg000:A61C
seg000:A61C loc_A61C:
seg000:A61C                 mov     byte ptr [si+9], 0
seg000:A620                 mov     byte ptr [si+0Ah], 0
seg000:A624                 retn
seg000:A624 Monster_AI      endp
seg000:A624
seg000:A625
seg000:A625 ; =============== S U B R O U T I N E =======================================
seg000:A625
seg000:A625
seg000:A625 sub_A625        proc near
seg000:A625                 mov     al, ds:0FF35h   ; hero_y_absolute
seg000:A628                 sub     al, [si+2]
seg000:A62B                 jns     short loc_A62F
seg000:A62D                 neg     al
seg000:A62F
seg000:A62F loc_A62F:
seg000:A62F                 cmp     al, 5
seg000:A631                 mov     al, 0FFh
seg000:A633                 jb      short loc_A636
seg000:A635                 retn
seg000:A636 ; ---------------------------------------------------------------------------
seg000:A636
seg000:A636 loc_A636:
seg000:A636                 cmp     byte ptr [si+3], 11h
seg000:A63A                 jnb     short loc_A648
seg000:A63C                 mov     al, 80h
seg000:A63E                 test    byte ptr [si+5], 80h
seg000:A642                 stc
seg000:A643                 jz      short loc_A646
seg000:A645                 retn
seg000:A646 ; ---------------------------------------------------------------------------
seg000:A646
seg000:A646 loc_A646:
seg000:A646                 clc
seg000:A647                 retn
seg000:A648 ; ---------------------------------------------------------------------------
seg000:A648
seg000:A648 loc_A648:
seg000:A648                 xor     al, al
seg000:A64A                 test    byte ptr [si+5], 80h
seg000:A64E                 stc
seg000:A64F                 jnz     short loc_A652
seg000:A651                 retn
seg000:A652 ; ---------------------------------------------------------------------------
seg000:A652
seg000:A652 loc_A652:
seg000:A652                 clc
seg000:A653                 retn
seg000:A653 sub_A625        endp
seg000:A653
seg000:A653 ; ---------------------------------------------------------------------------
seg000:A654 byte_A654       db 0
seg000:A655 byte_A655       db 0
seg000:A656                 db  2Bh ; +
seg000:A657                 db    0
seg000:A658                 db  0Fh
seg000:A659                 db    0
seg000:A65A                 db  28h ; (
seg000:A65B                 db    0
seg000:A65C                 db    0
seg000:A65D                 db    0
seg000:A65E                 db    0
seg000:A65F                 db    0
seg000:A660                 db    0
seg000:A661 byte_A661       db 0
seg000:A662 byte_A662       db 0
seg000:A663                 db  2Bh ; +
seg000:A664                 db    0
seg000:A665                 db  0Fh
seg000:A666                 db    4
seg000:A667                 db  28h ; (
seg000:A668                 db    0
seg000:A669                 db    0
seg000:A66A                 db    0
seg000:A66B                 db    0
seg000:A66C                 db    0
seg000:A66D                 db    0
seg000:A66E ; ---------------------------------------------------------------------------
seg000:A66E ; START OF FUNCTION CHUNK FOR Monster_AI
seg000:A66E
seg000:A66E loc_A66E:                               ; jumptable 0000A2BC case 3
seg000:A66E                 test    byte ptr [si+8], 0FFh
seg000:A672                 jnz     short loc_A678
seg000:A674                 mov     byte ptr [si+8], 4
seg000:A678
seg000:A678 loc_A678:
seg000:A678                 test    byte ptr [si+5], 20h
seg000:A67C                 jz      short loc_A683
seg000:A67E                 jmp     word ptr cs:6034h ; Hero_Hits_monster_proc
seg000:A683 ; ---------------------------------------------------------------------------
seg000:A683
seg000:A683 loc_A683:
seg000:A683                 mov     al, [si+6]
seg000:A686                 push    ax
seg000:A687                 mov     byte ptr [si+6], 0
seg000:A68B                 call    word ptr cs:6014h ; move_monster_S_proc
seg000:A690                 pop     ax
seg000:A691                 jb      short loc_A694
seg000:A693                 retn
seg000:A694 ; ---------------------------------------------------------------------------
seg000:A694
seg000:A694 loc_A694:
seg000:A694                 mov     [si+6], al
seg000:A697                 test    byte ptr [si+9], 1
seg000:A69B                 jnz     short loc_A6C2
seg000:A69D                 mov     byte ptr [si+6], 1
seg000:A6A1                 mov     byte ptr [si+0Ah], 0
seg000:A6A5                 call    sub_A701
seg000:A6A8                 jb      short loc_A6B7
seg000:A6AA                 cmp     al, 0FFh
seg000:A6AC                 jnz     short loc_A6AF
seg000:A6AE                 retn
seg000:A6AF ; ---------------------------------------------------------------------------
seg000:A6AF
seg000:A6AF loc_A6AF:
seg000:A6AF                 and     byte ptr [si+5], 7Fh
seg000:A6B3                 or      [si+5], al
seg000:A6B6                 retn
seg000:A6B7 ; ---------------------------------------------------------------------------
seg000:A6B7
seg000:A6B7 loc_A6B7:
seg000:A6B7                 cmp     ah, 0Ah
seg000:A6BA                 jb      short loc_A6BD
seg000:A6BC                 retn
seg000:A6BD ; ---------------------------------------------------------------------------
seg000:A6BD
seg000:A6BD loc_A6BD:
seg000:A6BD                 or      byte ptr [si+9], 1
seg000:A6C1                 retn
seg000:A6C2 ; ---------------------------------------------------------------------------
seg000:A6C2
seg000:A6C2 loc_A6C2:
seg000:A6C2                 inc     byte ptr [si+0Ah]
seg000:A6C5                 cmp     byte ptr [si+0Ah], 14h
seg000:A6C9                 jz      short loc_A6DF
seg000:A6CB                 test    byte ptr [si+5], 80h
seg000:A6CF                 jnz     short loc_A6E4
seg000:A6D1                 call    word ptr cs:6010h ; move_monster_W_proc
seg000:A6D6                 jnb     short loc_A6F2
seg000:A6D8                 call    word ptr cs:600Eh ; move_monster_NW_proc
seg000:A6DD                 jnb     short loc_A6F2
seg000:A6DF
seg000:A6DF loc_A6DF:
seg000:A6DF                 and     byte ptr [si+9], 0FEh
seg000:A6E3                 retn
seg000:A6E4 ; ---------------------------------------------------------------------------
seg000:A6E4
seg000:A6E4 loc_A6E4:                               ;
seg000:A6E4                 call    word ptr cs:6008h ; move_monster_E_proc
seg000:A6E9                 jnb     short loc_A6F2
seg000:A6EB                 call    word ptr cs:600Ah ; move_monster_NE_proc
seg000:A6F0                 jb      short loc_A6DF
seg000:A6F2
seg000:A6F2 loc_A6F2:
seg000:A6F2                 inc     byte ptr [si+6]
seg000:A6F5                 cmp     byte ptr [si+6], 6
seg000:A6F9                 jnb     short loc_A6FC
seg000:A6FB                 retn
seg000:A6FC ; ---------------------------------------------------------------------------
seg000:A6FC
seg000:A6FC loc_A6FC:
seg000:A6FC                 mov     byte ptr [si+6], 1
seg000:A700                 retn
seg000:A700 ; END OF FUNCTION CHUNK FOR Monster_AI
seg000:A701
seg000:A701 ; =============== S U B R O U T I N E =======================================
seg000:A701
seg000:A701
seg000:A701 sub_A701        proc near
seg000:A701                 mov     al, ds:0FF35h   ; hero_y_absolute
seg000:A704                 sub     al, [si+2]
seg000:A707                 jns     short loc_A70B
seg000:A709                 neg     al
seg000:A70B
seg000:A70B loc_A70B:
seg000:A70B                 cmp     al, 6
seg000:A70D                 mov     al, 0FFh
seg000:A70F                 jb      short loc_A712
seg000:A711                 retn
seg000:A712 ; ---------------------------------------------------------------------------
seg000:A712
seg000:A712 loc_A712:
seg000:A712                 mov     al, 11h
seg000:A714                 sub     al, [si+3]
seg000:A717                 jb      short loc_A727
seg000:A719                 mov     ah, al
seg000:A71B                 mov     al, 80h
seg000:A71D                 test    byte ptr [si+5], 80h
seg000:A721                 stc
seg000:A722                 jz      short loc_A725
seg000:A724                 retn
seg000:A725 ; ---------------------------------------------------------------------------
seg000:A725
seg000:A725 loc_A725:
seg000:A725                 clc
seg000:A726                 retn
seg000:A727 ; ---------------------------------------------------------------------------
seg000:A727
seg000:A727 loc_A727:
seg000:A727                 neg     al
seg000:A729                 mov     ah, al
seg000:A72B                 xor     al, al
seg000:A72D                 test    byte ptr [si+5], 80h
seg000:A731                 stc
seg000:A732                 jnz     short loc_A735
seg000:A734                 retn
seg000:A735 ; ---------------------------------------------------------------------------
seg000:A735
seg000:A735 loc_A735:
seg000:A735                 clc
seg000:A736                 retn
seg000:A736 sub_A701        endp
seg000:A736
seg000:A736 seg000          ends
seg000:A736
seg000:A736
seg000:A736                 end
