seg000:A000 ;
seg000:A000 ; +-------------------------------------------------------------------------+
seg000:A000 ; |      This file was generated by The Interactive Disassembler (IDA)      |
seg000:A000 ; |           Copyright (c) 2026 Hex-Rays, <support@hex-rays.com>           |
seg000:A000 ; |                      License info: 48-2137-ACAB-69                      |
seg000:A000 ; |                             hi@hex-rays.com                             |
seg000:A000 ; +-------------------------------------------------------------------------+
seg000:A000 ;
seg000:A000 ; Input SHA256 : F078EF568F3F8650AAF22A8172FEE37A4B1F417DBB00D7748C26E6D620B70DE9
seg000:A000 ; Input MD5    : D7B5BC93E64FD2F32513BB966D2DC2A6
seg000:A000 ; Input CRC32  : 88296590
seg000:A000
seg000:A000 ; File Name   : /home/brox/Projects/zeliard/game/0/eai4.bin
seg000:A000 ; Format      : Binary file
seg000:A000 ; Base Address: 0000h Range: 0000h - 0846h Loaded length: 0846h
seg000:A000
seg000:A000                 .286
seg000:A000                 .model small
seg000:A000
seg000:A000 ; ===========================================================================
seg000:A000
seg000:A000 ; Segment type: Pure code
seg000:A000 seg000          segment byte public 'CODE'
seg000:A000                 assume cs:seg000
seg000:A000                 ;org 0A000h
seg000:A000                 assume es:nothing, ss:nothing, ds:seg000
seg000:A000                 dw offset sub_A269
seg000:A002                 db    0
seg000:A003                 db    0
seg000:A004                 db    0
seg000:A005                 db    0
seg000:A006                 dw offset off_A24F
seg000:A008                 db 0Ah, 0Ah, 0, 0, 14h, 0, 0, 0, 14h, 4, 50h, 50h, 50h, 0, 0, 0
seg000:A018                 db 0, 0, 0, 0, 0, 0, 0, 0, 0, 0, 0, 0, 0, 0, 0, 0
seg000:A028                 db    0
seg000:A029                 db    0
seg000:A02A                 db    0
seg000:A02B                 db    0
seg000:A02C                 db    0
seg000:A02D                 db    0
seg000:A02E                 db    0
seg000:A02F                 db    0
seg000:A030                 dw offset byte_A0B0
seg000:A032                 dw offset byte_A15F
seg000:A034                 dw offset byte_A196
seg000:A036                 dw offset byte_A1A0
seg000:A038                 dw offset byte_A1B9
seg000:A03A                 db    0
seg000:A03B                 db    0
seg000:A03C                 db    0
seg000:A03D                 db    0
seg000:A03E                 db    0
seg000:A03F                 db    0
seg000:A040                 dw offset byte_A150
seg000:A042                 dw offset byte_A187
seg000:A044                 dw offset byte_A1AA
seg000:A046                 dw offset byte_A1AA
seg000:A048                 dw offset byte_A1CD
seg000:A04A                 db    0
seg000:A04B                 db    0
seg000:A04C                 db    0
seg000:A04D                 db    0
seg000:A04E                 db    0
seg000:A04F                 db    0
seg000:A050                 dw offset byte_A22C
seg000:A052                 dw offset byte_A22C
seg000:A054                 dw offset byte_A1DC
seg000:A056                 dw offset byte_A213
seg000:A058                 dw offset byte_A1EB
seg000:A05A                 dw offset byte_A1FF
seg000:A05C                 dw offset byte_A227
seg000:A05E                 db    0
seg000:A05F                 db    0
seg000:A060                 dw offset byte_A245
seg000:A062                 dw offset byte_A24A
seg000:A064                 dw offset byte_A240
seg000:A066                 db    0
seg000:A067                 db    0
seg000:A068                 db    0
seg000:A069                 db    0
seg000:A06A                 db    0
seg000:A06B                 db    0
seg000:A06C                 db    0
seg000:A06D                 db    0
seg000:A06E                 db    0
seg000:A06F                 db    0
seg000:A070                 dw offset byte_A100
seg000:A072                 dw offset byte_A15F
seg000:A074                 dw offset byte_A196
seg000:A076                 dw offset byte_A1A0
seg000:A078                 dw offset byte_A1B9
seg000:A07A                 db    0
seg000:A07B                 db    0
seg000:A07C                 db    0
seg000:A07D                 db    0
seg000:A07E                 db    0
seg000:A07F                 db    0
seg000:A080                 dw offset byte_A150
seg000:A082                 dw offset byte_A187
seg000:A084                 dw offset byte_A1AA
seg000:A086                 dw offset byte_A1AA
seg000:A088                 dw offset byte_A1CD
seg000:A08A                 db    0
seg000:A08B                 db    0
seg000:A08C                 db    0
seg000:A08D                 db    0
seg000:A08E                 db    0
seg000:A08F                 db    0
seg000:A090                 dw offset byte_A22C
seg000:A092                 dw offset byte_A22C
seg000:A094                 dw offset byte_A1DC
seg000:A096                 dw offset byte_A213
seg000:A098                 dw offset byte_A1EB
seg000:A09A                 dw offset byte_A1FF
seg000:A09C                 dw offset byte_A227
seg000:A09E                 db    0
seg000:A09F                 db    0
seg000:A0A0                 dw offset byte_A245
seg000:A0A2                 dw offset byte_A24A
seg000:A0A4                 dw offset byte_A240
seg000:A0A6                 db    0
seg000:A0A7                 db    0
seg000:A0A8                 db    0
seg000:A0A9                 db    0
seg000:A0AA                 db    0
seg000:A0AB                 db    0
seg000:A0AC                 db    0
seg000:A0AD                 db    0
seg000:A0AE                 db    0
seg000:A0AF                 db    0
seg000:A0B0 byte_A0B0       db 1, 0, 1, 2, 3
seg000:A0B5                 db 1, 0, 1, 5, 6
seg000:A0BA                 db 1, 0, 1, 8, 9
seg000:A0BF                 db 1, 0, 1, 0Bh, 0Ch
seg000:A0C4                 db 1, 0, 1, 0Eh, 0Fh
seg000:A0C9                 db 1, 0, 1, 11h, 12h
seg000:A0CE                 db 1, 0, 1, 14h, 15h
seg000:A0D3                 db 1, 0, 1, 17h, 18h
seg000:A0D8                 db 1, 0, 1, 32h, 33h
seg000:A0DD                 db 1, 0, 0, 34h, 35h
seg000:A0E2                 db 1, 0, 0, 36h, 37h
seg000:A0E7                 db 1, 0, 0, 38h, 39h
seg000:A0EC                 db 1, 0, 0, 0E2h, 0A4h
seg000:A0F1                 db 1, 3Ah, 3Bh, 3Ch, 3Dh
seg000:A0F6                 db 1, 3Eh, 0, 3Fh, 0
seg000:A0FB                 db 1, 40h, 0, 41h, 0
seg000:A100 byte_A100       db 1, 19h, 0, 1Ah, 1Bh
seg000:A105                 db 1, 19h, 0, 1Dh, 1Eh
seg000:A10A                 db 1, 19h, 0, 20h, 21h
seg000:A10F                 db 1, 19h, 0, 23h, 24h
seg000:A114                 db 1, 19h, 0, 26h, 27h
seg000:A119                 db 1, 19h, 0, 29h, 2Ah
seg000:A11E                 db 1, 19h, 0, 2Ch, 2Dh
seg000:A123                 db 1, 19h, 0, 2Fh, 30h
seg000:A128                 db 1, 19h, 0, 43h, 44h
seg000:A12D                 db 1, 0, 0, 45h, 46h
seg000:A132                 db 1, 0, 0, 47h, 48h
seg000:A137                 db 1, 0, 0, 49h, 4Ah
seg000:A13C                 db 1, 0, 0, 0A3h, 0A2h
seg000:A141                 db 1, 4Bh, 4Ch, 4Dh, 4Eh
seg000:A146                 db 1, 0, 4Fh, 0, 50h
seg000:A14B                 db 1, 0, 51h, 0, 52h
seg000:A150 byte_A150       db 1, 53h, 54h, 55h, 56h
seg000:A155                 db 1, 57h, 58h, 59h, 5Ah
seg000:A15A                 db 1, 5Bh, 5Ch, 5Dh, 5Eh
seg000:A15F byte_A15F       db 0, 5Fh, 60h, 61h, 62h
seg000:A164                 db 0, 63h, 60h, 65h, 66h
seg000:A169                 db 0, 67h, 68h, 69h, 6Ah
seg000:A16E                 db 0, 5Fh, 6Ch, 6Dh, 6Eh
seg000:A173                 db 0, 6Fh, 60h, 71h, 72h
seg000:A178                 db 0, 73h, 74h, 75h, 76h
seg000:A17D                 db 0, 63h, 78h, 79h, 7Ah
seg000:A182                 db 0, 7Bh, 6Ch, 7Dh, 7Eh
seg000:A187 byte_A187       db 0, 7Fh, 80h, 81h, 82h
seg000:A18C                 db 0, 83h, 84h, 85h, 86h
seg000:A191                 db 0, 87h, 88h, 89h, 8Ah
seg000:A196 byte_A196       db 2, 8Bh, 8Ch, 8Dh, 8Eh
seg000:A19B                 db 2, 8Fh, 90h, 91h, 92h
seg000:A1A0 byte_A1A0       db 2, 9Dh, 9Dh, 9Eh, 9Eh
seg000:A1A5                 db 2, 0A1h, 0A1h, 9Eh, 9Eh
seg000:A1AA byte_A1AA       db 2, 95h, 96h, 98h, 99h
seg000:A1AF                 db 2, 99h, 9Ah, 9Bh, 9Ch
seg000:A1B4                 db 2, 0, 0, 9Fh, 0A0h
seg000:A1B9 byte_A1B9       db 0, 0A8h, 0A9h, 0AAh, 0ABh
seg000:A1BE                 db 0, 0ACh, 0ADh, 0AEh, 0AFh
seg000:A1C3                 db 0, 0B0h, 0B1h, 0B2h, 0B3h
seg000:A1C8                 db 0, 0B4h, 0B5h, 0B6h, 0B7h
seg000:A1CD byte_A1CD       db 0, 0B8h, 0B9h, 0BAh, 0BBh
seg000:A1D2                 db 0, 0BCh, 0BDh, 0BEh, 0BFh
seg000:A1D7                 db 0, 0C0h, 0C1h, 0C2h, 0C3h
seg000:A1DC byte_A1DC       db 1, 4, 7, 0Ah, 0Dh
seg000:A1E1                 db 1, 10h, 13h, 16h, 1Ch
seg000:A1E6                 db 1, 1Fh, 22h, 25h, 28h
seg000:A1EB byte_A1EB       db 0, 2Bh, 2Eh, 31h, 42h
seg000:A1F0                 db 0, 64h, 6Bh, 70h, 77h
seg000:A1F5                 db 0, 7Ch, 0C4h, 0C5h, 0C6h
seg000:A1FA                 db 0, 64h, 6Bh, 70h, 77h
seg000:A1FF byte_A1FF       db 2, 2Bh, 2Eh, 31h, 42h
seg000:A204                 db 2, 64h, 6Bh, 70h, 77h
seg000:A209                 db 2, 7Ch, 0C4h, 0C5h, 0C6h
seg000:A20E                 db 2, 64h, 6Bh, 70h, 77h
seg000:A213 byte_A213       db 0, 0C7h, 0C8h, 0C9h, 0CAh
seg000:A218                 db 0, 0C7h, 0C8h, 0C9h, 0CAh
seg000:A21D                 db 0, 0C7h, 0C8h, 0C9h, 0CAh
seg000:A222                 db 0, 0C7h, 0C8h, 0C9h, 0CAh
seg000:A227 byte_A227       db 1, 0CBh, 0CCh, 0CDh, 0CEh
seg000:A22C byte_A22C       db 2, 0D7h, 0D7h, 0D7h, 0D7h
seg000:A231                 db 2, 0D8h, 0D9h, 0DAh, 0DBh
seg000:A236                 db 2, 0DCh, 0DDh, 0DEh, 0DFh
seg000:A23B                 db 2, 0, 0, 0E0h, 0E1h
seg000:A240 byte_A240       db 0, 0CFh, 0D0h, 0D1h, 0D2h
seg000:A245 byte_A245       db 0, 0D3h, 0D4h, 0D5h, 0D6h
seg000:A24A byte_A24A       db 2, 0D3h, 0D4h, 0D5h, 0D6h
seg000:A24F off_A24F        dw offset byte_A259
seg000:A251                 dw offset byte_A25D
seg000:A253                 dw offset byte_A261
seg000:A255                 dw offset byte_A261
seg000:A257                 dw offset byte_A265
seg000:A259 byte_A259       db 5, 4, 4, 5
seg000:A25D byte_A25D       db 4, 4, 4, 4
seg000:A261 byte_A261       db 1, 1, 1, 1
seg000:A265 byte_A265       db 5, 5, 5, 4
seg000:A269
seg000:A269 ; =============== S U B R O U T I N E =======================================
seg000:A269
seg000:A269
seg000:A269 sub_A269        proc near
seg000:A269
seg000:A269 ; FUNCTION CHUNK AT seg000:A6B1 SIZE 0000006B BYTES
seg000:A269
seg000:A269                 mov     bl, [si+4]
seg000:A26C                 and     bl, 0Fh
seg000:A26F                 xor     bh, bh
seg000:A271                 add     bx, bx          ; switch 5 cases
seg000:A273                 jmp     jpt_A273[bx]    ; switch jump
seg000:A273 ; ---------------------------------------------------------------------------
seg000:A277 jpt_A273        dw offset loc_A281      ; jump table for switch statement
seg000:A279                 dw offset loc_A466
seg000:A27B                 dw offset loc_A6B1
seg000:A27D                 dw offset loc_A6B1
seg000:A27F                 dw offset loc_A6F0
seg000:A281 ; ---------------------------------------------------------------------------
seg000:A281
seg000:A281 loc_A281:                               ; jumptable 0000A273 case 0
seg000:A281                 test    byte ptr [si+8], 0FFh
seg000:A285                 jnz     short loc_A28B
seg000:A287                 mov     byte ptr [si+8], 8
seg000:A28B
seg000:A28B loc_A28B:
seg000:A28B                 test    byte ptr [si+5], 20h
seg000:A28F                 jz      short loc_A296
seg000:A291                 jmp     word ptr cs:6034h ; Hero_Hits_monster_proc
seg000:A296 ; ---------------------------------------------------------------------------
seg000:A296
seg000:A296 loc_A296:
seg000:A296                 test    byte ptr [si+9], 8
seg000:A29A                 jz      short loc_A29F
seg000:A29C                 jmp     loc_A3CD
seg000:A29F ; ---------------------------------------------------------------------------
seg000:A29F
seg000:A29F loc_A29F:
seg000:A29F                 test    byte ptr [si+9], 4
seg000:A2A3                 jz      short loc_A2A8
seg000:A2A5                 jmp     loc_A368
seg000:A2A8 ; ---------------------------------------------------------------------------
seg000:A2A8
seg000:A2A8 loc_A2A8:                               ;
seg000:A2A8                 call    word ptr cs:6014h ; move_monster_S_proc
seg000:A2AD                 jb      short loc_A2B0
seg000:A2AF                 retn
seg000:A2B0 ; ---------------------------------------------------------------------------
seg000:A2B0
seg000:A2B0 loc_A2B0:
seg000:A2B0                 test    byte ptr [si+9], 1
seg000:A2B4                 jnz     short loc_A324
seg000:A2B6                 test    byte ptr [si+9], 2
seg000:A2BA                 jz      short loc_A2BF
seg000:A2BC                 jmp     loc_A346
seg000:A2BF ; ---------------------------------------------------------------------------
seg000:A2BF
seg000:A2BF loc_A2BF:
seg000:A2BF                 mov     al, [si+6]
seg000:A2C2                 mov     ah, al
seg000:A2C4                 inc     al
seg000:A2C6                 and     al, 7
seg000:A2C8                 and     ah, 0F0h
seg000:A2CB                 or      al, ah
seg000:A2CD                 add     al, 80h
seg000:A2CF                 mov     [si+6], al
seg000:A2D2                 jb      short loc_A2D5
seg000:A2D4                 retn
seg000:A2D5 ; ---------------------------------------------------------------------------
seg000:A2D5
seg000:A2D5 loc_A2D5:                               ;
seg000:A2D5                 mov     al, ds:0FF35h   ; hero_y_absolute
seg000:A2D8                 mov     ah, [si+2]
seg000:A2DB                 cmp     al, ah
seg000:A2DD                 jz      short loc_A2EF
seg000:A2DF                 inc     al
seg000:A2E1                 and     al, 3Fh
seg000:A2E3                 cmp     al, ah
seg000:A2E5                 jz      short loc_A2EF
seg000:A2E7                 test    byte ptr [si+5], 80h
seg000:A2EB                 jnz     short loc_A313
seg000:A2ED                 jmp     short loc_A302
seg000:A2EF ; ---------------------------------------------------------------------------
seg000:A2EF
seg000:A2EF loc_A2EF:                               ;
seg000:A2EF                 call    word ptr cs:11Ah ; get_random_proc
seg000:A2F4                 and     al, 3
seg000:A2F6                 jnz     short loc_A2FC
seg000:A2F8                 mov     byte ptr [si+9], 5
seg000:A2FC
seg000:A2FC loc_A2FC:
seg000:A2FC                 cmp     byte ptr [si+3], 11h
seg000:A300                 jb      short loc_A313
seg000:A302
seg000:A302 loc_A302:
seg000:A302                 and     byte ptr [si+5], 7Fh
seg000:A306                 call    word ptr cs:6010h ; move_monster_W_proc
seg000:A30B                 jb      short loc_A30E
seg000:A30D                 retn
seg000:A30E ; ---------------------------------------------------------------------------
seg000:A30E
seg000:A30E loc_A30E:
seg000:A30E                 mov     byte ptr [si+9], 9
seg000:A312                 retn
seg000:A313 ; ---------------------------------------------------------------------------
seg000:A313
seg000:A313 loc_A313:
seg000:A313                 or      byte ptr [si+5], 80h
seg000:A317                 call    word ptr cs:6008h ; move_monster_E_proc
seg000:A31C                 jb      short loc_A31F
seg000:A31E                 retn
seg000:A31F ; ---------------------------------------------------------------------------
seg000:A31F
seg000:A31F loc_A31F:
seg000:A31F                 mov     byte ptr [si+9], 9
seg000:A323                 retn
seg000:A324 ; ---------------------------------------------------------------------------
seg000:A324
seg000:A324 loc_A324:
seg000:A324                 mov     al, [si+6]
seg000:A327                 and     al, 0Fh
seg000:A329                 cmp     al, 8
seg000:A32B                 jnb     short loc_A332
seg000:A32D                 mov     byte ptr [si+6], 8
seg000:A331                 retn
seg000:A332 ; ---------------------------------------------------------------------------
seg000:A332
seg000:A332 loc_A332:
seg000:A332                 inc     al
seg000:A334                 mov     [si+6], al
seg000:A337                 cmp     al, 0Bh
seg000:A339                 jz      short loc_A33C
seg000:A33B                 retn
seg000:A33C ; ---------------------------------------------------------------------------
seg000:A33C
seg000:A33C loc_A33C:
seg000:A33C                 or      al, 10h
seg000:A33E                 mov     [si+6], al
seg000:A341                 and     byte ptr [si+9], 0FEh
seg000:A345                 retn
seg000:A346 ; ---------------------------------------------------------------------------
seg000:A346
seg000:A346 loc_A346:
seg000:A346                 mov     al, [si+6]
seg000:A349                 and     al, 0Fh
seg000:A34B                 cmp     al, 0Ch
seg000:A34D                 jb      short loc_A354
seg000:A34F                 mov     byte ptr [si+6], 0Bh
seg000:A353                 retn
seg000:A354 ; ---------------------------------------------------------------------------
seg000:A354
seg000:A354 loc_A354:
seg000:A354                 dec     al
seg000:A356                 mov     [si+6], al
seg000:A359                 cmp     al, 8
seg000:A35B                 jz      short loc_A35E
seg000:A35D                 retn
seg000:A35E ; ---------------------------------------------------------------------------
seg000:A35E
seg000:A35E loc_A35E:
seg000:A35E                 or      al, 10h
seg000:A360                 mov     [si+6], al
seg000:A363                 and     byte ptr [si+9], 0FDh
seg000:A367                 retn
seg000:A368 ; ---------------------------------------------------------------------------
seg000:A368
seg000:A368 loc_A368:
seg000:A368                 mov     al, [si+6]
seg000:A36B                 and     al, 0Fh
seg000:A36D                 inc     al
seg000:A36F                 cmp     al, 0Fh
seg000:A371                 jnb     short loc_A377
seg000:A373                 mov     [si+6], al
seg000:A376                 retn
seg000:A377 ; ---------------------------------------------------------------------------
seg000:A377
seg000:A377 loc_A377:
seg000:A377                 cmp     al, 10h
seg000:A379                 jb      short loc_A37D
seg000:A37B                 mov     al, 0Eh
seg000:A37D
seg000:A37D loc_A37D:
seg000:A37D                 mov     [si+6], al
seg000:A380                 test    byte ptr [si+5], 80h
seg000:A384                 jz      short loc_A3A6
seg000:A386                 call    word ptr cs:6016h ; move_monster_SE_proc
seg000:A38B                 call    word ptr cs:6016h ; move_monster_SE_proc
seg000:A390                 jb      short loc_A393
seg000:A392                 retn
seg000:A393 ; ---------------------------------------------------------------------------
seg000:A393
seg000:A393 loc_A393:                               ;
seg000:A393                 call    word ptr cs:6008h ; move_monster_E_proc
seg000:A398                 call    word ptr cs:6008h ; move_monster_E_proc
seg000:A39D                 jb      short loc_A3A0
seg000:A39F                 retn
seg000:A3A0 ; ---------------------------------------------------------------------------
seg000:A3A0
seg000:A3A0 loc_A3A0:
seg000:A3A0                 and     byte ptr [si+5], 7Fh
seg000:A3A4                 jmp     short loc_A3C4
seg000:A3A6 ; ---------------------------------------------------------------------------
seg000:A3A6
seg000:A3A6 loc_A3A6:                               ;
seg000:A3A6                 call    word ptr cs:6012h ; move_monster_SW_proc
seg000:A3AB                 call    word ptr cs:6012h ; move_monster_SW_proc
seg000:A3B0                 jb      short loc_A3B3
seg000:A3B2                 retn
seg000:A3B3 ; ---------------------------------------------------------------------------
seg000:A3B3
seg000:A3B3 loc_A3B3:                               ;
seg000:A3B3                 call    word ptr cs:6010h ; move_monster_W_proc
seg000:A3B8                 call    word ptr cs:6010h ; move_monster_W_proc
seg000:A3BD                 jb      short loc_A3C0
seg000:A3BF                 retn
seg000:A3C0 ; ---------------------------------------------------------------------------
seg000:A3C0
seg000:A3C0 loc_A3C0:
seg000:A3C0                 or      byte ptr [si+5], 80h
seg000:A3C4
seg000:A3C4 loc_A3C4:
seg000:A3C4                 mov     byte ptr [si+6], 1Dh
seg000:A3C8                 mov     byte ptr [si+9], 2
seg000:A3CC                 retn
seg000:A3CD ; ---------------------------------------------------------------------------
seg000:A3CD
seg000:A3CD loc_A3CD:
seg000:A3CD                 mov     al, [si+6]
seg000:A3D0                 inc     al
seg000:A3D2                 and     al, 0Fh
seg000:A3D4                 cmp     al, 0Dh
seg000:A3D6                 jb      short loc_A3DA
seg000:A3D8                 mov     al, 0Bh
seg000:A3DA
seg000:A3DA loc_A3DA:
seg000:A3DA                 mov     [si+6], al
seg000:A3DD                 test    byte ptr [si+0Ah], 1
seg000:A3E1                 jnz     short loc_A3F8
seg000:A3E3                 call    word ptr cs:6014h ; move_monster_S_proc
seg000:A3E8                 add     byte ptr [si+9], 10h
seg000:A3EC                 test    byte ptr [si+9], 0F0h
seg000:A3F0                 jz      short loc_A3F3
seg000:A3F2                 retn
seg000:A3F3 ; ---------------------------------------------------------------------------
seg000:A3F3
seg000:A3F3 loc_A3F3:
seg000:A3F3                 or      byte ptr [si+0Ah], 1
seg000:A3F7                 retn
seg000:A3F8 ; ---------------------------------------------------------------------------
seg000:A3F8
seg000:A3F8 loc_A3F8:
seg000:A3F8                 test    byte ptr [si+0Ah], 4
seg000:A3FC                 jnz     short loc_A412
seg000:A3FE                 or      byte ptr [si+0Ah], 4
seg000:A402                 test    byte ptr [si+0Ah], 8
seg000:A406                 jnz     short loc_A40D
seg000:A408                 jmp     word ptr cs:6008h ; move_monster_E_proc
seg000:A40D ; ---------------------------------------------------------------------------
seg000:A40D
seg000:A40D loc_A40D:                               ;
seg000:A40D                 jmp     word ptr cs:6010h ; move_monster_W_proc
seg000:A412 ; ---------------------------------------------------------------------------
seg000:A412
seg000:A412 loc_A412:
seg000:A412                 mov     bx, offset trajectory_right
seg000:A415                 test    byte ptr [si+5], 80h
seg000:A419                 jnz     short loc_A41E
seg000:A41B                 mov     bx, offset trajectory_left
seg000:A41E
seg000:A41E loc_A41E:
seg000:A41E                 mov     al, [si+9]
seg000:A421                 rol     al, 1
seg000:A423                 rol     al, 1
seg000:A425                 rol     al, 1
seg000:A427                 and     al, 7
seg000:A429                 add     byte ptr [si+9], 20h ; ' '
seg000:A42D                 test    byte ptr [si+9], 0E0h
seg000:A431                 jnz     short loc_A43B
seg000:A433                 mov     byte ptr [si+0Ah], 0
seg000:A437                 mov     byte ptr [si+9], 2
seg000:A43B
seg000:A43B loc_A43B:
seg000:A43B                 xlat
seg000:A43C                 call    word ptr cs:6004h ; monster_move_in_direction_proc
seg000:A441                 jb      short loc_A444
seg000:A443                 retn
seg000:A444 ; ---------------------------------------------------------------------------
seg000:A444
seg000:A444 loc_A444:
seg000:A444                 mov     al, [si+9]
seg000:A447                 and     al, 0E0h
seg000:A449                 jnz     short loc_A44C
seg000:A44B                 retn
seg000:A44C ; ---------------------------------------------------------------------------
seg000:A44C
seg000:A44C loc_A44C:
seg000:A44C                 cmp     al, 0C0h
seg000:A44E                 jb      short loc_A451
seg000:A450                 retn
seg000:A451 ; ---------------------------------------------------------------------------
seg000:A451
seg000:A451 loc_A451:
seg000:A451                 xor     byte ptr [si+5], 80h
seg000:A455                 retn
seg000:A455 ; ---------------------------------------------------------------------------
seg000:A456 trajectory_right:
seg000:A456                 db 2, 1, 1, 0, 0, 7, 7, 6
seg000:A45E trajectory_left:
seg000:A45E                 db 2, 3, 3, 4, 4, 5, 5, 6
seg000:A466 ; ---------------------------------------------------------------------------
seg000:A466
seg000:A466 loc_A466:                               ; jumptable 0000A273 case 1
seg000:A466                 test    byte ptr [si+8], 0FFh
seg000:A46A                 jnz     short loc_A470
seg000:A46C                 mov     byte ptr [si+8], 10h
seg000:A470
seg000:A470 loc_A470:
seg000:A470                 test    byte ptr [si+5], 20h
seg000:A474                 jz      short loc_A4EC
seg000:A476                 mov     al, [si+5]
seg000:A479                 and     al, 1Fh
seg000:A47B                 cmp     al, 4
seg000:A47D                 jnz     short loc_A484
seg000:A47F                 jmp     word ptr cs:6034h ; Hero_Hits_monster_proc
seg000:A484 ; ---------------------------------------------------------------------------
seg000:A484
seg000:A484 loc_A484:
seg000:A484                 cmp     al, 5
seg000:A486                 jnz     short loc_A48D
seg000:A488                 jmp     word ptr cs:6034h ; Hero_Hits_monster_proc
seg000:A48D ; ---------------------------------------------------------------------------
seg000:A48D
seg000:A48D loc_A48D:
seg000:A48D                 cmp     al, 8
seg000:A48F                 jnz     short loc_A496
seg000:A491                 jmp     word ptr cs:6034h ; Hero_Hits_monster_proc
seg000:A496 ; ---------------------------------------------------------------------------
seg000:A496
seg000:A496 loc_A496:
seg000:A496                 cmp     al, 1
seg000:A498                 jnz     short loc_A4A6
seg000:A49A                 cmp     byte ptr ds:92h, 6 ; sword_type
seg000:A49F                 jnz     short loc_A4A6
seg000:A4A1                 jmp     word ptr cs:6034h ; Hero_Hits_monster_proc
seg000:A4A6 ; ---------------------------------------------------------------------------
seg000:A4A6
seg000:A4A6 loc_A4A6:
seg000:A4A6                 test    byte ptr [si+6], 1
seg000:A4AA                 jz      short loc_A4B1
seg000:A4AC                 jmp     word ptr cs:6034h ; Hero_Hits_monster_proc
seg000:A4B1 ; ---------------------------------------------------------------------------
seg000:A4B1
seg000:A4B1 loc_A4B1:
seg000:A4B1                 and     byte ptr [si+5], 0DFh
seg000:A4B5                 test    byte ptr [si+7], 40h
seg000:A4B9                 jnz     short loc_A4EC
seg000:A4BB                 call    word ptr cs:603Eh ; Find_Monsters_Near_Hero_proc
seg000:A4C0                 jb      short loc_A4EC
seg000:A4C2                 mov     word ptr [di], 0FF00h
seg000:A4C6                 test    byte ptr [di+7], 40h
seg000:A4CA                 jz      short loc_A4E1
seg000:A4CC                 and     byte ptr [di+7], 0BFh
seg000:A4D0                 mov     al, [di+0Ah]
seg000:A4D3                 mov     cl, 10h
seg000:A4D5                 mul     cl
seg000:A4D7                 mov     bx, ax
seg000:A4D9                 add     bx, ds:0C010h   ; monsters_table_addr
seg000:A4DD                 mov     byte ptr [bx+2], 0
seg000:A4E1
seg000:A4E1 loc_A4E1:
seg000:A4E1                 mov     byte ptr [di+2], 7Fh
seg000:A4E5                 mov     [si+0Ah], dl
seg000:A4E8                 or      byte ptr [si+7], 40h
seg000:A4EC
seg000:A4EC loc_A4EC:
seg000:A4EC                 test    byte ptr [si+9], 1
seg000:A4F0                 pushf
seg000:A4F1                 and     byte ptr [si+9], 0FEh
seg000:A4F5                 popf
seg000:A4F6                 jz      short loc_A4F9
seg000:A4F8                 retn
seg000:A4F9 ; ---------------------------------------------------------------------------
seg000:A4F9
seg000:A4F9 loc_A4F9:
seg000:A4F9                 test    byte ptr [si+7], 40h
seg000:A4FD                 jnz     short loc_A56C
seg000:A4FF                 mov     al, [si+6]
seg000:A502                 mov     ah, al
seg000:A504                 inc     al
seg000:A506                 and     al, 3
seg000:A508                 and     ah, 0F0h
seg000:A50B                 or      al, ah
seg000:A50D                 mov     [si+6], al
seg000:A510                 mov     bx, si
seg000:A512
seg000:A512 loc_A512:
seg000:A512                 mov     si, bx
seg000:A514
seg000:A514 loc_A514:                               ;
seg000:A514                 call    word ptr cs:6014h ; move_monster_S_proc
seg000:A519                 jb      short loc_A51C
seg000:A51B                 retn
seg000:A51C ; ---------------------------------------------------------------------------
seg000:A51C
seg000:A51C loc_A51C:
seg000:A51C                 sub     byte ptr [si+6], 10h
seg000:A520                 test    byte ptr [si+6], 0F0h
seg000:A524                 jz      short loc_A527
seg000:A526                 retn
seg000:A527 ; ---------------------------------------------------------------------------
seg000:A527
seg000:A527 loc_A527:
seg000:A527                 or      byte ptr [si+6], 40h
seg000:A52B                 mov     al, ds:0FF35h   ; hero_y_absolute
seg000:A52E                 cmp     al, [si+2]
seg000:A531                 jz      short loc_A544
seg000:A533                 inc     al
seg000:A535                 and     al, 3Fh
seg000:A537                 cmp     al, [si+2]
seg000:A53A                 jz      short loc_A544
seg000:A53C                 test    byte ptr [si+5], 80h
seg000:A540                 jnz     short loc_A557
seg000:A542                 jmp     short loc_A54B
seg000:A544 ; ---------------------------------------------------------------------------
seg000:A544
seg000:A544 loc_A544:
seg000:A544                 mov     al, 10h
seg000:A546                 cmp     al, [si+3]
seg000:A549                 jnb     short loc_A557
seg000:A54B
seg000:A54B loc_A54B:
seg000:A54B                 and     byte ptr [si+5], 7Fh
seg000:A54F                 call    word ptr cs:6010h ; move_monster_W_proc
seg000:A554                 jb      short loc_A557
seg000:A556                 retn
seg000:A557 ; ---------------------------------------------------------------------------
seg000:A557
seg000:A557 loc_A557:
seg000:A557                 or      byte ptr [si+5], 80h
seg000:A55B                 call    word ptr cs:6008h ; move_monster_E_proc
seg000:A560                 jb      short loc_A563
seg000:A562                 retn
seg000:A563 ; ---------------------------------------------------------------------------
seg000:A563
seg000:A563 loc_A563:
seg000:A563                 and     byte ptr [si+5], 7Fh
seg000:A567                 jmp     word ptr cs:6010h ; move_monster_W_proc
seg000:A56C ; ---------------------------------------------------------------------------
seg000:A56C
seg000:A56C loc_A56C:
seg000:A56C                 mov     al, [si+6]
seg000:A56F                 mov     ah, al
seg000:A571                 inc     al
seg000:A573                 and     al, 7
seg000:A575                 and     ah, 0F0h
seg000:A578                 or      ah, al
seg000:A57A                 mov     [si+6], ah
seg000:A57D                 cmp     al, 6
seg000:A57F                 jnz     short loc_A514
seg000:A581                 and     [si+6], ah
seg000:A584                 mov     al, [si+0Ah]
seg000:A587                 mov     cl, 10h
seg000:A589                 mul     cl
seg000:A58B                 add     ax, ds:0C010h   ; monsters_table_addr
seg000:A58F                 mov     di, ax
seg000:A591                 push    di
seg000:A592                 mov     ax, [si+2]
seg000:A595                 call    word ptr cs:6028h ; coords_in_ax_to_proximity_map_offset_in_di_proc
seg000:A59A                 mov     bx, si
seg000:A59C                 mov     si, di
seg000:A59E                 pop     di
seg000:A59F                 test    byte ptr [bx+5], 80h
seg000:A5A3                 jnz     short loc_A5FC
seg000:A5A5                 mov     al, [bx+3]
seg000:A5A8                 or      al, al
seg000:A5AA                 jns     short loc_A5AF
seg000:A5AC                 jmp     loc_A512
seg000:A5AF ; ---------------------------------------------------------------------------
seg000:A5AF
seg000:A5AF loc_A5AF:
seg000:A5AF                 cmp     al, 21h ; '!'
seg000:A5B1                 jb      short loc_A5B6
seg000:A5B3                 jmp     loc_A512
seg000:A5B6 ; ---------------------------------------------------------------------------
seg000:A5B6
seg000:A5B6 loc_A5B6:
seg000:A5B6                 mov     ax, 23h ; '#'
seg000:A5B9                 call    sub_A679
seg000:A5BC                 jnb     short loc_A5C1
seg000:A5BE                 jmp     loc_A512
seg000:A5C1 ; ---------------------------------------------------------------------------
seg000:A5C1
seg000:A5C1 loc_A5C1:
seg000:A5C1                 inc     si
seg000:A5C2                 inc     si
seg000:A5C3                 mov     cl, [si]
seg000:A5C5                 mov     al, [bx+0Ah]
seg000:A5C8                 or      al, 80h
seg000:A5CA                 mov     [si], al
seg000:A5CC                 xchg    si, bx
seg000:A5CE                 mov     al, [si+4]
seg000:A5D1                 and     al, 1Fh
seg000:A5D3                 mov     [di+4], al
seg000:A5D6                 mov     ax, [si]
seg000:A5D8                 add     ax, 2
seg000:A5DB                 mov     dx, ds:0C002h   ; mapWidth
seg000:A5DF                 dec     dx
seg000:A5E0                 sub     dx, ax
seg000:A5E2                 jnb     short loc_A5E8
seg000:A5E4                 not     dx
seg000:A5E6                 mov     ax, dx
seg000:A5E8
seg000:A5E8 loc_A5E8:
seg000:A5E8                 mov     [di], ax
seg000:A5EA                 mov     al, [si+3]
seg000:A5ED                 add     al, 2
seg000:A5EF                 mov     [di+3], al
seg000:A5F2                 mov     byte ptr [si+6], 16h
seg000:A5F6                 mov     byte ptr [di+6], 17h
seg000:A5FA                 jmp     short loc_A64C
seg000:A5FC ; ---------------------------------------------------------------------------
seg000:A5FC
seg000:A5FC loc_A5FC:
seg000:A5FC                 mov     al, [bx+3]
seg000:A5FF                 or      al, al
seg000:A601                 jns     short loc_A606
seg000:A603                 jmp     loc_A512
seg000:A606 ; ---------------------------------------------------------------------------
seg000:A606
seg000:A606 loc_A606:
seg000:A606                 cmp     al, 3
seg000:A608                 jnb     short loc_A60D
seg000:A60A                 jmp     loc_A512
seg000:A60D ; ---------------------------------------------------------------------------
seg000:A60D
seg000:A60D loc_A60D:
seg000:A60D                 mov     ax, 27h ; '''
seg000:A610                 call    sub_A679
seg000:A613                 jnb     short loc_A618
seg000:A615                 jmp     loc_A512
seg000:A618 ; ---------------------------------------------------------------------------
seg000:A618
seg000:A618 loc_A618:
seg000:A618                 dec     si
seg000:A619                 dec     si
seg000:A61A                 mov     cl, [si]
seg000:A61C                 mov     al, [bx+0Ah]
seg000:A61F                 or      al, 80h
seg000:A621                 mov     [si], al
seg000:A623                 xchg    si, bx
seg000:A625                 mov     al, [si+4]
seg000:A628                 and     al, 1Fh
seg000:A62A                 mov     [di+4], al
seg000:A62D                 mov     ax, [si]
seg000:A62F                 sub     ax, 2
seg000:A632                 or      ax, ax
seg000:A634                 jns     short loc_A63A
seg000:A636                 add     ax, ds:0C002h   ; mapWidth
seg000:A63A
seg000:A63A loc_A63A:
seg000:A63A                 mov     [di], ax
seg000:A63C                 mov     al, [si+3]
seg000:A63F                 sub     al, 2
seg000:A641                 mov     [di+3], al
seg000:A644                 mov     byte ptr [si+6], 17h
seg000:A648                 mov     byte ptr [di+6], 16h
seg000:A64C
seg000:A64C loc_A64C:
seg000:A64C                 mov     al, [si+2]
seg000:A64F                 mov     [di+2], al
seg000:A652                 mov     bl, [si+0Ah]
seg000:A655                 xor     bh, bh
seg000:A657                 mov     [bx+0ED20h], cl ; proximity_second_layer
seg000:A65B                 mov     byte ptr [di+7], 0
seg000:A65F                 mov     byte ptr [di+8], 0
seg000:A663                 mov     byte ptr [di+9], 0
seg000:A667                 and     byte ptr [si+7], 0BFh
seg000:A66B                 mov     al, ds:0FF4Ah   ; monster_index
seg000:A66E                 cmp     al, [si+0Ah]
seg000:A671                 jb      short loc_A674
seg000:A673                 retn
seg000:A674 ; ---------------------------------------------------------------------------
seg000:A674
seg000:A674 loc_A674:
seg000:A674                 or      byte ptr [di+9], 1
seg000:A678                 retn
seg000:A678 sub_A269        endp
seg000:A678
seg000:A679
seg000:A679 ; =============== S U B R O U T I N E =======================================
seg000:A679
seg000:A679
seg000:A679 sub_A679        proc near
seg000:A679                 push    si
seg000:A67A                 sub     si, ax
seg000:A67C                 call    word ptr cs:602Ch ; wrap_map_from_below_proc
seg000:A681                 mov     cx, 3
seg000:A684
seg000:A684 loc_A684:
seg000:A684                 mov     al, [si]
seg000:A686                 call    word ptr cs:602Eh ; is_blocking_proc
seg000:A68B                 stc
seg000:A68C                 jnz     short loc_A6AF
seg000:A68E                 mov     al, [si+1]
seg000:A691                 call    word ptr cs:602Eh ; is_blocking_proc
seg000:A696                 stc
seg000:A697                 jnz     short loc_A6AF
seg000:A699                 mov     al, [si+2]
seg000:A69C                 call    word ptr cs:602Eh ; is_blocking_proc
seg000:A6A1                 stc
seg000:A6A2                 jnz     short loc_A6AF
seg000:A6A4                 add     si, 24h ; '$'
seg000:A6A7                 call    word ptr cs:602Ah ; wrap_map_from_above_proc
seg000:A6AC                 loop    loc_A684
seg000:A6AE                 clc
seg000:A6AF
seg000:A6AF loc_A6AF:
seg000:A6AF                 pop     si
seg000:A6B0                 retn
seg000:A6B0 sub_A679        endp
seg000:A6B0
seg000:A6B1 ; ---------------------------------------------------------------------------
seg000:A6B1 ; START OF FUNCTION CHUNK FOR sub_A269
seg000:A6B1
seg000:A6B1 loc_A6B1:                               ; jumptable 0000A273 cases 2,3
seg000:A6B1                 or      byte ptr [si+4], 20h
seg000:A6B5                 test    byte ptr [si+9], 1
seg000:A6B9                 jnz     short loc_A6DB
seg000:A6BB                 mov     al, [si+3]
seg000:A6BE                 cmp     al, 8
seg000:A6C0                 jnb     short loc_A6C3
seg000:A6C2                 retn
seg000:A6C3 ; ---------------------------------------------------------------------------
seg000:A6C3
seg000:A6C3 loc_A6C3:
seg000:A6C3                 cmp     al, 13h
seg000:A6C5                 jb      short loc_A6C8
seg000:A6C7                 retn
seg000:A6C8 ; ---------------------------------------------------------------------------
seg000:A6C8
seg000:A6C8 loc_A6C8:                               ;
seg000:A6C8                 call    word ptr cs:11Ah ; get_random_proc
seg000:A6CD                 and     al, 3
seg000:A6CF                 jz      short loc_A6D2
seg000:A6D1                 retn
seg000:A6D2 ; ---------------------------------------------------------------------------
seg000:A6D2
seg000:A6D2 loc_A6D2:
seg000:A6D2                 mov     byte ptr [si+6], 1
seg000:A6D6                 or      byte ptr [si+9], 1
seg000:A6DA                 retn
seg000:A6DB ; ---------------------------------------------------------------------------
seg000:A6DB
seg000:A6DB loc_A6DB:                               ;
seg000:A6DB                 call    word ptr cs:6014h ; move_monster_S_proc
seg000:A6E0                 jb      short loc_A6E3
seg000:A6E2                 retn
seg000:A6E3 ; ---------------------------------------------------------------------------
seg000:A6E3
seg000:A6E3 loc_A6E3:
seg000:A6E3                 and     byte ptr [si+7], 0F0h
seg000:A6E7                 or      byte ptr [si+7], 1
seg000:A6EB                 jmp     word ptr cs:6032h ; Check_Vertical_Distance_Between_Hero_And_Monster_proc
seg000:A6F0 ; ---------------------------------------------------------------------------
seg000:A6F0
seg000:A6F0 loc_A6F0:                               ; jumptable 0000A273 case 4
seg000:A6F0                 test    byte ptr [si+8], 0FFh
seg000:A6F4                 jnz     short loc_A6FA
seg000:A6F6                 mov     byte ptr [si+8], 2
seg000:A6FA
seg000:A6FA loc_A6FA:
seg000:A6FA                 test    byte ptr [si+5], 20h
seg000:A6FE                 jz      short loc_A705
seg000:A700                 jmp     word ptr cs:6034h ; Hero_Hits_monster_proc
seg000:A705 ; ---------------------------------------------------------------------------
seg000:A705
seg000:A705 loc_A705:
seg000:A705                 cmp     byte ptr [si+3], 3
seg000:A709                 jnb     short loc_A70C
seg000:A70B                 retn
seg000:A70C ; ---------------------------------------------------------------------------
seg000:A70C
seg000:A70C loc_A70C:
seg000:A70C                 cmp     byte ptr [si+3], 21h ; '!'
seg000:A710                 jb      short loc_A713
seg000:A712                 retn
seg000:A713 ; ---------------------------------------------------------------------------
seg000:A713
seg000:A713 loc_A713:
seg000:A713                 call    sub_A71C
seg000:A716                 cmp     cl, 3
seg000:A719                 jz      short sub_A71C
seg000:A71B                 retn
seg000:A71B ; END OF FUNCTION CHUNK FOR sub_A269
seg000:A71C
seg000:A71C ; =============== S U B R O U T I N E =======================================
seg000:A71C
seg000:A71C
seg000:A71C sub_A71C        proc near
seg000:A71C                 mov     bx, offset unk_A7CE
seg000:A71F                 test    byte ptr [si+5], 80h
seg000:A723                 jnz     short loc_A728
seg000:A725                 mov     bx, offset unk_A756
seg000:A728
seg000:A728 loc_A728:
seg000:A728                 mov     al, 0Fh
seg000:A72A                 mul     byte ptr [si+9]
seg000:A72D                 add     bx, ax
seg000:A72F                 mov     cx, 5
seg000:A732
seg000:A732 loc_A732:
seg000:A732                 push    cx
seg000:A733                 push    bx
seg000:A734                 mov     al, [bx]
seg000:A736                 call    word ptr cs:6004h ; monster_move_in_direction_proc
seg000:A73B                 pop     bx
seg000:A73C                 pop     cx
seg000:A73D                 jnb     short loc_A749
seg000:A73F                 inc     bx
seg000:A740                 inc     bx
seg000:A741                 inc     bx
seg000:A742                 loop    loc_A732
seg000:A744                 xor     byte ptr [si+5], 80h
seg000:A748                 retn
seg000:A749 ; ---------------------------------------------------------------------------
seg000:A749
seg000:A749 loc_A749:
seg000:A749                 mov     al, [bx+1]
seg000:A74C                 mov     [si+9], al
seg000:A74F                 mov     al, [bx+2]
seg000:A752                 mov     [si+6], al
seg000:A755                 retn
seg000:A755 sub_A71C        endp
seg000:A755
seg000:A755 ; ---------------------------------------------------------------------------
seg000:A756 unk_A756        db    6
seg000:A757                 db    2
seg000:A758                 db    1
seg000:A759                 db    7
seg000:A75A                 db    1
seg000:A75B                 db    2
seg000:A75C                 db    0
seg000:A75D                 db    0
seg000:A75E                 db    0
seg000:A75F                 db    1
seg000:A760                 db    7
seg000:A761                 db    3
seg000:A762                 db    2
seg000:A763                 db    6
seg000:A764                 db    1
seg000:A765                 db    5
seg000:A766                 db    3
seg000:A767                 db    3
seg000:A768                 db    6
seg000:A769                 db    2
seg000:A76A                 db    1
seg000:A76B                 db    7
seg000:A76C                 db    1
seg000:A76D                 db    2
seg000:A76E                 db    0
seg000:A76F                 db    0
seg000:A770                 db    0
seg000:A771                 db    1
seg000:A772                 db    7
seg000:A773                 db    3
seg000:A774                 db    4
seg000:A775                 db    4
seg000:A776                 db    0
seg000:A777                 db    5
seg000:A778                 db    3
seg000:A779                 db    3
seg000:A77A                 db    6
seg000:A77B                 db    2
seg000:A77C                 db    1
seg000:A77D                 db    7
seg000:A77E                 db    1
seg000:A77F                 db    2
seg000:A780                 db    0
seg000:A781                 db    0
seg000:A782                 db    0
seg000:A783                 db    3
seg000:A784                 db    5
seg000:A785                 db    2
seg000:A786                 db    4
seg000:A787                 db    4
seg000:A788                 db    0
seg000:A789                 db    5
seg000:A78A                 db    3
seg000:A78B                 db    3
seg000:A78C                 db    6
seg000:A78D                 db    2
seg000:A78E                 db    1
seg000:A78F                 db    7
seg000:A790                 db    1
seg000:A791                 db    2
seg000:A792                 db    2
seg000:A793                 db    6
seg000:A794                 db    1
seg000:A795                 db    3
seg000:A796                 db    5
seg000:A797                 db    2
seg000:A798                 db    4
seg000:A799                 db    4
seg000:A79A                 db    0
seg000:A79B                 db    5
seg000:A79C                 db    3
seg000:A79D                 db    3
seg000:A79E                 db    6
seg000:A79F                 db    2
seg000:A7A0                 db    1
seg000:A7A1                 db    1
seg000:A7A2                 db    7
seg000:A7A3                 db    3
seg000:A7A4                 db    2
seg000:A7A5                 db    6
seg000:A7A6                 db    1
seg000:A7A7                 db    3
seg000:A7A8                 db    5
seg000:A7A9                 db    2
seg000:A7AA                 db    4
seg000:A7AB                 db    4
seg000:A7AC                 db    0
seg000:A7AD                 db    5
seg000:A7AE                 db    3
seg000:A7AF                 db    3
seg000:A7B0                 db    0
seg000:A7B1                 db    0
seg000:A7B2                 db    0
seg000:A7B3                 db    1
seg000:A7B4                 db    7
seg000:A7B5                 db    3
seg000:A7B6                 db    2
seg000:A7B7                 db    6
seg000:A7B8                 db    1
seg000:A7B9                 db    3
seg000:A7BA                 db    5
seg000:A7BB                 db    2
seg000:A7BC                 db    4
seg000:A7BD                 db    4
seg000:A7BE                 db    0
seg000:A7BF                 db    7
seg000:A7C0                 db    1
seg000:A7C1                 db    2
seg000:A7C2                 db    0
seg000:A7C3                 db    0
seg000:A7C4                 db    0
seg000:A7C5                 db    1
seg000:A7C6                 db    7
seg000:A7C7                 db    3
seg000:A7C8                 db    2
seg000:A7C9                 db    6
seg000:A7CA                 db    1
seg000:A7CB                 db    3
seg000:A7CC                 db    5
seg000:A7CD                 db    2
seg000:A7CE unk_A7CE        db    6
seg000:A7CF                 db    6
seg000:A7D0                 db    0
seg000:A7D1                 db    5
seg000:A7D2                 db    7
seg000:A7D3                 db    3
seg000:A7D4                 db    4
seg000:A7D5                 db    0
seg000:A7D6                 db    0
seg000:A7D7                 db    3
seg000:A7D8                 db    1
seg000:A7D9                 db    2
seg000:A7DA                 db    2
seg000:A7DB                 db    2
seg000:A7DC                 db    0
seg000:A7DD                 db    5
seg000:A7DE                 db    7
seg000:A7DF                 db    2
seg000:A7E0                 db    4
seg000:A7E1                 db    0
seg000:A7E2                 db    0
seg000:A7E3                 db    3
seg000:A7E4                 db    1
seg000:A7E5                 db    2
seg000:A7E6                 db    2
seg000:A7E7                 db    2
seg000:A7E8                 db    1
seg000:A7E9                 db    1
seg000:A7EA                 db    3
seg000:A7EB                 db    2
seg000:A7EC                 db    4
seg000:A7ED                 db    0
seg000:A7EE                 db    1
seg000:A7EF                 db    3
seg000:A7F0                 db    1
seg000:A7F1                 db    2
seg000:A7F2                 db    2
seg000:A7F3                 db    2
seg000:A7F4                 db    1
seg000:A7F5                 db    1
seg000:A7F6                 db    3
seg000:A7F7                 db    3
seg000:A7F8                 db    0
seg000:A7F9                 db    4
seg000:A7FA                 db    1
seg000:A7FB                 db    3
seg000:A7FC                 db    1
seg000:A7FD                 db    3
seg000:A7FE                 db    2
seg000:A7FF                 db    2
seg000:A800                 db    1
seg000:A801                 db    1
seg000:A802                 db    3
seg000:A803                 db    3
seg000:A804                 db    0
seg000:A805                 db    4
seg000:A806                 db    0
seg000:A807                 db    7
seg000:A808                 db    5
seg000:A809                 db    3
seg000:A80A                 db    2
seg000:A80B                 db    2
seg000:A80C                 db    0
seg000:A80D                 db    1
seg000:A80E                 db    3
seg000:A80F                 db    3
seg000:A810                 db    0
seg000:A811                 db    4
seg000:A812                 db    0
seg000:A813                 db    7
seg000:A814                 db    5
seg000:A815                 db    2
seg000:A816                 db    6
seg000:A817                 db    6
seg000:A818                 db    0
seg000:A819                 db    1
seg000:A81A                 db    3
seg000:A81B                 db    2
seg000:A81C                 db    0
seg000:A81D                 db    4
seg000:A81E                 db    0
seg000:A81F                 db    7
seg000:A820                 db    5
seg000:A821                 db    2
seg000:A822                 db    6
seg000:A823                 db    6
seg000:A824                 db    1
seg000:A825                 db    5
seg000:A826                 db    7
seg000:A827                 db    2
seg000:A828                 db    0
seg000:A829                 db    4
seg000:A82A                 db    1
seg000:A82B                 db    7
seg000:A82C                 db    5
seg000:A82D                 db    2
seg000:A82E                 db    6
seg000:A82F                 db    6
seg000:A830                 db    1
seg000:A831                 db    5
seg000:A832                 db    7
seg000:A833                 db    3
seg000:A834                 db    4
seg000:A835                 db    0
seg000:A836                 db    1
seg000:A837                 db    7
seg000:A838                 db    5
seg000:A839                 db    3
seg000:A83A                 db    6
seg000:A83B                 db    6
seg000:A83C                 db    1
seg000:A83D                 db    5
seg000:A83E                 db    7
seg000:A83F                 db    3
seg000:A840                 db    4
seg000:A841                 db    0
seg000:A842                 db    0
seg000:A843                 db    3
seg000:A844                 db    1
seg000:A845                 db    3
seg000:A845 seg000          ends
seg000:A845
seg000:A845
seg000:A845                 end
