seg000:A000 ;
seg000:A000 ; +-------------------------------------------------------------------------+
seg000:A000 ; |      This file was generated by The Interactive Disassembler (IDA)      |
seg000:A000 ; |           Copyright (c) 2026 Hex-Rays, <support@hex-rays.com>           |
seg000:A000 ; |                      License info: 48-2137-ACAB-69                      |
seg000:A000 ; |                             hi@hex-rays.com                             |
seg000:A000 ; +-------------------------------------------------------------------------+
seg000:A000 ;
seg000:A000 ; Input SHA256 : 3A6DFD2911C683E66AC1164C2420F5E50A1AFCAD7B2507E11F401D4B9F0E94FF
seg000:A000 ; Input MD5    : 341A12DCF231F7587DB594F1B897C671
seg000:A000 ; Input CRC32  : 05665F2F
seg000:A000
seg000:A000 ; File Name   : /home/brox/Projects/zeliard/game/0/eai5.bin
seg000:A000 ; Format      : Binary file
seg000:A000 ; Base Address: 0000h Range: 0000h - 09F7h Loaded length: 09F7h
seg000:A000
seg000:A000                 .286
seg000:A000                 .model small
seg000:A000
seg000:A000 ; ===========================================================================
seg000:A000
seg000:A000 ; Segment type: Pure code
seg000:A000 seg000          segment byte public 'CODE'
seg000:A000                 assume cs:seg000
seg000:A000                 ;org 0A000h
seg000:A000                 assume es:nothing, ss:nothing, ds:seg000
seg000:A000                 dw offset sub_A337
seg000:A002                 db    0
seg000:A003                 db    0
seg000:A004                 db    0
seg000:A005                 db    0
seg000:A006                 dw offset off_A321
seg000:A008                 db 32h, 32h, 14h, 0Ah, 0Ah, 0, 0, 0
seg000:A010                 db 28h, 28h, 14h, 14h, 0Ah, 0, 0, 0
seg000:A018                 db    0
seg000:A019                 db    0
seg000:A01A                 db    0
seg000:A01B                 db    0
seg000:A01C                 db    0
seg000:A01D                 db    0
seg000:A01E                 db    0
seg000:A01F                 db    0
seg000:A020                 db    0
seg000:A021                 db    0
seg000:A022                 db    0
seg000:A023                 db    0
seg000:A024                 db    0
seg000:A025                 db    0
seg000:A026                 db    0
seg000:A027                 db    0
seg000:A028                 db    0
seg000:A029                 db    0
seg000:A02A                 db    0
seg000:A02B                 db    0
seg000:A02C                 db    0
seg000:A02D                 db    0
seg000:A02E                 db    0
seg000:A02F                 db    0
seg000:A030                 dw offset byte_A0B0
seg000:A032                 dw offset byte_A137
seg000:A034                 dw offset byte_A1BE
seg000:A036                 dw offset byte_A1F5
seg000:A038                 dw offset byte_A240
seg000:A03A                 dw 0
seg000:A03C                 dw 0
seg000:A03E                 dw 0
seg000:A040                 dw offset byte_A128
seg000:A042                 dw offset byte_A1AF
seg000:A044                 dw offset byte_A1E6
seg000:A046                 dw offset byte_A231
seg000:A048                 dw offset byte_A268
seg000:A04A                 dw 0
seg000:A04C                 dw 0
seg000:A04E                 dw 0
seg000:A050                 dw offset byte_A2EA
seg000:A052                 dw offset byte_A2FE
seg000:A054                 dw offset byte_A277
seg000:A056                 dw offset byte_A2C2
seg000:A058                 dw offset byte_A286
seg000:A05A                 dw offset byte_A29A
seg000:A05C                 dw offset byte_A2E5
seg000:A05E                 dw 0
seg000:A060                 dw offset byte_A317
seg000:A062                 dw offset byte_A31C
seg000:A064                 dw offset byte_A312
seg000:A066                 dw offset byte_A2AE
seg000:A068                 dw 0
seg000:A06A                 dw 0
seg000:A06C                 dw 0
seg000:A06E                 dw 0
seg000:A070                 dw offset byte_A0EC
seg000:A072                 dw offset byte_A173
seg000:A074                 dw offset byte_A1BE
seg000:A076                 dw offset byte_A213
seg000:A078                 dw offset byte_A240
seg000:A07A                 dw 0
seg000:A07C                 dw 0
seg000:A07E                 dw 0
seg000:A080                 dw offset byte_A128
seg000:A082                 dw offset byte_A1AF
seg000:A084                 dw offset byte_A1E6
seg000:A086                 dw offset byte_A231
seg000:A088                 dw offset byte_A268
seg000:A08A                 dw 0
seg000:A08C                 dw 0
seg000:A08E                 dw 0
seg000:A090                 dw offset byte_A2EA
seg000:A092                 dw offset byte_A2FE
seg000:A094                 dw offset byte_A277
seg000:A096                 dw offset byte_A2C2
seg000:A098                 dw offset byte_A286
seg000:A09A                 dw offset byte_A29A
seg000:A09C                 dw offset byte_A2E5
seg000:A09E                 dw 0
seg000:A0A0                 dw offset byte_A317
seg000:A0A2                 dw offset byte_A31C
seg000:A0A4                 dw offset byte_A312
seg000:A0A6                 dw offset byte_A2AE
seg000:A0A8                 dw 0
seg000:A0AA                 dw 0
seg000:A0AC                 dw 0
seg000:A0AE                 dw 0
seg000:A0B0 byte_A0B0       db 1, 8Fh, 90h, 79h, 7Ah
seg000:A0B5                 db 1, 7Fh, 80h, 81h, 82h
seg000:A0BA                 db 1, 87h, 88h, 89h, 8Ah
seg000:A0BF                 db 1, 7Fh, 80h, 99h, 9Ah
seg000:A0C4                 db 1, 8Fh, 90h, 91h, 92h
seg000:A0C9                 db 1, 7Fh, 80h, 99h, 9Ah
seg000:A0CE                 db 1, 87h, 88h, 89h, 8Ah
seg000:A0D3                 db 1, 7Fh, 80h, 81h, 82h
seg000:A0D8                 db 1, 0C7h, 88h, 0C9h, 8Ah
seg000:A0DD                 db 1, 0C7h, 88h, 0CBh, 8Ah
seg000:A0E2                 db 1, 0C7h, 88h, 0CDh, 8Ah
seg000:A0E7                 db 1, 0C7h, 88h, 0C9h, 8Ah
seg000:A0EC byte_A0EC       db 1, 0B7h, 0B8h, 0A1h, 0A2h
seg000:A0F1                 db 1, 0A7h, 0A8h, 0A9h, 0AAh
seg000:A0F6                 db 1, 0AFh, 0B0h, 0B1h, 0B2h
seg000:A0FB                 db 1, 0A7h, 0A8h, 0C1h, 0C2h
seg000:A100                 db 1, 0B7h, 0B8h, 0B9h, 0BAh
seg000:A105                 db 1, 0A7h, 0A8h, 0C1h, 0C2h
seg000:A10A                 db 1, 0AFh, 0B0h, 0B1h, 0B2h
seg000:A10F                 db 1, 0A7h, 0A8h, 0A9h, 0AAh
seg000:A114                 db 1, 0AFh, 0CFh, 0B1h, 0D1h
seg000:A119                 db 1, 0AFh, 0CFh, 0B1h, 0D2h
seg000:A11E                 db 1, 0AFh, 0CFh, 0B1h, 0D3h
seg000:A123                 db 1, 0AFh, 0CFh, 0B1h, 0D1h
seg000:A128 byte_A128       db 1, 0D4h, 0D5h, 0D6h, 0D7h
seg000:A12D                 db 1, 0, 0, 0DAh, 0DBh
seg000:A132                 db 1, 0, 0, 0, 0
seg000:A137 byte_A137       db 1, 7Bh, 7Ch, 7Dh, 7Eh
seg000:A13C                 db 1, 83h, 84h, 85h, 86h
seg000:A141                 db 1, 7Bh, 7Ch, 7Dh, 7Eh
seg000:A146                 db 1, 8Bh, 8Ch, 8Dh, 8Eh
seg000:A14B                 db 1, 93h, 94h, 95h, 96h
seg000:A150                 db 1, 9Bh, 9Ch, 9Dh, 9Eh
seg000:A155                 db 1, 93h, 94h, 95h, 96h
seg000:A15A                 db 1, 8Bh, 8Ch, 8Dh, 8Eh
seg000:A15F                 db 1, 8Bh, 8Ch, 8Dh, 8Eh
seg000:A164                 db 1, 8Bh, 8Ch, 8Dh, 8Eh
seg000:A169                 db 1, 8Bh, 8Ch, 8Dh, 8Eh
seg000:A16E                 db 1, 8Bh, 8Ch, 8Dh, 8Eh
seg000:A173 byte_A173       db 1, 0A3h, 0A4h, 0A5h, 0A6h
seg000:A178                 db 1, 0ABh, 0A4h, 0ADh, 0AEh
seg000:A17D                 db 1, 0A3h, 0A4h, 0A5h, 0A6h
seg000:A182                 db 1, 0B3h, 0B4h, 0B5h, 0B6h
seg000:A187                 db 1, 0BBh, 0BCh, 0BDh, 0BEh
seg000:A18C                 db 1, 0C3h, 0BCh, 0C5h, 0C6h
seg000:A191                 db 1, 0BBh, 0BCh, 0BDh, 0BEh
seg000:A196                 db 1, 0B3h, 0B4h, 0B5h, 0B6h
seg000:A19B                 db 1, 0B3h, 0B4h, 0B5h, 0B6h
seg000:A1A0                 db 1, 0B3h, 0B4h, 0B5h, 0B6h
seg000:A1A5                 db 1, 0B3h, 0B4h, 0B5h, 0B6h
seg000:A1AA                 db 1, 0B3h, 0B4h, 0B5h, 0B6h
seg000:A1AF byte_A1AF       db 1, 0E0h, 0E1h, 0E2h, 0E3h
seg000:A1B4                 db 1, 0E4h, 0E5h, 0E6h, 0E7h
seg000:A1B9                 db 1, 0E8h, 0E9h, 0EAh, 0EBh
seg000:A1BE byte_A1BE       db 0, 0Dh, 0Eh, 0Fh, 10h
seg000:A1C3                 db 0, 11h, 0Eh, 12h, 13h
seg000:A1C8                 db 0, 14h, 15h, 16h, 17h
seg000:A1CD                 db 0, 0Dh, 18h, 19h, 1Ah
seg000:A1D2                 db 0, 0, 0, 1, 2
seg000:A1D7                 db 0, 0, 0, 4, 5
seg000:A1DC                 db 0, 0, 0, 7, 8
seg000:A1E1                 db 0, 0, 0, 0Bh, 0Ch
seg000:A1E6 byte_A1E6       db 0, 1Bh, 1Ch, 1Dh, 1Eh
seg000:A1EB                 db 0, 1Fh, 20h, 21h, 22h
seg000:A1F0                 db 0, 23h, 24h, 25h, 0
seg000:A1F5 byte_A1F5       db 0, 27h, 28h, 29h, 2Ah
seg000:A1FA                 db 0, 2Bh, 2Ch, 2Dh, 2Eh
seg000:A1FF                 db 0, 2Fh, 30h, 31h, 32h
seg000:A204                 db 0, 33h, 34h, 35h, 36h
seg000:A209                 db 0, 37h, 38h, 39h, 3Ah
seg000:A20E                 db 0, 3Bh, 3Ch, 3Dh, 3Eh
seg000:A213 byte_A213       db 0, 27h, 28h, 29h, 2Ah
seg000:A218                 db 0, 2Bh, 2Ch, 2Dh, 2Eh
seg000:A21D                 db 0, 2Fh, 30h, 31h, 32h
seg000:A222                 db 0, 33h, 34h, 35h, 36h
seg000:A227                 db 0, 37h, 38h, 39h, 3Ah
seg000:A22C                 db 0, 3Fh, 40h, 41h, 42h
seg000:A231 byte_A231       db 0, 43h, 44h, 45h, 46h
seg000:A236                 db 0, 47h, 48h, 49h, 4Ah
seg000:A23B                 db 0, 4Bh, 4Ch, 4Dh, 4Eh
seg000:A240 byte_A240       db 0, 4Fh, 50h, 51h, 52h
seg000:A245                 db 0, 53h, 54h, 55h, 56h
seg000:A24A                 db 0, 57h, 58h, 51h, 52h
seg000:A24F                 db 0, 59h, 5Ah, 51h, 52h
seg000:A254                 db 0, 5Bh, 5Ch, 5Dh, 5Eh
seg000:A259                 db 0, 5Fh, 60h, 61h, 62h
seg000:A25E                 db 0, 63h, 64h, 65h, 66h
seg000:A263                 db 0, 0, 0, 69h, 6Ah
seg000:A268 byte_A268       db 0, 6Bh, 6Ch, 6Dh, 6Eh
seg000:A26D                 db 0, 4Bh, 4Ch, 4Dh, 4Eh
seg000:A272                 db 0, 73h, 74h, 75h, 76h
seg000:A277 byte_A277       db 1, 3, 6, 0Ah, 26h
seg000:A27C                 db 1, 67h, 68h, 6Fh, 70h
seg000:A281                 db 1, 71h, 72h, 0A0h, 0C0h
seg000:A286 byte_A286       db 0, 77h, 78h, 97h, 98h
seg000:A28B                 db 0, 9Fh, 0ACh, 0BFh, 0C4h
seg000:A290                 db 0, 0C8h, 0CAh, 0CCh, 0CEh
seg000:A295                 db 0, 9Fh, 0ACh, 0BFh, 0C4h
seg000:A29A byte_A29A       db 2, 77h, 78h, 97h, 98h
seg000:A29F                 db 2, 9Fh, 0ACh, 0BFh, 0C4h
seg000:A2A4                 db 2, 0C8h, 0CAh, 0CCh, 0CEh
seg000:A2A9                 db 2, 9Fh, 0ACh, 0BFh, 0C4h
seg000:A2AE byte_A2AE       db 1, 77h, 78h, 97h, 98h
seg000:A2B3                 db 1, 9Fh, 0ACh, 0BFh, 0C4h
seg000:A2B8                 db 1, 0C8h, 0CAh, 0CCh, 0CEh
seg000:A2BD                 db 1, 9Fh, 0ACh, 0BFh, 0C4h
seg000:A2C2 byte_A2C2       db 0, 0D0h, 0D8h, 0D9h, 0DCh
seg000:A2C7                 db 0, 0D0h, 0D8h, 0D9h, 0DCh
seg000:A2CC                 db 0, 0D0h, 0D8h, 0D9h, 0DCh
seg000:A2D1                 db 0, 0D0h, 0D8h, 0D9h, 0DCh
seg000:A2D6                 db 0, 0D0h, 0D8h, 0D9h, 0DCh
seg000:A2DB                 db 0, 0D0h, 0D8h, 0D9h, 0DCh
seg000:A2E0                 db 0, 0D0h, 0D8h, 0D9h, 0DCh
seg000:A2E5 byte_A2E5       db 1, 0DDh, 0DEh, 0DFh, 0ECh
seg000:A2EA byte_A2EA       db 0, 0F1h, 0F1h, 0F1h, 0F1h
seg000:A2EF                 db 0, 0F1h, 0F1h, 0F3h, 0F3h
seg000:A2F4                 db 0, 0F4h, 0F4h, 0F6h, 0F6h
seg000:A2F9                 db 0, 0F8h, 0F8h, 0FAh, 0FAh
seg000:A2FE byte_A2FE       db 0, 0F2h, 0F2h, 0F1h, 0F1h
seg000:A303                 db 0, 0F2h, 0F2h, 0F3h, 0F3h
seg000:A308                 db 0, 0FCh, 0FDh, 0F6h, 0F6h
seg000:A30D                 db 0, 0FEh, 0FEh, 0FAh, 0FAh
seg000:A312 byte_A312       db 2, 0F5h, 0F7h, 0F9h, 0FBh
seg000:A317 byte_A317       db 0, 0EDh, 0EEh, 0EFh, 0F0h
seg000:A31C byte_A31C       db 2, 0EDh, 0EEh, 0EFh, 0F0h
seg000:A321 off_A321        dw offset byte_A32B
seg000:A323                 dw offset byte_A32B
seg000:A325                 dw offset byte_A32F
seg000:A327                 dw offset byte_A333
seg000:A329                 dw offset byte_A333
seg000:A32B byte_A32B       db 11, 5, 5, 5
seg000:A32F byte_A32F       db 5, 4, 5, 4
seg000:A333 byte_A333       db 5, 0, 5, 0
seg000:A337
seg000:A337 ; =============== S U B R O U T I N E =======================================
seg000:A337
seg000:A337
seg000:A337 sub_A337        proc near
seg000:A337
seg000:A337 ; FUNCTION CHUNK AT seg000:A5F1 SIZE 00000406 BYTES
seg000:A337
seg000:A337                 mov     bl, [si+4]
seg000:A33A                 and     bl, 0Fh
seg000:A33D                 xor     bh, bh
seg000:A33F                 add     bx, bx          ; switch 5 cases
seg000:A341                 jmp     jpt_A341[bx]    ; switch jump
seg000:A341 ; ---------------------------------------------------------------------------
seg000:A345 jpt_A341        dw offset loc_A350      ; jump table for switch statement
seg000:A347                 dw offset locret_A34F
seg000:A349                 dw offset loc_A5F1
seg000:A34B                 dw offset loc_A812
seg000:A34D                 dw offset loc_A91A
seg000:A34F ; ---------------------------------------------------------------------------
seg000:A34F
seg000:A34F locret_A34F:                            ; jumptable 0000A341 case 1
seg000:A34F                 retn
seg000:A350 ; ---------------------------------------------------------------------------
seg000:A350
seg000:A350 loc_A350:                               ; jumptable 0000A341 case 0
seg000:A350                 test    byte ptr [si+8], 0FFh
seg000:A354                 jnz     short loc_A35A
seg000:A356                 mov     byte ptr [si+8], 18h
seg000:A35A
seg000:A35A loc_A35A:
seg000:A35A                 test    byte ptr [si+5], 20h
seg000:A35E                 jz      short loc_A363
seg000:A360                 jmp     loc_A435
seg000:A363 ; ---------------------------------------------------------------------------
seg000:A363
seg000:A363 loc_A363:
seg000:A363                 and     byte ptr [si+15h], 0BFh
seg000:A367                 call    sub_A56A
seg000:A36A                 jb      short loc_A36D
seg000:A36C                 retn
seg000:A36D ; ---------------------------------------------------------------------------
seg000:A36D
seg000:A36D loc_A36D:
seg000:A36D                 test    byte ptr [si+9], 1
seg000:A371                 jnz     short loc_A3D2
seg000:A373                 call    sub_A5C2
seg000:A376                 jb      short loc_A3B6
seg000:A378                 add     byte ptr [si+6], 80h
seg000:A37C                 jb      short loc_A381
seg000:A37E                 jmp     loc_A449
seg000:A381 ; ---------------------------------------------------------------------------
seg000:A381
seg000:A381 loc_A381:
seg000:A381                 inc     byte ptr [si+6]
seg000:A384                 and     byte ptr [si+6], 7
seg000:A388                 test    byte ptr [si+6], 3
seg000:A38C                 jz      short loc_A391
seg000:A38E                 jmp     loc_A449
seg000:A391 ; ---------------------------------------------------------------------------
seg000:A391
seg000:A391 loc_A391:
seg000:A391                 mov     al, 10h
seg000:A393                 cmp     al, [si+3]
seg000:A396                 jb      short loc_A3A7
seg000:A398                 call    sub_A460
seg000:A39B                 jnb     short loc_A3A0
seg000:A39D                 jmp     loc_A449
seg000:A3A0 ; ---------------------------------------------------------------------------
seg000:A3A0
seg000:A3A0 loc_A3A0:
seg000:A3A0                 or      byte ptr [si+5], 80h
seg000:A3A4                 jmp     loc_A449
seg000:A3A7 ; ---------------------------------------------------------------------------
seg000:A3A7
seg000:A3A7 loc_A3A7:
seg000:A3A7                 call    sub_A4E5
seg000:A3AA                 jnb     short loc_A3AF
seg000:A3AC                 jmp     loc_A449
seg000:A3AF ; ---------------------------------------------------------------------------
seg000:A3AF
seg000:A3AF loc_A3AF:
seg000:A3AF                 and     byte ptr [si+5], 7Fh
seg000:A3B3                 jmp     loc_A449
seg000:A3B6 ; ---------------------------------------------------------------------------
seg000:A3B6
seg000:A3B6 loc_A3B6:
seg000:A3B6                 call    word ptr cs:11Ah
seg000:A3BB                 and     al, 0C0h
seg000:A3BD                 jnz     short loc_A381
seg000:A3BF                 mov     al, [si+6]
seg000:A3C2                 not     al
seg000:A3C4                 and     al, 3
seg000:A3C6                 jnz     short loc_A381
seg000:A3C8                 or      byte ptr [si+9], 1
seg000:A3CC                 mov     byte ptr [si+6], 8
seg000:A3D0                 jmp     short loc_A449
seg000:A3D2 ; ---------------------------------------------------------------------------
seg000:A3D2
seg000:A3D2 loc_A3D2:
seg000:A3D2                 add     byte ptr [si+6], 80h
seg000:A3D6                 jnb     short loc_A449
seg000:A3D8                 inc     byte ptr [si+6]
seg000:A3DB                 mov     al, [si+6]
seg000:A3DE                 and     al, 0Fh
seg000:A3E0                 cmp     al, 0Bh
seg000:A3E2                 jz      short loc_A3F2
seg000:A3E4                 cmp     al, 0Ch
seg000:A3E6                 jnz     short loc_A449
seg000:A3E8                 and     byte ptr [si+9], 0FEh
seg000:A3EC                 mov     byte ptr [si+6], 3
seg000:A3F0                 jmp     short loc_A449
seg000:A3F2 ; ---------------------------------------------------------------------------
seg000:A3F2
seg000:A3F2 loc_A3F2:
seg000:A3F2                 mov     al, [si+3]
seg000:A3F5                 mov     byte_A428, al
seg000:A3F8                 inc     al
seg000:A3FA                 mov     byte_A41B, al
seg000:A3FD                 mov     al, [si+2]
seg000:A400                 inc     al
seg000:A402                 mov     byte_A429, al
seg000:A405                 mov     byte_A41C, al
seg000:A408                 mov     bx, offset byte_A41B
seg000:A40B                 test    byte ptr [si+5], 80h
seg000:A40F                 jnz     short loc_A414
seg000:A411                 mov     bx, offset byte_A428
seg000:A414
seg000:A414 loc_A414:
seg000:A414                 call    word ptr cs:603Ah
seg000:A419                 jmp     short loc_A449
seg000:A419 ; ---------------------------------------------------------------------------
seg000:A41B byte_A41B       db 0
seg000:A41C byte_A41C       db 0
seg000:A41D                 db 0B1h
seg000:A41E                 db    0
seg000:A41F                 db  14h
seg000:A420                 db    0
seg000:A421                 db  28h ; (
seg000:A422                 db    0
seg000:A423                 db    0
seg000:A424                 db    0
seg000:A425                 db    0
seg000:A426                 db    0
seg000:A427                 db    0
seg000:A428 byte_A428       db 0
seg000:A429 byte_A429       db 0
seg000:A42A                 db 0B1h
seg000:A42B                 db    0
seg000:A42C                 db  14h
seg000:A42D                 db    4
seg000:A42E                 db  28h ; (
seg000:A42F                 db    0
seg000:A430                 db    0
seg000:A431                 db    0
seg000:A432                 db    0
seg000:A433                 db    0
seg000:A434                 db    0
seg000:A435 ; ---------------------------------------------------------------------------
seg000:A435
seg000:A435 loc_A435:
seg000:A435                 mov     al, [si+5]
seg000:A438                 and     al, 0BFh
seg000:A43A                 or      al, 20h
seg000:A43C                 mov     [si+5], al
seg000:A43F                 or      al, 60h
seg000:A441                 mov     [si+15h], al
seg000:A444                 jmp     word ptr cs:6034h
seg000:A449 ; ---------------------------------------------------------------------------
seg000:A449
seg000:A449 loc_A449:
seg000:A449                 mov     al, [si+6]
seg000:A44C                 mov     [si+16h], al
seg000:A44F                 mov     al, [si+5]
seg000:A452                 and     al, 80h
seg000:A454                 mov     ah, [si+15h]
seg000:A457                 and     ah, 7Fh
seg000:A45A                 or      al, ah
seg000:A45C                 mov     [si+15h], al
seg000:A45F                 retn
seg000:A45F sub_A337        endp
seg000:A45F
seg000:A460
seg000:A460 ; =============== S U B R O U T I N E =======================================
seg000:A460
seg000:A460
seg000:A460 sub_A460        proc near
seg000:A460                 cmp     byte ptr [si+3], 22h ; '"'
seg000:A464                 cmc
seg000:A465                 jnb     short loc_A468
seg000:A467                 retn
seg000:A468 ; ---------------------------------------------------------------------------
seg000:A468
seg000:A468 loc_A468:
seg000:A468                 call    sub_A486
seg000:A46B                 jnb     short loc_A46E
seg000:A46D                 retn
seg000:A46E ; ---------------------------------------------------------------------------
seg000:A46E
seg000:A46E loc_A46E:
seg000:A46E                 mov     bx, [si]
seg000:A470                 inc     bx
seg000:A471                 mov     ax, ds:0C002h
seg000:A474                 sub     ax, bx
seg000:A476                 jnz     short loc_A479
seg000:A478                 xchg    ax, bx
seg000:A479
seg000:A479 loc_A479:
seg000:A479                 mov     [si], bx
seg000:A47B                 mov     [si+10h], bx
seg000:A47E                 inc     byte ptr [si+3]
seg000:A481                 inc     byte ptr [si+13h]
seg000:A484                 clc
seg000:A485                 retn
seg000:A485 sub_A460        endp
seg000:A485
seg000:A486
seg000:A486 ; =============== S U B R O U T I N E =======================================
seg000:A486
seg000:A486
seg000:A486 sub_A486        proc near
seg000:A486                 mov     ax, [si+2]
seg000:A489                 call    word ptr cs:6028h
seg000:A48E                 inc     di
seg000:A48F                 inc     di
seg000:A490                 mov     cx, 4
seg000:A493
seg000:A493 loc_A493:
seg000:A493                 mov     al, [di]
seg000:A495                 call    word ptr cs:602Eh
seg000:A49A                 stc
seg000:A49B                 jz      short loc_A49E
seg000:A49D                 retn
seg000:A49E ; ---------------------------------------------------------------------------
seg000:A49E
seg000:A49E loc_A49E:
seg000:A49E                 xchg    si, di
seg000:A4A0                 add     si, 24h ; '$'
seg000:A4A3                 call    word ptr cs:602Ah
seg000:A4A8                 xchg    si, di
seg000:A4AA                 loop    loc_A493
seg000:A4AC                 xchg    si, di
seg000:A4AE                 sub     si, 24h ; '$'
seg000:A4B1                 call    word ptr cs:602Ch
seg000:A4B6                 mov     al, [si]
seg000:A4B8                 sub     si, 24h ; '$'
seg000:A4BB                 call    word ptr cs:602Ch
seg000:A4C0                 or      al, [si]
seg000:A4C2                 sub     si, 24h ; '$'
seg000:A4C5                 call    word ptr cs:602Ch
seg000:A4CA                 or      al, [si]
seg000:A4CC                 sub     si, 24h ; '$'
seg000:A4CF                 call    word ptr cs:602Ch
seg000:A4D4                 or      al, [si]
seg000:A4D6                 sub     si, 24h ; '$'
seg000:A4D9                 call    word ptr cs:602Ch
seg000:A4DE                 or      al, [si]
seg000:A4E0                 xchg    si, di
seg000:A4E2                 add     al, al
seg000:A4E4                 retn
seg000:A4E4 sub_A486        endp
seg000:A4E4
seg000:A4E5
seg000:A4E5 ; =============== S U B R O U T I N E =======================================
seg000:A4E5
seg000:A4E5
seg000:A4E5 sub_A4E5        proc near
seg000:A4E5                 cmp     byte ptr [si+3], 2
seg000:A4E9                 jnb     short loc_A4EC
seg000:A4EB                 retn
seg000:A4EC ; ---------------------------------------------------------------------------
seg000:A4EC
seg000:A4EC loc_A4EC:
seg000:A4EC                 call    sub_A50B
seg000:A4EF                 jnb     short loc_A4F2
seg000:A4F1                 retn
seg000:A4F2 ; ---------------------------------------------------------------------------
seg000:A4F2
seg000:A4F2 loc_A4F2:
seg000:A4F2                 mov     ax, [si]
seg000:A4F4                 dec     ax
seg000:A4F5                 cmp     ax, 0FFFFh
seg000:A4F8                 jnz     short loc_A4FE
seg000:A4FA                 mov     ax, ds:0C002h
seg000:A4FD                 dec     ax
seg000:A4FE
seg000:A4FE loc_A4FE:
seg000:A4FE                 mov     [si], ax
seg000:A500                 mov     [si+10h], ax
seg000:A503                 dec     byte ptr [si+3]
seg000:A506                 dec     byte ptr [si+13h]
seg000:A509                 clc
seg000:A50A                 retn
seg000:A50A sub_A4E5        endp
seg000:A50A
seg000:A50B
seg000:A50B ; =============== S U B R O U T I N E =======================================
seg000:A50B
seg000:A50B
seg000:A50B sub_A50B        proc near
seg000:A50B                 mov     ax, [si+2]
seg000:A50E                 call    word ptr cs:6028h
seg000:A513                 dec     di
seg000:A514                 mov     cx, 4
seg000:A517
seg000:A517 loc_A517:
seg000:A517                 mov     al, [di]
seg000:A519                 call    word ptr cs:602Eh
seg000:A51E                 stc
seg000:A51F                 jz      short loc_A522
seg000:A521                 retn
seg000:A522 ; ---------------------------------------------------------------------------
seg000:A522
seg000:A522 loc_A522:
seg000:A522                 xchg    si, di
seg000:A524                 add     si, 24h ; '$'
seg000:A527                 call    word ptr cs:602Ah
seg000:A52C                 xchg    si, di
seg000:A52E                 loop    loc_A517
seg000:A530                 dec     di
seg000:A531                 xchg    si, di
seg000:A533                 sub     si, 24h ; '$'
seg000:A536                 call    word ptr cs:602Ch
seg000:A53B                 mov     al, [si]
seg000:A53D                 sub     si, 24h ; '$'
seg000:A540                 call    word ptr cs:602Ch
seg000:A545                 or      al, [si]
seg000:A547                 sub     si, 24h ; '$'
seg000:A54A                 call    word ptr cs:602Ch
seg000:A54F                 or      al, [si]
seg000:A551                 sub     si, 24h ; '$'
seg000:A554                 call    word ptr cs:602Ch
seg000:A559                 or      al, [si]
seg000:A55B                 sub     si, 24h ; '$'
seg000:A55E                 call    word ptr cs:602Ch
seg000:A563                 or      al, [si]
seg000:A565                 xchg    si, di
seg000:A567                 add     al, al
seg000:A569                 retn
seg000:A569 sub_A50B        endp
seg000:A569
seg000:A56A
seg000:A56A ; =============== S U B R O U T I N E =======================================
seg000:A56A
seg000:A56A
seg000:A56A sub_A56A        proc near
seg000:A56A                 test    byte ptr [si+3], 0FFh
seg000:A56E                 stc
seg000:A56F                 jnz     short loc_A572
seg000:A571                 retn
seg000:A572 ; ---------------------------------------------------------------------------
seg000:A572
seg000:A572 loc_A572:
seg000:A572                 cmp     byte ptr [si+3], 23h ; '#'
seg000:A576                 stc
seg000:A577                 jnz     short loc_A57A
seg000:A579                 retn
seg000:A57A ; ---------------------------------------------------------------------------
seg000:A57A
seg000:A57A loc_A57A:
seg000:A57A                 call    sub_A590
seg000:A57D                 jnb     short loc_A580
seg000:A57F                 retn
seg000:A580 ; ---------------------------------------------------------------------------
seg000:A580
seg000:A580 loc_A580:
seg000:A580                 inc     byte ptr [si+2]
seg000:A583                 and     byte ptr [si+2], 3Fh
seg000:A587                 inc     byte ptr [si+12h]
seg000:A58A                 and     byte ptr [si+12h], 3Fh
seg000:A58E                 clc
seg000:A58F                 retn
seg000:A58F sub_A56A        endp
seg000:A58F
seg000:A590
seg000:A590 ; =============== S U B R O U T I N E =======================================
seg000:A590
seg000:A590
seg000:A590 sub_A590        proc near
seg000:A590                 mov     ax, [si+2]
seg000:A593                 call    word ptr cs:6028h
seg000:A598                 xchg    si, di
seg000:A59A                 add     si, 90h
seg000:A59E                 call    word ptr cs:602Ah
seg000:A5A3                 xchg    si, di
seg000:A5A5                 mov     cx, 2
seg000:A5A8
seg000:A5A8 loc_A5A8:
seg000:A5A8                 mov     al, [di]
seg000:A5AA                 call    word ptr cs:602Eh
seg000:A5AF                 stc
seg000:A5B0                 jz      short loc_A5B3
seg000:A5B2                 retn
seg000:A5B3 ; ---------------------------------------------------------------------------
seg000:A5B3
seg000:A5B3 loc_A5B3:
seg000:A5B3                 inc     di
seg000:A5B4                 loop    loc_A5A8
seg000:A5B6                 dec     di
seg000:A5B7                 mov     al, [di]
seg000:A5B9                 or      al, [di-1]
seg000:A5BC                 or      al, [di-1]
seg000:A5BF                 add     al, al
seg000:A5C1                 retn
seg000:A5C1 sub_A590        endp
seg000:A5C1
seg000:A5C2
seg000:A5C2 ; =============== S U B R O U T I N E =======================================
seg000:A5C2
seg000:A5C2
seg000:A5C2 sub_A5C2        proc near
seg000:A5C2                 mov     al, ds:0FF35h
seg000:A5C5                 sub     al, [si+2]
seg000:A5C8                 jnb     short loc_A5CC
seg000:A5CA                 neg     al
seg000:A5CC
seg000:A5CC loc_A5CC:
seg000:A5CC                 cmp     al, 4
seg000:A5CE                 mov     al, 0FFh
seg000:A5D0                 jb      short loc_A5D3
seg000:A5D2                 retn
seg000:A5D3 ; ---------------------------------------------------------------------------
seg000:A5D3
seg000:A5D3 loc_A5D3:
seg000:A5D3                 cmp     byte ptr [si+3], 11h
seg000:A5D7                 jnb     short loc_A5E5
seg000:A5D9                 mov     al, 80h
seg000:A5DB                 test    byte ptr [si+5], 80h
seg000:A5DF                 stc
seg000:A5E0                 jz      short loc_A5E3
seg000:A5E2                 retn
seg000:A5E3 ; ---------------------------------------------------------------------------
seg000:A5E3
seg000:A5E3 loc_A5E3:
seg000:A5E3                 clc
seg000:A5E4                 retn
seg000:A5E5 ; ---------------------------------------------------------------------------
seg000:A5E5
seg000:A5E5 loc_A5E5:
seg000:A5E5                 xor     al, al
seg000:A5E7                 test    byte ptr [si+5], 80h
seg000:A5EB                 stc
seg000:A5EC                 jnz     short loc_A5EF
seg000:A5EE                 retn
seg000:A5EF ; ---------------------------------------------------------------------------
seg000:A5EF
seg000:A5EF loc_A5EF:
seg000:A5EF                 clc
seg000:A5F0                 retn
seg000:A5F0 sub_A5C2        endp
seg000:A5F0
seg000:A5F1 ; ---------------------------------------------------------------------------
seg000:A5F1 ; START OF FUNCTION CHUNK FOR sub_A337
seg000:A5F1
seg000:A5F1 loc_A5F1:                               ; jumptable 0000A341 case 2
seg000:A5F1                 test    byte ptr [si+8], 0FFh
seg000:A5F5                 jnz     short loc_A5FB
seg000:A5F7                 mov     byte ptr [si+8], 10h
seg000:A5FB
seg000:A5FB loc_A5FB:
seg000:A5FB                 test    byte ptr [si+5], 20h
seg000:A5FF                 jnz     short loc_A604
seg000:A601                 jmp     loc_A780
seg000:A604 ; ---------------------------------------------------------------------------
seg000:A604
seg000:A604 loc_A604:
seg000:A604                 mov     al, [si+5]
seg000:A607                 and     al, 1Fh
seg000:A609                 cmp     al, 4
seg000:A60B                 jnz     short loc_A612
seg000:A60D                 jmp     word ptr cs:6034h
seg000:A612 ; ---------------------------------------------------------------------------
seg000:A612
seg000:A612 loc_A612:
seg000:A612                 cmp     al, 5
seg000:A614                 jnz     short loc_A61B
seg000:A616                 jmp     word ptr cs:6034h
seg000:A61B ; ---------------------------------------------------------------------------
seg000:A61B
seg000:A61B loc_A61B:
seg000:A61B                 cmp     al, 8
seg000:A61D                 jnz     short loc_A624
seg000:A61F                 jmp     word ptr cs:6034h
seg000:A624 ; ---------------------------------------------------------------------------
seg000:A624
seg000:A624 loc_A624:
seg000:A624                 cmp     al, 1
seg000:A626                 jnz     short loc_A634
seg000:A628                 cmp     byte ptr ds:92h, 6
seg000:A62D                 jnz     short loc_A634
seg000:A62F                 jmp     word ptr cs:6034h
seg000:A634 ; ---------------------------------------------------------------------------
seg000:A634
seg000:A634 loc_A634:
seg000:A634                 and     byte ptr [si+5], 0DFh
seg000:A638                 test    byte ptr [si+9], 2
seg000:A63C                 jz      short loc_A641
seg000:A63E                 jmp     loc_A780
seg000:A641 ; ---------------------------------------------------------------------------
seg000:A641
seg000:A641 loc_A641:
seg000:A641                 call    word ptr cs:603Eh
seg000:A646                 jnb     short loc_A64B
seg000:A648                 jmp     loc_A780
seg000:A64B ; ---------------------------------------------------------------------------
seg000:A64B
seg000:A64B loc_A64B:
seg000:A64B                 push    di
seg000:A64C                 mov     ax, [si+2]
seg000:A64F                 call    word ptr cs:6028h
seg000:A654                 mov     bx, di
seg000:A656                 pop     di
seg000:A657                 test    byte ptr [si+5], 80h
seg000:A65B                 jnz     short loc_A6D9
seg000:A65D                 mov     al, [si+3]
seg000:A660                 or      al, al
seg000:A662                 jns     short loc_A667
seg000:A664                 jmp     loc_A780
seg000:A667 ; ---------------------------------------------------------------------------
seg000:A667
seg000:A667 loc_A667:
seg000:A667                 cmp     al, 20h ; ' '
seg000:A669                 jb      short loc_A66E
seg000:A66B                 jmp     loc_A780
seg000:A66E ; ---------------------------------------------------------------------------
seg000:A66E
seg000:A66E loc_A66E:
seg000:A66E                 inc     bx
seg000:A66F                 inc     bx
seg000:A670                 xchg    bx, si
seg000:A672                 sub     si, 24h ; '$'
seg000:A675                 call    word ptr cs:602Ch
seg000:A67A                 mov     cx, 3
seg000:A67D
seg000:A67D loc_A67D:
seg000:A67D                 lodsb
seg000:A67E                 call    word ptr cs:602Eh
seg000:A683                 xchg    bx, si
seg000:A685                 jz      short loc_A68A
seg000:A687                 jmp     loc_A780
seg000:A68A ; ---------------------------------------------------------------------------
seg000:A68A
seg000:A68A loc_A68A:
seg000:A68A                 xchg    bx, si
seg000:A68C                 lodsb
seg000:A68D                 call    word ptr cs:602Eh
seg000:A692                 xchg    bx, si
seg000:A694                 jz      short loc_A699
seg000:A696                 jmp     loc_A780
seg000:A699 ; ---------------------------------------------------------------------------
seg000:A699
seg000:A699 loc_A699:
seg000:A699                 xchg    bx, si
seg000:A69B                 add     si, 22h ; '"'
seg000:A69E                 call    word ptr cs:602Ah
seg000:A6A3                 loop    loc_A67D
seg000:A6A5                 sub     si, 48h ; 'H'
seg000:A6A8                 call    word ptr cs:602Ch
seg000:A6AD                 xchg    si, bx
seg000:A6AF                 push    dx
seg000:A6B0                 or      dl, 80h
seg000:A6B3                 xchg    dl, [bx]
seg000:A6B5                 pop     bx
seg000:A6B6                 xor     bh, bh
seg000:A6B8                 mov     [bx+0ED20h], dl
seg000:A6BC                 mov     dl, bl
seg000:A6BE                 mov     bx, [si]
seg000:A6C0                 inc     bx
seg000:A6C1                 inc     bx
seg000:A6C2                 mov     ax, ds:0C002h
seg000:A6C5                 dec     ax
seg000:A6C6                 sub     ax, bx
seg000:A6C8                 jnb     short loc_A6CD
seg000:A6CA                 not     ax
seg000:A6CC                 xchg    ax, bx
seg000:A6CD
seg000:A6CD loc_A6CD:
seg000:A6CD                 mov     [di], bx
seg000:A6CF                 mov     al, [si+3]
seg000:A6D2                 add     al, 2
seg000:A6D4                 mov     [di+3], al
seg000:A6D7                 jmp     short loc_A749
seg000:A6D9 ; ---------------------------------------------------------------------------
seg000:A6D9
seg000:A6D9 loc_A6D9:
seg000:A6D9                 mov     al, [si+3]
seg000:A6DC                 or      al, al
seg000:A6DE                 jns     short loc_A6E3
seg000:A6E0                 jmp     loc_A780
seg000:A6E3 ; ---------------------------------------------------------------------------
seg000:A6E3
seg000:A6E3 loc_A6E3:
seg000:A6E3                 cmp     al, 4
seg000:A6E5                 jnb     short loc_A6EA
seg000:A6E7                 jmp     loc_A780
seg000:A6EA ; ---------------------------------------------------------------------------
seg000:A6EA
seg000:A6EA loc_A6EA:
seg000:A6EA                 dec     bx
seg000:A6EB                 dec     bx
seg000:A6EC                 xchg    bx, si
seg000:A6EE                 sub     si, 25h ; '%'
seg000:A6F1                 call    word ptr cs:602Ch
seg000:A6F6                 mov     cx, 3
seg000:A6F9
seg000:A6F9 loc_A6F9:
seg000:A6F9                 lodsb
seg000:A6FA                 call    word ptr cs:602Eh
seg000:A6FF                 xchg    bx, si
seg000:A701                 jnz     short loc_A780
seg000:A703                 xchg    bx, si
seg000:A705                 lodsb
seg000:A706                 call    word ptr cs:602Eh
seg000:A70B                 xchg    bx, si
seg000:A70D                 jnz     short loc_A780
seg000:A70F                 xchg    bx, si
seg000:A711                 add     si, 22h ; '"'
seg000:A714                 call    word ptr cs:602Ah
seg000:A719                 loop    loc_A6F9
seg000:A71B                 sub     si, 47h ; 'G'
seg000:A71E                 call    word ptr cs:602Ch
seg000:A723                 xchg    si, bx
seg000:A725                 push    dx
seg000:A726                 or      dl, 80h
seg000:A729                 xchg    dl, [bx]
seg000:A72B                 pop     bx
seg000:A72C                 xor     bh, bh
seg000:A72E                 mov     [bx+0ED20h], dl
seg000:A732                 mov     dl, bl
seg000:A734                 mov     bx, [si]
seg000:A736                 sub     bx, 2
seg000:A739                 jnb     short loc_A73F
seg000:A73B                 add     bx, ds:0C002h
seg000:A73F
seg000:A73F loc_A73F:
seg000:A73F                 mov     [di], bx
seg000:A741                 mov     al, [si+3]
seg000:A744                 sub     al, 2
seg000:A746                 mov     [di+3], al
seg000:A749
seg000:A749 loc_A749:
seg000:A749                 mov     al, [si+2]
seg000:A74C                 mov     [di+2], al
seg000:A74F                 mov     al, [si+4]
seg000:A752                 or      al, 60h
seg000:A754                 mov     [di+4], al
seg000:A757                 mov     al, [si+5]
seg000:A75A                 and     al, 80h
seg000:A75C                 mov     [di+5], al
seg000:A75F                 mov     byte ptr [di+6], 4
seg000:A763                 mov     al, [si+7]
seg000:A766                 mov     [di+7], al
seg000:A769                 mov     byte ptr [di+8], 0
seg000:A76D                 mov     byte ptr [di+9], 2
seg000:A771                 mov     byte ptr [di+0Ah], 0
seg000:A775                 cmp     ds:0FF4Ah, dl
seg000:A779                 jb      short loc_A77C
seg000:A77B                 retn
seg000:A77C ; ---------------------------------------------------------------------------
seg000:A77C
seg000:A77C loc_A77C:
seg000:A77C                 or      byte ptr [si+9], 1
seg000:A780
seg000:A780 loc_A780:
seg000:A780                 call    word ptr cs:6040h
seg000:A785                 mov     al, [si+9]
seg000:A788                 and     byte ptr [si+9], 0FEh
seg000:A78C                 test    al, 1
seg000:A78E                 jz      short loc_A791
seg000:A790                 retn
seg000:A791 ; ---------------------------------------------------------------------------
seg000:A791
seg000:A791 loc_A791:
seg000:A791                 test    byte ptr [si+9], 2
seg000:A795                 jnz     short loc_A7FF
seg000:A797                 mov     al, [si+6]
seg000:A79A                 inc     al
seg000:A79C                 and     al, 0F3h
seg000:A79E                 mov     [si+6], al
seg000:A7A1                 call    word ptr cs:6014h
seg000:A7A6                 jb      short loc_A7A9
seg000:A7A8                 retn
seg000:A7A9 ; ---------------------------------------------------------------------------
seg000:A7A9
seg000:A7A9 loc_A7A9:
seg000:A7A9                 mov     al, [si+6]
seg000:A7AC                 sub     al, 10h
seg000:A7AE                 mov     ah, al
seg000:A7B0                 mov     [si+6], al
seg000:A7B3                 and     al, 0F0h
seg000:A7B5                 jz      short loc_A7B8
seg000:A7B7                 retn
seg000:A7B8 ; ---------------------------------------------------------------------------
seg000:A7B8
seg000:A7B8 loc_A7B8:
seg000:A7B8                 or      ah, 40h
seg000:A7BB                 mov     [si+6], ah
seg000:A7BE                 mov     al, ds:0FF35h
seg000:A7C1                 cmp     al, [si+2]
seg000:A7C4                 jz      short loc_A7D7
seg000:A7C6                 inc     al
seg000:A7C8                 and     al, 3Fh
seg000:A7CA                 cmp     al, [si+2]
seg000:A7CD                 jz      short loc_A7D7
seg000:A7CF                 test    byte ptr [si+5], 80h
seg000:A7D3                 jnz     short loc_A7EA
seg000:A7D5                 jmp     short loc_A7DE
seg000:A7D7 ; ---------------------------------------------------------------------------
seg000:A7D7
seg000:A7D7 loc_A7D7:
seg000:A7D7                 mov     al, 11h
seg000:A7D9                 cmp     al, [si+3]
seg000:A7DC                 jnb     short loc_A7EA
seg000:A7DE
seg000:A7DE loc_A7DE:
seg000:A7DE                 and     byte ptr [si+5], 7Fh
seg000:A7E2                 call    word ptr cs:6010h
seg000:A7E7                 jb      short loc_A7EA
seg000:A7E9                 retn
seg000:A7EA ; ---------------------------------------------------------------------------
seg000:A7EA
seg000:A7EA loc_A7EA:
seg000:A7EA                 or      byte ptr [si+5], 80h
seg000:A7EE                 call    word ptr cs:6008h
seg000:A7F3                 jb      short loc_A7F6
seg000:A7F5                 retn
seg000:A7F6 ; ---------------------------------------------------------------------------
seg000:A7F6
seg000:A7F6 loc_A7F6:
seg000:A7F6                 and     byte ptr [si+5], 7Fh
seg000:A7FA                 jmp     word ptr cs:6010h
seg000:A7FF ; ---------------------------------------------------------------------------
seg000:A7FF
seg000:A7FF loc_A7FF:
seg000:A7FF                 inc     byte ptr [si+6]
seg000:A802                 and     byte ptr [si+6], 7
seg000:A806                 jz      short loc_A809
seg000:A808                 retn
seg000:A809 ; ---------------------------------------------------------------------------
seg000:A809
seg000:A809 loc_A809:
seg000:A809                 and     byte ptr [si+9], 0FDh
seg000:A80D                 and     byte ptr [si+4], 9Fh
seg000:A811                 retn
seg000:A812 ; ---------------------------------------------------------------------------
seg000:A812
seg000:A812 loc_A812:                               ; jumptable 0000A341 case 3
seg000:A812                 test    byte ptr [si+8], 0FFh
seg000:A816                 jnz     short loc_A81C
seg000:A818                 mov     byte ptr [si+8], 8
seg000:A81C
seg000:A81C loc_A81C:
seg000:A81C                 test    byte ptr [si+5], 20h
seg000:A820                 jz      short loc_A827
seg000:A822                 jmp     word ptr cs:6034h
seg000:A827 ; ---------------------------------------------------------------------------
seg000:A827
seg000:A827 loc_A827:
seg000:A827                 call    word ptr cs:6040h
seg000:A82C                 test    byte ptr [si+9], 4
seg000:A830                 jz      short loc_A835
seg000:A832                 jmp     loc_A8DB
seg000:A835 ; ---------------------------------------------------------------------------
seg000:A835
seg000:A835 loc_A835:
seg000:A835                 call    word ptr cs:6014h
seg000:A83A                 jb      short loc_A83D
seg000:A83C                 retn
seg000:A83D ; ---------------------------------------------------------------------------
seg000:A83D
seg000:A83D loc_A83D:
seg000:A83D                 test    byte ptr [si+9], 2
seg000:A841                 jz      short loc_A89B
seg000:A843                 mov     al, [si+6]
seg000:A846                 and     al, 7
seg000:A848                 jnz     short loc_A84E
seg000:A84A                 and     byte ptr [si+9], 0FEh
seg000:A84E
seg000:A84E loc_A84E:
seg000:A84E                 cmp     al, 4
seg000:A850                 jnz     short loc_A856
seg000:A852                 or      byte ptr [si+9], 1
seg000:A856
seg000:A856 loc_A856:
seg000:A856                 test    byte ptr [si+9], 1
seg000:A85A                 jnz     short loc_A861
seg000:A85C                 inc     byte ptr [si+6]
seg000:A85F                 jmp     short loc_A864
seg000:A861 ; ---------------------------------------------------------------------------
seg000:A861
seg000:A861 loc_A861:
seg000:A861                 dec     byte ptr [si+6]
seg000:A864
seg000:A864 loc_A864:
seg000:A864                 mov     al, [si+6]
seg000:A867                 and     al, 7
seg000:A869                 jnz     short loc_A871
seg000:A86B                 and     byte ptr [si+5], 7Fh
seg000:A86F                 jmp     short loc_A87A
seg000:A871 ; ---------------------------------------------------------------------------
seg000:A871
seg000:A871 loc_A871:
seg000:A871                 cmp     al, 4
seg000:A873                 jz      short loc_A876
seg000:A875                 retn
seg000:A876 ; ---------------------------------------------------------------------------
seg000:A876
seg000:A876 loc_A876:
seg000:A876                 or      byte ptr [si+5], 80h
seg000:A87A
seg000:A87A loc_A87A:
seg000:A87A                 call    sub_A5C2
seg000:A87D                 jnb     short loc_A888
seg000:A87F                 mov     byte ptr [si+9], 4
seg000:A883                 mov     byte ptr [si+0Ah], 0
seg000:A887                 retn
seg000:A888 ; ---------------------------------------------------------------------------
seg000:A888
seg000:A888 loc_A888:
seg000:A888                 call    word ptr cs:11Ah
seg000:A88D                 and     al, 80h
seg000:A88F                 jnz     short loc_A892
seg000:A891                 retn
seg000:A892 ; ---------------------------------------------------------------------------
seg000:A892
seg000:A892 loc_A892:
seg000:A892                 mov     byte ptr [si+9], 0
seg000:A896                 mov     byte ptr [si+0Ah], 0
seg000:A89A                 retn
seg000:A89B ; ---------------------------------------------------------------------------
seg000:A89B
seg000:A89B loc_A89B:
seg000:A89B                 call    sub_A5C2
seg000:A89E                 jnb     short loc_A8A9
seg000:A8A0                 mov     byte ptr [si+9], 4
seg000:A8A4                 mov     byte ptr [si+0Ah], 0
seg000:A8A8                 retn
seg000:A8A9 ; ---------------------------------------------------------------------------
seg000:A8A9
seg000:A8A9 loc_A8A9:
seg000:A8A9                 inc     byte ptr [si+0Ah]
seg000:A8AC                 and     al, 7
seg000:A8AE                 jnz     short loc_A8B4
seg000:A8B0                 mov     byte ptr [si+9], 2
seg000:A8B4
seg000:A8B4 loc_A8B4:
seg000:A8B4                 add     byte ptr [si+6], 80h
seg000:A8B8                 jb      short loc_A8BB
seg000:A8BA                 retn
seg000:A8BB ; ---------------------------------------------------------------------------
seg000:A8BB
seg000:A8BB loc_A8BB:
seg000:A8BB                 test    byte ptr [si+5], 80h
seg000:A8BF                 jnz     short loc_A8CE
seg000:A8C1                 call    word ptr cs:6010h
seg000:A8C6                 jb      short loc_A8C9
seg000:A8C8                 retn
seg000:A8C9 ; ---------------------------------------------------------------------------
seg000:A8C9
seg000:A8C9 loc_A8C9:
seg000:A8C9                 mov     byte ptr [si+9], 2
seg000:A8CD                 retn
seg000:A8CE ; ---------------------------------------------------------------------------
seg000:A8CE
seg000:A8CE loc_A8CE:
seg000:A8CE                 call    word ptr cs:6008h
seg000:A8D3                 jb      short loc_A8D6
seg000:A8D5                 retn
seg000:A8D6 ; ---------------------------------------------------------------------------
seg000:A8D6
seg000:A8D6 loc_A8D6:
seg000:A8D6                 mov     byte ptr [si+9], 2
seg000:A8DA                 retn
seg000:A8DB ; ---------------------------------------------------------------------------
seg000:A8DB
seg000:A8DB loc_A8DB:
seg000:A8DB                 inc     byte ptr [si+0Ah]
seg000:A8DE                 cmp     byte ptr [si+0Ah], 5
seg000:A8E2                 jb      short loc_A8BB
seg000:A8E4                 mov     byte ptr [si+6], 5
seg000:A8E8                 test    byte ptr [si+5], 80h
seg000:A8EC                 jnz     short loc_A904
seg000:A8EE                 call    word ptr cs:6010h
seg000:A8F3                 call    word ptr cs:6010h
seg000:A8F8                 jb      short loc_A8FB
seg000:A8FA                 retn
seg000:A8FB ; ---------------------------------------------------------------------------
seg000:A8FB
seg000:A8FB loc_A8FB:
seg000:A8FB                 mov     byte ptr [si+9], 2
seg000:A8FF                 mov     byte ptr [si+6], 0
seg000:A903                 retn
seg000:A904 ; ---------------------------------------------------------------------------
seg000:A904
seg000:A904 loc_A904:
seg000:A904                 call    word ptr cs:6008h
seg000:A909                 call    word ptr cs:6008h
seg000:A90E                 jb      short loc_A911
seg000:A910                 retn
seg000:A911 ; ---------------------------------------------------------------------------
seg000:A911
seg000:A911 loc_A911:
seg000:A911                 mov     byte ptr [si+9], 2
seg000:A915                 mov     byte ptr [si+6], 4
seg000:A919                 retn
seg000:A91A ; ---------------------------------------------------------------------------
seg000:A91A
seg000:A91A loc_A91A:                               ; jumptable 0000A341 case 4
seg000:A91A                 test    byte ptr [si+8], 0FFh
seg000:A91E                 jnz     short loc_A924
seg000:A920                 mov     byte ptr [si+8], 8
seg000:A924
seg000:A924 loc_A924:
seg000:A924                 test    byte ptr [si+5], 20h
seg000:A928                 jz      short loc_A92F
seg000:A92A                 jmp     word ptr cs:6034h
seg000:A92F ; ---------------------------------------------------------------------------
seg000:A92F
seg000:A92F loc_A92F:
seg000:A92F                 call    word ptr cs:6040h
seg000:A934                 test    byte ptr [si+9], 1
seg000:A938                 jnz     short loc_A993
seg000:A93A                 test    byte ptr [si+9], 2
seg000:A93E                 jnz     short loc_A9BC
seg000:A940                 mov     al, 0Fh
seg000:A942                 cmp     al, [si+3]
seg000:A945                 jnb     short loc_A958
seg000:A947                 mov     al, 12h
seg000:A949                 cmp     al, [si+3]
seg000:A94C                 jb      short loc_A958
seg000:A94E                 or      byte ptr [si+9], 1
seg000:A952                 mov     byte ptr [si+6], 4
seg000:A956                 jmp     short loc_A966
seg000:A958 ; ---------------------------------------------------------------------------
seg000:A958
seg000:A958 loc_A958:
seg000:A958                 mov     al, [si+6]
seg000:A95B                 inc     al
seg000:A95D                 and     al, 3
seg000:A95F                 and     byte ptr [si+6], 0F0h
seg000:A963                 or      [si+6], al
seg000:A966
seg000:A966 loc_A966:
seg000:A966                 call    word ptr cs:600Ch
seg000:A96B                 add     byte ptr [si+6], 80h
seg000:A96F                 jb      short loc_A972
seg000:A971                 retn
seg000:A972 ; ---------------------------------------------------------------------------
seg000:A972
seg000:A972 loc_A972:
seg000:A972                 mov     al, 10h
seg000:A974                 cmp     al, [si+3]
seg000:A977                 jb      short loc_A986
seg000:A979                 call    word ptr cs:6008h
seg000:A97E                 jb      short loc_A981
seg000:A980                 retn
seg000:A981 ; ---------------------------------------------------------------------------
seg000:A981
seg000:A981 loc_A981:
seg000:A981                 jmp     word ptr cs:6010h
seg000:A986 ; ---------------------------------------------------------------------------
seg000:A986
seg000:A986 loc_A986:
seg000:A986                 call    word ptr cs:6010h
seg000:A98B                 jb      short loc_A98E
seg000:A98D                 retn
seg000:A98E ; ---------------------------------------------------------------------------
seg000:A98E
seg000:A98E loc_A98E:
seg000:A98E                 jmp     word ptr cs:6008h
seg000:A993 ; ---------------------------------------------------------------------------
seg000:A993
seg000:A993 loc_A993:
seg000:A993                 mov     al, [si+6]
seg000:A996                 and     al, 7
seg000:A998                 cmp     al, 5
seg000:A99A                 jnb     short loc_A9A0
seg000:A99C                 inc     byte ptr [si+6]
seg000:A99F                 retn
seg000:A9A0 ; ---------------------------------------------------------------------------
seg000:A9A0
seg000:A9A0 loc_A9A0:
seg000:A9A0                 call    word ptr cs:6014h
seg000:A9A5                 call    word ptr cs:6014h
seg000:A9AA                 jb      short loc_A9AD
seg000:A9AC                 retn
seg000:A9AD ; ---------------------------------------------------------------------------
seg000:A9AD
seg000:A9AD loc_A9AD:
seg000:A9AD                 inc     byte ptr [si+6]
seg000:A9B0                 and     byte ptr [si+6], 7
seg000:A9B4                 jz      short loc_A9B7
seg000:A9B6                 retn
seg000:A9B7 ; ---------------------------------------------------------------------------
seg000:A9B7
seg000:A9B7 loc_A9B7:
seg000:A9B7                 mov     byte ptr [si+9], 2
seg000:A9BB                 retn
seg000:A9BC ; ---------------------------------------------------------------------------
seg000:A9BC
seg000:A9BC loc_A9BC:
seg000:A9BC                 mov     al, 10h
seg000:A9BE                 cmp     al, [si+3]
seg000:A9C1                 jb      short loc_A9DD
seg000:A9C3                 call    word ptr cs:600Ch
seg000:A9C8                 call    word ptr cs:600Ah
seg000:A9CD                 jb      short loc_A9D0
seg000:A9CF                 retn
seg000:A9D0 ; ---------------------------------------------------------------------------
seg000:A9D0
seg000:A9D0 loc_A9D0:
seg000:A9D0                 call    word ptr cs:600Ch
seg000:A9D5                 jb      short loc_A9D8
seg000:A9D7                 retn
seg000:A9D8 ; ---------------------------------------------------------------------------
seg000:A9D8
seg000:A9D8 loc_A9D8:
seg000:A9D8                 and     byte ptr [si+9], 0FDh
seg000:A9DC                 retn
seg000:A9DD ; ---------------------------------------------------------------------------
seg000:A9DD
seg000:A9DD loc_A9DD:
seg000:A9DD                 call    word ptr cs:600Ch
seg000:A9E2                 call    word ptr cs:600Eh
seg000:A9E7                 jb      short loc_A9EA
seg000:A9E9                 retn
seg000:A9EA ; ---------------------------------------------------------------------------
seg000:A9EA
seg000:A9EA loc_A9EA:
seg000:A9EA                 call    word ptr cs:600Ch
seg000:A9EF                 jb      short loc_A9F2
seg000:A9F1                 retn
seg000:A9F2 ; ---------------------------------------------------------------------------
seg000:A9F2
seg000:A9F2 loc_A9F2:
seg000:A9F2                 and     byte ptr [si+9], 0FDh
seg000:A9F6                 retn
seg000:A9F6 ; END OF FUNCTION CHUNK FOR sub_A337
seg000:A9F6 seg000          ends
seg000:A9F6
seg000:A9F6
seg000:A9F6                 end
