seg000:A000 ;
seg000:A000 ; +-------------------------------------------------------------------------+
seg000:A000 ; |      This file was generated by The Interactive Disassembler (IDA)      |
seg000:A000 ; |           Copyright (c) 2026 Hex-Rays, <support@hex-rays.com>           |
seg000:A000 ; |                      License info: 48-2137-ACAB-69                      |
seg000:A000 ; |                             hi@hex-rays.com                             |
seg000:A000 ; +-------------------------------------------------------------------------+
seg000:A000 ;
seg000:A000 ; Input SHA256 : 8FAC5FEAB510BBB29589640D612AAE312C4DBFC876FA9B3BD838AAD1F4866938
seg000:A000 ; Input MD5    : 808F2000B756B873B4F215D8175BA509
seg000:A000 ; Input CRC32  : F6AFD6AE
seg000:A000
seg000:A000 ; File Name   : /home/brox/Projects/zeliard/game/0/eai6.bin
seg000:A000 ; Format      : Binary file
seg000:A000 ; Base Address: 0000h Range: 0000h - 09D2h Loaded length: 09D2h
seg000:A000
seg000:A000                 .286
seg000:A000                 .model small
seg000:A000
seg000:A000 ; ===========================================================================
seg000:A000
seg000:A000 ; Segment type: Pure code
seg000:A000 seg000          segment byte public 'CODE'
seg000:A000                 assume cs:seg000
seg000:A000                 ;org 0A000h
seg000:A000                 assume es:nothing, ss:nothing, ds:seg000
seg000:A000                 dw offset Monster_AI
seg000:A002                 db    0
seg000:A003                 db    0
seg000:A004                 db    0
seg000:A005                 db    0
seg000:A006                 dw offset death_descriptors
seg000:A008 monster_xp      db 100, 100, 50, 50, 0, 0, 0, 0
seg000:A010 monster_damage  db 80, 80, 40, 40, 80, 0, 0, 0
seg000:A018                 db    0
seg000:A019                 db    0
seg000:A01A                 db    0
seg000:A01B                 db    0
seg000:A01C                 db    0
seg000:A01D                 db    0
seg000:A01E                 db    0
seg000:A01F                 db    0
seg000:A020                 db    0
seg000:A021                 db    0
seg000:A022                 db    0
seg000:A023                 db    0
seg000:A024                 db    0
seg000:A025                 db    0
seg000:A026                 db    0
seg000:A027                 db    0
seg000:A028                 db    0
seg000:A029                 db    0
seg000:A02A                 db    0
seg000:A02B                 db    0
seg000:A02C                 db    0
seg000:A02D                 db    0
seg000:A02E                 db    0
seg000:A02F                 db    0                 ;
seg000:A02F                                         ; A030
seg000:A030                 dw offset byte_A0B0
seg000:A032                 dw offset byte_A15F
seg000:A034                 dw offset byte_A20E
seg000:A036                 dw offset byte_A2BD
seg000:A038                 dw offset byte_A31C
seg000:A03A                 dw 0
seg000:A03C                 dw 0
seg000:A03E                 dw 0
seg000:A040                 dw offset byte_A150
seg000:A042                 dw offset byte_A1FF
seg000:A044                 dw offset byte_A2AE
seg000:A046                 dw offset byte_A30D
seg000:A048                 dw offset byte_A330
seg000:A04A                 dw 0
seg000:A04C                 dw 0
seg000:A04E                 dw 0
seg000:A050                 dw offset byte_A3C1
seg000:A052                 dw offset byte_A3C1
seg000:A054                 dw offset byte_A33F
seg000:A056                 dw offset byte_A38A
seg000:A058                 dw offset byte_A34E
seg000:A05A                 dw offset byte_A362
seg000:A05C                 dw offset byte_A3B2
seg000:A05E                 dw 0
seg000:A060                 dw offset byte_A3B7
seg000:A062                 dw offset byte_A3BC
seg000:A064                 dw offset byte_A3D5
seg000:A066                 dw offset byte_A376
seg000:A068                 dw 0
seg000:A06A                 dw 0
seg000:A06C                 dw offset byte_A3DA
seg000:A06E                 dw 0                    ;
seg000:A06E                                         ; A070
seg000:A070                 dw offset byte_A100
seg000:A072                 dw offset byte_A1AF
seg000:A074                 dw offset byte_A25E
seg000:A076                 dw offset byte_A2E5
seg000:A078                 dw offset byte_A31C
seg000:A07A                 dw 0
seg000:A07C                 dw 0
seg000:A07E                 dw 0
seg000:A080                 dw offset byte_A150
seg000:A082                 dw offset byte_A1FF
seg000:A084                 dw offset byte_A2AE
seg000:A086                 dw offset byte_A30D
seg000:A088                 dw offset byte_A330
seg000:A08A                 dw 0
seg000:A08C                 dw 0
seg000:A08E                 dw 0
seg000:A090                 dw offset byte_A3C1
seg000:A092                 dw offset byte_A3C1
seg000:A094                 dw offset byte_A33F
seg000:A096                 dw offset byte_A38A
seg000:A098                 dw offset byte_A34E
seg000:A09A                 dw offset byte_A362
seg000:A09C                 dw offset byte_A3B2
seg000:A09E                 dw 0
seg000:A0A0                 dw offset byte_A3B7
seg000:A0A2                 dw offset byte_A3BC
seg000:A0A4                 dw offset byte_A3D5
seg000:A0A6                 dw offset byte_A376
seg000:A0A8                 dw 0
seg000:A0AA                 dw 0
seg000:A0AC                 dw offset byte_A3DA
seg000:A0AE                 dw 0
seg000:A0B0 byte_A0B0       db 0, 1, 2, 3, 4
seg000:A0B5                 db 0, 0, 0, 0, 0
seg000:A0BA                 db 0, 1, 2, 3, 4
seg000:A0BF                 db 0, 0, 0, 0, 0
seg000:A0C4                 db 0, 1, 2, 3, 4
seg000:A0C9                 db 0, 1, 2, 12h, 4
seg000:A0CE                 db 0, 1, 2, 13h, 4
seg000:A0D3                 db 0, 1, 2, 14h, 4
seg000:A0D8                 db 0, 1, 2, 15h, 4
seg000:A0DD                 db 0, 1, 2, 14h, 4
seg000:A0E2                 db 0, 1, 2, 13h, 4
seg000:A0E7                 db 0, 1, 2, 12h, 4
seg000:A0EC                 db 0, 0, 0, 0, 0
seg000:A0F1                 db 0, 1, 2, 3, 4
seg000:A0F6                 db 0, 0, 0, 0, 0
seg000:A0FB                 db 0, 1, 2, 3, 4
seg000:A100 byte_A100       db 0, 9, 0Ah, 0Bh, 0Ch
seg000:A105                 db 0, 0, 0, 0, 0
seg000:A10A                 db 0, 9, 0Ah, 0Bh, 0Ch
seg000:A10F                 db 0, 0, 0, 0, 0
seg000:A114                 db 0, 9, 0Ah, 0Bh, 0Ch
seg000:A119                 db 0, 9, 0Ah, 0Bh, 17h
seg000:A11E                 db 0, 9, 0Ah, 0Bh, 18h
seg000:A123                 db 0, 9, 0Ah, 0Bh, 19h
seg000:A128                 db 0, 9, 0Ah, 0Bh, 1Ah
seg000:A12D                 db 0, 9, 0Ah, 0Bh, 19h
seg000:A132                 db 0, 9, 0Ah, 0Bh, 18h
seg000:A137                 db 0, 9, 0Ah, 0Bh, 17h
seg000:A13C                 db 0, 0, 0, 0, 0
seg000:A141                 db 0, 9, 0Ah, 0Bh, 0Ch
seg000:A146                 db 0, 0, 0, 0, 0
seg000:A14B                 db 0, 9, 0Ah, 0Bh, 0Ch
seg000:A150 byte_A150       db 0, 1Bh, 1Ch, 1Dh, 1Eh
seg000:A155                 db 0, 0, 0, 1Bh, 1Ch
seg000:A15A                 db 0, 0, 0, 26h, 27h
seg000:A15F byte_A15F       db 0, 11h, 6, 7, 8
seg000:A164                 db 0, 0, 0, 0, 0
seg000:A169                 db 0, 11h, 6, 7, 8
seg000:A16E                 db 0, 0, 0, 0, 0
seg000:A173                 db 0, 11h, 6, 7, 8
seg000:A178                 db 0, 11h, 6, 7, 8
seg000:A17D                 db 0, 11h, 6, 7, 8
seg000:A182                 db 0, 11h, 6, 7, 8
seg000:A187                 db 0, 11h, 6, 7, 8
seg000:A18C                 db 0, 11h, 6, 7, 8
seg000:A191                 db 0, 11h, 6, 7, 8
seg000:A196                 db 0, 11h, 6, 7, 8
seg000:A19B                 db 0, 0, 0, 0, 0
seg000:A1A0                 db 0, 11h, 6, 7, 8
seg000:A1A5                 db 0, 0, 0, 0, 0
seg000:A1AA                 db 0, 11h, 6, 7, 8
seg000:A1AF byte_A1AF       db 0, 0Dh, 16h, 0Fh, 10h
seg000:A1B4                 db 0, 0, 0, 0, 0
seg000:A1B9                 db 0, 0Dh, 16h, 0Fh, 10h
seg000:A1BE                 db 0, 0, 0, 0, 0
seg000:A1C3                 db 0, 0Dh, 16h, 0Fh, 10h
seg000:A1C8                 db 0, 0Dh, 16h, 0Fh, 10h
seg000:A1CD                 db 0, 0Dh, 16h, 0Fh, 10h
seg000:A1D2                 db 0, 0Dh, 16h, 0Fh, 10h
seg000:A1D7                 db 0, 0Dh, 16h, 0Fh, 10h
seg000:A1DC                 db 0, 0Dh, 16h, 0Fh, 10h
seg000:A1E1                 db 0, 0Dh, 16h, 0Fh, 10h
seg000:A1E6                 db 0, 0Dh, 16h, 0Fh, 10h
seg000:A1EB                 db 0, 0, 0, 0, 0
seg000:A1F0                 db 0, 0Dh, 16h, 0Fh, 10h
seg000:A1F5                 db 0, 0, 0, 0, 0
seg000:A1FA                 db 0, 0Dh, 16h, 0Fh, 10h
seg000:A1FF byte_A1FF       db 0, 1Fh, 20h, 21h, 22h
seg000:A204                 db 0, 1Dh, 23h, 24h, 25h
seg000:A209                 db 0, 28h, 23h, 29h, 25h
seg000:A20E byte_A20E       db 0, 2Ah, 2Bh, 2Ch, 2Dh
seg000:A213                 db 0, 2Eh, 2Fh, 30h, 31h
seg000:A218                 db 0, 32h, 33h, 34h, 35h
seg000:A21D                 db 0, 36h, 37h, 38h, 39h
seg000:A222                 db 0, 36h, 37h, 38h, 39h
seg000:A227                 db 0, 4Ah, 4Bh, 4Ch, 4Dh
seg000:A22C                 db 0, 4Eh, 4Fh, 50h, 51h
seg000:A231                 db 0, 63h, 0, 65h, 0
seg000:A236                 db 0, 5Ah, 0, 5Ch, 0
seg000:A23B                 db 0, 5Dh, 0, 5Fh, 0
seg000:A240                 db 0, 60h, 0, 62h, 0
seg000:A245                 db 0, 63h, 0, 65h, 0
seg000:A24A                 db 0, 63h, 0, 65h, 0
seg000:A24F                 db 0, 4Eh, 4Fh, 50h, 51h
seg000:A254                 db 0, 4Ah, 4Bh, 4Ch, 4Dh
seg000:A259                 db 0, 36h, 37h, 38h, 39h
seg000:A25E byte_A25E       db 0, 3Ah, 3Bh, 3Ch, 3Dh
seg000:A263                 db 0, 3Eh, 3Fh, 40h, 41h
seg000:A268                 db 0, 42h, 43h, 44h, 45h
seg000:A26D                 db 0, 46h, 47h, 48h, 49h
seg000:A272                 db 0, 46h, 47h, 48h, 49h
seg000:A277                 db 0, 52h, 53h, 54h, 55h
seg000:A27C                 db 0, 56h, 57h, 58h, 59h
seg000:A281                 db 0, 72h, 73h, 74h, 75h
seg000:A286                 db 0, 66h, 67h, 68h, 69h
seg000:A28B                 db 0, 6Ah, 6Bh, 6Ch, 6Dh
seg000:A290                 db 0, 6Eh, 6Fh, 70h, 71h
seg000:A295                 db 0, 72h, 73h, 74h, 75h
seg000:A29A                 db 0, 72h, 73h, 74h, 75h
seg000:A29F                 db 0, 56h, 57h, 58h, 59h
seg000:A2A4                 db 0, 52h, 53h, 54h, 55h
seg000:A2A9                 db 0, 46h, 47h, 48h, 49h
seg000:A2AE byte_A2AE       db 0, 76h, 77h, 78h, 39h
seg000:A2B3                 db 0, 7Ah, 7Bh, 7Ch, 7Dh
seg000:A2B8                 db 0, 0, 0, 80h, 81h
seg000:A2BD byte_A2BD       db 1, 0C2h, 0C3h, 0C4h, 0C5h
seg000:A2C2                 db 1, 0C6h, 0C7h, 0C8h, 0C9h
seg000:A2C7                 db 1, 0C2h, 0C3h, 0C4h, 0CAh
seg000:A2CC                 db 1, 0C6h, 0C7h, 0CBh, 0CCh
seg000:A2D1                 db 1, 9Ch, 9Dh, 9Eh, 9Fh
seg000:A2D6                 db 1, 0B7h, 0B8h, 0B9h, 0BAh
seg000:A2DB                 db 1, 0, 0BBh, 0BCh, 0BDh
seg000:A2E0                 db 1, 0BEh, 0BFh, 0C0h, 0C1h
seg000:A2E5 byte_A2E5       db 1, 0CDh, 0CEh, 0CFh, 0D0h
seg000:A2EA                 db 1, 0D1h, 0D2h, 0D3h, 0D4h
seg000:A2EF                 db 1, 0CDh, 0CEh, 0D5h, 0D0h
seg000:A2F4                 db 1, 0D1h, 0D2h, 0D6h, 0D7h
seg000:A2F9                 db 1, 0A4h, 0A5h, 0A6h, 0A7h
seg000:A2FE                 db 1, 0ACh, 0ADh, 0AEh, 0AFh
seg000:A303                 db 1, 0B0h, 0, 0B1h, 0B2h
seg000:A308                 db 1, 0B3h, 0B4h, 0B5h, 0B6h
seg000:A30D byte_A30D       db 1, 0D8h, 0D9h, 0DAh, 0DBh
seg000:A312                 db 1, 0DCh, 0DDh, 0DEh, 0DFh
seg000:A317                 db 1, 0E0h, 0E1h, 0E2h, 0E3h
seg000:A31C byte_A31C       db 1, 5, 5, 5, 5
seg000:A321                 db 1, 0Eh, 0Eh, 5Bh, 5Eh
seg000:A326                 db 1, 61h, 64h, 79h, 7Eh
seg000:A32B                 db 1, 7Fh, 82h, 83h, 84h
seg000:A330 byte_A330       db 1, 85h, 86h, 87h, 88h
seg000:A335                 db 1, 89h, 8Ah, 8Bh, 8Bh
seg000:A33A                 db 1, 8Ch, 8Ch, 0, 0
seg000:A33F byte_A33F       db 1, 8Dh, 8Eh, 8Fh, 90h
seg000:A344                 db 1, 91h, 92h, 93h, 94h
seg000:A349                 db 1, 95h, 96h, 97h, 98h
seg000:A34E byte_A34E       db 0, 99h, 9Ah, 9Bh, 0A0h
seg000:A353                 db 0, 0A1h, 0A2h, 0A3h, 0A8h
seg000:A358                 db 0, 0A9h, 0AAh, 0ABh, 0E4h
seg000:A35D                 db 0, 0A1h, 0A2h, 0A3h, 0A8h
seg000:A362 byte_A362       db 2, 99h, 9Ah, 9Bh, 0A0h
seg000:A367                 db 2, 0A1h, 0A2h, 0A3h, 0A8h
seg000:A36C                 db 2, 0A9h, 0AAh, 0ABh, 0E4h
seg000:A371                 db 2, 0A1h, 0A2h, 0A3h, 0A8h
seg000:A376 byte_A376       db 1, 99h, 9Ah, 9Bh, 0A0h
seg000:A37B                 db 1, 0A1h, 0A2h, 0A3h, 0A8h
seg000:A380                 db 1, 0A9h, 0AAh, 0ABh, 0E4h
seg000:A385                 db 1, 0A1h, 0A2h, 0A3h, 0A8h
seg000:A38A byte_A38A       db 0, 0E5h, 0E6h, 0E7h, 0E8h
seg000:A38F                 db 0, 0E5h, 0E6h, 0E7h, 0E8h
seg000:A394                 db 0, 0E5h, 0E6h, 0E7h, 0E8h
seg000:A399                 db 0, 0E5h, 0E6h, 0E7h, 0E8h
seg000:A39E                 db 0, 0E5h, 0E6h, 0E7h, 0E8h
seg000:A3A3                 db 0, 0E5h, 0E6h, 0E7h, 0E8h
seg000:A3A8                 db 0, 0E5h, 0E6h, 0E7h, 0E8h
seg000:A3AD                 db 0, 0E5h, 0E6h, 0E7h, 0E8h
seg000:A3B2 byte_A3B2       db 1, 0E9h, 0EAh, 0EBh, 0ECh
seg000:A3B7 byte_A3B7       db 0, 0EDh, 0EEh, 0EFh, 0F0h
seg000:A3BC byte_A3BC       db 2, 0EDh, 0EEh, 0EFh, 0F0h
seg000:A3C1 byte_A3C1       db 1, 0FEh, 0FEh, 0FEh, 0FEh
seg000:A3C6                 db 1, 0F1h, 0F2h, 0F3h, 0F4h
seg000:A3CB                 db 1, 0F5h, 0F6h, 0F7h, 0F7h
seg000:A3D0                 db 1, 0, 0, 0F8h, 0F8h
seg000:A3D5 byte_A3D5       db 0, 0, 0, 0F9h, 0FAh
seg000:A3DA byte_A3DA       db 1, 0, 0FBh, 0FCh, 0FDh
seg000:A3DF death_descriptors dw offset byte_A3E9
seg000:A3E1                 dw offset byte_A3E9
seg000:A3E3                 dw offset byte_A3ED
seg000:A3E5                 dw offset byte_A3F1
seg000:A3E7                 dw offset byte_A3F5
seg000:A3E9 byte_A3E9       db 11, 11, 11, 11
seg000:A3ED byte_A3ED       db 5, 5, 5, 5
seg000:A3F1 byte_A3F1       db 5, 5, 0, 0
seg000:A3F5 byte_A3F5       db 0, 0, 0, 0
seg000:A3F9
seg000:A3F9 ; =============== S U B R O U T I N E =======================================
seg000:A3F9
seg000:A3F9
seg000:A3F9 Monster_AI      proc near
seg000:A3F9
seg000:A3F9 ; FUNCTION CHUNK AT seg000:A6B8 SIZE 000000A6 BYTES
seg000:A3F9 ; FUNCTION CHUNK AT seg000:A76E SIZE 000000BA BYTES
seg000:A3F9 ; FUNCTION CHUNK AT seg000:A857 SIZE 000000D0 BYTES
seg000:A3F9 ; FUNCTION CHUNK AT seg000:A934 SIZE 00000013 BYTES
seg000:A3F9 ; FUNCTION CHUNK AT seg000:A95F SIZE 00000073 BYTES
seg000:A3F9
seg000:A3F9                 mov     bl, [si+4]
seg000:A3FC                 and     bl, 0Fh
seg000:A3FF                 xor     bh, bh
seg000:A401                 add     bx, bx          ; switch 5 cases
seg000:A403                 jmp     jpt_A403[bx]    ; switch jump
seg000:A403 ; ---------------------------------------------------------------------------
seg000:A407 jpt_A403        dw offset loc_A412      ; jump table for switch statement
seg000:A409                 dw offset locret_A411
seg000:A40B                 dw offset loc_A6B8
seg000:A40D                 dw offset loc_A857
seg000:A40F                 dw offset loc_A95F
seg000:A411 ; ---------------------------------------------------------------------------
seg000:A411
seg000:A411 locret_A411:                            ; jumptable 0000A403 case 1
seg000:A411                 retn
seg000:A412 ; ---------------------------------------------------------------------------
seg000:A412
seg000:A412 loc_A412:                               ; jumptable 0000A403 case 0
seg000:A412                 test    byte ptr [si+8], 0FFh
seg000:A416                 jnz     short loc_A41C
seg000:A418                 mov     byte ptr [si+8], 30h ; '0'
seg000:A41C
seg000:A41C loc_A41C:
seg000:A41C                 test    byte ptr [si+5], 20h
seg000:A420                 jz      short loc_A432
seg000:A422                 mov     al, [si+5]
seg000:A425                 and     al, 1Fh
seg000:A427                 cmp     al, 1
seg000:A429                 jnz     short loc_A42E
seg000:A42B                 jmp     loc_A4F7
seg000:A42E ; ---------------------------------------------------------------------------
seg000:A42E
seg000:A42E loc_A42E:
seg000:A42E                 and     byte ptr [si+5], 9Fh
seg000:A432
seg000:A432 loc_A432:
seg000:A432                 and     byte ptr [si+15h], 0BFh
seg000:A436                 call    sub_A660
seg000:A439                 jb      short loc_A43C
seg000:A43B                 retn
seg000:A43C ; ---------------------------------------------------------------------------
seg000:A43C
seg000:A43C loc_A43C:
seg000:A43C                 test    byte ptr [si+9], 1
seg000:A440                 jnz     short loc_A48D
seg000:A442                 call    sub_A527
seg000:A445                 jb      short loc_A479
seg000:A447
seg000:A447 loc_A447:
seg000:A447                 inc     byte ptr [si+0Ah]
seg000:A44A                 mov     byte ptr [si+6], 1
seg000:A44E                 or      byte ptr [si+4], 60h
seg000:A452                 call    word ptr cs:11Ah
seg000:A457                 and     al, 1
seg000:A459                 jnz     short loc_A46A
seg000:A45B                 call    sub_A556
seg000:A45E                 jnb     short loc_A463
seg000:A460                 jmp     loc_A508
seg000:A463 ; ---------------------------------------------------------------------------
seg000:A463
seg000:A463 loc_A463:
seg000:A463                 or      byte ptr [si+5], 80h
seg000:A467                 jmp     loc_A508
seg000:A46A ; ---------------------------------------------------------------------------
seg000:A46A
seg000:A46A loc_A46A:
seg000:A46A                 call    sub_A5DB
seg000:A46D                 jnb     short loc_A472
seg000:A46F                 jmp     loc_A508
seg000:A472 ; ---------------------------------------------------------------------------
seg000:A472
seg000:A472 loc_A472:
seg000:A472                 and     byte ptr [si+5], 7Fh
seg000:A476                 jmp     loc_A508
seg000:A479 ; ---------------------------------------------------------------------------
seg000:A479
seg000:A479 loc_A479:
seg000:A479                 test    byte ptr [si+0Ah], 0F0h
seg000:A47D                 jz      short loc_A447
seg000:A47F                 mov     byte ptr [si+0Ah], 0
seg000:A483                 mov     byte ptr [si+6], 0
seg000:A487                 or      byte ptr [si+9], 1
seg000:A48B                 jmp     short loc_A508
seg000:A48D ; ---------------------------------------------------------------------------
seg000:A48D
seg000:A48D loc_A48D:
seg000:A48D                 inc     byte ptr [si+6]
seg000:A490                 and     byte ptr [si+6], 0Fh
seg000:A494                 jnz     short loc_A4A4
seg000:A496                 and     byte ptr [si+9], 0FEh
seg000:A49A                 mov     byte ptr [si+6], 1
seg000:A49E                 or      byte ptr [si+4], 60h
seg000:A4A2                 jmp     short loc_A508
seg000:A4A4 ; ---------------------------------------------------------------------------
seg000:A4A4
seg000:A4A4 loc_A4A4:
seg000:A4A4                 cmp     byte ptr [si+6], 4
seg000:A4A8                 jb      short loc_A508
seg000:A4AA                 and     byte ptr [si+4], 1Fh
seg000:A4AE                 cmp     byte ptr [si+6], 8
seg000:A4B2                 jnz     short loc_A508
seg000:A4B4                 mov     al, [si+3]
seg000:A4B7                 mov     byte_A4EA, al
seg000:A4BA                 inc     al
seg000:A4BC                 mov     byte_A4DD, al
seg000:A4BF                 mov     al, [si+2]
seg000:A4C2                 inc     al
seg000:A4C4                 mov     byte_A4EB, al
seg000:A4C7                 mov     byte_A4DE, al
seg000:A4CA                 mov     bx, offset byte_A4DD
seg000:A4CD                 test    byte ptr [si+5], 80h
seg000:A4D1                 jnz     short loc_A4D6
seg000:A4D3                 mov     bx, offset byte_A4EA
seg000:A4D6
seg000:A4D6 loc_A4D6:
seg000:A4D6                 call    word ptr cs:603Ah
seg000:A4DB                 jmp     short loc_A508
seg000:A4DB ; ---------------------------------------------------------------------------
seg000:A4DD byte_A4DD       db 0
seg000:A4DE byte_A4DE       db 0
seg000:A4DF                 db  63h ; c
seg000:A4E0                 db    0
seg000:A4E1                 db  14h
seg000:A4E2                 db    0
seg000:A4E3                 db  14h
seg000:A4E4                 db    0
seg000:A4E5                 db    0
seg000:A4E6                 db    0
seg000:A4E7                 db    0
seg000:A4E8                 db    0
seg000:A4E9                 db    0
seg000:A4EA byte_A4EA       db 0
seg000:A4EB byte_A4EB       db 0
seg000:A4EC                 db  63h ; c
seg000:A4ED                 db    0
seg000:A4EE                 db  14h
seg000:A4EF                 db    4
seg000:A4F0                 db  14h
seg000:A4F1                 db    0
seg000:A4F2                 db    0
seg000:A4F3                 db    0
seg000:A4F4                 db    0
seg000:A4F5                 db    0
seg000:A4F6                 db    0
seg000:A4F7 ; ---------------------------------------------------------------------------
seg000:A4F7
seg000:A4F7 loc_A4F7:
seg000:A4F7                 and     al, 0BFh
seg000:A4F9                 or      al, 20h
seg000:A4FB                 mov     [si+5], al
seg000:A4FE                 or      al, 60h
seg000:A500                 mov     [si+15h], al
seg000:A503                 jmp     word ptr cs:6034h
seg000:A508 ; ---------------------------------------------------------------------------
seg000:A508
seg000:A508 loc_A508:
seg000:A508                 mov     al, [si+6]
seg000:A50B                 mov     [si+16h], al
seg000:A50E                 mov     al, [si+4]
seg000:A511                 and     al, 60h
seg000:A513                 and     byte ptr [si+14h], 9Fh
seg000:A517                 or      [si+14h], al
seg000:A51A                 mov     al, [si+5]
seg000:A51D                 and     al, 80h
seg000:A51F                 and     byte ptr [si+15h], 7Fh
seg000:A523                 or      [si+15h], al
seg000:A526                 retn
seg000:A526 Monster_AI      endp
seg000:A526
seg000:A527
seg000:A527 ; =============== S U B R O U T I N E =======================================
seg000:A527
seg000:A527
seg000:A527 sub_A527        proc near
seg000:A527                 mov     al, ds:0FF35h
seg000:A52A                 sub     al, [si+2]
seg000:A52D                 jnb     short loc_A531
seg000:A52F                 neg     al
seg000:A531
seg000:A531 loc_A531:
seg000:A531                 cmp     al, 4
seg000:A533                 mov     al, 0FFh
seg000:A535                 jb      short loc_A538
seg000:A537                 retn
seg000:A538 ; ---------------------------------------------------------------------------
seg000:A538
seg000:A538 loc_A538:
seg000:A538                 cmp     byte ptr [si+3], 11h
seg000:A53C                 jnb     short loc_A54A
seg000:A53E                 mov     al, 80h
seg000:A540                 test    byte ptr [si+5], 80h
seg000:A544                 stc
seg000:A545                 jz      short loc_A548
seg000:A547                 retn
seg000:A548 ; ---------------------------------------------------------------------------
seg000:A548
seg000:A548 loc_A548:
seg000:A548                 clc
seg000:A549                 retn
seg000:A54A ; ---------------------------------------------------------------------------
seg000:A54A
seg000:A54A loc_A54A:
seg000:A54A                 xor     al, al
seg000:A54C                 test    byte ptr [si+5], 80h
seg000:A550                 stc
seg000:A551                 jnz     short loc_A554
seg000:A553                 retn
seg000:A554 ; ---------------------------------------------------------------------------
seg000:A554
seg000:A554 loc_A554:
seg000:A554                 clc
seg000:A555                 retn
seg000:A555 sub_A527        endp
seg000:A555
seg000:A556
seg000:A556 ; =============== S U B R O U T I N E =======================================
seg000:A556
seg000:A556
seg000:A556 sub_A556        proc near
seg000:A556                 cmp     byte ptr [si+3], 22h ; '"'
seg000:A55A                 cmc
seg000:A55B                 jnb     short loc_A55E
seg000:A55D                 retn
seg000:A55E ; ---------------------------------------------------------------------------
seg000:A55E
seg000:A55E loc_A55E:
seg000:A55E                 call    sub_A57C
seg000:A561                 jnb     short loc_A564
seg000:A563                 retn
seg000:A564 ; ---------------------------------------------------------------------------
seg000:A564
seg000:A564 loc_A564:
seg000:A564                 mov     bx, [si]
seg000:A566                 inc     bx
seg000:A567                 mov     ax, ds:0C002h
seg000:A56A                 sub     ax, bx
seg000:A56C                 jnz     short loc_A56F
seg000:A56E                 xchg    ax, bx
seg000:A56F
seg000:A56F loc_A56F:
seg000:A56F                 mov     [si], bx
seg000:A571                 mov     [si+10h], bx
seg000:A574                 inc     byte ptr [si+3]
seg000:A577                 inc     byte ptr [si+13h]
seg000:A57A                 clc
seg000:A57B                 retn
seg000:A57B sub_A556        endp
seg000:A57B
seg000:A57C
seg000:A57C ; =============== S U B R O U T I N E =======================================
seg000:A57C
seg000:A57C
seg000:A57C sub_A57C        proc near
seg000:A57C                 mov     ax, [si+2]
seg000:A57F                 call    word ptr cs:6028h
seg000:A584                 inc     di
seg000:A585                 inc     di
seg000:A586                 mov     cx, 4
seg000:A589
seg000:A589 loc_A589:
seg000:A589                 mov     al, [di]
seg000:A58B                 call    word ptr cs:602Eh
seg000:A590                 stc
seg000:A591                 jz      short loc_A594
seg000:A593                 retn
seg000:A594 ; ---------------------------------------------------------------------------
seg000:A594
seg000:A594 loc_A594:
seg000:A594                 xchg    si, di
seg000:A596                 add     si, 24h ; '$'
seg000:A599                 call    word ptr cs:602Ah
seg000:A59E                 xchg    si, di
seg000:A5A0                 loop    loc_A589
seg000:A5A2                 xchg    si, di
seg000:A5A4                 sub     si, 24h ; '$'
seg000:A5A7                 call    word ptr cs:602Ch
seg000:A5AC                 mov     al, [si]
seg000:A5AE                 sub     si, 24h ; '$'
seg000:A5B1                 call    word ptr cs:602Ch
seg000:A5B6                 or      al, [si]
seg000:A5B8                 sub     si, 24h ; '$'
seg000:A5BB                 call    word ptr cs:602Ch
seg000:A5C0                 or      al, [si]
seg000:A5C2                 sub     si, 24h ; '$'
seg000:A5C5                 call    word ptr cs:602Ch
seg000:A5CA                 or      al, [si]
seg000:A5CC                 sub     si, 24h ; '$'
seg000:A5CF                 call    word ptr cs:602Ch
seg000:A5D4                 or      al, [si]
seg000:A5D6                 xchg    si, di
seg000:A5D8                 add     al, al
seg000:A5DA                 retn
seg000:A5DA sub_A57C        endp
seg000:A5DA
seg000:A5DB
seg000:A5DB ; =============== S U B R O U T I N E =======================================
seg000:A5DB
seg000:A5DB
seg000:A5DB sub_A5DB        proc near
seg000:A5DB                 cmp     byte ptr [si+3], 2
seg000:A5DF                 jnb     short loc_A5E2
seg000:A5E1                 retn
seg000:A5E2 ; ---------------------------------------------------------------------------
seg000:A5E2
seg000:A5E2 loc_A5E2:
seg000:A5E2                 call    sub_A601
seg000:A5E5                 jnb     short loc_A5E8
seg000:A5E7                 retn
seg000:A5E8 ; ---------------------------------------------------------------------------
seg000:A5E8
seg000:A5E8 loc_A5E8:
seg000:A5E8                 mov     ax, [si]
seg000:A5EA                 dec     ax
seg000:A5EB                 cmp     ax, 0FFFFh
seg000:A5EE                 jnz     short loc_A5F4
seg000:A5F0                 mov     ax, ds:0C002h
seg000:A5F3                 dec     ax
seg000:A5F4
seg000:A5F4 loc_A5F4:
seg000:A5F4                 mov     [si], ax
seg000:A5F6                 mov     [si+10h], ax
seg000:A5F9                 dec     byte ptr [si+3]
seg000:A5FC                 dec     byte ptr [si+13h]
seg000:A5FF                 clc
seg000:A600                 retn
seg000:A600 sub_A5DB        endp
seg000:A600
seg000:A601
seg000:A601 ; =============== S U B R O U T I N E =======================================
seg000:A601
seg000:A601
seg000:A601 sub_A601        proc near
seg000:A601                 mov     ax, [si+2]
seg000:A604                 call    word ptr cs:6028h
seg000:A609                 dec     di
seg000:A60A                 mov     cx, 4
seg000:A60D
seg000:A60D loc_A60D:
seg000:A60D                 mov     al, [di]
seg000:A60F                 call    word ptr cs:602Eh
seg000:A614                 stc
seg000:A615                 jz      short loc_A618
seg000:A617                 retn
seg000:A618 ; ---------------------------------------------------------------------------
seg000:A618
seg000:A618 loc_A618:
seg000:A618                 xchg    si, di
seg000:A61A                 add     si, 24h ; '$'
seg000:A61D                 call    word ptr cs:602Ah
seg000:A622                 xchg    si, di
seg000:A624                 loop    loc_A60D
seg000:A626                 dec     di
seg000:A627                 xchg    si, di
seg000:A629                 sub     si, 24h ; '$'
seg000:A62C                 call    word ptr cs:602Ch
seg000:A631                 mov     al, [si]
seg000:A633                 sub     si, 24h ; '$'
seg000:A636                 call    word ptr cs:602Ch
seg000:A63B                 or      al, [si]
seg000:A63D                 sub     si, 24h ; '$'
seg000:A640                 call    word ptr cs:602Ch
seg000:A645                 or      al, [si]
seg000:A647                 sub     si, 24h ; '$'
seg000:A64A                 call    word ptr cs:602Ch
seg000:A64F                 or      al, [si]
seg000:A651                 sub     si, 24h ; '$'
seg000:A654                 call    word ptr cs:602Ch
seg000:A659                 or      al, [si]
seg000:A65B                 xchg    si, di
seg000:A65D                 add     al, al
seg000:A65F                 retn
seg000:A65F sub_A601        endp
seg000:A65F
seg000:A660
seg000:A660 ; =============== S U B R O U T I N E =======================================
seg000:A660
seg000:A660
seg000:A660 sub_A660        proc near
seg000:A660                 test    byte ptr [si+3], 0FFh
seg000:A664                 stc
seg000:A665                 jnz     short loc_A668
seg000:A667                 retn
seg000:A668 ; ---------------------------------------------------------------------------
seg000:A668
seg000:A668 loc_A668:
seg000:A668                 cmp     byte ptr [si+3], 23h ; '#'
seg000:A66C                 stc
seg000:A66D                 jnz     short loc_A670
seg000:A66F                 retn
seg000:A670 ; ---------------------------------------------------------------------------
seg000:A670
seg000:A670 loc_A670:
seg000:A670                 call    sub_A686
seg000:A673                 jnb     short loc_A676
seg000:A675                 retn
seg000:A676 ; ---------------------------------------------------------------------------
seg000:A676
seg000:A676 loc_A676:
seg000:A676                 inc     byte ptr [si+2]
seg000:A679                 and     byte ptr [si+2], 3Fh
seg000:A67D                 inc     byte ptr [si+12h]
seg000:A680                 and     byte ptr [si+12h], 3Fh
seg000:A684                 clc
seg000:A685                 retn
seg000:A685 sub_A660        endp
seg000:A685
seg000:A686
seg000:A686 ; =============== S U B R O U T I N E =======================================
seg000:A686
seg000:A686
seg000:A686 sub_A686        proc near
seg000:A686                 mov     ax, [si+2]
seg000:A689                 call    word ptr cs:6028h
seg000:A68E                 xchg    si, di
seg000:A690                 add     si, 90h
seg000:A694                 call    word ptr cs:602Ah
seg000:A699                 xchg    si, di
seg000:A69B                 mov     cx, 2
seg000:A69E
seg000:A69E loc_A69E:
seg000:A69E                 mov     al, [di]
seg000:A6A0                 call    word ptr cs:602Eh
seg000:A6A5                 stc
seg000:A6A6                 jz      short loc_A6A9
seg000:A6A8                 retn
seg000:A6A9 ; ---------------------------------------------------------------------------
seg000:A6A9
seg000:A6A9 loc_A6A9:
seg000:A6A9                 inc     di
seg000:A6AA                 loop    loc_A69E
seg000:A6AC                 dec     di
seg000:A6AD                 mov     al, [di]
seg000:A6AF                 or      al, [di-1]
seg000:A6B2                 or      al, [di-1]
seg000:A6B5                 add     al, al
seg000:A6B7                 retn
seg000:A6B7 sub_A686        endp
seg000:A6B7
seg000:A6B8 ; ---------------------------------------------------------------------------
seg000:A6B8 ; START OF FUNCTION CHUNK FOR Monster_AI
seg000:A6B8
seg000:A6B8 loc_A6B8:                               ; jumptable 0000A403 case 2
seg000:A6B8                 test    byte ptr [si+8], 0FFh
seg000:A6BC                 jnz     short loc_A6C2
seg000:A6BE                 mov     byte ptr [si+8], 10h
seg000:A6C2
seg000:A6C2 loc_A6C2:
seg000:A6C2                 test    byte ptr [si+5], 20h
seg000:A6C6                 jz      short loc_A6D5
seg000:A6C8                 mov     byte ptr [si+6], 3
seg000:A6CC                 mov     byte ptr [si+9], 1
seg000:A6D0                 jmp     word ptr cs:6034h
seg000:A6D5 ; ---------------------------------------------------------------------------
seg000:A6D5
seg000:A6D5 loc_A6D5:
seg000:A6D5                 test    byte ptr [si+9], 2
seg000:A6D9                 jz      short loc_A6DE
seg000:A6DB                 jmp     loc_A78D
seg000:A6DE ; ---------------------------------------------------------------------------
seg000:A6DE
seg000:A6DE loc_A6DE:
seg000:A6DE                 test    byte ptr [si+9], 1
seg000:A6E2                 jz      short loc_A6E7
seg000:A6E4                 jmp     loc_A76E
seg000:A6E7 ; ---------------------------------------------------------------------------
seg000:A6E7
seg000:A6E7 loc_A6E7:
seg000:A6E7                 test    byte ptr [si+9], 4
seg000:A6EB                 jz      short loc_A6F0
seg000:A6ED                 jmp     loc_A815
seg000:A6F0 ; ---------------------------------------------------------------------------
seg000:A6F0
seg000:A6F0 loc_A6F0:
seg000:A6F0                 call    sub_A828
seg000:A6F3                 jb      short loc_A718
seg000:A6F5                 test    byte ptr [si+9], 70h
seg000:A6F9                 jnz     short loc_A72C
seg000:A6FB                 cmp     al, 0FFh
seg000:A6FD                 jz      short loc_A708
seg000:A6FF                 and     byte ptr [si+5], 7Fh
seg000:A703                 or      [si+5], al
seg000:A706                 jmp     short loc_A718
seg000:A708 ; ---------------------------------------------------------------------------
seg000:A708
seg000:A708 loc_A708:
seg000:A708                 call    word ptr cs:11Ah
seg000:A70D                 add     al, al
seg000:A70F                 and     al, 80h
seg000:A711                 and     byte ptr [si+5], 7Fh
seg000:A715                 or      [si+5], al
seg000:A718
seg000:A718 loc_A718:
seg000:A718                 mov     al, ds:0FF35h
seg000:A71B                 sub     al, [si+2]
seg000:A71E                 jns     short loc_A727
seg000:A720                 call    word ptr cs:600Ch
seg000:A725                 jmp     short loc_A72C
seg000:A727 ; ---------------------------------------------------------------------------
seg000:A727
seg000:A727 loc_A727:
seg000:A727                 call    word ptr cs:6014h
seg000:A72C
seg000:A72C loc_A72C:
seg000:A72C                 inc     byte ptr [si+6]
seg000:A72F                 and     byte ptr [si+6], 3
seg000:A733                 add     byte ptr [si+9], 10h
seg000:A737                 mov     al, [si+9]
seg000:A73A                 shr     al, 1
seg000:A73C                 shr     al, 1
seg000:A73E                 shr     al, 1
seg000:A740                 shr     al, 1
seg000:A742                 and     al, 7
seg000:A744                 mov     bx, offset byte_A75E
seg000:A747                 test    byte ptr [si+5], 80h
seg000:A74B                 jnz     short loc_A750
seg000:A74D                 mov     bx, offset byte_A766
seg000:A750
seg000:A750 loc_A750:
seg000:A750                 xlat
seg000:A751                 call    word ptr cs:6004h
seg000:A756                 jb      short loc_A759
seg000:A758                 retn
seg000:A759 ; ---------------------------------------------------------------------------
seg000:A759
seg000:A759 loc_A759:
seg000:A759                 xor     byte ptr [si+5], 80h
seg000:A75D                 retn
seg000:A75D ; END OF FUNCTION CHUNK FOR Monster_AI
seg000:A75D ; ---------------------------------------------------------------------------
seg000:A75E byte_A75E       db 0, 0, 1, 0, 0, 0, 7, 0
seg000:A766 byte_A766       db 4, 4, 3, 4, 4, 4, 5, 4
seg000:A76E ; ---------------------------------------------------------------------------
seg000:A76E ; START OF FUNCTION CHUNK FOR Monster_AI
seg000:A76E
seg000:A76E loc_A76E:
seg000:A76E                 or      byte ptr [si+4], 60h
seg000:A772                 inc     byte ptr [si+6]
seg000:A775                 and     byte ptr [si+6], 7
seg000:A779                 cmp     byte ptr [si+6], 7
seg000:A77D                 jnb     short loc_A780
seg000:A77F                 retn
seg000:A780 ; ---------------------------------------------------------------------------
seg000:A780
seg000:A780 loc_A780:
seg000:A780                 mov     byte ptr [si+6], 8
seg000:A784                 mov     byte ptr [si+0Ah], 0
seg000:A788                 mov     byte ptr [si+9], 2
seg000:A78C                 retn
seg000:A78D ; ---------------------------------------------------------------------------
seg000:A78D
seg000:A78D loc_A78D:
seg000:A78D                 inc     byte ptr [si+0Ah]
seg000:A790                 cmp     byte ptr [si+0Ah], 0Fh
seg000:A794                 jnb     short loc_A80C
seg000:A796                 call    sub_A828
seg000:A799                 jnb     short loc_A7C2
seg000:A79B                 test    byte ptr [si+9], 70h
seg000:A79F                 jnz     short loc_A7D6
seg000:A7A1                 cmp     al, 0FFh
seg000:A7A3                 jz      short loc_A7B0
seg000:A7A5                 xor     al, 80h
seg000:A7A7                 and     byte ptr [si+5], 7Fh
seg000:A7AB                 or      [si+5], al
seg000:A7AE                 jmp     short loc_A7C2
seg000:A7B0 ; ---------------------------------------------------------------------------
seg000:A7B0
seg000:A7B0 loc_A7B0:
seg000:A7B0                 call    word ptr cs:11Ah
seg000:A7B5                 add     al, al
seg000:A7B7                 and     al, 80h
seg000:A7B9                 and     byte ptr [si+5], 7Fh
seg000:A7BD                 or      [si+5], al
seg000:A7C0                 jmp     short $+2
seg000:A7C2 ; ---------------------------------------------------------------------------
seg000:A7C2
seg000:A7C2 loc_A7C2:
seg000:A7C2                 mov     al, ds:0FF35h
seg000:A7C5                 sub     al, [si+2]
seg000:A7C8                 js      short loc_A7D1
seg000:A7CA                 call    word ptr cs:600Ch
seg000:A7CF                 jmp     short loc_A7D6
seg000:A7D1 ; ---------------------------------------------------------------------------
seg000:A7D1
seg000:A7D1 loc_A7D1:
seg000:A7D1                 call    word ptr cs:6014h
seg000:A7D6
seg000:A7D6 loc_A7D6:
seg000:A7D6                 inc     byte ptr [si+6]
seg000:A7D9                 and     byte ptr [si+6], 3
seg000:A7DD                 or      byte ptr [si+6], 8
seg000:A7E1                 add     byte ptr [si+9], 10h
seg000:A7E5                 mov     al, [si+9]
seg000:A7E8                 shr     al, 1
seg000:A7EA                 shr     al, 1
seg000:A7EC                 shr     al, 1
seg000:A7EE                 shr     al, 1
seg000:A7F0                 and     al, 7
seg000:A7F2                 mov     bx, offset byte_A75E
seg000:A7F5                 test    byte ptr [si+5], 80h
seg000:A7F9                 jnz     short loc_A7FE
seg000:A7FB                 mov     bx, offset byte_A766
seg000:A7FE
seg000:A7FE loc_A7FE:
seg000:A7FE                 xlat
seg000:A7FF                 call    word ptr cs:6004h
seg000:A804                 jb      short loc_A807
seg000:A806                 retn
seg000:A807 ; ---------------------------------------------------------------------------
seg000:A807
seg000:A807 loc_A807:
seg000:A807                 xor     byte ptr [si+5], 80h
seg000:A80B                 retn
seg000:A80C ; ---------------------------------------------------------------------------
seg000:A80C
seg000:A80C loc_A80C:
seg000:A80C                 mov     byte ptr [si+6], 0Ch
seg000:A810                 mov     byte ptr [si+9], 4
seg000:A814                 retn
seg000:A815 ; ---------------------------------------------------------------------------
seg000:A815
seg000:A815 loc_A815:
seg000:A815                 inc     byte ptr [si+6]
seg000:A818                 and     byte ptr [si+6], 0Fh
seg000:A81C                 jz      short loc_A81F
seg000:A81E                 retn
seg000:A81F ; ---------------------------------------------------------------------------
seg000:A81F
seg000:A81F loc_A81F:
seg000:A81F                 mov     byte ptr [si+9], 0
seg000:A823                 and     byte ptr [si+4], 1Fh
seg000:A827                 retn
seg000:A827 ; END OF FUNCTION CHUNK FOR Monster_AI
seg000:A828
seg000:A828 ; =============== S U B R O U T I N E =======================================
seg000:A828
seg000:A828
seg000:A828 sub_A828        proc near
seg000:A828                 mov     al, ds:0FF35h
seg000:A82B                 sub     al, [si+2]
seg000:A82E                 jnb     short loc_A832
seg000:A830                 neg     al
seg000:A832
seg000:A832 loc_A832:
seg000:A832                 cmp     al, 8
seg000:A834                 mov     al, 0FFh
seg000:A836                 jb      short loc_A839
seg000:A838                 retn
seg000:A839 ; ---------------------------------------------------------------------------
seg000:A839
seg000:A839 loc_A839:
seg000:A839                 cmp     byte ptr [si+3], 11h
seg000:A83D                 jnb     short loc_A84B
seg000:A83F                 mov     al, 80h
seg000:A841                 test    byte ptr [si+5], 80h
seg000:A845                 stc
seg000:A846                 jz      short loc_A849
seg000:A848                 retn
seg000:A849 ; ---------------------------------------------------------------------------
seg000:A849
seg000:A849 loc_A849:
seg000:A849                 clc
seg000:A84A                 retn
seg000:A84B ; ---------------------------------------------------------------------------
seg000:A84B
seg000:A84B loc_A84B:
seg000:A84B                 xor     al, al
seg000:A84D                 test    byte ptr [si+5], 80h
seg000:A851                 stc
seg000:A852                 jnz     short loc_A855
seg000:A854                 retn
seg000:A855 ; ---------------------------------------------------------------------------
seg000:A855
seg000:A855 loc_A855:
seg000:A855                 clc
seg000:A856                 retn
seg000:A856 sub_A828        endp
seg000:A856
seg000:A857 ; ---------------------------------------------------------------------------
seg000:A857 ; START OF FUNCTION CHUNK FOR Monster_AI
seg000:A857
seg000:A857 loc_A857:                               ; jumptable 0000A403 case 3
seg000:A857                 test    byte ptr [si+8], 0FFh
seg000:A85B                 jnz     short loc_A861
seg000:A85D                 mov     byte ptr [si+8], 8
seg000:A861
seg000:A861 loc_A861:
seg000:A861                 test    byte ptr [si+5], 20h
seg000:A865                 jz      short loc_A86C
seg000:A867                 jmp     word ptr cs:6034h
seg000:A86C ; ---------------------------------------------------------------------------
seg000:A86C
seg000:A86C loc_A86C:
seg000:A86C                 test    byte ptr [si+9], 1
seg000:A870                 jnz     short loc_A8C3
seg000:A872                 call    word ptr cs:6014h
seg000:A877                 jb      short loc_A87A
seg000:A879                 retn
seg000:A87A ; ---------------------------------------------------------------------------
seg000:A87A
seg000:A87A loc_A87A:
seg000:A87A                 call    sub_A828
seg000:A87D                 jb      short loc_A8BA
seg000:A87F                 add     byte ptr [si+6], 80h
seg000:A883                 jb      short loc_A886
seg000:A885                 retn
seg000:A886 ; ---------------------------------------------------------------------------
seg000:A886
seg000:A886 loc_A886:
seg000:A886                 inc     byte ptr [si+6]
seg000:A889                 and     byte ptr [si+6], 0F3h
seg000:A88D                 test    byte ptr [si+5], 80h
seg000:A891                 jnz     short loc_A8A0
seg000:A893                 call    word ptr cs:6010h
seg000:A898                 jnb     short loc_A8AB
seg000:A89A                 xor     byte ptr [si+5], 80h
seg000:A89E                 jmp     short loc_A8AB
seg000:A8A0 ; ---------------------------------------------------------------------------
seg000:A8A0
seg000:A8A0 loc_A8A0:
seg000:A8A0                 call    word ptr cs:6008h
seg000:A8A5                 jnb     short loc_A8AB
seg000:A8A7                 xor     byte ptr [si+5], 80h
seg000:A8AB
seg000:A8AB loc_A8AB:
seg000:A8AB                 dec     byte ptr [si+0Ah]
seg000:A8AE                 test    byte ptr [si+0Ah], 0Fh
seg000:A8B2                 jz      short loc_A8B5
seg000:A8B4                 retn
seg000:A8B5 ; ---------------------------------------------------------------------------
seg000:A8B5
seg000:A8B5 loc_A8B5:
seg000:A8B5                 xor     byte ptr [si+5], 80h
seg000:A8B9                 retn
seg000:A8BA ; ---------------------------------------------------------------------------
seg000:A8BA
seg000:A8BA loc_A8BA:
seg000:A8BA                 mov     byte ptr [si+9], 1
seg000:A8BE                 mov     byte ptr [si+0Ah], 0
seg000:A8C2                 retn
seg000:A8C3 ; ---------------------------------------------------------------------------
seg000:A8C3
seg000:A8C3 loc_A8C3:
seg000:A8C3                 test    byte ptr [si+9], 2
seg000:A8C7                 jnz     short loc_A934
seg000:A8C9                 call    sub_A828
seg000:A8CC                 cmp     al, 0FFh
seg000:A8CE                 jz      short loc_A914
seg000:A8D0                 mov     byte ptr [si+6], 4
seg000:A8D4                 test    byte ptr [si+5], 80h
seg000:A8D8                 jnz     short loc_A8ED
seg000:A8DA                 call    word ptr cs:6010h
seg000:A8DF                 call    word ptr cs:6010h
seg000:A8E4                 jnb     short loc_A8FE
seg000:A8E6                 call    sub_A947
seg000:A8E9                 jb      short sub_A927
seg000:A8EB                 jmp     short loc_A8FE
seg000:A8ED ; ---------------------------------------------------------------------------
seg000:A8ED
seg000:A8ED loc_A8ED:
seg000:A8ED                 call    word ptr cs:6008h
seg000:A8F2                 call    word ptr cs:6008h
seg000:A8F7                 jnb     short loc_A8FE
seg000:A8F9                 call    sub_A947
seg000:A8FC                 jb      short sub_A927
seg000:A8FE
seg000:A8FE loc_A8FE:
seg000:A8FE                 inc     byte ptr [si+0Ah]
seg000:A901                 mov     al, [si+0Ah]
seg000:A904                 and     al, 0Fh
seg000:A906                 inc     al
seg000:A908                 jnz     short loc_A90D
seg000:A90A                 call    sub_A927
seg000:A90D
seg000:A90D loc_A90D:
seg000:A90D                 test    byte ptr [si+0Ah], 1Fh
seg000:A911                 jz      short loc_A914
seg000:A913                 retn
seg000:A914 ; ---------------------------------------------------------------------------
seg000:A914
seg000:A914 loc_A914:
seg000:A914                 call    sub_A828
seg000:A917                 jnb     short loc_A91A
seg000:A919                 retn
seg000:A91A ; ---------------------------------------------------------------------------
seg000:A91A
seg000:A91A loc_A91A:
seg000:A91A                 mov     byte ptr [si+6], 0
seg000:A91E                 mov     byte ptr [si+9], 0
seg000:A922                 mov     byte ptr [si+0Ah], 0
seg000:A926                 retn
seg000:A926 ; END OF FUNCTION CHUNK FOR Monster_AI
seg000:A927
seg000:A927 ; =============== S U B R O U T I N E =======================================
seg000:A927
seg000:A927
seg000:A927 sub_A927        proc near
seg000:A927                 or      byte ptr [si+9], 2
seg000:A92B                 xor     byte ptr [si+5], 80h
seg000:A92F                 mov     byte ptr [si+6], 5
seg000:A933                 retn
seg000:A933 sub_A927        endp
seg000:A933
seg000:A934 ; ---------------------------------------------------------------------------
seg000:A934 ; START OF FUNCTION CHUNK FOR Monster_AI
seg000:A934
seg000:A934 loc_A934:
seg000:A934                 inc     byte ptr [si+6]
seg000:A937                 test    byte ptr [si+6], 7
seg000:A93B                 jz      short loc_A93E
seg000:A93D                 retn
seg000:A93E ; ---------------------------------------------------------------------------
seg000:A93E
seg000:A93E loc_A93E:
seg000:A93E                 and     byte ptr [si+9], 0FDh
seg000:A942                 mov     byte ptr [si+6], 4
seg000:A946                 retn
seg000:A946 ; END OF FUNCTION CHUNK FOR Monster_AI
seg000:A947
seg000:A947 ; =============== S U B R O U T I N E =======================================
seg000:A947
seg000:A947
seg000:A947 sub_A947        proc near
seg000:A947                 test    byte ptr [si+9], 4
seg000:A94B                 jnz     short loc_A952
seg000:A94D                 jmp     word ptr cs:6014h
seg000:A952 ; ---------------------------------------------------------------------------
seg000:A952
seg000:A952 loc_A952:
seg000:A952                 call    word ptr cs:600Ch
seg000:A957                 jb      short loc_A95A
seg000:A959                 retn
seg000:A95A ; ---------------------------------------------------------------------------
seg000:A95A
seg000:A95A loc_A95A:
seg000:A95A                 or      byte ptr [si+9], 4
seg000:A95E                 retn
seg000:A95E sub_A947        endp
seg000:A95E
seg000:A95F ; ---------------------------------------------------------------------------
seg000:A95F ; START OF FUNCTION CHUNK FOR Monster_AI
seg000:A95F
seg000:A95F loc_A95F:                               ; jumptable 0000A403 case 4
seg000:A95F                 or      byte ptr [si+4], 20h
seg000:A963                 test    byte ptr [si+9], 2
seg000:A967                 jnz     short loc_A9B4
seg000:A969                 test    byte ptr [si+9], 1
seg000:A96D                 jnz     short loc_A98C
seg000:A96F                 cmp     byte ptr [si+3], 8
seg000:A973                 jnb     short loc_A976
seg000:A975                 retn
seg000:A976 ; ---------------------------------------------------------------------------
seg000:A976
seg000:A976 loc_A976:
seg000:A976                 cmp     byte ptr [si+3], 13h
seg000:A97A                 jb      short loc_A97D
seg000:A97C                 retn
seg000:A97D ; ---------------------------------------------------------------------------
seg000:A97D
seg000:A97D loc_A97D:
seg000:A97D                 call    word ptr cs:11Ah
seg000:A982                 and     al, 3
seg000:A984                 jz      short loc_A987
seg000:A986                 retn
seg000:A987 ; ---------------------------------------------------------------------------
seg000:A987
seg000:A987 loc_A987:
seg000:A987                 or      byte ptr [si+9], 1
seg000:A98B                 retn
seg000:A98C ; ---------------------------------------------------------------------------
seg000:A98C
seg000:A98C loc_A98C:
seg000:A98C                 call    word ptr cs:6014h
seg000:A991                 jb      short loc_A994
seg000:A993                 retn
seg000:A994 ; ---------------------------------------------------------------------------
seg000:A994
seg000:A994 loc_A994:
seg000:A994                 or      byte ptr [si+9], 2
seg000:A998                 mov     byte ptr [si+6], 1
seg000:A99C                 mov     ah, ds:82h
seg000:A9A0                 dec     ah
seg000:A9A2                 mov     al, [si+2]
seg000:A9A5                 sub     al, ah
seg000:A9A7                 and     al, 3Fh
seg000:A9A9                 cmp     al, 13h
seg000:A9AB                 jb      short loc_A9AE
seg000:A9AD                 retn
seg000:A9AE ; ---------------------------------------------------------------------------
seg000:A9AE
seg000:A9AE loc_A9AE:
seg000:A9AE                 mov     byte ptr ds:0FF75h, 21h ; '!'
seg000:A9B3                 retn
seg000:A9B4 ; ---------------------------------------------------------------------------
seg000:A9B4
seg000:A9B4 loc_A9B4:
seg000:A9B4                 add     byte ptr [si+6], 80h
seg000:A9B8                 jb      short loc_A9BB
seg000:A9BA                 retn
seg000:A9BB ; ---------------------------------------------------------------------------
seg000:A9BB
seg000:A9BB loc_A9BB:
seg000:A9BB                 inc     byte ptr [si+6]
seg000:A9BE                 and     byte ptr [si+6], 3
seg000:A9C2                 jz      short loc_A9C5
seg000:A9C4                 retn
seg000:A9C5 ; ---------------------------------------------------------------------------
seg000:A9C5
seg000:A9C5 loc_A9C5:
seg000:A9C5                 and     byte ptr [si+7], 0F0h
seg000:A9C9                 or      byte ptr [si+7], 1
seg000:A9CD                 jmp     word ptr cs:6032h
seg000:A9CD ; END OF FUNCTION CHUNK FOR Monster_AI
seg000:A9CD seg000          ends
seg000:A9CD
seg000:A9CD
seg000:A9CD                 end
