seg000:A000 ;
seg000:A000 ; +-------------------------------------------------------------------------+
seg000:A000 ; |      This file was generated by The Interactive Disassembler (IDA)      |
seg000:A000 ; |           Copyright (c) 2026 Hex-Rays, <support@hex-rays.com>           |
seg000:A000 ; |                      License info: 48-2137-ACAB-69                      |
seg000:A000 ; |                             hi@hex-rays.com                             |
seg000:A000 ; +-------------------------------------------------------------------------+
seg000:A000 ;
seg000:A000 ; Input SHA256 : 38D887024B5FA07B7B5B8332A7EEADA1F69154435D0A577E1C6816DC5C26C254
seg000:A000 ; Input MD5    : D49F8676FB0C7CFFC80F302CEED8C90A
seg000:A000 ; Input CRC32  : 5F1ABF26
seg000:A000
seg000:A000 ; File Name   : /home/brox/Projects/zeliard/game/0/eai8.bin
seg000:A000 ; Format      : Binary file
seg000:A000 ; Base Address: 0000h Range: 0000h - 0793h Loaded length: 0793h
seg000:A000
seg000:A000                 .286
seg000:A000                 .model small
seg000:A000
seg000:A000 ; ===========================================================================
seg000:A000
seg000:A000 ; Segment type: Pure code
seg000:A000 seg000          segment byte public 'CODE'
seg000:A000                 assume cs:seg000
seg000:A000                 ;org 0A000h
seg000:A000                 assume es:nothing, ss:nothing, ds:seg000
seg000:A000                 dw offset Monster_AI
seg000:A002                 db    0
seg000:A003                 db    0
seg000:A004                 db    0
seg000:A005                 db    0
seg000:A006                 dw offset death_descriptors
seg000:A008 monster_xp      db 0FFh, 0FFh, 0FFh, 0FFh, 0FFh, 0, 0, 0
seg000:A010 monster_damage  db 0A0h, 0A0h, 3Ch, 50h, 50h, 0, 0, 0
seg000:A018                 db    0
seg000:A019                 db    0
seg000:A01A                 db    0
seg000:A01B                 db    0
seg000:A01C                 db    0
seg000:A01D                 db    0
seg000:A01E                 db    0
seg000:A01F                 db    0
seg000:A020                 db    0
seg000:A021                 db    0
seg000:A022                 db    0
seg000:A023                 db    0
seg000:A024                 db    0
seg000:A025                 db    0
seg000:A026                 db    0
seg000:A027                 db    0
seg000:A028                 db    0
seg000:A029                 db    0
seg000:A02A                 db    0
seg000:A02B                 db    0
seg000:A02C                 db    0
seg000:A02D                 db    0
seg000:A02E                 db    0
seg000:A02F                 db    0
seg000:A030                 dw offset byte_A0B0
seg000:A032                 dw offset byte_A0FB
seg000:A034                 dw offset byte_A146
seg000:A036                 dw offset byte_A1A5
seg000:A038                 dw offset byte_A1E6
seg000:A03A                 dw 0
seg000:A03C                 dw 0
seg000:A03E                 dw 0
seg000:A040                 dw offset byte_A0EC
seg000:A042                 dw offset byte_A137
seg000:A044                 dw offset byte_A196
seg000:A046                 dw offset byte_A1D7
seg000:A048                 dw offset byte_A1FA
seg000:A04A                 dw 0
seg000:A04C                 dw 0
seg000:A04E                 dw 0
seg000:A050                 dw offset byte_A286
seg000:A052                 dw 0
seg000:A054                 dw offset byte_A209
seg000:A056                 dw offset byte_A254
seg000:A058                 dw offset byte_A218
seg000:A05A                 dw offset byte_A22C
seg000:A05C                 dw offset byte_A27C
seg000:A05E                 dw offset byte_A281
seg000:A060                 dw offset byte_A272
seg000:A062                 dw offset byte_A277
seg000:A064                 dw 0
seg000:A066                 dw offset byte_A240
seg000:A068                 dw offset byte_A29A
seg000:A06A                 dw 0
seg000:A06C                 dw 0
seg000:A06E                 dw 0
seg000:A070                 dw offset byte_A0CE
seg000:A072                 dw offset byte_A119
seg000:A074                 dw offset byte_A16E
seg000:A076                 dw offset byte_A1BE
seg000:A078                 dw offset byte_A1E6
seg000:A07A                 dw 0
seg000:A07C                 dw 0
seg000:A07E                 dw 0
seg000:A080                 dw offset byte_A0EC
seg000:A082                 dw offset byte_A137
seg000:A084                 dw offset byte_A196
seg000:A086                 dw offset byte_A1D7
seg000:A088                 dw offset byte_A1FA
seg000:A08A                 dw 0
seg000:A08C                 dw 0
seg000:A08E                 dw 0
seg000:A090                 dw offset byte_A286
seg000:A092                 dw 0
seg000:A094                 dw offset byte_A209
seg000:A096                 dw offset byte_A254
seg000:A098                 dw offset byte_A218
seg000:A09A                 dw offset byte_A22C
seg000:A09C                 dw offset byte_A27C
seg000:A09E                 dw offset byte_A281
seg000:A0A0                 dw offset byte_A272
seg000:A0A2                 dw offset byte_A277
seg000:A0A4                 dw 0
seg000:A0A6                 dw offset byte_A240
seg000:A0A8                 dw offset byte_A29A
seg000:A0AA                 db    0
seg000:A0AB                 db    0
seg000:A0AC                 db    0
seg000:A0AD                 db    0
seg000:A0AE                 db    0
seg000:A0AF                 db    0
seg000:A0B0 byte_A0B0       db 0, 1, 2, 3, 4
seg000:A0B5                 db 0, 1, 2, 3, 4
seg000:A0BA                 db 0, 1, 2, 3, 4
seg000:A0BF                 db 0, 1, 2, 11h, 4
seg000:A0C4                 db 0, 1, 2, 16h, 4
seg000:A0C9                 db 0, 1, 2, 1Bh, 4
seg000:A0CE byte_A0CE       db 0, 20h, 21h, 22h, 23h
seg000:A0D3                 db 0, 20h, 21h, 22h, 23h
seg000:A0D8                 db 0, 20h, 21h, 22h, 23h
seg000:A0DD                 db 0, 20h, 21h, 22h, 30h
seg000:A0E2                 db 0, 20h, 21h, 22h, 35h
seg000:A0E7                 db 0, 20h, 21h, 22h, 3Ah
seg000:A0EC byte_A0EC       db 0, 3Fh, 40h, 41h, 42h
seg000:A0F1                 db 2, 47h, 48h, 49h, 4Ah
seg000:A0F6                 db 2, 4Fh, 50h, 51h, 52h
seg000:A0FB byte_A0FB       db 2, 5, 6, 7, 8
seg000:A100                 db 2, 9, 0Ah, 0Bh, 0Ch
seg000:A105                 db 2, 0Dh, 0Eh, 0Fh, 10h
seg000:A10A                 db 2, 12h, 13h, 14h, 15h
seg000:A10F                 db 2, 17h, 18h, 19h, 1Ah
seg000:A114                 db 2, 1Ch, 1Dh, 1Eh, 1Fh
seg000:A119 byte_A119       db 2, 24h, 25h, 26h, 27h
seg000:A11E                 db 2, 28h, 29h, 2Ah, 2Bh
seg000:A123                 db 2, 2Ch, 2Dh, 2Eh, 2Fh
seg000:A128                 db 2, 31h, 32h, 33h, 34h
seg000:A12D                 db 2, 36h, 37h, 38h, 39h
seg000:A132                 db 2, 3Bh, 3Ch, 3Dh, 3Eh
seg000:A137 byte_A137       db 0, 43h, 44h, 45h, 46h
seg000:A13C                 db 2, 4Bh, 4Ch, 4Dh, 4Eh
seg000:A141                 db 2, 53h, 54h, 55h, 56h
seg000:A146 byte_A146       db 0, 57h, 58h, 59h, 5Ah
seg000:A14B                 db 0, 5Bh, 5Ch, 5Dh, 5Eh
seg000:A150                 db 0, 5Fh, 60h, 61h, 62h
seg000:A155                 db 0, 63h, 64h, 65h, 66h
seg000:A15A                 db 0, 57h, 58h, 59h, 5Ah
seg000:A15F                 db 0, 5Bh, 5Ch, 5Dh, 5Eh
seg000:A164                 db 0, 67h, 68h, 69h, 6Ah
seg000:A169                 db 0, 6Bh, 6Ch, 6Dh, 6Eh
seg000:A16E byte_A16E       db 0, 6Fh, 70h, 71h, 72h
seg000:A173                 db 0, 73h, 74h, 75h, 76h
seg000:A178                 db 0, 77h, 78h, 79h, 7Ah
seg000:A17D                 db 0, 7Bh, 7Ch, 7Dh, 7Eh
seg000:A182                 db 0, 6Fh, 70h, 71h, 72h
seg000:A187                 db 0, 73h, 74h, 75h, 76h
seg000:A18C                 db 0, 7Fh, 80h, 81h, 82h
seg000:A191                 db 0, 83h, 84h, 85h, 86h
seg000:A196 byte_A196       db 0, 87h, 88h, 89h, 8Ah
seg000:A19B                 db 0, 8Bh, 8Ch, 8Dh, 8Eh
seg000:A1A0                 db 2, 8Fh, 90h, 91h, 92h
seg000:A1A5 byte_A1A5       db 0, 93h, 94h, 95h, 96h
seg000:A1AA                 db 0, 97h, 98h, 99h, 9Ah
seg000:A1AF                 db 0, 9Bh, 9Ch, 9Dh, 9Eh
seg000:A1B4                 db 0, 0A3h, 0A4h, 95h, 96h
seg000:A1B9                 db 0, 0A5h, 0A6h, 95h, 96h
seg000:A1BE byte_A1BE       db 0, 93h, 94h, 95h, 96h
seg000:A1C3                 db 0, 97h, 98h, 99h, 9Ah
seg000:A1C8                 db 0, 9Bh, 9Ch, 9Dh, 9Eh
seg000:A1CD                 db 0, 9Fh, 0A0h, 95h, 96h
seg000:A1D2                 db 0, 0A1h, 0A2h, 95h, 96h
seg000:A1D7 byte_A1D7       db 0, 0A7h, 0A8h, 95h, 96h
seg000:A1DC                 db 0, 0A9h, 0AAh, 0ABh, 0ACh
seg000:A1E1                 db 0, 0ADh, 0AEh, 0AFh, 0B0h
seg000:A1E6 byte_A1E6       db 2, 0B1h, 0B2h, 0B3h, 0B4h
seg000:A1EB                 db 2, 0B5h, 0B6h, 0B7h, 0B8h
seg000:A1F0                 db 2, 0B9h, 0BAh, 0BBh, 0BCh
seg000:A1F5                 db 2, 0BDh, 0BEh, 0BFh, 0C0h
seg000:A1FA byte_A1FA       db 2, 0C1h, 0C2h, 0C3h, 0C4h
seg000:A1FF                 db 2, 0C5h, 0C6h, 0C7h, 0C8h
seg000:A204                 db 2, 0C9h, 0CAh, 0, 0
seg000:A209 byte_A209       db 1, 0CBh, 0CCh, 0CDh, 0CEh
seg000:A20E                 db 1, 0CFh, 0D0h, 0D1h, 0D2h
seg000:A213                 db 1, 0D3h, 0D4h, 0D5h, 0D6h
seg000:A218 byte_A218       db 0, 0D7h, 0D8h, 0D9h, 0DAh
seg000:A21D                 db 0, 0DBh, 0DCh, 0DDh, 0DEh
seg000:A222                 db 0, 0DFh, 0E0h, 0E1h, 0E2h
seg000:A227                 db 0, 0DBh, 0DCh, 0DDh, 0DEh
seg000:A22C byte_A22C       db 2, 0D7h, 0D8h, 0D9h, 0DAh
seg000:A231                 db 2, 0DBh, 0DCh, 0DDh, 0DEh
seg000:A236                 db 2, 0DFh, 0E0h, 0E1h, 0E2h
seg000:A23B                 db 2, 0DBh, 0DCh, 0DDh, 0DEh
seg000:A240 byte_A240       db 1, 0D7h, 0D8h, 0D9h, 0DAh
seg000:A245                 db 1, 0DBh, 0DCh, 0DDh, 0DEh
seg000:A24A                 db 1, 0DFh, 0E0h, 0E1h, 0E2h
seg000:A24F                 db 1, 0DBh, 0DCh, 0DDh, 0DEh
seg000:A254 byte_A254       db 0, 0E3h, 0E4h, 0E5h, 0E6h
seg000:A259                 db 0, 0E3h, 0E4h, 0E5h, 0E6h
seg000:A25E                 db 0, 0E3h, 0E4h, 0E5h, 0E6h
seg000:A263                 db 0, 0E3h, 0E4h, 0E5h, 0E6h
seg000:A268                 db 0, 0E3h, 0E4h, 0E5h, 0E6h
seg000:A26D                 db 0, 0E3h, 0E4h, 0E5h, 0E6h
seg000:A272 byte_A272       db 0, 0EBh, 0ECh, 0EDh, 0EEh
seg000:A277 byte_A277       db 2, 0EBh, 0ECh, 0EDh, 0EEh
seg000:A27C byte_A27C       db 1, 0E7h, 0E8h, 0E9h, 0EAh
seg000:A281 byte_A281       db 1, 0EFh, 0F0h, 0F1h, 0F2h
seg000:A286 byte_A286       db 2, 0F3h, 0F3h, 0F3h, 0F3h
seg000:A28B                 db 2, 0F4h, 0F4h, 0F5h, 0F5h
seg000:A290                 db 2, 0F6h, 0, 0F3h, 0F7h
seg000:A295                 db 2, 0, 0, 0F7h, 0F8h
seg000:A29A byte_A29A       db 2, 0F9h, 0FAh, 0FBh, 0FCh
seg000:A29F death_descriptors dw offset byte_A2A9
seg000:A2A1                 dw offset byte_A2A9
seg000:A2A3                 dw offset byte_A2AD
seg000:A2A5                 dw offset byte_A2B1
seg000:A2A7                 dw offset byte_A2B5
seg000:A2A9 byte_A2A9       db 11, 11, 11, 11
seg000:A2AD byte_A2AD       db 5, 5, 0, 0
seg000:A2B1 byte_A2B1       db 11, 11, 5, 5
seg000:A2B5 byte_A2B5       db 11, 5, 0, 0
seg000:A2B9
seg000:A2B9 ; =============== S U B R O U T I N E =======================================
seg000:A2B9
seg000:A2B9
seg000:A2B9 Monster_AI      proc near
seg000:A2B9
seg000:A2B9 ; FUNCTION CHUNK AT seg000:A352 SIZE 00000027 BYTES
seg000:A2B9 ; FUNCTION CHUNK AT seg000:A483 SIZE 0000017B BYTES
seg000:A2B9 ; FUNCTION CHUNK AT seg000:A620 SIZE 00000046 BYTES
seg000:A2B9 ; FUNCTION CHUNK AT seg000:A68F SIZE 0000008C BYTES
seg000:A2B9
seg000:A2B9                 mov     bl, [si+4]
seg000:A2BC                 and     bl, 0Fh
seg000:A2BF                 xor     bh, bh
seg000:A2C1                 add     bx, bx          ; switch 5 cases
seg000:A2C3                 jmp     jpt_A2C3[bx]    ; switch jump
seg000:A2C3 ; ---------------------------------------------------------------------------
seg000:A2C7 jpt_A2C3        dw offset loc_A2D2      ; jump table for switch statement
seg000:A2C9                 dw offset locret_A2D1
seg000:A2CB                 dw offset loc_A483
seg000:A2CD                 dw offset loc_A538
seg000:A2CF                 dw offset loc_A68F
seg000:A2D1 ; ---------------------------------------------------------------------------
seg000:A2D1
seg000:A2D1 locret_A2D1:                            ; jumptable 0000A2C3 case 1
seg000:A2D1                 retn
seg000:A2D2 ; ---------------------------------------------------------------------------
seg000:A2D2
seg000:A2D2 loc_A2D2:                               ; jumptable 0000A2C3 case 0
seg000:A2D2                 test    byte ptr [si+8], 0FFh
seg000:A2D6                 jnz     short loc_A2DC
seg000:A2D8                 mov     byte ptr [si+8], 64h ; 'd'
seg000:A2DC
seg000:A2DC loc_A2DC:
seg000:A2DC                 test    byte ptr [si+5], 20h
seg000:A2E0                 jz      short loc_A2E5
seg000:A2E2                 jmp     loc_A365
seg000:A2E5 ; ---------------------------------------------------------------------------
seg000:A2E5
seg000:A2E5 loc_A2E5:
seg000:A2E5                 and     byte ptr [si+15h], 0BFh
seg000:A2E9                 test    byte ptr [si+9], 1
seg000:A2ED                 jnz     short loc_A319
seg000:A2EF                 add     byte ptr [si+6], 80h
seg000:A2F3                 jnb     short loc_A2F8
seg000:A2F5                 call    sub_A343
seg000:A2F8
seg000:A2F8 loc_A2F8:
seg000:A2F8                 mov     byte ptr [si+0Ah], 0
seg000:A2FC                 call    sub_A75D
seg000:A2FF                 jb      short loc_A30E
seg000:A301                 cmp     al, 0FFh
seg000:A303                 jz      short loc_A352
seg000:A305                 and     byte ptr [si+5], 7Fh
seg000:A309                 or      [si+5], al
seg000:A30C                 jmp     short loc_A352
seg000:A30E ; ---------------------------------------------------------------------------
seg000:A30E
seg000:A30E loc_A30E:
seg000:A30E                 cmp     ah, 0Fh
seg000:A311                 jnb     short loc_A352
seg000:A313                 or      byte ptr [si+9], 1
seg000:A317                 jmp     short loc_A352
seg000:A319 ; ---------------------------------------------------------------------------
seg000:A319
seg000:A319 loc_A319:
seg000:A319                 inc     byte ptr [si+0Ah]
seg000:A31C                 mov     al, [si+0Ah]
seg000:A31F                 cmp     al, 10h
seg000:A321                 jz      short loc_A33D
seg000:A323                 test    byte ptr [si+5], 80h
seg000:A327                 jnz     short loc_A333
seg000:A329                 call    sub_A3FE
seg000:A32C                 jb      short loc_A33D
seg000:A32E                 call    sub_A343
seg000:A331                 jmp     short loc_A352
seg000:A333 ; ---------------------------------------------------------------------------
seg000:A333
seg000:A333 loc_A333:
seg000:A333                 call    sub_A379
seg000:A336                 jb      short loc_A33D
seg000:A338                 call    sub_A343
seg000:A33B                 jmp     short loc_A352
seg000:A33D ; ---------------------------------------------------------------------------
seg000:A33D
seg000:A33D loc_A33D:
seg000:A33D                 and     byte ptr [si+9], 0FEh
seg000:A341                 jmp     short loc_A352
seg000:A341 Monster_AI      endp
seg000:A341
seg000:A343
seg000:A343 ; =============== S U B R O U T I N E =======================================
seg000:A343
seg000:A343
seg000:A343 sub_A343        proc near
seg000:A343                 inc     byte ptr [si+6]
seg000:A346                 cmp     byte ptr [si+6], 6
seg000:A34A                 jnb     short loc_A34D
seg000:A34C                 retn
seg000:A34D ; ---------------------------------------------------------------------------
seg000:A34D
seg000:A34D loc_A34D:
seg000:A34D                 mov     byte ptr [si+6], 0
seg000:A351                 retn
seg000:A351 sub_A343        endp
seg000:A351
seg000:A352 ; ---------------------------------------------------------------------------
seg000:A352 ; START OF FUNCTION CHUNK FOR Monster_AI
seg000:A352
seg000:A352 loc_A352:
seg000:A352                 mov     al, [si+6]
seg000:A355                 mov     [si+16h], al
seg000:A358                 mov     al, [si+5]
seg000:A35B                 and     al, 80h
seg000:A35D                 and     byte ptr [si+15h], 7Fh
seg000:A361                 or      [si+15h], al
seg000:A364                 retn
seg000:A365 ; ---------------------------------------------------------------------------
seg000:A365
seg000:A365 loc_A365:
seg000:A365                 mov     al, [si+5]
seg000:A368                 and     al, 0BFh
seg000:A36A                 or      al, 20h
seg000:A36C                 mov     [si+5], al
seg000:A36F                 or      al, 60h
seg000:A371                 mov     [si+15h], al
seg000:A374                 jmp     word ptr cs:6034h
seg000:A374 ; END OF FUNCTION CHUNK FOR Monster_AI
seg000:A379
seg000:A379 ; =============== S U B R O U T I N E =======================================
seg000:A379
seg000:A379
seg000:A379 sub_A379        proc near
seg000:A379                 cmp     byte ptr [si+3], 22h ; '"'
seg000:A37D                 cmc
seg000:A37E                 jnb     short loc_A381
seg000:A380                 retn
seg000:A381 ; ---------------------------------------------------------------------------
seg000:A381
seg000:A381 loc_A381:
seg000:A381                 call    sub_A39F
seg000:A384                 jnb     short loc_A387
seg000:A386                 retn
seg000:A387 ; ---------------------------------------------------------------------------
seg000:A387
seg000:A387 loc_A387:
seg000:A387                 mov     bx, [si]
seg000:A389                 inc     bx
seg000:A38A                 mov     ax, ds:0C002h
seg000:A38D                 sub     ax, bx
seg000:A38F                 jnz     short loc_A392
seg000:A391                 xchg    ax, bx
seg000:A392
seg000:A392 loc_A392:
seg000:A392                 mov     [si], bx
seg000:A394                 mov     [si+10h], bx
seg000:A397                 inc     byte ptr [si+3]
seg000:A39A                 inc     byte ptr [si+13h]
seg000:A39D                 clc
seg000:A39E                 retn
seg000:A39E sub_A379        endp
seg000:A39E
seg000:A39F
seg000:A39F ; =============== S U B R O U T I N E =======================================
seg000:A39F
seg000:A39F
seg000:A39F sub_A39F        proc near
seg000:A39F                 mov     ax, [si+2]
seg000:A3A2                 call    word ptr cs:6028h
seg000:A3A7                 inc     di
seg000:A3A8                 inc     di
seg000:A3A9                 mov     cx, 4
seg000:A3AC
seg000:A3AC loc_A3AC:
seg000:A3AC                 mov     al, [di]
seg000:A3AE                 call    word ptr cs:602Eh
seg000:A3B3                 stc
seg000:A3B4                 jz      short loc_A3B7
seg000:A3B6                 retn
seg000:A3B7 ; ---------------------------------------------------------------------------
seg000:A3B7
seg000:A3B7 loc_A3B7:
seg000:A3B7                 xchg    si, di
seg000:A3B9                 add     si, 36
seg000:A3BC                 call    word ptr cs:602Ah
seg000:A3C1                 xchg    si, di
seg000:A3C3                 loop    loc_A3AC
seg000:A3C5                 xchg    si, di
seg000:A3C7                 sub     si, 36
seg000:A3CA                 call    word ptr cs:602Ch
seg000:A3CF                 mov     al, [si]
seg000:A3D1                 sub     si, 36
seg000:A3D4                 call    word ptr cs:602Ch
seg000:A3D9                 or      al, [si]
seg000:A3DB                 sub     si, 36
seg000:A3DE                 call    word ptr cs:602Ch
seg000:A3E3                 or      al, [si]
seg000:A3E5                 sub     si, 36
seg000:A3E8                 call    word ptr cs:602Ch
seg000:A3ED                 or      al, [si]
seg000:A3EF                 sub     si, 36
seg000:A3F2                 call    word ptr cs:602Ch
seg000:A3F7                 or      al, [si]
seg000:A3F9                 xchg    si, di
seg000:A3FB                 add     al, al
seg000:A3FD                 retn
seg000:A3FD sub_A39F        endp
seg000:A3FD
seg000:A3FE
seg000:A3FE ; =============== S U B R O U T I N E =======================================
seg000:A3FE
seg000:A3FE
seg000:A3FE sub_A3FE        proc near
seg000:A3FE                 cmp     byte ptr [si+3], 2
seg000:A402                 jnb     short loc_A405
seg000:A404                 retn
seg000:A405 ; ---------------------------------------------------------------------------
seg000:A405
seg000:A405 loc_A405:
seg000:A405                 call    sub_A424
seg000:A408                 jnb     short loc_A40B
seg000:A40A                 retn
seg000:A40B ; ---------------------------------------------------------------------------
seg000:A40B
seg000:A40B loc_A40B:
seg000:A40B                 mov     ax, [si]
seg000:A40D                 dec     ax
seg000:A40E                 cmp     ax, 0FFFFh
seg000:A411                 jnz     short loc_A417
seg000:A413                 mov     ax, ds:0C002h
seg000:A416                 dec     ax
seg000:A417
seg000:A417 loc_A417:
seg000:A417                 mov     [si], ax
seg000:A419                 mov     [si+10h], ax
seg000:A41C                 dec     byte ptr [si+3]
seg000:A41F                 dec     byte ptr [si+13h]
seg000:A422                 clc
seg000:A423                 retn
seg000:A423 sub_A3FE        endp
seg000:A423
seg000:A424
seg000:A424 ; =============== S U B R O U T I N E =======================================
seg000:A424
seg000:A424
seg000:A424 sub_A424        proc near
seg000:A424                 mov     ax, [si+2]
seg000:A427                 call    word ptr cs:6028h
seg000:A42C                 dec     di
seg000:A42D                 mov     cx, 4
seg000:A430
seg000:A430 loc_A430:
seg000:A430                 mov     al, [di]
seg000:A432                 call    word ptr cs:602Eh
seg000:A437                 stc
seg000:A438                 jz      short loc_A43B
seg000:A43A                 retn
seg000:A43B ; ---------------------------------------------------------------------------
seg000:A43B
seg000:A43B loc_A43B:
seg000:A43B                 xchg    si, di
seg000:A43D                 add     si, 36
seg000:A440                 call    word ptr cs:602Ah
seg000:A445                 xchg    si, di
seg000:A447                 loop    loc_A430
seg000:A449                 dec     di
seg000:A44A                 xchg    si, di
seg000:A44C                 sub     si, 36
seg000:A44F                 call    word ptr cs:602Ch
seg000:A454                 mov     al, [si]
seg000:A456                 sub     si, 36
seg000:A459                 call    word ptr cs:602Ch
seg000:A45E                 or      al, [si]
seg000:A460                 sub     si, 36
seg000:A463                 call    word ptr cs:602Ch
seg000:A468                 or      al, [si]
seg000:A46A                 sub     si, 36
seg000:A46D                 call    word ptr cs:602Ch
seg000:A472                 or      al, [si]
seg000:A474                 sub     si, 36
seg000:A477                 call    word ptr cs:602Ch
seg000:A47C                 or      al, [si]
seg000:A47E                 xchg    si, di
seg000:A480                 add     al, al
seg000:A482                 retn
seg000:A482 sub_A424        endp
seg000:A482
seg000:A483 ; ---------------------------------------------------------------------------
seg000:A483 ; START OF FUNCTION CHUNK FOR Monster_AI
seg000:A483
seg000:A483 loc_A483:                               ; jumptable 0000A2C3 case 2
seg000:A483                 test    byte ptr [si+8], 0FFh
seg000:A487                 jnz     short loc_A48D
seg000:A489                 mov     byte ptr [si+8], 30h ; '0'
seg000:A48D
seg000:A48D loc_A48D:
seg000:A48D                 test    byte ptr [si+5], 20h
seg000:A491                 jz      short loc_A498
seg000:A493                 jmp     word ptr cs:6034h
seg000:A498 ; ---------------------------------------------------------------------------
seg000:A498
seg000:A498 loc_A498:
seg000:A498                 call    word ptr cs:6014h
seg000:A49D                 jb      short loc_A4A0
seg000:A49F                 retn
seg000:A4A0 ; ---------------------------------------------------------------------------
seg000:A4A0
seg000:A4A0 loc_A4A0:
seg000:A4A0                 test    byte ptr [si+9], 1
seg000:A4A4                 jnz     short loc_A4F0
seg000:A4A6                 call    sub_A75D
seg000:A4A9                 sbb     ah, ah
seg000:A4AB                 neg     ah
seg000:A4AD                 mov     [si+9], ah
seg000:A4B0                 cmp     al, 0FFh
seg000:A4B2                 jz      short loc_A4BB
seg000:A4B4                 and     byte ptr [si+5], 7Fh
seg000:A4B8                 or      [si+5], al
seg000:A4BB
seg000:A4BB loc_A4BB:
seg000:A4BB                 add     byte ptr [si+6], 80h
seg000:A4BF                 jb      short loc_A4C2
seg000:A4C1                 retn
seg000:A4C2 ; ---------------------------------------------------------------------------
seg000:A4C2
seg000:A4C2 loc_A4C2:
seg000:A4C2                 inc     byte ptr [si+6]
seg000:A4C5                 and     byte ptr [si+6], 7
seg000:A4C9                 test    byte ptr [si+5], 80h
seg000:A4CD                 jnz     short loc_A4DB
seg000:A4CF                 call    word ptr cs:6010h
seg000:A4D4                 jb      short loc_A4E7
seg000:A4D6                 and     byte ptr [si+5], 7Fh
seg000:A4DA                 retn
seg000:A4DB ; ---------------------------------------------------------------------------
seg000:A4DB
seg000:A4DB loc_A4DB:
seg000:A4DB                 call    word ptr cs:6008h
seg000:A4E0                 jb      short loc_A4E7
seg000:A4E2                 or      byte ptr [si+5], 80h
seg000:A4E6                 retn
seg000:A4E7 ; ---------------------------------------------------------------------------
seg000:A4E7
seg000:A4E7 loc_A4E7:
seg000:A4E7                 mov     byte ptr [si+9], 0
seg000:A4EB                 xor     byte ptr [si+5], 80h
seg000:A4EF                 retn
seg000:A4F0 ; ---------------------------------------------------------------------------
seg000:A4F0
seg000:A4F0 loc_A4F0:
seg000:A4F0                 dec     byte ptr [si+0Ah]
seg000:A4F3                 test    byte ptr [si+0Ah], 3
seg000:A4F7                 jnz     short loc_A50E
seg000:A4F9                 call    sub_A75D
seg000:A4FC                 sbb     ah, ah
seg000:A4FE                 neg     ah
seg000:A500                 mov     [si+9], ah
seg000:A503                 cmp     al, 0FFh
seg000:A505                 jz      short loc_A50E
seg000:A507                 and     byte ptr [si+5], 7Fh
seg000:A50B                 or      [si+5], al
seg000:A50E
seg000:A50E loc_A50E:
seg000:A50E                 inc     byte ptr [si+6]
seg000:A511                 and     byte ptr [si+6], 7
seg000:A515                 test    byte ptr [si+5], 80h
seg000:A519                 jnz     short loc_A527
seg000:A51B                 call    word ptr cs:6010h
seg000:A520                 jb      short loc_A533
seg000:A522                 and     byte ptr [si+5], 7Fh
seg000:A526                 retn
seg000:A527 ; ---------------------------------------------------------------------------
seg000:A527
seg000:A527 loc_A527:
seg000:A527                 call    word ptr cs:6008h
seg000:A52C                 jb      short loc_A533
seg000:A52E                 or      byte ptr [si+5], 80h
seg000:A532                 retn
seg000:A533 ; ---------------------------------------------------------------------------
seg000:A533
seg000:A533 loc_A533:
seg000:A533                 mov     byte ptr [si+9], 0
seg000:A537                 retn
seg000:A538 ; ---------------------------------------------------------------------------
seg000:A538
seg000:A538 loc_A538:                               ; jumptable 0000A2C3 case 3
seg000:A538                 test    byte ptr [si+8], 0FFh
seg000:A53C                 jnz     short loc_A542
seg000:A53E                 mov     byte ptr [si+8], 40h ; '@'
seg000:A542
seg000:A542 loc_A542:
seg000:A542                 test    byte ptr [si+5], 20h
seg000:A546                 jz      short loc_A54D
seg000:A548                 jmp     word ptr cs:6034h
seg000:A54D ; ---------------------------------------------------------------------------
seg000:A54D
seg000:A54D loc_A54D:
seg000:A54D                 call    word ptr cs:6014h
seg000:A552                 jb      short loc_A555
seg000:A554                 retn
seg000:A555 ; ---------------------------------------------------------------------------
seg000:A555
seg000:A555 loc_A555:
seg000:A555                 test    byte ptr [si+9], 4
seg000:A559                 jz      short loc_A55E
seg000:A55B                 jmp     loc_A620
seg000:A55E ; ---------------------------------------------------------------------------
seg000:A55E
seg000:A55E loc_A55E:
seg000:A55E                 test    byte ptr [si+9], 1
seg000:A562                 jnz     short loc_A587
seg000:A564                 call    sub_A5FE
seg000:A567                 add     byte ptr [si+6], 80h
seg000:A56B                 jb      short loc_A56E
seg000:A56D                 retn
seg000:A56E ; ---------------------------------------------------------------------------
seg000:A56E
seg000:A56E loc_A56E:
seg000:A56E                 call    sub_A680
seg000:A571                 jz      short loc_A574
seg000:A573                 retn
seg000:A574 ; ---------------------------------------------------------------------------
seg000:A574
seg000:A574 loc_A574:
seg000:A574                 call    word ptr cs:11Ah
seg000:A579                 and     al, 3
seg000:A57B                 jz      short loc_A57E
seg000:A57D                 retn
seg000:A57E ; ---------------------------------------------------------------------------
seg000:A57E
seg000:A57E loc_A57E:
seg000:A57E                 mov     byte ptr [si+9], 1
seg000:A582                 mov     byte ptr [si+0Ah], 0
seg000:A586                 retn
seg000:A587 ; ---------------------------------------------------------------------------
seg000:A587
seg000:A587 loc_A587:
seg000:A587                 test    byte ptr [si+9], 2
seg000:A58B                 jnz     short loc_A5F5
seg000:A58D                 call    sub_A680
seg000:A590                 inc     byte ptr [si+0Ah]
seg000:A593                 cmp     byte ptr [si+0Ah], 8
seg000:A597                 jz      short loc_A59A
seg000:A599                 retn
seg000:A59A ; ---------------------------------------------------------------------------
seg000:A59A
seg000:A59A loc_A59A:
seg000:A59A                 or      byte ptr [si+9], 2
seg000:A59E                 call    word ptr cs:11Ah
seg000:A5A3                 or      al, al
seg000:A5A5                 js      short loc_A5CE
seg000:A5A7                 push    si
seg000:A5A8                 mov     ax, [si+2]
seg000:A5AB                 call    word ptr cs:6028h
seg000:A5B0                 xchg    di, si
seg000:A5B2                 add     si, 74
seg000:A5B5                 call    word ptr cs:602Ah
seg000:A5BA                 mov     al, [di]
seg000:A5BC                 call    word ptr cs:602Eh
seg000:A5C1                 pop     si
seg000:A5C2                 jz      short loc_A5C9
seg000:A5C4                 jmp     word ptr cs:6008h
seg000:A5C9 ; ---------------------------------------------------------------------------
seg000:A5C9
seg000:A5C9 loc_A5C9:
seg000:A5C9                 jmp     word ptr cs:6010h
seg000:A5CE ; ---------------------------------------------------------------------------
seg000:A5CE
seg000:A5CE loc_A5CE:
seg000:A5CE                 push    si
seg000:A5CF                 mov     ax, [si+2]
seg000:A5D2                 call    word ptr cs:6028h
seg000:A5D7                 xchg    di, si
seg000:A5D9                 add     si, 71
seg000:A5DC                 call    word ptr cs:602Ah
seg000:A5E1                 mov     al, [di]
seg000:A5E3                 call    word ptr cs:602Eh
seg000:A5E8                 pop     si
seg000:A5E9                 jz      short loc_A5F0
seg000:A5EB                 jmp     word ptr cs:6010h
seg000:A5F0 ; ---------------------------------------------------------------------------
seg000:A5F0
seg000:A5F0 loc_A5F0:
seg000:A5F0                 jmp     word ptr cs:6008h
seg000:A5F5 ; ---------------------------------------------------------------------------
seg000:A5F5
seg000:A5F5 loc_A5F5:
seg000:A5F5                 and     byte ptr [si+9], 0FEh
seg000:A5F9                 mov     byte ptr [si+6], 0
seg000:A5FD                 retn
seg000:A5FD ; END OF FUNCTION CHUNK FOR Monster_AI
seg000:A5FE
seg000:A5FE ; =============== S U B R O U T I N E =======================================
seg000:A5FE
seg000:A5FE
seg000:A5FE sub_A5FE        proc near
seg000:A5FE                 call    sub_A75D
seg000:A601                 cmp     al, 0FFh
seg000:A603                 jnz     short loc_A606
seg000:A605                 retn
seg000:A606 ; ---------------------------------------------------------------------------
seg000:A606
seg000:A606 loc_A606:
seg000:A606                 and     byte ptr [si+5], 7Fh
seg000:A60A                 or      [si+5], al
seg000:A60D                 call    word ptr cs:11Ah
seg000:A612                 and     al, 7
seg000:A614                 jz      short loc_A617
seg000:A616                 retn
seg000:A617 ; ---------------------------------------------------------------------------
seg000:A617
seg000:A617 loc_A617:
seg000:A617                 or      byte ptr [si+9], 4
seg000:A61B                 mov     byte ptr [si+0Ah], 0
seg000:A61F                 retn
seg000:A61F sub_A5FE        endp
seg000:A61F
seg000:A620 ; ---------------------------------------------------------------------------
seg000:A620 ; START OF FUNCTION CHUNK FOR Monster_AI
seg000:A620
seg000:A620 loc_A620:
seg000:A620                 mov     byte ptr [si+6], 3
seg000:A624                 inc     byte ptr [si+0Ah]
seg000:A627                 cmp     byte ptr [si+0Ah], 3
seg000:A62B                 jz      short loc_A62E
seg000:A62D                 retn
seg000:A62E ; ---------------------------------------------------------------------------
seg000:A62E
seg000:A62E loc_A62E:
seg000:A62E                 mov     byte ptr [si+6], 4
seg000:A632                 mov     al, [si+3]
seg000:A635                 mov     byte_A673, al
seg000:A638                 inc     al
seg000:A63A                 mov     byte_A666, al
seg000:A63D                 mov     al, [si+2]
seg000:A640                 and     al, 3Fh
seg000:A642                 mov     byte_A674, al
seg000:A645                 mov     byte_A667, al
seg000:A648                 mov     bx, offset byte_A666
seg000:A64B                 test    byte ptr [si+5], 80h
seg000:A64F                 jnz     short loc_A654
seg000:A651                 mov     bx, offset byte_A673
seg000:A654
seg000:A654 loc_A654:
seg000:A654                 call    word ptr cs:603Ah
seg000:A659                 and     byte ptr [si+9], 0FBh
seg000:A65D                 or      byte ptr [si+9], 2
seg000:A661                 mov     byte ptr [si+0Ah], 0
seg000:A665                 retn
seg000:A665 ; END OF FUNCTION CHUNK FOR Monster_AI
seg000:A665 ; ---------------------------------------------------------------------------
seg000:A666 byte_A666       db 0
seg000:A667 byte_A667       db 0
seg000:A668                 db  2Ah ; *
seg000:A669                 db    0
seg000:A66A                 db  12h
seg000:A66B                 db    0
seg000:A66C                 db  50h ; P
seg000:A66D                 db    0
seg000:A66E                 db    0
seg000:A66F                 db    0
seg000:A670                 db    0
seg000:A671                 db    0
seg000:A672                 db    0
seg000:A673 byte_A673       db 0
seg000:A674 byte_A674       db 0
seg000:A675                 db  2Bh ; +
seg000:A676                 db    0
seg000:A677                 db  12h
seg000:A678                 db    4
seg000:A679                 db    1
seg000:A67A                 db    0
seg000:A67B                 db    0
seg000:A67C                 db    0
seg000:A67D                 db    0
seg000:A67E                 db    0
seg000:A67F                 db    0
seg000:A680
seg000:A680 ; =============== S U B R O U T I N E =======================================
seg000:A680
seg000:A680
seg000:A680 sub_A680        proc near
seg000:A680                 mov     al, [si+6]
seg000:A683                 inc     al
seg000:A685                 cmp     al, 3
seg000:A687                 jb      short loc_A68B
seg000:A689                 xor     al, al
seg000:A68B
seg000:A68B loc_A68B:
seg000:A68B                 mov     [si+6], al
seg000:A68E                 retn
seg000:A68E sub_A680        endp
seg000:A68E
seg000:A68F ; ---------------------------------------------------------------------------
seg000:A68F ; START OF FUNCTION CHUNK FOR Monster_AI
seg000:A68F
seg000:A68F loc_A68F:                               ; jumptable 0000A2C3 case 4
seg000:A68F                 test    byte ptr [si+8], 0FFh
seg000:A693                 jnz     short loc_A699
seg000:A695                 mov     byte ptr [si+8], 60h ; '`'
seg000:A699
seg000:A699 loc_A699:
seg000:A699                 test    byte ptr [si+5], 20h
seg000:A69D                 jz      short loc_A6A4
seg000:A69F                 jmp     word ptr cs:6034h
seg000:A6A4 ; ---------------------------------------------------------------------------
seg000:A6A4
seg000:A6A4 loc_A6A4:
seg000:A6A4                 inc     byte ptr [si+6]
seg000:A6A7                 and     byte ptr [si+6], 3
seg000:A6AB                 add     byte ptr [si+0Ah], 80h
seg000:A6AF                 jb      short loc_A6B2
seg000:A6B1                 retn
seg000:A6B2 ; ---------------------------------------------------------------------------
seg000:A6B2
seg000:A6B2 loc_A6B2:
seg000:A6B2                 call    sub_A72B
seg000:A6B5                 jb      short loc_A6DC
seg000:A6B7                 test    byte ptr [si+9], 70h
seg000:A6BB                 jnz     short loc_A6F0
seg000:A6BD                 cmp     al, 0FFh
seg000:A6BF                 jz      short loc_A6CA
seg000:A6C1                 and     byte ptr [si+5], 7Fh
seg000:A6C5                 or      [si+5], al
seg000:A6C8                 jmp     short loc_A6DC
seg000:A6CA ; ---------------------------------------------------------------------------
seg000:A6CA
seg000:A6CA loc_A6CA:
seg000:A6CA                 call    word ptr cs:11Ah
seg000:A6CF                 add     al, al
seg000:A6D1                 and     al, 80h
seg000:A6D3                 and     byte ptr [si+5], 7Fh
seg000:A6D7                 or      [si+5], al
seg000:A6DA                 jmp     short $+2
seg000:A6DC ; ---------------------------------------------------------------------------
seg000:A6DC
seg000:A6DC loc_A6DC:
seg000:A6DC                 mov     al, ds:0FF35h
seg000:A6DF                 sub     al, [si+2]
seg000:A6E2                 jns     short loc_A6EB
seg000:A6E4                 call    word ptr cs:600Ch
seg000:A6E9                 jmp     short loc_A6F0
seg000:A6EB ; ---------------------------------------------------------------------------
seg000:A6EB
seg000:A6EB loc_A6EB:
seg000:A6EB                 call    word ptr cs:6014h
seg000:A6F0
seg000:A6F0 loc_A6F0:
seg000:A6F0                 add     byte ptr [si+9], 10h
seg000:A6F4                 mov     al, [si+9]
seg000:A6F7                 shr     al, 1
seg000:A6F9                 shr     al, 1
seg000:A6FB                 shr     al, 1
seg000:A6FD                 shr     al, 1
seg000:A6FF                 and     al, 7
seg000:A701                 mov     bx, offset unk_A71B
seg000:A704                 test    byte ptr [si+5], 80h
seg000:A708                 jnz     short loc_A70D
seg000:A70A                 mov     bx, offset unk_A723
seg000:A70D
seg000:A70D loc_A70D:
seg000:A70D                 xlat
seg000:A70E                 call    word ptr cs:6004h
seg000:A713                 jb      short loc_A716
seg000:A715                 retn
seg000:A716 ; ---------------------------------------------------------------------------
seg000:A716
seg000:A716 loc_A716:
seg000:A716                 xor     byte ptr [si+5], 80h
seg000:A71A                 retn
seg000:A71A ; END OF FUNCTION CHUNK FOR Monster_AI
seg000:A71A ; ---------------------------------------------------------------------------
seg000:A71B unk_A71B        db    0
seg000:A71C                 db    0
seg000:A71D                 db    1
seg000:A71E                 db    0
seg000:A71F                 db    0
seg000:A720                 db    0
seg000:A721                 db    7
seg000:A722                 db    0
seg000:A723 unk_A723        db    4
seg000:A724                 db    4
seg000:A725                 db    3
seg000:A726                 db    4
seg000:A727                 db    4
seg000:A728                 db    4
seg000:A729                 db    5
seg000:A72A                 db    4
seg000:A72B
seg000:A72B ; =============== S U B R O U T I N E =======================================
seg000:A72B
seg000:A72B
seg000:A72B sub_A72B        proc near
seg000:A72B                 mov     al, ds:0FF35h
seg000:A72E                 sub     al, [si+2]
seg000:A731                 jns     short loc_A735
seg000:A733                 neg     al
seg000:A735
seg000:A735 loc_A735:
seg000:A735                 cmp     al, 8
seg000:A737                 mov     al, 0FFh
seg000:A739                 jb      short loc_A73C
seg000:A73B                 retn
seg000:A73C ; ---------------------------------------------------------------------------
seg000:A73C
seg000:A73C loc_A73C:
seg000:A73C                 mov     al, 10h
seg000:A73E                 sub     al, [si+3]
seg000:A741                 jb      short loc_A751
seg000:A743                 mov     ah, al
seg000:A745                 mov     al, 80h
seg000:A747                 test    byte ptr [si+5], 80h
seg000:A74B                 stc
seg000:A74C                 jz      short loc_A74F
seg000:A74E                 retn
seg000:A74F ; ---------------------------------------------------------------------------
seg000:A74F
seg000:A74F loc_A74F:
seg000:A74F                 clc
seg000:A750                 retn
seg000:A751 ; ---------------------------------------------------------------------------
seg000:A751
seg000:A751 loc_A751:
seg000:A751                 xor     al, al
seg000:A753                 test    byte ptr [si+5], 80h
seg000:A757                 stc
seg000:A758                 jnz     short loc_A75B
seg000:A75A                 retn
seg000:A75B ; ---------------------------------------------------------------------------
seg000:A75B
seg000:A75B loc_A75B:
seg000:A75B                 clc
seg000:A75C                 retn
seg000:A75C sub_A72B        endp
seg000:A75C
seg000:A75D
seg000:A75D ; =============== S U B R O U T I N E =======================================
seg000:A75D
seg000:A75D
seg000:A75D sub_A75D        proc near
seg000:A75D                 mov     al, ds:0FF35h
seg000:A760                 sub     al, [si+2]
seg000:A763                 jns     short loc_A767
seg000:A765                 neg     al
seg000:A767
seg000:A767 loc_A767:
seg000:A767                 cmp     al, 5
seg000:A769                 mov     al, 0FFh
seg000:A76B                 jb      short loc_A76E
seg000:A76D                 retn
seg000:A76E ; ---------------------------------------------------------------------------
seg000:A76E
seg000:A76E loc_A76E:
seg000:A76E                 mov     al, 11h
seg000:A770                 sub     al, [si+3]
seg000:A773                 jb      short loc_A783
seg000:A775                 mov     ah, al
seg000:A777                 mov     al, 80h
seg000:A779                 test    byte ptr [si+5], 80h
seg000:A77D                 stc
seg000:A77E                 jz      short loc_A781
seg000:A780                 retn
seg000:A781 ; ---------------------------------------------------------------------------
seg000:A781
seg000:A781 loc_A781:
seg000:A781                 clc
seg000:A782                 retn
seg000:A783 ; ---------------------------------------------------------------------------
seg000:A783
seg000:A783 loc_A783:
seg000:A783                 neg     al
seg000:A785                 mov     ah, al
seg000:A787                 xor     al, al
seg000:A789                 test    byte ptr [si+5], 80h
seg000:A78D                 stc
seg000:A78E                 jnz     short loc_A791
seg000:A790                 retn
seg000:A791 ; ---------------------------------------------------------------------------
seg000:A791
seg000:A791 loc_A791:
seg000:A791                 clc
seg000:A792                 retn
seg000:A792 sub_A75D        endp
seg000:A792
seg000:A792 seg000          ends
seg000:A792
seg000:A792
seg000:A792                 end
