seg000:A000 ;
seg000:A000 ; +-------------------------------------------------------------------------+
seg000:A000 ; |      This file was generated by The Interactive Disassembler (IDA)      |
seg000:A000 ; |           Copyright (c) 2026 Hex-Rays, <support@hex-rays.com>           |
seg000:A000 ; |                      License info: 48-2137-ACAB-69                      |
seg000:A000 ; |                             hi@hex-rays.com                             |
seg000:A000 ; +-------------------------------------------------------------------------+
seg000:A000 ;
seg000:A000 ; Input SHA256 : BBD1C3337AAB94000767EAAB8229B868EF97B41C3F829A8295AAB704006A7448
seg000:A000 ; Input MD5    : 137DEB7B5BDEE638AE4B6FBF469BC070
seg000:A000 ; Input CRC32  : 46DF53EB
seg000:A000
seg000:A000 ; File Name   : /home/brox/Projects/zeliard/game/0/lega.bin
seg000:A000 ; Format      : Binary file
seg000:A000 ; Base Address: 0000h Range: 0000h - 0819h Loaded length: 0819h
seg000:A000
seg000:A000                 .286
seg000:A000                 .model small
seg000:A000
seg000:A000 ; ===========================================================================
seg000:A000
seg000:A000 ; Segment type: Pure code
seg000:A000 seg000          segment byte public 'CODE'
seg000:A000                 assume cs:seg000
seg000:A000                 ;org 0A000h
seg000:A000                 assume es:nothing, ss:nothing, ds:seg000
seg000:A000                 dw offset Lega_AI_proc
seg000:A002                 dw offset boss_x
seg000:A004                 db    0
seg000:A005                 db    0
seg000:A006                 db    0
seg000:A007                 db    0
seg000:A008                 db    0
seg000:A009                 db    0
seg000:A00A                 db    0
seg000:A00B                 db    0
seg000:A00C                 db    0
seg000:A00D                 db    0
seg000:A00E                 db    0
seg000:A00F                 db    0
seg000:A010                 db 160, 160, 160, 160, 160, 160, 80, 10, 10, 10, 10, 10, 10, 10, 10, 10
seg000:A020                 db 10, 10, 10, 10, 10, 10, 10, 10, 10, 10, 10, 10, 10, 10, 10, 10
seg000:A030                 dw offset byte_A03E
seg000:A032                 dw offset byte_A08E
seg000:A034                 dw offset byte_A0DE
seg000:A036                 dw offset byte_A12E
seg000:A038                 dw offset byte_A17E
seg000:A03A                 dw offset byte_A1CE
seg000:A03C                 dw offset byte_A205
seg000:A03E byte_A03E       db 2, 0, 0, 0, 3
seg000:A043                 db 2, 0, 0, 4, 0
seg000:A048                 db 2, 0, 0, 0, 5
seg000:A04D                 db 2, 0, 0, 6, 0
seg000:A052                 db 2, 0, 0, 0, 7
seg000:A057                 db 2, 0, 0, 8, 0
seg000:A05C                 db 2, 0, 0ADh, 0, 0AFh
seg000:A061                 db 2, 0AEh, 0, 0B0h, 0
seg000:A066                 db 2, 0B1h, 0B2h, 0B5h, 0B6h
seg000:A06B                 db 2, 0B3h, 0B4h, 0B7h, 0B8h
seg000:A070                 db 2, 0B9h, 0BAh, 39h, 1
seg000:A075                 db 2, 75h, 0AAh, 2, 38h
seg000:A07A                 db 2, 0, 0, 0, 1
seg000:A07F                 db 2, 0, 0, 2, 0
seg000:A084                 db 2, 0, 0, 0, 0BBh
seg000:A089                 db 2, 0, 0, 0BCh, 0
seg000:A08E byte_A08E       db 0, 9, 0Ah, 0Bh, 0Ch
seg000:A093                 db 0, 0Dh, 0Eh, 10h, 11h
seg000:A098                 db 0, 0Eh, 0Fh, 11h, 12h
seg000:A09D                 db 0, 13h, 14h, 15h, 16h
seg000:A0A2                 db 0, 17h, 18h, 19h, 1Ah
seg000:A0A7                 db 0, 19h, 1Ah, 1Ch, 1Dh
seg000:A0AC                 db 0, 1Ah, 1Bh, 1Dh, 1Eh
seg000:A0B1                 db 0, 1Fh, 13h, 20h, 21h
seg000:A0B6                 db 0, 13h, 14h, 21h, 16h
seg000:A0BB                 db 0, 20h, 21h, 22h, 23h
seg000:A0C0                 db 0, 21h, 16h, 23h, 18h
seg000:A0C5                 db 0, 24h, 1Ah, 25h, 1Dh
seg000:A0CA                 db 0, 1Ah, 1Bh, 1Dh, 1Eh
seg000:A0CF                 db 0, 0Dh, 0Eh, 26h, 27h
seg000:A0D4                 db 0, 0Fh, 0, 28h, 29h
seg000:A0D9                 db 0, 2Ah, 2Bh, 2Eh, 2Fh
seg000:A0DE byte_A0DE       db 0, 2Ch, 2Dh, 30h, 31h
seg000:A0E3                 db 0, 32h, 33h, 36h, 37h
seg000:A0E8                 db 0, 34h, 35h, 19h, 1Ah
seg000:A0ED                 db 0, 36h, 37h, 3Ah, 3Bh
seg000:A0F2                 db 0, 19h, 1Ah, 1Ch, 1Dh
seg000:A0F7                 db 0, 1Ah, 0, 1Dh, 1Eh
seg000:A0FC                 db 0, 0Dh, 0Eh, 3Dh, 27h
seg000:A101                 db 0, 3Ch, 3Dh, 3Eh, 3Fh
seg000:A106                 db 0, 3Fh, 40h, 43h, 44h
seg000:A10B                 db 0, 41h, 42h, 45h, 46h
seg000:A110                 db 0, 47h, 48h, 49h, 0
seg000:A115                 db 0, 4Ah, 0Eh, 4Dh, 27h
seg000:A11A                 db 0, 34h, 35h, 58h, 59h
seg000:A11F                 db 0, 4Bh, 4Ch, 4Eh, 4Fh
seg000:A124                 db 0, 50h, 51h, 0, 44h
seg000:A129                 db 0, 58h, 59h, 5Ah, 5Bh
seg000:A12E byte_A12E       db 0, 53h, 54h, 56h, 57h
seg000:A133                 db 0, 4Eh, 4Fh, 54h, 55h
seg000:A138                 db 0, 0, 0, 52h, 53h
seg000:A13D                 db 0, 0Dh, 0Eh, 5Dh, 27h
seg000:A142                 db 0, 0Eh, 0Fh, 27h, 28h
seg000:A147                 db 0, 61h, 2Ch, 6Ah, 6Bh
seg000:A14C                 db 0, 2Ch, 69h, 6Bh, 6Ch
seg000:A151                 db 0, 6Bh, 6Ch, 6Dh, 6Eh
seg000:A156                 db 0, 6Eh, 6Fh, 70h, 71h
seg000:A15B                 db 0, 70h, 71h, 5Ah, 72h
seg000:A160                 db 0, 0, 5Ch, 5Eh, 5Fh
seg000:A165                 db 0, 5Ch, 5Dh, 5Fh, 60h
seg000:A16A                 db 0, 62h, 63h, 65h, 66h
seg000:A16F                 db 0, 64h, 65h, 67h, 68h
seg000:A174                 db 0, 0Dh, 0Eh, 73h, 74h
seg000:A179                 db 0, 0Eh, 0Fh, 74h, 12h
seg000:A17E byte_A17E       db 0, 76h, 77h, 7Ah, 7Bh
seg000:A183                 db 0, 78h, 79h, 7Ch, 7Dh
seg000:A188                 db 0, 17h, 7Ah, 19h, 1Ah
seg000:A18D                 db 0, 19h, 1Ah, 1Ch, 1Dh
seg000:A192                 db 0, 1Ah, 1Bh, 1Dh, 1Eh
seg000:A197                 db 0, 7Eh, 7Fh, 82h, 83h
seg000:A19C                 db 0, 80h, 81h, 84h, 85h
seg000:A1A1                 db 0, 19h, 1Ah, 0A2h, 0A3h
seg000:A1A6                 db 0, 1Ah, 1Bh, 0A3h, 0A4h
seg000:A1AB                 db 0, 7Eh, 7Fh, 0A5h, 83h
seg000:A1B0                 db 0, 0, 0, 0A0h, 0A1h
seg000:A1B5                 db 0, 7Eh, 7Fh, 0ACh, 83h
seg000:A1BA                 db 0, 1Ah, 1Bh, 1Dh, 0ABh
seg000:A1BF                 db 0, 19h, 1Ah, 0A9h, 1Dh
seg000:A1C4                 db 0, 0, 0A6h, 0A7h, 0A8h
seg000:A1C9                 db 0, 86h, 87h, 88h, 89h
seg000:A1CE byte_A1CE       db 0, 8Bh, 8Ch, 8Eh, 8Fh
seg000:A1D3                 db 0, 89h, 8Ah, 8Ch, 8Dh
seg000:A1D8                 db 0, 92h, 93h, 96h, 97h
seg000:A1DD                 db 0, 8Fh, 90h, 93h, 94h
seg000:A1E2                 db 0, 98h, 99h, 1Ah, 9Bh
seg000:A1E7                 db 0, 99h, 9Ah, 9Bh, 9Ch
seg000:A1EC                 db 0, 1Ah, 9Bh, 9Dh, 9Eh
seg000:A1F1                 db 0, 9Bh, 9Ch, 9Eh, 9Fh
seg000:A1F6                 db 0, 91h, 92h, 95h, 96h
seg000:A1FB                 db 0, 17h, 98h, 19h, 1Ah
seg000:A200                 db 0, 19h, 1Ah, 1Ch, 9Dh
seg000:A205 byte_A205       db 2, 0BDh, 0BEh, 0BFh, 0C0h
seg000:A20A                 db 2, 0C1h, 0C2h, 0C3h, 0C4h
seg000:A20F                 db 2, 0C5h, 0C6h, 0C7h, 0C8h
seg000:A214                 db 2, 0C9h, 0CAh, 0CBh, 0CCh
seg000:A219                 db 2, 0CDh, 0CEh, 0CFh, 0D0h
seg000:A21E                 db 2, 0, 0, 0D1h, 0D2h
seg000:A223
seg000:A223 ; =============== S U B R O U T I N E =======================================
seg000:A223
seg000:A223
seg000:A223 Lega_AI_proc    proc near
seg000:A223
seg000:A223 ; FUNCTION CHUNK AT seg000:A44C SIZE 0000006B BYTES
seg000:A223 ; FUNCTION CHUNK AT seg000:A66E SIZE 0000002D BYTES
seg000:A223 ; FUNCTION CHUNK AT seg000:A6A5 SIZE 00000017 BYTES
seg000:A223 ; FUNCTION CHUNK AT seg000:A6C2 SIZE 00000006 BYTES
seg000:A223
seg000:A223                 mov     si, ds:0C010h
seg000:A227                 mov     byte_A7B6, 0
seg000:A22C                 mov     byte_A7B7, 0
seg000:A231
seg000:A231 loc_A231:
seg000:A231                 cmp     word ptr [si], 0FFFFh
seg000:A234                 jz      short loc_A26D
seg000:A236                 mov     ax, [si]
seg000:A238                 call    word ptr cs:6036h
seg000:A23D                 jb      short loc_A264
seg000:A23F                 mov     [si+3], bl
seg000:A242                 mov     ax, [si+2]
seg000:A245                 call    word ptr cs:6028h
seg000:A24A                 mov     bl, byte_A7B6
seg000:A24E                 xor     bh, bh
seg000:A250                 mov     al, [bx+0ED20h]
seg000:A254                 mov     [di], al
seg000:A256                 test    byte ptr [si+5], 40h
seg000:A25A                 jz      short loc_A264
seg000:A25C                 mov     al, [si+5]
seg000:A25F                 and     al, 1Fh
seg000:A261                 mov     byte_A7B7, al
seg000:A264
seg000:A264 loc_A264:
seg000:A264                 inc     byte_A7B6
seg000:A268                 add     si, 10h
seg000:A26B                 jmp     short loc_A231
seg000:A26D ; ---------------------------------------------------------------------------
seg000:A26D
seg000:A26D loc_A26D:
seg000:A26D                 mov     si, ds:0C010h
seg000:A271                 mov     word ptr [si], 0FFFFh
seg000:A275                 test    byte_A7B7, 0FFh
seg000:A27A                 jz      short loc_A2B5
seg000:A27C                 mov     al, byte_A7B7
seg000:A27F                 push    ax
seg000:A280                 call    word ptr cs:6038h
seg000:A285                 mov     bl, ah
seg000:A287                 xor     bh, bh
seg000:A289                 pop     ax
seg000:A28A                 cmp     al, 9
seg000:A28C                 jz      short loc_A29C
seg000:A28E                 cmp     al, 1
seg000:A290                 jnz     short loc_A296
seg000:A292                 add     bx, bx
seg000:A294                 jmp     short loc_A29C
seg000:A296 ; ---------------------------------------------------------------------------
seg000:A296
seg000:A296 loc_A296:
seg000:A296                 shr     bx, 1
seg000:A298                 shr     bx, 1
seg000:A29A                 shr     bx, 1
seg000:A29C
seg000:A29C loc_A29C:
seg000:A29C                 call    sub_A644
seg000:A29F                 mov     byte ptr ds:0FF75h, 47
seg000:A2A4                 cmp     byte ptr boss_x, 2Fh ; '/'
seg000:A2A9                 jnb     short loc_A2B5
seg000:A2AB                 mov     byte_A7BF, 14h
seg000:A2B0                 mov     byte_A7BD, 0FFh
seg000:A2B5
seg000:A2B5 loc_A2B5:
seg000:A2B5                 test    byte ptr ds:0FF2Eh, 0FFh
seg000:A2BA                 jz      short loc_A2BF
seg000:A2BC                 jmp     loc_A66E
seg000:A2BF ; ---------------------------------------------------------------------------
seg000:A2BF
seg000:A2BF loc_A2BF:
seg000:A2BF                 test    byte_A7C0, 0FFh
seg000:A2C4                 jz      short loc_A2C9
seg000:A2C6                 jmp     loc_A3B5
seg000:A2C9 ; ---------------------------------------------------------------------------
seg000:A2C9
seg000:A2C9 loc_A2C9:
seg000:A2C9                 test    byte_A7C2, 0FFh
seg000:A2CE                 jz      short loc_A2DA
seg000:A2D0                 cmp     byte_A7C7, 0Dh
seg000:A2D5                 jnb     short loc_A2DA
seg000:A2D7                 jmp     loc_A35F
seg000:A2DA ; ---------------------------------------------------------------------------
seg000:A2DA
seg000:A2DA loc_A2DA:
seg000:A2DA                 test    byte_A7BD, 0FFh
seg000:A2DF                 jnz     short loc_A316
seg000:A2E1                 mov     byte_A7BF, 3Ch ; '<'
seg000:A2E6                 inc     byte_A7B9
seg000:A2EA                 and     byte_A7B9, 7
seg000:A2EF                 mov     al, byte_A7B9
seg000:A2F2                 push    cs
seg000:A2F3                 pop     es
seg000:A2F4                 assume es:nothing
seg000:A2F4                 mov     di, offset byte_A41F
seg000:A2F7                 mov     cx, 5
seg000:A2FA                 repne scasb
seg000:A2FC                 jnz     short loc_A314
seg000:A2FE                 push    ax
seg000:A2FF                 call    sub_A429
seg000:A302                 sbb     al, al
seg000:A304                 mov     byte_A7BD, al
seg000:A307                 pop     ax
seg000:A308                 cmp     al, 7
seg000:A30A                 jnz     short loc_A314
seg000:A30C                 call    sub_A429
seg000:A30F                 sbb     al, al
seg000:A311                 mov     byte_A7BD, al
seg000:A314
seg000:A314 loc_A314:
seg000:A314                 jmp     short loc_A35F
seg000:A316 ; ---------------------------------------------------------------------------
seg000:A316
seg000:A316 loc_A316:
seg000:A316                 dec     byte_A7BF
seg000:A31A                 jnz     short loc_A323
seg000:A31C                 mov     byte_A7BD, 0
seg000:A321                 jmp     short loc_A35F
seg000:A323 ; ---------------------------------------------------------------------------
seg000:A323
seg000:A323 loc_A323:
seg000:A323                 mov     al, byte_A7B9
seg000:A326                 or      al, al
seg000:A328                 jnz     short loc_A32C
seg000:A32A                 mov     al, 8
seg000:A32C
seg000:A32C loc_A32C:
seg000:A32C                 cmp     al, 6
seg000:A32E                 jnz     short loc_A332
seg000:A330                 sub     al, 2
seg000:A332
seg000:A332 loc_A332:
seg000:A332                 dec     al
seg000:A334                 mov     byte_A7B9, al
seg000:A337                 push    cs
seg000:A338                 pop     es
seg000:A339                 mov     di, offset byte_A424
seg000:A33C                 mov     cx, 5
seg000:A33F                 repne scasb
seg000:A341                 jnz     short loc_A35F
seg000:A343                 push    ax
seg000:A344                 call    sub_A43B
seg000:A347                 cmc
seg000:A348                 sbb     al, al
seg000:A34A                 mov     byte_A7BD, al
seg000:A34D                 pop     ax
seg000:A34E                 cmp     al, 6
seg000:A350                 jz      short loc_A356
seg000:A352                 cmp     al, 3
seg000:A354                 jnz     short loc_A323
seg000:A356
seg000:A356 loc_A356:
seg000:A356                 call    sub_A43B
seg000:A359                 cmc
seg000:A35A                 sbb     al, al
seg000:A35C                 mov     byte_A7BD, al
seg000:A35F
seg000:A35F loc_A35F:
seg000:A35F                 test    byte_A7BD, 0FFh
seg000:A364                 jnz     short loc_A39F
seg000:A366                 cmp     byte_A7B9, 6
seg000:A36B                 jnz     short loc_A39F
seg000:A36D                 call    word ptr cs:11Ah
seg000:A372                 and     al, 1
seg000:A374                 jnz     short loc_A39F
seg000:A376                 test    byte_A7C2, 0FFh
seg000:A37B                 jnz     short loc_A39F
seg000:A37D                 mov     ax, cs:boss_x
seg000:A381                 sub     ax, 14h
seg000:A384                 jb      short loc_A39F
seg000:A386                 mov     byte_A7C0, 0FFh
seg000:A38B                 mov     byte_A7C1, 0
seg000:A390                 mov     byte_A7BE, 0
seg000:A395                 mov     byte_A7B9, 8
seg000:A39A                 mov     byte ptr ds:0FF75h, 48
seg000:A39F
seg000:A39F loc_A39F:
seg000:A39F                 inc     byte_A7BB
seg000:A3A3                 and     byte_A7BB, 3
seg000:A3A8                 mov     al, byte_A7BB
seg000:A3AB                 mov     bx, offset byte_A41B
seg000:A3AE                 xlat
seg000:A3AF                 mov     byte_A7BA, al
seg000:A3B2                 jmp     loc_A44C
seg000:A3B5 ; ---------------------------------------------------------------------------
seg000:A3B5
seg000:A3B5 loc_A3B5:
seg000:A3B5                 inc     byte_A7C1
seg000:A3B9                 mov     bl, byte_A7C1
seg000:A3BD                 dec     bl
seg000:A3BF                 xor     bh, bh
seg000:A3C1                 add     bx, bx          ; switch 3 cases
seg000:A3C3                 jmp     jpt_A3C3[bx]    ; switch jump
seg000:A3C3 ; ---------------------------------------------------------------------------
seg000:A3C7 jpt_A3C3        dw offset loc_A3CD      ; jump table for switch statement
seg000:A3C9                 dw offset loc_A3FE
seg000:A3CB                 dw offset loc_A40A
seg000:A3CD ; ---------------------------------------------------------------------------
seg000:A3CD
seg000:A3CD loc_A3CD:                               ; jumptable 0000A3C3 case 0
seg000:A3CD                 mov     byte_A7BA, 6
seg000:A3D2                 mov     byte_A7B9, 8
seg000:A3D7                 mov     byte_A7C2, 0FFh
seg000:A3DC                 mov     ax, boss_x
seg000:A3DF                 add     ax, 4
seg000:A3E2                 mov     word_A7C3, ax
seg000:A3E5                 mov     al, boss_y
seg000:A3E8                 and     al, 3Fh
seg000:A3EA                 mov     byte_A7C5, al
seg000:A3ED                 mov     byte_A7C6, 0
seg000:A3F2                 mov     byte_A7C7, 0
seg000:A3F7                 mov     byte_A7C8, 0
seg000:A3FC                 jmp     short loc_A44C
seg000:A3FE ; ---------------------------------------------------------------------------
seg000:A3FE
seg000:A3FE loc_A3FE:                               ; jumptable 0000A3C3 case 1
seg000:A3FE                 mov     byte_A7BA, 7
seg000:A403                 mov     byte_A7B9, 6
seg000:A408                 jmp     short loc_A44C
seg000:A40A ; ---------------------------------------------------------------------------
seg000:A40A
seg000:A40A loc_A40A:                               ; jumptable 0000A3C3 case 2
seg000:A40A                 mov     byte_A7BA, 0
seg000:A40F                 mov     byte_A7C0, 0
seg000:A414                 mov     byte_A7B9, 6
seg000:A419                 jmp     short loc_A44C
seg000:A419 Lega_AI_proc    endp ; sp-analysis failed
seg000:A419
seg000:A419 ; ---------------------------------------------------------------------------
seg000:A41B byte_A41B       db 0, 1, 2, 1
seg000:A41F byte_A41F       db 2, 5, 6, 7, 0
seg000:A424 byte_A424       db 1, 3, 6, 7, 7
seg000:A429
seg000:A429 ; =============== S U B R O U T I N E =======================================
seg000:A429
seg000:A429
seg000:A429 sub_A429        proc near
seg000:A429                 mov     ax, boss_x
seg000:A42C                 dec     ax
seg000:A42D                 mov     bx, 0Eh
seg000:A430                 sub     bx, ax
seg000:A432                 mov     boss_x, ax
seg000:A435                 cmc
seg000:A436                 jnb     short loc_A439
seg000:A438                 retn
seg000:A439 ; ---------------------------------------------------------------------------
seg000:A439
seg000:A439 loc_A439:
seg000:A439                 clc
seg000:A43A                 retn
seg000:A43A sub_A429        endp
seg000:A43A
seg000:A43B
seg000:A43B ; =============== S U B R O U T I N E =======================================
seg000:A43B
seg000:A43B
seg000:A43B sub_A43B        proc near
seg000:A43B                 mov     ax, boss_x
seg000:A43E                 inc     ax
seg000:A43F                 mov     bx, 50
seg000:A442                 sub     bx, ax
seg000:A444                 jnb     short loc_A447
seg000:A446                 retn
seg000:A447 ; ---------------------------------------------------------------------------
seg000:A447
seg000:A447 loc_A447:
seg000:A447                 mov     boss_x, ax
seg000:A44A                 clc
seg000:A44B                 retn
seg000:A44B sub_A43B        endp
seg000:A44B
seg000:A44C ; ---------------------------------------------------------------------------
seg000:A44C ; START OF FUNCTION CHUNK FOR Lega_AI_proc
seg000:A44C
seg000:A44C loc_A44C:
seg000:A44C                 push    cs
seg000:A44D                 pop     es
seg000:A44E                 mov     di, offset unk_A7C9
seg000:A451                 mov     cx, 40
seg000:A454                 mov     ax, 0FFFFh
seg000:A457                 rep stosw
seg000:A459                 mov     bl, byte_A7B9
seg000:A45D                 xor     bh, bh
seg000:A45F                 add     bx, bx
seg000:A461                 mov     si, off_A6C8[bx]
seg000:A465                 mov     bp, off_A744[bx]
seg000:A469                 mov     di, offset unk_A7CB
seg000:A46C                 mov     cx, 8
seg000:A46F
seg000:A46F loc_A46F:
seg000:A46F                 push    cx
seg000:A470                 mov     cx, 8
seg000:A473
seg000:A473 loc_A473:
seg000:A473                 rol     byte ptr ds:[bp+0], 1
seg000:A477                 jnb     short loc_A47B
seg000:A479                 movsb
seg000:A47A                 dec     di
seg000:A47B
seg000:A47B loc_A47B:
seg000:A47B                 inc     di
seg000:A47C                 loop    loc_A473
seg000:A47E                 inc     di
seg000:A47F                 inc     di
seg000:A480                 inc     bp
seg000:A481                 pop     cx
seg000:A482                 loop    loc_A46F
seg000:A484                 mov     al, byte_A7BA
seg000:A487                 add     al, al
seg000:A489                 mov     di, offset unk_A7F1
seg000:A48C                 cmp     byte_A7B9, 6
seg000:A491                 jz      short loc_A49A
seg000:A493                 cmp     byte_A7B9, 8
seg000:A498                 jb      short loc_A49B
seg000:A49A
seg000:A49A loc_A49A:
seg000:A49A                 inc     di
seg000:A49B
seg000:A49B loc_A49B:
seg000:A49B                 stosb
seg000:A49C                 add     di, 19
seg000:A49F                 inc     al
seg000:A4A1                 stosb
seg000:A4A2                 mov     byte_A7B6, 0
seg000:A4A7                 mov     ax, boss_x
seg000:A4AA                 mov     si, ds:0C010h
seg000:A4AE                 mov     di, offset unk_A7C9
seg000:A4B1                 mov     cx, 8
seg000:A4B4
seg000:A4B4 loc_A4B4:
seg000:A4B4                 push    cx
seg000:A4B5                 push    di
seg000:A4B6                 push    ax
seg000:A4B6 ; END OF FUNCTION CHUNK FOR Lega_AI_proc
seg000:A4B7                 call    word ptr cs:6036h
seg000:A4BC                 pop     ax
seg000:A4BD                 mov     byte_A7BC, bl
seg000:A4C1                 jb      short loc_A537
seg000:A4C3                 xor     cl, cl
seg000:A4C5
seg000:A4C5 loc_A4C5:
seg000:A4C5                 push    cx
seg000:A4C6                 push    ax
seg000:A4C7                 cmp     byte ptr [di], 0FFh
seg000:A4CA                 jz      short loc_A52D
seg000:A4CC                 mov     [si], ax
seg000:A4CE                 mov     al, boss_y
seg000:A4D1                 add     al, cl
seg000:A4D3                 and     al, 3Fh
seg000:A4D5                 mov     [si+2], al
seg000:A4D8                 mov     al, byte_A7BC
seg000:A4DB                 mov     [si+3], al
seg000:A4DE                 mov     al, [di]
seg000:A4E0                 mov     [si+6], al
seg000:A4E3                 mov     ah, al
seg000:A4E5                 add     al, al
seg000:A4E7                 sbb     al, al
seg000:A4E9                 and     al, 60h
seg000:A4EB                 mov     bl, ah
seg000:A4ED                 shr     bl, 1
seg000:A4EF                 shr     bl, 1
seg000:A4F1                 shr     bl, 1
seg000:A4F3                 shr     bl, 1
seg000:A4F5                 and     bl, 7
seg000:A4F8                 or      al, bl
seg000:A4FA                 mov     [si+4], al
seg000:A4FD                 mov     byte ptr [si+5], 0
seg000:A501                 test    byte_A7B7, 0FFh
seg000:A506                 jz      short loc_A50C
seg000:A508                 or      byte ptr [si+5], 20h
seg000:A50C
seg000:A50C loc_A50C:
seg000:A50C                 push    di
seg000:A50D                 mov     ax, [si+2]
seg000:A510                 call    word ptr cs:6028h
seg000:A515                 mov     bl, byte_A7B6
seg000:A519                 xor     bh, bh
seg000:A51B                 mov     al, bl
seg000:A51D                 or      al, 80h
seg000:A51F                 xchg    al, [di]
seg000:A521                 mov     [bx+0ED20h], al
seg000:A525                 pop     di
seg000:A526                 add     si, 10h
seg000:A529                 inc     byte_A7B6
seg000:A52D
seg000:A52D loc_A52D:
seg000:A52D                 inc     di
seg000:A52E                 pop     ax
seg000:A52F                 pop     cx
seg000:A530                 inc     cl
seg000:A532                 cmp     cl, 0Ah
seg000:A535                 jnz     short loc_A4C5
seg000:A537
seg000:A537 loc_A537:
seg000:A537                 inc     ax
seg000:A538                 pop     di
seg000:A539                 add     di, 0Ah
seg000:A53C                 pop     cx
seg000:A53D                 loop    loc_A541
seg000:A53F                 jmp     short loc_A544
seg000:A541 ; ---------------------------------------------------------------------------
seg000:A541
seg000:A541 loc_A541:
seg000:A541                 jmp     loc_A4B4
seg000:A544 ; ---------------------------------------------------------------------------
seg000:A544
seg000:A544 loc_A544:
seg000:A544                 call    sub_A5FA
seg000:A547                 mov     word ptr [si], 0FFFFh
seg000:A54B                 test    byte_A7C2, 0FFh
seg000:A550                 jnz     short loc_A553
seg000:A552                 retn
seg000:A553 ; ---------------------------------------------------------------------------
seg000:A553
seg000:A553 loc_A553:
seg000:A553                 test    byte_A7C8, 0FFh
seg000:A558                 jnz     short loc_A5C6
seg000:A55A                 cmp     byte ptr word_A7C3, 12h
seg000:A55F                 jnb     short loc_A571
seg000:A561                 mov     byte_A7C8, 0FFh
seg000:A566                 mov     byte_A7C6, 3
seg000:A56B                 mov     byte ptr ds:0FF75h, 50
seg000:A570                 retn
seg000:A571 ; ---------------------------------------------------------------------------
seg000:A571
seg000:A571 loc_A571:
seg000:A571                 mov     bl, byte_A7C7
seg000:A575                 xor     bh, bh
seg000:A577                 add     bx, bx
seg000:A579                 mov     al, byte_A5D8[bx]
seg000:A57D                 add     byte ptr word_A7C3, al
seg000:A581                 mov     al, byte_A5D9[bx]
seg000:A585                 add     byte_A7C5, al
seg000:A589                 cmp     byte_A7C7, 10h
seg000:A58E                 adc     byte_A7C7, 0
seg000:A593                 mov     al, byte_A7C6
seg000:A596                 inc     al
seg000:A598                 cmp     al, 3
seg000:A59A                 jb      short loc_A59E
seg000:A59C                 xor     al, al
seg000:A59E
seg000:A59E loc_A59E:
seg000:A59E                 mov     byte_A7C6, al
seg000:A5A1                 cmp     byte_A7C7, 9
seg000:A5A6                 jnz     short loc_A5AD
seg000:A5A8                 mov     byte ptr ds:0FF75h, 49
seg000:A5AD
seg000:A5AD loc_A5AD:
seg000:A5AD                 cmp     byte_A7C7, 0Ch
seg000:A5B2                 jnz     short loc_A5B9
seg000:A5B4                 mov     byte ptr ds:0FF75h, 49
seg000:A5B9
seg000:A5B9 loc_A5B9:
seg000:A5B9                 cmp     byte_A7C7, 0Fh
seg000:A5BE                 jnz     short locret_A5C5
seg000:A5C0                 mov     byte ptr ds:0FF75h, 49
seg000:A5C5
seg000:A5C5 locret_A5C5:
seg000:A5C5                 retn
seg000:A5C6 ; ---------------------------------------------------------------------------
seg000:A5C6
seg000:A5C6 loc_A5C6:
seg000:A5C6                 inc     byte_A7C6
seg000:A5CA                 cmp     byte_A7C6, 6
seg000:A5CF                 jnb     short loc_A5D2
seg000:A5D1                 retn
seg000:A5D2 ; ---------------------------------------------------------------------------
seg000:A5D2
seg000:A5D2 loc_A5D2:
seg000:A5D2                 mov     byte_A7C2, 0
seg000:A5D7                 retn
seg000:A5D7 ; ---------------------------------------------------------------------------
seg000:A5D8 byte_A5D8       db 0FFh
seg000:A5D9 byte_A5D9       db 0
seg000:A5DA                 db 0FFh
seg000:A5DB                 db    0
seg000:A5DC                 db 0FFh
seg000:A5DD                 db    1
seg000:A5DE                 db    0
seg000:A5DF                 db    2
seg000:A5E0                 db 0FFh
seg000:A5E1                 db    2
seg000:A5E2                 db    0
seg000:A5E3                 db    2
seg000:A5E4                 db 0FFh
seg000:A5E5                 db    2
seg000:A5E6                 db 0FFh
seg000:A5E7                 db 0FEh
seg000:A5E8                 db 0FFh
seg000:A5E9                 db    0
seg000:A5EA                 db 0FFh
seg000:A5EB                 db    2
seg000:A5EC                 db 0FFh
seg000:A5ED                 db 0FFh
seg000:A5EE                 db 0FFh
seg000:A5EF                 db    0
seg000:A5F0                 db 0FFh
seg000:A5F1                 db    1
seg000:A5F2                 db 0FFh
seg000:A5F3                 db    0
seg000:A5F4                 db 0FFh
seg000:A5F5                 db    0
seg000:A5F6                 db 0FFh
seg000:A5F7                 db    0
seg000:A5F8                 db 0FFh
seg000:A5F9                 db    0
seg000:A5FA
seg000:A5FA ; =============== S U B R O U T I N E =======================================
seg000:A5FA
seg000:A5FA
seg000:A5FA sub_A5FA        proc near
seg000:A5FA                 test    byte_A7C2, 0FFh
seg000:A5FF                 jnz     short loc_A602
seg000:A601                 retn
seg000:A602 ; ---------------------------------------------------------------------------
seg000:A602
seg000:A602 loc_A602:
seg000:A602                 mov     ax, word_A7C3
seg000:A605                 push    ax
seg000:A606                 call    word ptr cs:6036h
seg000:A60B                 pop     ax
seg000:A60C                 jnb     short loc_A60F
seg000:A60E                 retn
seg000:A60F ; ---------------------------------------------------------------------------
seg000:A60F
seg000:A60F loc_A60F:
seg000:A60F                 mov     [si], ax
seg000:A611                 mov     al, byte_A7C5
seg000:A614                 mov     [si+2], al
seg000:A617                 mov     [si+3], bl
seg000:A61A                 mov     byte ptr [si+4], 26h ; '&'
seg000:A61E                 mov     byte ptr [si+5], 0
seg000:A622                 mov     al, byte_A7C6
seg000:A625                 mov     [si+6], al
seg000:A628                 mov     ax, [si+2]
seg000:A62B                 call    word ptr cs:6028h
seg000:A630                 mov     bl, byte_A7B6
seg000:A634                 xor     bh, bh
seg000:A636                 mov     al, bl
seg000:A638                 or      al, 80h
seg000:A63A                 xchg    al, [di]
seg000:A63C                 mov     [bx+0ED20h], al
seg000:A640                 add     si, 10h
seg000:A643                 retn
seg000:A643 sub_A5FA        endp
seg000:A643
seg000:A644
seg000:A644 ; =============== S U B R O U T I N E =======================================
seg000:A644
seg000:A644
seg000:A644 sub_A644        proc near
seg000:A644                 mov     ax, boss_hp
seg000:A647                 sub     ax, bx
seg000:A649                 jnb     short loc_A64D
seg000:A64B                 xor     ax, ax
seg000:A64D
seg000:A64D loc_A64D:
seg000:A64D                 mov     boss_hp, ax
seg000:A650                 mov     bx, ax
seg000:A652                 push    ax
seg000:A653                 call    word ptr cs:200Ch
seg000:A658                 pop     ax
seg000:A659                 or      ax, ax
seg000:A65B                 jz      short loc_A65E
seg000:A65D                 retn
seg000:A65E ; ---------------------------------------------------------------------------
seg000:A65E
seg000:A65E loc_A65E:
seg000:A65E                 mov     byte_A7B8, 0
seg000:A663                 mov     byte_A7C2, 0
seg000:A668                 mov     byte ptr ds:0FF2Eh, 0FFh
seg000:A66D                 retn
seg000:A66D sub_A644        endp
seg000:A66D
seg000:A66E ; ---------------------------------------------------------------------------
seg000:A66E ; START OF FUNCTION CHUNK FOR Lega_AI_proc
seg000:A66E
seg000:A66E loc_A66E:
seg000:A66E                 cmp     byte_A7B8, 40
seg000:A673                 jnb     short loc_A6C2
seg000:A675                 mov     byte ptr ds:0FF2Fh, 0FFh
seg000:A67A                 inc     byte_A7B8
seg000:A67E                 cmp     byte_A7B8, 10
seg000:A683                 jnb     short loc_A6A5
seg000:A685                 mov     al, byte_A7B8
seg000:A688                 mov     bx, offset byte_A69B
seg000:A68B                 xlat
seg000:A68C                 mov     byte_A7B9, al
seg000:A68F                 cmp     al, 3
seg000:A691                 jb      short loc_A698
seg000:A693                 mov     byte ptr ds:0FF75h, 51
seg000:A698
seg000:A698 loc_A698:
seg000:A698                 jmp     loc_A39F
seg000:A698 ; END OF FUNCTION CHUNK FOR Lega_AI_proc
seg000:A698 ; ---------------------------------------------------------------------------
seg000:A69B byte_A69B       db 0, 1, 2, 3, 6, 7, 6, 3, 2, 1
seg000:A6A5 ; ---------------------------------------------------------------------------
seg000:A6A5 ; START OF FUNCTION CHUNK FOR Lega_AI_proc
seg000:A6A5
seg000:A6A5 loc_A6A5:
seg000:A6A5                 mov     ah, byte_A7B8
seg000:A6A9                 mov     al, 6
seg000:A6AB                 cmp     ah, 6
seg000:A6AE                 jnb     short loc_A6B6
seg000:A6B0                 mov     al, ah
seg000:A6B2                 mov     bx, offset byte_A6BC
seg000:A6B5                 xlat
seg000:A6B6
seg000:A6B6 loc_A6B6:
seg000:A6B6                 mov     byte_A7BA, al
seg000:A6B9                 jmp     loc_A44C
seg000:A6B9 ; END OF FUNCTION CHUNK FOR Lega_AI_proc
seg000:A6B9 ; ---------------------------------------------------------------------------
seg000:A6BC byte_A6BC       db 3, 3, 4, 4, 5, 5
seg000:A6C2 ; ---------------------------------------------------------------------------
seg000:A6C2 ; START OF FUNCTION CHUNK FOR Lega_AI_proc
seg000:A6C2
seg000:A6C2 loc_A6C2:
seg000:A6C2                 mov     byte ptr ds:0FF30h, 0FFh
seg000:A6C7                 retn
seg000:A6C7 ; END OF FUNCTION CHUNK FOR Lega_AI_proc
seg000:A6C7 ; ---------------------------------------------------------------------------
seg000:A6C8 off_A6C8        dw offset byte_A6DC
seg000:A6CA                 dw offset byte_A6E3
seg000:A6CC                 dw offset byte_A6EC
seg000:A6CE                 dw offset byte_A6F6
seg000:A6D0                 dw offset byte_A701
seg000:A6D2                 dw offset byte_A70C
seg000:A6D4                 dw offset byte_A718
seg000:A6D6                 dw offset byte_A722
seg000:A6D8                 dw offset byte_A72E
seg000:A6DA                 dw offset byte_A739
seg000:A6DC byte_A6DC       db 11h, 10h, 12h, 13h, 14h, 15h, 16h
seg000:A6E3 byte_A6E3       db 11h, 17h, 19h, 10h, 12h, 18h, 1Ah, 1Bh, 1Ch
seg000:A6EC byte_A6EC       db 1Dh, 1Fh, 21h, 23h, 10h, 1Eh, 20h, 22h, 24h, 25h
seg000:A6F6 byte_A6F6       db 29h, 2Ah, 27h, 26h, 28h, 10h, 1Eh, 20h, 22h, 24h, 25h
seg000:A701 byte_A701       db 32h, 30h, 2Dh, 31h, 2Bh, 2Eh, 10h, 1Eh, 20h, 2Ch, 2Fh
seg000:A70C byte_A70C       db 3Dh, 3Ah, 3Ch, 3Bh, 33h, 10h, 34h, 35h, 36h, 37h, 38h, 39h
seg000:A718 byte_A718       db 42h, 43h, 40h, 44h, 3Eh, 10h, 3Fh, 41h, 45h, 46h
seg000:A722 byte_A722       db 58h, 59h, 5Ah, 4Fh, 50h, 52h, 54h, 56h, 51h, 53h, 55h, 57h
seg000:A72E byte_A72E       db 0CAh, 42h, 47h, 40h, 48h, 3Eh, 10h, 3Fh, 41h, 45h, 46h
seg000:A739 byte_A739       db 0CEh, 42h, 4Dh, 40h, 4Ch, 3Eh, 10h, 3Fh, 41h, 45h, 46h
seg000:A744 off_A744        dw offset byte_A758
seg000:A746                 dw offset byte_A760
seg000:A748                 dw offset byte_A768
seg000:A74A                 dw offset byte_A770
seg000:A74C                 dw offset byte_A778
seg000:A74E                 dw offset byte_A780
seg000:A750                 dw offset byte_A788
seg000:A752                 dw offset byte_A790
seg000:A754                 dw offset byte_A798
seg000:A756                 dw offset byte_A798
seg000:A758 byte_A758       db 0, 0, 0, 0, 20h, 0ABh, 1, 0
seg000:A760 byte_A760       db 0, 0, 0, 0, 2Ch, 0ADh, 1, 0
seg000:A768 byte_A768       db 0, 0, 0, 0, 2Bh, 80h, 2Bh, 1
seg000:A770 byte_A770       db 0, 0, 5, 10h, 28h, 80h, 2Bh, 1
seg000:A778 byte_A778       db 8, 4, 18h, 0, 28h, 80h, 2Bh, 0
seg000:A780 byte_A780       db 0, 2, 14h, 10h, 20h, 0A8h, 0Ch, 3
seg000:A788 byte_A788       db 0, 0, 3, 5, 10h, 55h, 0, 1
seg000:A790 byte_A790       db 0, 0, 0, 0, 0Bh, 0ABh, 53h, 0
seg000:A798 byte_A798       db 1, 0, 3, 5, 10h, 55h, 0, 1
seg000:A7A0 boss_x          dw 38                   ; boss_state_block
seg000:A7A2 boss_y          db 7
seg000:A7A3 boss_hp         dw 640
seg000:A7A5 xp_reward       dw 6000
seg000:A7A7 arena_center_x  db 8
seg000:A7A8 boss_placement  db 0FFh
seg000:A7A9                 dw offset name_screen_x
seg000:A7AB almas_reward    dw 1500
seg000:A7AD name_screen_x   db  11h
seg000:A7AE name_screen_y   db 0BBh
seg000:A7AF                 db    2
seg000:A7B0 aTarso          db 5,'Tarso'
seg000:A7B6 byte_A7B6       db 0
seg000:A7B7 byte_A7B7       db 0
seg000:A7B8 byte_A7B8       db 0
seg000:A7B9 byte_A7B9       db 0
seg000:A7BA byte_A7BA       db 0
seg000:A7BB byte_A7BB       db 0
seg000:A7BC byte_A7BC       db 0
seg000:A7BD byte_A7BD       db 0
seg000:A7BE byte_A7BE       db 0
seg000:A7BF byte_A7BF       db 0
seg000:A7C0 byte_A7C0       db 0
seg000:A7C1 byte_A7C1       db 0
seg000:A7C2 byte_A7C2       db 0
seg000:A7C3 word_A7C3       dw 0
seg000:A7C5 byte_A7C5       db 0
seg000:A7C6 byte_A7C6       db 0
seg000:A7C7 byte_A7C7       db 0
seg000:A7C8 byte_A7C8       db 0
seg000:A7C9 unk_A7C9        db    0
seg000:A7CA                 db    0
seg000:A7CB unk_A7CB        db    0
seg000:A7CC                 db    0
seg000:A7CD                 db    0
seg000:A7CE                 db    0
seg000:A7CF                 db    0
seg000:A7D0                 db    0
seg000:A7D1                 db    0
seg000:A7D2                 db    0
seg000:A7D3                 db    0
seg000:A7D4                 db    0
seg000:A7D5                 db    0
seg000:A7D6                 db    0
seg000:A7D7                 db    0
seg000:A7D8                 db    0
seg000:A7D9                 db    0
seg000:A7DA                 db    0
seg000:A7DB                 db    0
seg000:A7DC                 db    0
seg000:A7DD                 db    0
seg000:A7DE                 db    0
seg000:A7DF                 db    0
seg000:A7E0                 db    0
seg000:A7E1                 db    0
seg000:A7E2                 db    0
seg000:A7E3                 db    0
seg000:A7E4                 db    0
seg000:A7E5                 db    0
seg000:A7E6                 db    0
seg000:A7E7                 db    0
seg000:A7E8                 db    0
seg000:A7E9                 db    0
seg000:A7EA                 db    0
seg000:A7EB                 db    0
seg000:A7EC                 db    0
seg000:A7ED                 db    0
seg000:A7EE                 db    0
seg000:A7EF                 db    0
seg000:A7F0                 db    0
seg000:A7F1 unk_A7F1        db    0
seg000:A7F2                 db    0
seg000:A7F3                 db    0
seg000:A7F4                 db    0
seg000:A7F5                 db    0
seg000:A7F6                 db    0
seg000:A7F7                 db    0
seg000:A7F8                 db    0
seg000:A7F9                 db    0
seg000:A7FA                 db    0
seg000:A7FB                 db    0
seg000:A7FC                 db    0
seg000:A7FD                 db    0
seg000:A7FE                 db    0
seg000:A7FF                 db    0
seg000:A800                 db    0
seg000:A801                 db    0
seg000:A802                 db    0
seg000:A803                 db    0
seg000:A804                 db    0
seg000:A805                 db    0
seg000:A806                 db    0
seg000:A807                 db    0
seg000:A808                 db    0
seg000:A809                 db    0
seg000:A80A                 db    0
seg000:A80B                 db    0
seg000:A80C                 db    0
seg000:A80D                 db    0
seg000:A80E                 db    0
seg000:A80F                 db    0
seg000:A810                 db    0
seg000:A811                 db    0
seg000:A812                 db    0
seg000:A813                 db    0
seg000:A814                 db    0
seg000:A815                 db    0
seg000:A816                 db    0
seg000:A817                 db    0
seg000:A818                 db    0
seg000:A818 seg000          ends
seg000:A818
seg000:A818
seg000:A818                 end
