seg000:A000 ;
seg000:A000 ; +-------------------------------------------------------------------------+
seg000:A000 ; |      This file was generated by The Interactive Disassembler (IDA)      |
seg000:A000 ; |           Copyright (c) 2026 Hex-Rays, <support@hex-rays.com>           |
seg000:A000 ; |                      License info: 48-2137-ACAB-69                      |
seg000:A000 ; |                             hi@hex-rays.com                             |
seg000:A000 ; +-------------------------------------------------------------------------+
seg000:A000 ;
seg000:A000 ; Input SHA256 : 3C65CCB278E995CCFF33017FEDF23EE4ED9420514B49FF2DF884B2ADCF3E9CDF
seg000:A000 ; Input MD5    : 43CDD4A59A0640BFEBBA1CC0D3A06A14
seg000:A000 ; Input CRC32  : 0D15D28D
seg000:A000
seg000:A000 ; File Name   : /home/brox/Projects/zeliard/game/0/mao1.bin
seg000:A000 ; Format      : Binary file
seg000:A000 ; Base Address: 0000h Range: 0000h - 059Dh Loaded length: 059Dh
seg000:A000
seg000:A000                 .286
seg000:A000                 .model small
seg000:A000
seg000:A000 ; ===========================================================================
seg000:A000
seg000:A000 ; Segment type: Pure code
seg000:A000 seg000          segment byte public 'CODE'
seg000:A000                 assume cs:seg000
seg000:A000                 ;org 0A000h
seg000:A000                 assume es:nothing, ss:nothing, ds:seg000
seg000:A000                 dw offset Mao1_AI_proc
seg000:A002                 dw offset boss_x
seg000:A004                 db    0
seg000:A005                 db    0
seg000:A006                 db    0
seg000:A007                 db    0
seg000:A008                 db    0
seg000:A009                 db    0
seg000:A00A                 db    0
seg000:A00B                 db    0
seg000:A00C                 db    0
seg000:A00D                 db    0
seg000:A00E                 db    0
seg000:A00F                 db    0
seg000:A010                 db    0
seg000:A011                 db    0
seg000:A012                 db    0
seg000:A013                 db    0
seg000:A014                 db    0
seg000:A015                 db    0
seg000:A016                 db    0
seg000:A017                 db    0
seg000:A018                 db    0
seg000:A019                 db    0
seg000:A01A                 db    0
seg000:A01B                 db    0
seg000:A01C                 db    0
seg000:A01D                 db    0
seg000:A01E                 db    0
seg000:A01F                 db    0
seg000:A020                 db    0
seg000:A021                 db    0
seg000:A022                 db    0
seg000:A023                 db    0
seg000:A024                 db    0
seg000:A025                 db    0
seg000:A026                 db    0
seg000:A027                 db    0
seg000:A028                 db    0
seg000:A029                 db    0
seg000:A02A                 db    0
seg000:A02B                 db    0
seg000:A02C                 db    0
seg000:A02D                 db    0
seg000:A02E                 db    0
seg000:A02F                 db    0
seg000:A030                 dw offset unk_A03E
seg000:A032                 dw offset unk_A08E
seg000:A034                 dw offset unk_A0DE
seg000:A036                 dw offset unk_A12E
seg000:A038                 dw offset unk_A17E
seg000:A03A                 dw offset unk_A1CE
seg000:A03C                 dw offset unk_A219
seg000:A03E unk_A03E        db    1
seg000:A03F                 db    1
seg000:A040                 db    2
seg000:A041                 db    3
seg000:A042                 db    4
seg000:A043                 db    1
seg000:A044                 db    5
seg000:A045                 db    6
seg000:A046                 db  0Ch
seg000:A047                 db    0
seg000:A048                 db    1
seg000:A049                 db    0
seg000:A04A                 db    0
seg000:A04B                 db  0Ah
seg000:A04C                 db  0Bh
seg000:A04D                 db    1
seg000:A04E                 db    0
seg000:A04F                 db    0
seg000:A050                 db    8
seg000:A051                 db    9
seg000:A052                 db    1
seg000:A053                 db  0Eh
seg000:A054                 db    0
seg000:A055                 db    0
seg000:A056                 db    0
seg000:A057                 db    1
seg000:A058                 db    7
seg000:A059                 db  0Dh
seg000:A05A                 db  0Fh
seg000:A05B                 db  10h
seg000:A05C                 db    1
seg000:A05D                 db    0
seg000:A05E                 db    0
seg000:A05F                 db    1
seg000:A060                 db    2
seg000:A061                 db    1
seg000:A062                 db    3
seg000:A063                 db    4
seg000:A064                 db  11h
seg000:A065                 db  12h
seg000:A066                 db    1
seg000:A067                 db    0
seg000:A068                 db    0
seg000:A069                 db  13h
seg000:A06A                 db    0
seg000:A06B                 db    1
seg000:A06C                 db  18h
seg000:A06D                 db  19h
seg000:A06E                 db  1Eh
seg000:A06F                 db    0
seg000:A070                 db    1
seg000:A071                 db  16h
seg000:A072                 db  17h
seg000:A073                 db  0Ah
seg000:A074                 db  1Dh
seg000:A075                 db    1
seg000:A076                 db    0
seg000:A077                 db  15h
seg000:A078                 db  1Ch
seg000:A079                 db    9
seg000:A07A                 db    1
seg000:A07B                 db  20h
seg000:A07C                 db    0
seg000:A07D                 db    0
seg000:A07E                 db    0
seg000:A07F                 db    1
seg000:A080                 db    0
seg000:A081                 db  14h
seg000:A082                 db  1Ah
seg000:A083                 db  1Bh
seg000:A084                 db    1
seg000:A085                 db    7
seg000:A086                 db  1Fh
seg000:A087                 db  0Fh
seg000:A088                 db  10h
seg000:A089                 db    1
seg000:A08A                 db  28h ; (
seg000:A08B                 db    0
seg000:A08C                 db  2Fh ; /
seg000:A08D                 db  30h ; 0
seg000:A08E unk_A08E        db    1
seg000:A08F                 db  26h ; &
seg000:A090                 db  27h ; '
seg000:A091                 db  2Dh ; -
seg000:A092                 db  2Eh ; .
seg000:A093                 db    1
seg000:A094                 db  13h
seg000:A095                 db    0
seg000:A096                 db  18h
seg000:A097                 db  22h ; "
seg000:A098                 db    1
seg000:A099                 db    1
seg000:A09A                 db    2
seg000:A09B                 db    3
seg000:A09C                 db    4
seg000:A09D                 db    1
seg000:A09E                 db  11h
seg000:A09F                 db  12h
seg000:A0A0                 db  16h
seg000:A0A1                 db  21h ; !
seg000:A0A2                 db    1
seg000:A0A3                 db  24h ; $
seg000:A0A4                 db  25h ; %
seg000:A0A5                 db  2Bh ; +
seg000:A0A6                 db  2Ch ; ,
seg000:A0A7                 db    1
seg000:A0A8                 db  34h ; 4
seg000:A0A9                 db    0
seg000:A0AA                 db    0
seg000:A0AB                 db    0
seg000:A0AC                 db    1
seg000:A0AD                 db    0
seg000:A0AE                 db  23h ; #
seg000:A0AF                 db  29h ; )
seg000:A0B0                 db  2Ah ; *
seg000:A0B1                 db    1
seg000:A0B2                 db  32h ; 2
seg000:A0B3                 db  33h ; 3
seg000:A0B4                 db  35h ; 5
seg000:A0B5                 db  36h ; 6
seg000:A0B6                 db    1
seg000:A0B7                 db    0
seg000:A0B8                 db  31h ; 1
seg000:A0B9                 db    0
seg000:A0BA                 db    0
seg000:A0BB                 db    1
seg000:A0BC                 db    0
seg000:A0BD                 db    0
seg000:A0BE                 db    2
seg000:A0BF                 db    0
seg000:A0C0                 db    1
seg000:A0C1                 db    4
seg000:A0C2                 db    0
seg000:A0C3                 db  39h ; 9
seg000:A0C4                 db  3Ah ; :
seg000:A0C5                 db    1
seg000:A0C6                 db  3Dh ; =
seg000:A0C7                 db  3Eh ; >
seg000:A0C8                 db  3Dh ; =
seg000:A0C9                 db  42h ; B
seg000:A0CA                 db    1
seg000:A0CB                 db  3Dh ; =
seg000:A0CC                 db  45h ; E
seg000:A0CD                 db  48h ; H
seg000:A0CE                 db  49h ; I
seg000:A0CF                 db    1
seg000:A0D0                 db  4Dh ; M
seg000:A0D1                 db  4Eh ; N
seg000:A0D2                 db  52h ; R
seg000:A0D3                 db  53h ; S
seg000:A0D4                 db    1
seg000:A0D5                 db    0
seg000:A0D6                 db    0
seg000:A0D7                 db    0
seg000:A0D8                 db    1
seg000:A0D9                 db    1
seg000:A0DA                 db    0
seg000:A0DB                 db    3
seg000:A0DC                 db  37h ; 7
seg000:A0DD                 db  38h ; 8
seg000:A0DE unk_A0DE        db    1
seg000:A0DF                 db  3Bh ; ;
seg000:A0E0                 db  3Ch ; <
seg000:A0E1                 db  3Fh ; ?
seg000:A0E2                 db  40h ; @
seg000:A0E3                 db    1
seg000:A0E4                 db  43h ; C
seg000:A0E5                 db  44h ; D
seg000:A0E6                 db  46h ; F
seg000:A0E7                 db  47h ; G
seg000:A0E8                 db    1
seg000:A0E9                 db  4Bh ; K
seg000:A0EA                 db  4Ch ; L
seg000:A0EB                 db  50h ; P
seg000:A0EC                 db  51h ; Q
seg000:A0ED                 db    1
seg000:A0EE                 db    0
seg000:A0EF                 db  4Ah ; J
seg000:A0F0                 db    0
seg000:A0F1                 db  4Fh ; O
seg000:A0F2                 db    1
seg000:A0F3                 db    0
seg000:A0F4                 db    3
seg000:A0F5                 db  54h ; T
seg000:A0F6                 db  38h ; 8
seg000:A0F7                 db    1
seg000:A0F8                 db  57h ; W
seg000:A0F9                 db  3Ch ; <
seg000:A0FA                 db  58h ; X
seg000:A0FB                 db  40h ; @
seg000:A0FC                 db    1
seg000:A0FD                 db  59h ; Y
seg000:A0FE                 db  44h ; D
seg000:A0FF                 db  46h ; F
seg000:A100                 db  47h ; G
seg000:A101                 db    1
seg000:A102                 db  55h ; U
seg000:A103                 db  56h ; V
seg000:A104                 db    0
seg000:A105                 db    0
seg000:A106                 db    1
seg000:A107                 db    0
seg000:A108                 db    3
seg000:A109                 db  5Dh ; ]
seg000:A10A                 db  38h ; 8
seg000:A10B                 db    1
seg000:A10C                 db  58h ; X
seg000:A10D                 db  3Ch ; <
seg000:A10E                 db  58h ; X
seg000:A10F                 db  40h ; @
seg000:A110                 db    1
seg000:A111                 db    0
seg000:A112                 db    0
seg000:A113                 db  5Bh ; [
seg000:A114                 db  5Ch ; \
seg000:A115                 db    1
seg000:A116                 db    0
seg000:A117                 db    0
seg000:A118                 db    0
seg000:A119                 db  5Ah ; Z
seg000:A11A                 db    1
seg000:A11B                 db    4
seg000:A11C                 db    0
seg000:A11D                 db  61h ; a
seg000:A11E                 db  3Ah ; :
seg000:A11F                 db    1
seg000:A120                 db  62h ; b
seg000:A121                 db  3Eh ; >
seg000:A122                 db  3Dh ; =
seg000:A123                 db  42h ; B
seg000:A124                 db    1
seg000:A125                 db    0
seg000:A126                 db    3
seg000:A127                 db  5Eh ; ^
seg000:A128                 db  38h ; 8
seg000:A129                 db    1
seg000:A12A                 db  5Fh ; _
seg000:A12B                 db  60h ; `
seg000:A12C                 db  58h ; X
seg000:A12D                 db  40h ; @
seg000:A12E unk_A12E        db    1
seg000:A12F                 db    4
seg000:A130                 db    0
seg000:A131                 db  67h ; g
seg000:A132                 db  68h ; h
seg000:A133                 db    1
seg000:A134                 db    0
seg000:A135                 db    3
seg000:A136                 db  65h ; e
seg000:A137                 db  66h ; f
seg000:A138                 db    1
seg000:A139                 db    0
seg000:A13A                 db    0
seg000:A13B                 db  63h ; c
seg000:A13C                 db  64h ; d
seg000:A13D                 db    1
seg000:A13E                 db  6Ch ; l
seg000:A13F                 db  6Dh ; m
seg000:A140                 db  6Fh ; o
seg000:A141                 db  70h ; p
seg000:A142                 db    1
seg000:A143                 db  6Ah ; j
seg000:A144                 db  6Bh ; k
seg000:A145                 db  69h ; i
seg000:A146                 db  6Eh ; n
seg000:A147                 db    1
seg000:A148                 db    0
seg000:A149                 db  69h ; i
seg000:A14A                 db    0
seg000:A14B                 db    0
seg000:A14C                 db    1
seg000:A14D                 db  71h ; q
seg000:A14E                 db  45h ; E
seg000:A14F                 db  72h ; r
seg000:A150                 db  73h ; s
seg000:A151                 db    1
seg000:A152                 db    0
seg000:A153                 db  69h ; i
seg000:A154                 db    0
seg000:A155                 db  47h ; G
seg000:A156                 db    1
seg000:A157                 db  74h ; t
seg000:A158                 db  75h ; u
seg000:A159                 db  77h ; w
seg000:A15A                 db  78h ; x
seg000:A15B                 db    1
seg000:A15C                 db    0
seg000:A15D                 db  4Ch ; L
seg000:A15E                 db  76h ; v
seg000:A15F                 db  51h ; Q
seg000:A160                 db    1
seg000:A161                 db    4
seg000:A162                 db    0
seg000:A163                 db  83h
seg000:A164                 db  84h
seg000:A165                 db    1
seg000:A166                 db  86h
seg000:A167                 db  87h
seg000:A168                 db  71h ; q
seg000:A169                 db  88h
seg000:A16A                 db    1
seg000:A16B                 db  89h
seg000:A16C                 db  8Ah
seg000:A16D                 db  85h
seg000:A16E                 db  71h ; q
seg000:A16F                 db    1
seg000:A170                 db    0
seg000:A171                 db    0
seg000:A172                 db  8Bh
seg000:A173                 db    0
seg000:A174                 db    1
seg000:A175                 db  8Ch
seg000:A176                 db  8Dh
seg000:A177                 db  77h ; w
seg000:A178                 db  8Eh
seg000:A179                 db    1
seg000:A17A                 db  7Dh ; }
seg000:A17B                 db    3
seg000:A17C                 db  81h
seg000:A17D                 db  82h
seg000:A17E unk_A17E        db    1
seg000:A17F                 db  80h
seg000:A180                 db  71h ; q
seg000:A181                 db  85h
seg000:A182                 db  80h
seg000:A183                 db    1
seg000:A184                 db    0
seg000:A185                 db  85h
seg000:A186                 db    0
seg000:A187                 db  47h ; G
seg000:A188                 db    1
seg000:A189                 db    0
seg000:A18A                 db    0
seg000:A18B                 db  41h ; A
seg000:A18C                 db  79h ; y
seg000:A18D                 db    1
seg000:A18E                 db  7Bh ; {
seg000:A18F                 db  7Ch ; |
seg000:A190                 db  7Fh ; 
seg000:A191                 db  80h
seg000:A192                 db    1
seg000:A193                 db    0
seg000:A194                 db  7Ah ; z
seg000:A195                 db    0
seg000:A196                 db  7Eh ; ~
seg000:A197                 db    1
seg000:A198                 db    0
seg000:A199                 db  85h
seg000:A19A                 db    0
seg000:A19B                 db    0
seg000:A19C                 db    1
seg000:A19D                 db    4
seg000:A19E                 db    0
seg000:A19F                 db 0A7h
seg000:A1A0                 db    0
seg000:A1A1                 db    1
seg000:A1A2                 db 0ACh
seg000:A1A3                 db 0ADh
seg000:A1A4                 db 0B0h
seg000:A1A5                 db 0B1h
seg000:A1A6                 db    1
seg000:A1A7                 db 0B4h
seg000:A1A8                 db    0
seg000:A1A9                 db 0B6h
seg000:A1AA                 db    0
seg000:A1AB                 db    1
seg000:A1AC                 db  8Ch
seg000:A1AD                 db  8Dh
seg000:A1AE                 db  77h ; w
seg000:A1AF                 db  8Eh
seg000:A1B0                 db    1
seg000:A1B1                 db  94h
seg000:A1B2                 db    0
seg000:A1B3                 db  9Ah
seg000:A1B4                 db    1
seg000:A1B5                 db    1
seg000:A1B6                 db 0A0h
seg000:A1B7                 db 0A1h
seg000:A1B8                 db 0A5h
seg000:A1B9                 db 0A6h
seg000:A1BA                 db    1
seg000:A1BB                 db 0AAh
seg000:A1BC                 db 0ABh
seg000:A1BD                 db 0AEh
seg000:A1BE                 db 0AFh
seg000:A1BF                 db    1
seg000:A1C0                 db 0B2h
seg000:A1C1                 db 0B3h
seg000:A1C2                 db    0
seg000:A1C3                 db 0B5h
seg000:A1C4                 db    1
seg000:A1C5                 db    0
seg000:A1C6                 db  4Ch ; L
seg000:A1C7                 db  76h ; v
seg000:A1C8                 db  51h ; Q
seg000:A1C9                 db    1
seg000:A1CA                 db  92h
seg000:A1CB                 db  93h
seg000:A1CC                 db  98h
seg000:A1CD                 db  99h
seg000:A1CE unk_A1CE        db    1
seg000:A1CF                 db  9Eh
seg000:A1D0                 db  9Fh
seg000:A1D1                 db 0A3h
seg000:A1D2                 db 0A4h
seg000:A1D3                 db    1
seg000:A1D4                 db 0A8h
seg000:A1D5                 db 0A9h
seg000:A1D6                 db    0
seg000:A1D7                 db    0
seg000:A1D8                 db    1
seg000:A1D9                 db  90h
seg000:A1DA                 db  91h
seg000:A1DB                 db  96h
seg000:A1DC                 db  97h
seg000:A1DD                 db    1
seg000:A1DE                 db  9Ch
seg000:A1DF                 db  9Dh
seg000:A1E0                 db    0
seg000:A1E1                 db 0A2h
seg000:A1E2                 db    1
seg000:A1E3                 db    0
seg000:A1E4                 db  8Fh
seg000:A1E5                 db    0
seg000:A1E6                 db  95h
seg000:A1E7                 db    1
seg000:A1E8                 db    0
seg000:A1E9                 db  9Bh
seg000:A1EA                 db    0
seg000:A1EB                 db    0
seg000:A1EC                 db    1
seg000:A1ED                 db    0
seg000:A1EE                 db    0
seg000:A1EF                 db 0C4h
seg000:A1F0                 db 0C5h
seg000:A1F1                 db    1
seg000:A1F2                 db    4
seg000:A1F3                 db 0CAh
seg000:A1F4                 db 0CFh
seg000:A1F5                 db 0D0h
seg000:A1F6                 db    1
seg000:A1F7                 db 0ACh
seg000:A1F8                 db 0ADh
seg000:A1F9                 db 0B0h
seg000:A1FA                 db 0B1h
seg000:A1FB                 db    1
seg000:A1FC                 db 0B4h
seg000:A1FD                 db    0
seg000:A1FE                 db 0B6h
seg000:A1FF                 db    0
seg000:A200                 db    1
seg000:A201                 db  8Ch
seg000:A202                 db  8Dh
seg000:A203                 db  77h ; w
seg000:A204                 db  8Eh
seg000:A205                 db    1
seg000:A206                 db 0BCh
seg000:A207                 db 0BDh
seg000:A208                 db 0C2h
seg000:A209                 db 0C3h
seg000:A20A                 db    1
seg000:A20B                 db 0C9h
seg000:A20C                 db    3
seg000:A20D                 db    0
seg000:A20E                 db 0CEh
seg000:A20F                 db    1
seg000:A210                 db    0
seg000:A211                 db 0D1h
seg000:A212                 db    0
seg000:A213                 db 0D2h
seg000:A214                 db    1
seg000:A215                 db    0
seg000:A216                 db 0B3h
seg000:A217                 db    0
seg000:A218                 db 0B5h
seg000:A219 unk_A219        db    1
seg000:A21A                 db    0
seg000:A21B                 db    0
seg000:A21C                 db    0
seg000:A21D                 db 0B8h
seg000:A21E                 db    1
seg000:A21F                 db    0
seg000:A220                 db    0
seg000:A221                 db    0
seg000:A222                 db 0B7h
seg000:A223                 db    1
seg000:A224                 db 0BAh
seg000:A225                 db 0BBh
seg000:A226                 db 0C0h
seg000:A227                 db 0C1h
seg000:A228                 db    1
seg000:A229                 db    0
seg000:A22A                 db 0B9h
seg000:A22B                 db 0BEh
seg000:A22C                 db 0BFh
seg000:A22D                 db    1
seg000:A22E                 db 0C7h
seg000:A22F                 db 0C8h
seg000:A230                 db 0CCh
seg000:A231                 db 0CDh
seg000:A232                 db    1
seg000:A233                 db    0
seg000:A234                 db 0C6h
seg000:A235                 db    0
seg000:A236                 db 0CBh
seg000:A237                 db    1
seg000:A238                 db    0
seg000:A239                 db    0
seg000:A23A                 db    0
seg000:A23B                 db    7
seg000:A23C
seg000:A23C ; =============== S U B R O U T I N E =======================================
seg000:A23C
seg000:A23C
seg000:A23C Mao1_AI_proc    proc near
seg000:A23C                 mov     si, ds:0C010h
seg000:A240                 mov     byte_A599, 0
seg000:A245
seg000:A245 loc_A245:
seg000:A245                 cmp     word ptr [si], 0FFFFh
seg000:A248                 jz      short loc_A273
seg000:A24A                 mov     ax, [si]
seg000:A24C                 call    word ptr cs:6036h
seg000:A251                 jb      short loc_A26A
seg000:A253                 mov     [si+3], bl
seg000:A256                 mov     ax, [si+2]
seg000:A259                 call    word ptr cs:6028h
seg000:A25E                 mov     bl, byte_A599
seg000:A262                 xor     bh, bh
seg000:A264                 mov     al, [bx+0ED20h]
seg000:A268                 mov     [di], al
seg000:A26A
seg000:A26A loc_A26A:
seg000:A26A                 inc     byte_A599
seg000:A26E                 add     si, 10h
seg000:A271                 jmp     short loc_A245
seg000:A273 ; ---------------------------------------------------------------------------
seg000:A273
seg000:A273 loc_A273:
seg000:A273                 mov     si, ds:0C010h
seg000:A277                 mov     word ptr [si], 0FFFFh
seg000:A27B                 inc     byte_A59C
seg000:A27F                 mov     al, byte_A59C
seg000:A282                 mov     bx, offset byte_A3BB
seg000:A285                 xlat
seg000:A286                 or      al, al
seg000:A288                 jns     short loc_A28D
seg000:A28A                 jmp     loc_A350
seg000:A28D ; ---------------------------------------------------------------------------
seg000:A28D
seg000:A28D loc_A28D:
seg000:A28D                 mov     byte_A59B, al
seg000:A290
seg000:A290 loc_A290:
seg000:A290                 mov     al, byte_A59B
seg000:A293                 mov     dx, 10h
seg000:A296                 cmp     al, 3
seg000:A298                 jb      short loc_A29D
seg000:A29A                 mov     dx, 0Dh
seg000:A29D
seg000:A29D loc_A29D:
seg000:A29D                 mov     boss_x, dx
seg000:A2A1                 mov     byte_A599, 0
seg000:A2A6                 mov     bl, byte_A59B
seg000:A2AA                 xor     bh, bh
seg000:A2AC                 add     bx, bx
seg000:A2AE                 mov     di, cs:off_A495[bx]
seg000:A2B3                 mov     bp, cs:off_A52F[bx]
seg000:A2B8                 mov     ax, boss_x
seg000:A2BB                 mov     si, ds:0C010h
seg000:A2BF                 mov     cx, 6
seg000:A2C2
seg000:A2C2 loc_A2C2:
seg000:A2C2                 push    cx
seg000:A2C3                 push    ax
seg000:A2C4                 call    word ptr cs:6036h
seg000:A2C9                 pop     ax
seg000:A2CA                 mov     byte_A59A, bl
seg000:A2CE                 jnb     short loc_A2DE
seg000:A2D0                 mov     cx, 8
seg000:A2D3
seg000:A2D3 loc_A2D3:
seg000:A2D3                 rol     byte ptr ds:[bp+0], 1
seg000:A2D7                 jnb     short loc_A2DA
seg000:A2D9                 inc     di
seg000:A2DA
seg000:A2DA loc_A2DA:
seg000:A2DA                 loop    loc_A2D3
seg000:A2DC                 jmp     short loc_A340
seg000:A2DE ; ---------------------------------------------------------------------------
seg000:A2DE
seg000:A2DE loc_A2DE:
seg000:A2DE                 xor     cl, cl
seg000:A2E0
seg000:A2E0 loc_A2E0:
seg000:A2E0                 push    cx
seg000:A2E1                 push    ax
seg000:A2E2                 rol     byte ptr ds:[bp+0], 1
seg000:A2E6                 jnb     short loc_A337
seg000:A2E8                 mov     [si], ax
seg000:A2EA                 add     cl, cl
seg000:A2EC                 mov     al, boss_y
seg000:A2EF                 add     al, cl
seg000:A2F1                 and     al, 3Fh
seg000:A2F3                 mov     [si+2], al
seg000:A2F6                 mov     al, byte_A59A
seg000:A2F9                 mov     [si+3], al
seg000:A2FC                 mov     al, [di]
seg000:A2FE                 mov     ah, al
seg000:A300                 shr     al, 1
seg000:A302                 shr     al, 1
seg000:A304                 shr     al, 1
seg000:A306                 shr     al, 1
seg000:A308                 mov     [si+4], al
seg000:A30B                 and     ah, 0Fh
seg000:A30E                 mov     [si+6], ah
seg000:A311                 mov     byte ptr [si+5], 0
seg000:A315                 push    di
seg000:A316                 mov     ax, [si+2]
seg000:A319                 call    word ptr cs:6028h
seg000:A31E                 mov     bl, byte_A599
seg000:A322                 xor     bh, bh
seg000:A324                 mov     al, bl
seg000:A326                 or      al, 80h
seg000:A328                 xchg    al, [di]
seg000:A32A                 mov     [bx-12E0h], al
seg000:A32E                 add     si, 10h
seg000:A331                 inc     byte_A599
seg000:A335                 pop     di
seg000:A336                 inc     di
seg000:A337
seg000:A337 loc_A337:
seg000:A337                 pop     ax
seg000:A338                 pop     cx
seg000:A339                 inc     cl
seg000:A33B                 cmp     cl, 8
seg000:A33E                 jnz     short loc_A2E0
seg000:A340
seg000:A340 loc_A340:
seg000:A340                 inc     bp
seg000:A341                 inc     ax
seg000:A342                 inc     ax
seg000:A343                 pop     cx
seg000:A344                 loop    loc_A348
seg000:A346                 jmp     short loc_A34B
seg000:A348 ; ---------------------------------------------------------------------------
seg000:A348
seg000:A348 loc_A348:
seg000:A348                 jmp     loc_A2C2
seg000:A34B ; ---------------------------------------------------------------------------
seg000:A34B
seg000:A34B loc_A34B:
seg000:A34B                 mov     word ptr [si], 0FFFFh
seg000:A34F                 retn
seg000:A350 ; ---------------------------------------------------------------------------
seg000:A350
seg000:A350 loc_A350:
seg000:A350                 mov     dx, offset loc_A290
seg000:A353                 push    dx
seg000:A354                 mov     ah, al
seg000:A356                 and     al, 0F0h
seg000:A358                 cmp     al, 80h
seg000:A35A                 jz      short loc_A376
seg000:A35C                 cmp     al, 0C0h
seg000:A35E                 jz      short loc_A3A2
seg000:A360                 cmp     al, 0E0h
seg000:A362                 jz      short loc_A370
seg000:A364                 cmp     ah, 0FFh
seg000:A367                 jz      short loc_A36A
seg000:A369                 retn
seg000:A36A ; ---------------------------------------------------------------------------
seg000:A36A
seg000:A36A loc_A36A:
seg000:A36A                 mov     byte ptr ds:0E6h, 0
seg000:A36F                 retn
seg000:A370 ; ---------------------------------------------------------------------------
seg000:A370
seg000:A370 loc_A370:
seg000:A370                 mov     byte ptr ds:0FF75h, 38h ; '8'
seg000:A375                 retn
seg000:A376 ; ---------------------------------------------------------------------------
seg000:A376
seg000:A376 loc_A376:
seg000:A376                 and     ah, 0Fh
seg000:A379                 xor     bx, bx
seg000:A37B                 add     ah, ah
seg000:A37D                 mov     bl, ah
seg000:A37F                 mov     dx, off_A442[bx]
seg000:A383                 push    si
seg000:A384                 push    dx
seg000:A385                 mov     bx, 0E1Eh
seg000:A388                 mov     cx, 3410h
seg000:A38B                 mov     al, 0FFh
seg000:A38D                 call    word ptr cs:2000h
seg000:A392                 pop     si
seg000:A393                 lodsw
seg000:A394                 add     ax, 3Ah ; ':'
seg000:A397                 mov     bx, ax
seg000:A399                 mov     cl, 22h ; '"'
seg000:A39B                 call    word ptr cs:202Ah
seg000:A3A0                 pop     si
seg000:A3A1                 retn
seg000:A3A2 ; ---------------------------------------------------------------------------
seg000:A3A2
seg000:A3A2 loc_A3A2:
seg000:A3A2                 mov     al, 0FEh
seg000:A3A4                 push    ds
seg000:A3A5                 pop     es
seg000:A3A6                 assume es:seg000
seg000:A3A6                 mov     di, 0E939h
seg000:A3A9                 mov     cx, 2
seg000:A3AC
seg000:A3AC loc_A3AC:
seg000:A3AC                 push    cx
seg000:A3AD                 push    di
seg000:A3AE                 mov     cx, 26
seg000:A3B1                 rep stosb
seg000:A3B3                 pop     di
seg000:A3B4                 add     di, 28
seg000:A3B7                 pop     cx
seg000:A3B8                 loop    loc_A3AC
seg000:A3BA                 retn
seg000:A3BA Mao1_AI_proc    endp ; sp-analysis failed
seg000:A3BA
seg000:A3BA ; ---------------------------------------------------------------------------
seg000:A3BB byte_A3BB       db 0, 0, 0, 0, 0, 0, 0, 0, 0, 0, 80h, 0, 0, 0, 0
seg000:A3CA                 db 0, 0, 0, 0, 0, 0, 0, 0, 0, 0, 0, 0, 0, 0, 0
seg000:A3D9                 db 0, 0, 0, 0, 0, 0, 0, 0, 0, 0, 0, 0C0h, 0, 1, 1
seg000:A3E8                 db 2, 2, 3, 3, 3, 3, 3, 81h, 3, 3, 3, 3, 3, 3, 3
seg000:A3F7                 db 3, 3, 3, 3, 3, 3, 3, 3, 3, 3, 3, 3, 3, 3, 3
seg000:A406                 db 3, 3, 3, 3, 3, 3, 3, 0C0h, 3, 3, 3, 4, 4, 5, 82h
seg000:A415                 db 5, 5, 5, 5, 5, 5, 5, 5, 5, 5, 5, 5, 5, 5, 5
seg000:A424                 db 5, 5, 5, 5, 5, 5, 5, 5, 5, 5, 5, 5, 5, 5, 5
seg000:A433                 db 0C0h, 5, 5, 6, 6, 7, 0E0h, 8, 8, 9, 9, 0Ah, 0Ah, 0Ah, 0FFh
seg000:A442 off_A442        dw offset unk_A448
seg000:A444                 dw offset unk_A463
seg000:A446                 dw offset unk_A47A
seg000:A448 unk_A448        db    8
seg000:A449                 db    0
seg000:A44A aFinallyYouReac db 'Finally, you reached me.'
seg000:A462                 db 0FFh
seg000:A463 unk_A463        db  18h
seg000:A464                 db    0
seg000:A465 aIEnjoyedYourSh db 'I enjoyed your show.'
seg000:A479                 db 0FFh
seg000:A47A unk_A47A        db    8
seg000:A47B                 db    0
seg000:A47C aComeOnILlKillY db 'Come on!  I\ll kill you.'
seg000:A494                 db 0FFh
seg000:A495 off_A495        dw offset byte_A4AB
seg000:A497                 dw offset byte_A4B1
seg000:A499                 dw offset byte_A4BA
seg000:A49B                 dw offset byte_A4C4
seg000:A49D                 dw offset byte_A4CF
seg000:A49F                 dw offset byte_A4DB
seg000:A4A1                 dw offset byte_A4E8
seg000:A4A3                 dw offset byte_A4F3
seg000:A4A5                 dw offset byte_A4FF
seg000:A4A7                 dw offset byte_A50E
seg000:A4A9                 dw offset byte_A51F
seg000:A4AB byte_A4AB       db 5, 3, 4, 2, 0, 1
seg000:A4B1 byte_A4B1       db 0Dh, 0Eh, 0Bh, 0Ch, 6, 7, 0Ah, 8, 9
seg000:A4BA byte_A4BA       db 18h, 16h, 17h, 12h, 13h, 14h, 15h, 11h, 10h, 0Fh
seg000:A4C4 byte_A4C4       db 23h, 1Eh, 1Fh, 20h, 21h, 22h, 19h, 1Ah, 1Bh, 1Ch, 1Dh
seg000:A4CF byte_A4CF       db 27h, 23h, 1Eh, 24h, 25h, 26h, 22h, 19h, 1Ah, 1Bh, 1Ch, 1Dh
seg000:A4DB byte_A4DB       db 2Bh, 2Ah, 23h, 1Eh, 28h, 29h, 26h, 22h, 19h, 1Ah, 1Bh, 1Ch, 1Dh
seg000:A4E8 byte_A4E8       db 23h, 1Eh, 2Eh, 2Fh, 26h, 22h, 19h, 2Ch, 2Dh, 1Ch, 1Dh
seg000:A4F3 byte_A4F3       db 32h, 35h, 1Eh, 31h, 34h, 37h, 39h, 19h, 30h, 33h, 36h, 38h
seg000:A4FF byte_A4FF       db 44h, 42h, 43h, 45h, 1Eh, 3Fh, 40h, 41h, 39h, 19h, 3Ah, 3Bh, 3Ch, 3Eh, 3Dh
seg000:A50E byte_A50E       db 54h, 55h, 52h, 53h, 4Fh, 50h, 51h, 4Ah, 4Bh, 4Ch, 4Dh, 4Eh, 19h, 46h, 47h, 48h, 49h
seg000:A51F byte_A51F       db 61h, 63h, 65h, 60h, 62h, 64h, 5Bh, 5Ch, 5Dh, 5Eh, 4Eh, 56h, 57h, 58h, 59h, 5Ah
seg000:A52F off_A52F        dw offset byte_A545
seg000:A531                 dw offset byte_A54B
seg000:A533                 dw offset byte_A551
seg000:A535                 dw offset byte_A557
seg000:A537                 dw offset byte_A55D
seg000:A539                 dw offset byte_A563
seg000:A53B                 dw offset byte_A557
seg000:A53D                 dw offset byte_A569
seg000:A53F                 dw offset byte_A56F
seg000:A541                 dw offset byte_A575
seg000:A543                 dw offset byte_A57B
seg000:A545 byte_A545       db 0, 0, 4, 0Ch, 8, 18h
seg000:A54B byte_A54B       db 0, 0, 0Ch, 0Ch, 38h, 18h
seg000:A551 byte_A551       db 0, 4, 0Ch, 3Ch, 18h, 8
seg000:A557 byte_A557       db 0, 0, 4, 7Ch, 7Ch, 0
seg000:A55D byte_A55D       db 0, 0, 14h, 7Ch, 7Ch, 0
seg000:A563 byte_A563       db 0, 20h, 24h, 7Ch, 7Ch, 0
seg000:A569 byte_A569       db 0, 0, 30h, 7Ch, 7Ch, 0
seg000:A56F byte_A56F       db 0, 20h, 70h, 7Ch, 7Ch, 8
seg000:A575 byte_A575       db 60h, 60h, 70h, 7Ch, 7Ch, 0
seg000:A57B byte_A57B       db 0, 0E0h, 0E0h, 7Ch, 7Ch, 0
seg000:A581 boss_x          dw 16
seg000:A583 boss_y          db 1
seg000:A584                 dw 250
seg000:A586                 dw 200
seg000:A588                 db    5
seg000:A589                 db 0FFh
seg000:A58A                 dw offset unk_A58E
seg000:A58C                 db    0
seg000:A58D                 db    0
seg000:A58E unk_A58E        db  11h
seg000:A58F                 db 0BBh
seg000:A590                 db    2
seg000:A591 aJashiin        db 7,'Jashiin'
seg000:A599 byte_A599       db 0
seg000:A59A byte_A59A       db 0
seg000:A59B byte_A59B       db 0
seg000:A59C byte_A59C       db 0
seg000:A59C seg000          ends
seg000:A59C
seg000:A59C
seg000:A59C                 end
