seg000:A000 ;
seg000:A000 ; +-------------------------------------------------------------------------+
seg000:A000 ; |      This file was generated by The Interactive Disassembler (IDA)      |
seg000:A000 ; |           Copyright (c) 2026 Hex-Rays, <support@hex-rays.com>           |
seg000:A000 ; |                      License info: 48-2137-ACAB-69                      |
seg000:A000 ; |                             hi@hex-rays.com                             |
seg000:A000 ; +-------------------------------------------------------------------------+
seg000:A000 ;
seg000:A000 ; Input SHA256 : 82BA9DEDD755EA33E5515F555D4152F0608D1B8C44D95BBF26047281A3EF93FF
seg000:A000 ; Input MD5    : B2DB631B4BC7717B9A2A428E2F9A14F6
seg000:A000 ; Input CRC32  : DF8D22B3
seg000:A000
seg000:A000 ; File Name   : /home/brox/Projects/zeliard/game/0/mao2.bin
seg000:A000 ; Format      : Binary file
seg000:A000 ; Base Address: 0000h Range: 0000h - 0C6Fh Loaded length: 0C6Fh
seg000:A000
seg000:A000                 .286
seg000:A000                 .model small
seg000:A000
seg000:A000 ; ===========================================================================
seg000:A000
seg000:A000 ; Segment type: Pure code
seg000:A000 seg000          segment byte public 'CODE'
seg000:A000                 assume cs:seg000
seg000:A000                 ;org 0A000h
seg000:A000                 assume es:nothing, ss:nothing, ds:seg000
seg000:A000                 dw offset Mao2_AI_proc
seg000:A002                 dw offset boss_x
seg000:A004                 db    0
seg000:A005                 db    0
seg000:A006                 db    0
seg000:A007                 db    0
seg000:A008                 db    0
seg000:A009                 db    0
seg000:A00A                 db    0
seg000:A00B                 db    0
seg000:A00C                 db    0
seg000:A00D                 db    0
seg000:A00E                 db    0
seg000:A00F                 db    0                 ;
seg000:A00F                                         ; A010
seg000:A010                 db 80, 80, 80, 80, 80, 80, 80, 80, 80, 80, 80, 80, 80, 80, 80, 80 ;
seg000:A020                 db 80, 80, 80, 80, 80, 80, 80, 80, 80, 80, 80, 80, 80, 80, 80, 80 ;
seg000:A020                                         ; A030
seg000:A030                 dw offset byte_A07C
seg000:A032                 dw offset byte_A0CC
seg000:A034                 dw offset byte_A11C
seg000:A036                 dw offset byte_A16C
seg000:A038                 dw offset byte_A18F
seg000:A03A                 dw offset byte_A1A8
seg000:A03C                 dw 0
seg000:A03E                 dw 0
seg000:A040                 dw 0
seg000:A042                 dw 0
seg000:A044                 dw 0
seg000:A046                 dw 0
seg000:A048                 dw 0
seg000:A04A                 dw 0
seg000:A04C                 dw 0
seg000:A04E                 dw 0
seg000:A050                 dw 0
seg000:A052                 dw 0
seg000:A054                 dw 0
seg000:A056                 dw 0
seg000:A058                 dw 0
seg000:A05A                 dw 0
seg000:A05C                 dw 0
seg000:A05E                 dw 0
seg000:A060                 dw 0
seg000:A062                 dw 0
seg000:A064                 dw 0
seg000:A066                 dw 0
seg000:A068                 dw 0
seg000:A06A                 dw 0
seg000:A06C                 dw 0
seg000:A06E                 dw 0
seg000:A070                 dw offset byte_A1B7
seg000:A072                 dw offset byte_A207
seg000:A074                 dw offset byte_A257
seg000:A076                 dw offset byte_A2A7
seg000:A078                 dw offset byte_A2CA
seg000:A07A                 dw offset byte_A2E3
seg000:A07C byte_A07C       db 1, 1, 2, 3, 4
seg000:A081                 db 1, 5, 6, 8, 9
seg000:A086                 db 1, 0, 7, 0Ah, 0Bh
seg000:A08B                 db 1, 0Ch, 0Dh, 0Fh, 10h
seg000:A090                 db 1, 0Eh, 0Fh, 11h, 12h
seg000:A095                 db 1, 12h, 13h, 15h, 16h
seg000:A09A                 db 1, 0, 14h, 18h, 19h
seg000:A09F                 db 1, 16h, 17h, 18h, 1Bh
seg000:A0A4                 db 1, 0Ch, 0Dh, 1Ch, 1Dh
seg000:A0A9                 db 1, 1Eh, 1Fh, 20h, 21h
seg000:A0AE                 db 1, 20h, 21h, 18h, 22h
seg000:A0B3                 db 1, 21h, 0, 22h, 23h
seg000:A0B8                 db 1, 5, 6, 0F3h, 0F4h
seg000:A0BD                 db 1, 0F7h, 0F8h, 25h, 26h
seg000:A0C2                 db 1, 27h, 28h, 2Ah, 2Bh
seg000:A0C7                 db 1, 2Bh, 2Ch, 18h, 2Eh
seg000:A0CC byte_A0CC       db 1, 0F5h, 0F6h, 0, 24h
seg000:A0D1                 db 1, 11h, 27h, 29h, 2Ah
seg000:A0D6                 db 1, 0, 29h, 18h, 2Dh
seg000:A0DB                 db 1, 0F7h, 0F8h, 30h, 31h
seg000:A0E0                 db 1, 33h, 34h, 35h, 36h
seg000:A0E5                 db 1, 35h, 36h, 37h, 38h
seg000:A0EA                 db 1, 0, 0, 0F5h, 0F6h
seg000:A0EF                 db 1, 2Fh, 30h, 32h, 33h
seg000:A0F4                 db 1, 0Ch, 70h, 72h, 73h
seg000:A0F9                 db 1, 75h, 76h, 78h, 79h
seg000:A0FE                 db 1, 71h, 72h, 74h, 75h
seg000:A103                 db 1, 74h, 75h, 18h, 78h
seg000:A108                 db 1, 76h, 0, 79h, 7Ah
seg000:A10D                 db 1, 0Ch, 0Dh, 0Fh, 10h
seg000:A112                 db 1, 12h, 13h, 7Ch, 7Bh
seg000:A117                 db 1, 7Dh, 0, 7Eh, 0
seg000:A11C byte_A11C       db 1, 13h, 0, 7Bh, 7Ch
seg000:A121                 db 1, 0, 7Dh, 0, 7Eh
seg000:A126                 db 1, 0Eh, 0Fh, 11h, 12h
seg000:A12B                 db 1, 7Bh, 7Ch, 0, 7Dh
seg000:A130                 db 1, 75h, 1Ah, 7Dh, 7Dh
seg000:A135                 db 1, 7Dh, 7Dh, 7Eh, 7Eh
seg000:A13A                 db 1, 8Eh, 6, 8, 9
seg000:A13F                 db 1, 0, 8Dh, 0, 8Fh
seg000:A144                 db 1, 0, 8Fh, 90h, 91h
seg000:A149                 db 1, 96h, 6, 8, 9
seg000:A14E                 db 1, 0, 0, 94h, 95h
seg000:A153                 db 1, 0, 0, 92h, 93h
seg000:A158                 db 1, 0, 97h, 99h, 9Ah
seg000:A15D                 db 1, 98h, 99h, 9Bh, 9Ch
seg000:A162                 db 1, 0Ch, 0Dh, 0B1h, 0B2h
seg000:A167                 db 1, 0B1h, 0B2h, 0B4h, 0B5h
seg000:A16C byte_A16C       db 1, 0B2h, 0, 0B5h, 0B6h
seg000:A171                 db 1, 0, 7, 0ADh, 0AEh
seg000:A176                 db 1, 0AFh, 0B0h, 18h, 0B3h
seg000:A17B                 db 1, 0, 8Fh, 0ADh, 0AEh
seg000:A180                 db 1, 0, 0, 0ADh, 0AEh
seg000:A185                 db 1, 99h, 9Ah, 0B7h, 0AEh
seg000:A18A                 db 1, 98h, 99h, 9Bh, 0B7h
seg000:A18F byte_A18F       db 1, 0C3h, 0C4h, 0C5h, 0C6h
seg000:A194                 db 1, 0CBh, 0CCh, 0CDh, 0CEh
seg000:A199                 db 1, 0CFh, 0D0h, 0D1h, 0D2h
seg000:A19E                 db 1, 0D3h, 0D4h, 0D5h, 0D6h
seg000:A1A3                 db 1, 0D7h, 0D8h, 0D9h, 0DAh
seg000:A1A8 byte_A1A8       db 0, 0DBh, 0DCh, 0DDh, 0DEh
seg000:A1AD                 db 0, 0DFh, 0E0h, 0E1h, 0E2h
seg000:A1B2                 db 0, 0E3h, 0E4h, 0E5h, 0E6h
seg000:A1B7 byte_A1B7       db 1, 39h, 3Ah, 3Bh, 3Ch
seg000:A1BC                 db 1, 3Dh, 3Eh, 3Fh, 40h
seg000:A1C1                 db 1, 41h, 0, 44h, 45h
seg000:A1C6                 db 1, 42h, 43h, 46h, 47h
seg000:A1CB                 db 1, 49h, 4Ah, 4Dh, 4Eh
seg000:A1D0                 db 1, 4Ch, 4Dh, 50h, 51h
seg000:A1D5                 db 1, 47h, 48h, 4Ah, 4Bh
seg000:A1DA                 db 1, 4Fh, 0, 52h, 51h
seg000:A1DF                 db 1, 42h, 43h, 53h, 54h
seg000:A1E4                 db 1, 55h, 56h, 57h, 58h
seg000:A1E9                 db 1, 57h, 58h, 5Ah, 51h
seg000:A1EE                 db 1, 0, 57h, 59h, 5Ah
seg000:A1F3                 db 1, 3Dh, 3Eh, 0F9h, 0FAh
seg000:A1F8                 db 1, 0FBh, 0FCh, 5Bh, 5Ch
seg000:A1FD                 db 1, 5Eh, 5Fh, 61h, 62h
seg000:A202                 db 1, 60h, 61h, 64h, 51h
seg000:A207 byte_A207       db 1, 0FDh, 0FEh, 5Dh, 0
seg000:A20C                 db 1, 5Fh, 4Bh, 62h, 63h
seg000:A211                 db 1, 63h, 0, 65h, 51h
seg000:A216                 db 1, 0FBh, 0FCh, 66h, 67h
seg000:A21B                 db 1, 69h, 6Ah, 6Ch, 6Dh
seg000:A220                 db 1, 6Ch, 6Dh, 6Eh, 6Fh
seg000:A225                 db 1, 0, 0, 0FDh, 0FEh
seg000:A22A                 db 1, 67h, 68h, 6Ah, 6Bh
seg000:A22F                 db 1, 7Fh, 43h, 80h, 81h
seg000:A234                 db 1, 83h, 84h, 87h, 88h
seg000:A239                 db 1, 81h, 82h, 84h, 85h
seg000:A23E                 db 1, 84h, 85h, 88h, 51h
seg000:A243                 db 1, 0, 83h, 86h, 87h
seg000:A248                 db 1, 42h, 43h, 46h, 47h
seg000:A24D                 db 1, 49h, 4Ah, 8Ah, 89h
seg000:A252                 db 1, 0, 8Bh, 0, 8Ch
seg000:A257 byte_A257       db 1, 47h, 48h, 4Ah, 4Bh
seg000:A25C                 db 1, 89h, 8Ah, 8Bh, 0
seg000:A261                 db 1, 0, 49h, 89h, 8Ah
seg000:A266                 db 1, 8Bh, 0, 8Ch, 0
seg000:A26B                 db 1, 77h, 84h, 8Bh, 8Bh
seg000:A270                 db 1, 8Bh, 8Bh, 8Ch, 8Ch
seg000:A275                 db 1, 3Dh, 9Dh, 3Fh, 40h
seg000:A27A                 db 1, 9Eh, 0, 9Fh, 0
seg000:A27F                 db 1, 9Fh, 0, 0A0h, 0A1h
seg000:A284                 db 1, 3Dh, 0A2h, 3Fh, 40h
seg000:A289                 db 1, 0, 0, 0A3h, 0A4h
seg000:A28E                 db 1, 0, 0, 0A5h, 0A6h
seg000:A293                 db 1, 0A7h, 0, 0A8h, 0A9h
seg000:A298                 db 1, 0A9h, 0AAh, 0ABh, 0ACh
seg000:A29D                 db 1, 42h, 43h, 0BAh, 0BBh
seg000:A2A2                 db 1, 0BAh, 0BBh, 0BFh, 0C0h
seg000:A2A7 byte_A2A7       db 1, 0, 0BAh, 0BEh, 0BFh
seg000:A2AC                 db 1, 41h, 0, 0B8h, 0B9h
seg000:A2B1                 db 1, 0BCh, 0BDh, 0C1h, 51h
seg000:A2B6                 db 1, 9Fh, 0, 0B8h, 0B9h
seg000:A2BB                 db 1, 0, 0, 0B8h, 0B9h
seg000:A2C0                 db 1, 0A8h, 0A9h, 0B8h, 0C2h
seg000:A2C5                 db 1, 0A9h, 0AAh, 0C2h, 0ACh
seg000:A2CA byte_A2CA       db 1, 0C7h, 0C8h, 0C9h, 0CAh
seg000:A2CF                 db 1, 0CBh, 0CCh, 0CDh, 0CEh
seg000:A2D4                 db 1, 0CFh, 0D0h, 0D1h, 0D2h
seg000:A2D9                 db 1, 0D3h, 0D4h, 0D5h, 0D6h
seg000:A2DE                 db 1, 0D7h, 0D8h, 0D9h, 0DAh
seg000:A2E3 byte_A2E3       db 0, 0E7h, 0E8h, 0E9h, 0EAh
seg000:A2E8                 db 0, 0EBh, 0ECh, 0EDh, 0EEh
seg000:A2ED                 db 0, 0EFh, 0F0h, 0F1h, 0F2h
seg000:A2F2
seg000:A2F2 ; =============== S U B R O U T I N E =======================================
seg000:A2F2
seg000:A2F2
seg000:A2F2 Mao2_AI_proc    proc near
seg000:A2F2
seg000:A2F2 ; FUNCTION CHUNK AT seg000:ABC4 SIZE 00000035 BYTES
seg000:A2F2
seg000:A2F2                 mov     si, ds:0C010h
seg000:A2F6                 mov     byte_AC1D, 0
seg000:A2FB                 mov     byte_AC1C, 0
seg000:A300
seg000:A300 loc_A300:
seg000:A300                 cmp     word ptr [si], 0FFFFh
seg000:A303                 jz      short loc_A351
seg000:A305                 mov     ax, [si]
seg000:A307                 call    word ptr cs:6036h
seg000:A30C                 jb      short loc_A348
seg000:A30E                 mov     [si+3], bl
seg000:A311                 mov     ax, [si+2]
seg000:A314                 call    word ptr cs:6028h
seg000:A319                 mov     bl, byte_AC1C
seg000:A31D                 xor     bh, bh
seg000:A31F                 mov     al, [bx+0ED20h]
seg000:A323                 mov     [di], al
seg000:A325                 test    byte_AC1D, 80h
seg000:A32A                 jnz     short loc_A348
seg000:A32C                 test    byte ptr [si+5], 40h
seg000:A330                 jz      short loc_A348
seg000:A332                 mov     al, [si+5]
seg000:A335                 and     al, 1Fh
seg000:A337                 test    byte ptr [si+4], 1Fh
seg000:A33B                 jnz     short loc_A345
seg000:A33D                 test    byte ptr [si+6], 0Fh
seg000:A341                 jnz     short loc_A345
seg000:A343                 or      al, 80h
seg000:A345
seg000:A345 loc_A345:
seg000:A345                 mov     byte_AC1D, al
seg000:A348
seg000:A348 loc_A348:
seg000:A348                 inc     byte_AC1C
seg000:A34C                 add     si, 10h
seg000:A34F                 jmp     short loc_A300
seg000:A351 ; ---------------------------------------------------------------------------
seg000:A351
seg000:A351 loc_A351:
seg000:A351                 mov     si, ds:0C010h
seg000:A355                 mov     word ptr [si], 0FFFFh
seg000:A359                 mov     word_AC26, si
seg000:A35D                 mov     byte_AC1C, 0
seg000:A362                 test    byte_AC1D, 0FFh
seg000:A367                 jz      short loc_A396
seg000:A369                 mov     al, byte_AC1D
seg000:A36C                 and     al, 1Fh
seg000:A36E                 push    ax
seg000:A36F                 call    word ptr cs:6038h
seg000:A374                 mov     bl, ah
seg000:A376                 pop     ax
seg000:A377                 xor     bh, bh
seg000:A379                 shr     bx, 1
seg000:A37B                 cmp     al, 1
seg000:A37D                 jz      short loc_A381
seg000:A37F                 shr     bx, 1
seg000:A381
seg000:A381 loc_A381:
seg000:A381                 call    sub_AB51
seg000:A384                 mov     byte ptr ds:0FF75h, 39h ; '9'
seg000:A389                 cmp     boss_hp, 0C8h
seg000:A38F                 jnb     short loc_A396
seg000:A391                 mov     byte_AC32, 0FFh
seg000:A396
seg000:A396 loc_A396:
seg000:A396                 test    byte ptr ds:0FF2Eh, 0FFh
seg000:A39B                 jz      short loc_A3A0
seg000:A39D                 jmp     loc_ABC4
seg000:A3A0 ; ---------------------------------------------------------------------------
seg000:A3A0
seg000:A3A0 loc_A3A0:
seg000:A3A0                 test    byte_AC21, 0FFh
seg000:A3A5                 jnz     short loc_A3B5
seg000:A3A7                 test    byte ptr ds:0FF21h, 0FFh
seg000:A3AC                 jnz     short loc_A3AF
seg000:A3AE                 retn
seg000:A3AF ; ---------------------------------------------------------------------------
seg000:A3AF
seg000:A3AF loc_A3AF:
seg000:A3AF                 mov     byte_AC21, 0FFh
seg000:A3B4                 retn
seg000:A3B5 ; ---------------------------------------------------------------------------
seg000:A3B5
seg000:A3B5 loc_A3B5:
seg000:A3B5                 test    byte_AC32, 0FFh
seg000:A3BA                 jz      short loc_A3BF
seg000:A3BC                 jmp     sub_A4C9
seg000:A3BF ; ---------------------------------------------------------------------------
seg000:A3BF
seg000:A3BF loc_A3BF:
seg000:A3BF                 test    byte_AC23, 0FFh
seg000:A3C4                 jnz     short loc_A3F3
seg000:A3C6                 test    byte_AC28, 0FFh
seg000:A3CB                 jz      short loc_A3D0
seg000:A3CD                 jmp     loc_A7AE
seg000:A3D0 ; ---------------------------------------------------------------------------
seg000:A3D0
seg000:A3D0 loc_A3D0:
seg000:A3D0                 test    byte_AC2D, 0FFh
seg000:A3D5                 jz      short loc_A3DA
seg000:A3D7                 jmp     loc_A7AE
seg000:A3DA ; ---------------------------------------------------------------------------
seg000:A3DA
seg000:A3DA loc_A3DA:
seg000:A3DA                 call    sub_A479
seg000:A3DD                 mov     byte_AC25, 0
seg000:A3E2                 mov     byte_AC23, 0FFh
seg000:A3E7                 call    word ptr cs:11Ah
seg000:A3EC                 rol     al, 1
seg000:A3EE                 and     al, 1
seg000:A3F0                 mov     byte_AC24, al
seg000:A3F3
seg000:A3F3 loc_A3F3:
seg000:A3F3                 inc     byte_AC25
seg000:A3F7                 mov     al, byte_AC25
seg000:A3FA                 cmp     al, 6
seg000:A3FC                 jnb     short loc_A41C
seg000:A3FE                 shr     al, 1
seg000:A400                 jnb     short loc_A405
seg000:A402                 jmp     loc_A7AE
seg000:A405 ; ---------------------------------------------------------------------------
seg000:A405
seg000:A405 loc_A405:
seg000:A405                 mov     byte ptr ds:0FF75h, 3Bh ; ';'
seg000:A40A                 mov     byte_AC22, 60h ; '`'
seg000:A40F                 mov     al, byte_AC24
seg000:A412                 mov     cl, 0Ah
seg000:A414                 mul     cl
seg000:A416                 mov     byte_AC1B, al
seg000:A419                 jmp     sub_A6BC
seg000:A41C ; ---------------------------------------------------------------------------
seg000:A41C
seg000:A41C loc_A41C:
seg000:A41C                 cmp     al, 0Bh
seg000:A41E                 jnb     short loc_A44F
seg000:A420                 sub     al, 6
seg000:A422                 mov     bl, al
seg000:A424                 xor     bh, bh
seg000:A426                 mov     al, byte_AC24
seg000:A429                 mov     ah, al
seg000:A42B                 add     al, al
seg000:A42D                 add     al, al
seg000:A42F                 add     al, ah
seg000:A431                 add     bx, offset unk_A46F
seg000:A435                 xlat
seg000:A436                 mov     byte_AC1B, al
seg000:A439                 mov     byte_AC22, 0
seg000:A43E                 cmp     al, 9
seg000:A440                 jnz     short loc_A445
seg000:A442                 call    sub_A8E5
seg000:A445
seg000:A445 loc_A445:
seg000:A445                 cmp     al, 0Ch
seg000:A447                 jnz     short loc_A44C
seg000:A449                 call    sub_A90E
seg000:A44C
seg000:A44C loc_A44C:
seg000:A44C                 jmp     sub_A6BC
seg000:A44F ; ---------------------------------------------------------------------------
seg000:A44F
seg000:A44F loc_A44F:
seg000:A44F                 cmp     al, 11h
seg000:A451                 jnb     short loc_A467
seg000:A453                 shr     al, 1
seg000:A455                 jnb     short loc_A45A
seg000:A457                 jmp     loc_A7AE
seg000:A45A ; ---------------------------------------------------------------------------
seg000:A45A
seg000:A45A loc_A45A:
seg000:A45A                 mov     byte ptr ds:0FF75h, 3Bh ; ';'
seg000:A45F                 mov     byte_AC22, 60h ; '`'
seg000:A464                 jmp     sub_A6BC
seg000:A467 ; ---------------------------------------------------------------------------
seg000:A467
seg000:A467 loc_A467:
seg000:A467                 mov     byte_AC23, 0
seg000:A46C                 jmp     loc_A7AE
seg000:A46C Mao2_AI_proc    endp
seg000:A46C
seg000:A46C ; ---------------------------------------------------------------------------
seg000:A46F unk_A46F        db    0
seg000:A470                 db    0
seg000:A471                 db    7
seg000:A472                 db    7
seg000:A473                 db    9
seg000:A474                 db  0Ah
seg000:A475                 db  0Ah
seg000:A476                 db  0Bh
seg000:A477                 db  0Bh
seg000:A478                 db  0Ch
seg000:A479
seg000:A479 ; =============== S U B R O U T I N E =======================================
seg000:A479
seg000:A479
seg000:A479 sub_A479        proc near
seg000:A479                 mov     boss_y, 9
seg000:A47E                 call    word ptr cs:11Ah
seg000:A483                 shr     al, 1
seg000:A485                 sbb     al, al
seg000:A487                 mov     byte_AC1E, al
seg000:A48A                 not     al
seg000:A48C                 and     al, 14h
seg000:A48E                 add     al, ds:80h
seg000:A492                 add     al, 4
seg000:A494                 cmp     al, ds:0C002h
seg000:A498                 jb      short loc_A49E
seg000:A49A                 sub     al, ds:0C002h
seg000:A49E
seg000:A49E loc_A49E:
seg000:A49E                 mov     byte ptr boss_x, al
seg000:A4A1                 cmp     al, 10h
seg000:A4A3                 jb      short loc_A4AA
seg000:A4A5                 cmp     al, 35h ; '5'
seg000:A4A7                 jnb     short loc_A4AA
seg000:A4A9                 retn
seg000:A4AA ; ---------------------------------------------------------------------------
seg000:A4AA
seg000:A4AA loc_A4AA:
seg000:A4AA                 not     byte_AC1E
seg000:A4AE                 mov     al, byte_AC1E
seg000:A4B1                 not     al
seg000:A4B3                 and     al, 14h
seg000:A4B5                 add     al, ds:80h
seg000:A4B9                 add     al, 4
seg000:A4BB                 cmp     al, ds:0C002h
seg000:A4BF                 jb      short loc_A4C5
seg000:A4C1                 sub     al, ds:0C002h
seg000:A4C5
seg000:A4C5 loc_A4C5:
seg000:A4C5                 mov     byte ptr boss_x, al
seg000:A4C8                 retn
seg000:A4C8 sub_A479        endp
seg000:A4C8
seg000:A4C9
seg000:A4C9 ; =============== S U B R O U T I N E =======================================
seg000:A4C9
seg000:A4C9
seg000:A4C9 sub_A4C9        proc near
seg000:A4C9                 inc     byte_AC38
seg000:A4CD                 test    byte_AC38, 1Fh
seg000:A4D2                 jnz     short loc_A4D7
seg000:A4D4                 call    sub_AB88
seg000:A4D7
seg000:A4D7 loc_A4D7:
seg000:A4D7                 test    byte_AC33, 0FFh
seg000:A4DC                 jz      short loc_A4E1
seg000:A4DE                 jmp     loc_A617
seg000:A4E1 ; ---------------------------------------------------------------------------
seg000:A4E1
seg000:A4E1 loc_A4E1:
seg000:A4E1                 test    byte_AC36, 0FFh
seg000:A4E6                 jz      short loc_A4EB
seg000:A4E8                 jmp     loc_A5F7
seg000:A4EB ; ---------------------------------------------------------------------------
seg000:A4EB
seg000:A4EB loc_A4EB:
seg000:A4EB                 test    byte_AC28, 0FFh
seg000:A4F0                 jz      short loc_A4F5
seg000:A4F2                 jmp     sub_A6BC
seg000:A4F5 ; ---------------------------------------------------------------------------
seg000:A4F5
seg000:A4F5 loc_A4F5:
seg000:A4F5                 mov     al, ds:80h
seg000:A4F8                 add     al, ds:83h
seg000:A4FC                 add     al, 3
seg000:A4FE                 cmp     al, ds:0C002h
seg000:A502                 jb      short loc_A508
seg000:A504                 sub     al, ds:0C002h
seg000:A508
seg000:A508 loc_A508:
seg000:A508                 xor     cl, cl
seg000:A50A                 cmp     byte ptr boss_x, al
seg000:A50E                 jnb     short loc_A512
seg000:A510                 mov     cl, 0FFh
seg000:A512
seg000:A512 loc_A512:
seg000:A512                 mov     byte_AC1E, cl
seg000:A516                 or      cl, cl
seg000:A518                 jnz     short loc_A57B
seg000:A51A                 mov     ah, byte ptr boss_x
seg000:A51E                 sub     ah, al
seg000:A520                 and     ah, 0FEh
seg000:A523                 cmp     ah, 8
seg000:A526                 jnz     short loc_A52B
seg000:A528                 jmp     loc_A5CD
seg000:A52B ; ---------------------------------------------------------------------------
seg000:A52B
seg000:A52B loc_A52B:
seg000:A52B                 jnb     short loc_A554
seg000:A52D                 dec     byte_AC1B
seg000:A531                 and     byte_AC1B, 3
seg000:A536                 test    byte_AC1B, 1
seg000:A53B                 jnz     short loc_A540
seg000:A53D                 call    sub_A6A7
seg000:A540
seg000:A540 loc_A540:
seg000:A540                 call    sub_A6A7
seg000:A543                 jb      short loc_A548
seg000:A545                 jmp     loc_A5F4
seg000:A548 ; ---------------------------------------------------------------------------
seg000:A548
seg000:A548 loc_A548:
seg000:A548                 mov     byte_AC34, 0
seg000:A54D                 mov     byte_AC33, 0FFh
seg000:A552                 jmp     short loc_A5CD
seg000:A554 ; ---------------------------------------------------------------------------
seg000:A554
seg000:A554 loc_A554:
seg000:A554                 inc     byte_AC1B
seg000:A558                 and     byte_AC1B, 3
seg000:A55D                 test    byte_AC1B, 1
seg000:A562                 jz      short loc_A567
seg000:A564                 call    sub_A691
seg000:A567
seg000:A567 loc_A567:
seg000:A567                 call    sub_A691
seg000:A56A                 jb      short loc_A56F
seg000:A56C                 jmp     loc_A5F4
seg000:A56F ; ---------------------------------------------------------------------------
seg000:A56F
seg000:A56F loc_A56F:
seg000:A56F                 mov     byte_AC34, 0
seg000:A574                 mov     byte_AC33, 0FFh
seg000:A579                 jmp     short loc_A5CD
seg000:A57B ; ---------------------------------------------------------------------------
seg000:A57B
seg000:A57B loc_A57B:
seg000:A57B                 sub     al, byte ptr boss_x
seg000:A57F                 and     al, 0FEh
seg000:A581                 cmp     al, 8
seg000:A583                 jz      short loc_A5CD
seg000:A585                 jnb     short loc_A5AB
seg000:A587                 dec     byte_AC1B
seg000:A58B                 and     byte_AC1B, 3
seg000:A590                 test    byte_AC1B, 1
seg000:A595                 jnz     short loc_A59A
seg000:A597                 call    sub_A691
seg000:A59A
seg000:A59A loc_A59A:
seg000:A59A                 call    sub_A691
seg000:A59D                 jnb     short loc_A5F4
seg000:A59F                 mov     byte_AC34, 0
seg000:A5A4                 mov     byte_AC33, 0FFh
seg000:A5A9                 jmp     short loc_A5CD
seg000:A5AB ; ---------------------------------------------------------------------------
seg000:A5AB
seg000:A5AB loc_A5AB:
seg000:A5AB                 inc     byte_AC1B
seg000:A5AF                 and     byte_AC1B, 3
seg000:A5B4                 test    byte_AC1B, 1
seg000:A5B9                 jz      short loc_A5BE
seg000:A5BB                 call    sub_A6A7
seg000:A5BE
seg000:A5BE loc_A5BE:
seg000:A5BE                 call    sub_A6A7
seg000:A5C1                 jnb     short loc_A5F4
seg000:A5C3                 mov     byte_AC34, 0
seg000:A5C8                 mov     byte_AC33, 0FFh
seg000:A5CD
seg000:A5CD loc_A5CD:
seg000:A5CD                 mov     al, byte_AC35
seg000:A5D0                 mov     byte_AC35, 0FFh
seg000:A5D5                 or      al, al
seg000:A5D7                 jnz     short loc_A5DC
seg000:A5D9                 jmp     sub_A6BC
seg000:A5DC ; ---------------------------------------------------------------------------
seg000:A5DC
seg000:A5DC loc_A5DC:
seg000:A5DC                 and     byte_AC1B, 0FEh
seg000:A5E1                 call    word ptr cs:11Ah
seg000:A5E6                 and     al, 0Fh
seg000:A5E8                 jnz     short loc_A5F4
seg000:A5EA                 mov     byte_AC37, 0
seg000:A5EF                 mov     byte_AC36, 0FFh
seg000:A5F4
seg000:A5F4 loc_A5F4:
seg000:A5F4                 jmp     sub_A6BC
seg000:A5F7 ; ---------------------------------------------------------------------------
seg000:A5F7
seg000:A5F7 loc_A5F7:
seg000:A5F7                 mov     al, byte_AC37
seg000:A5FA                 inc     byte_AC37
seg000:A5FE                 mov     bx, offset unk_A46F
seg000:A601                 xlat
seg000:A602                 mov     byte_AC1B, al
seg000:A605                 cmp     al, 9
seg000:A607                 jz      short loc_A60C
seg000:A609                 jmp     sub_A6BC
seg000:A60C ; ---------------------------------------------------------------------------
seg000:A60C
seg000:A60C loc_A60C:
seg000:A60C                 mov     byte_AC36, 0
seg000:A611                 call    sub_A8E5
seg000:A614                 jmp     sub_A6BC
seg000:A617 ; ---------------------------------------------------------------------------
seg000:A617
seg000:A617 loc_A617:
seg000:A617                 mov     bl, byte_AC34
seg000:A61B                 add     bl, bl
seg000:A61D                 add     bl, byte_AC34
seg000:A621                 xor     bh, bh
seg000:A623                 add     bx, offset unk_A666
seg000:A627                 mov     al, [bx]
seg000:A629                 push    bx
seg000:A62A                 or      al, al
seg000:A62C                 jz      short loc_A643
seg000:A62E                 test    byte_AC1E, 0FFh
seg000:A633                 jnz     short loc_A63D
seg000:A635                 call    sub_A691
seg000:A638                 call    sub_A691
seg000:A63B                 jmp     short loc_A643
seg000:A63D ; ---------------------------------------------------------------------------
seg000:A63D
seg000:A63D loc_A63D:
seg000:A63D                 call    sub_A6A7
seg000:A640                 call    sub_A6A7
seg000:A643
seg000:A643 loc_A643:
seg000:A643                 pop     bx
seg000:A644                 mov     al, boss_y
seg000:A647                 add     al, [bx+1]
seg000:A64A                 and     al, 3Fh
seg000:A64C                 mov     boss_y, al
seg000:A64F                 mov     al, [bx+2]
seg000:A652                 mov     byte_AC1B, al
seg000:A655                 inc     byte_AC34
seg000:A659                 cmp     byte ptr [bx+3], 80h
seg000:A65D                 jnz     short sub_A6BC
seg000:A65F                 mov     byte_AC33, 0
seg000:A664                 jmp     short sub_A6BC
seg000:A664 sub_A4C9        endp
seg000:A664
seg000:A664 ; ---------------------------------------------------------------------------
seg000:A666 unk_A666        db    0
seg000:A667                 db    0
seg000:A668                 db    4
seg000:A669                 db    0
seg000:A66A                 db    0
seg000:A66B                 db    4
seg000:A66C                 db    0
seg000:A66D                 db 0FEh
seg000:A66E                 db    5
seg000:A66F                 db    1
seg000:A670                 db 0FEh
seg000:A671                 db    5
seg000:A672                 db    1
seg000:A673                 db 0FEh
seg000:A674                 db    5
seg000:A675                 db    1
seg000:A676                 db    0
seg000:A677                 db    6
seg000:A678                 db    1
seg000:A679                 db    0
seg000:A67A                 db    6
seg000:A67B                 db    1
seg000:A67C                 db    0
seg000:A67D                 db    6
seg000:A67E                 db    1
seg000:A67F                 db    2
seg000:A680                 db    6
seg000:A681                 db    1
seg000:A682                 db    2
seg000:A683                 db    6
seg000:A684                 db    1
seg000:A685                 db    2
seg000:A686                 db    6
seg000:A687                 db    0
seg000:A688                 db    0
seg000:A689                 db    4
seg000:A68A                 db    0
seg000:A68B                 db    0
seg000:A68C                 db    4
seg000:A68D                 db    0
seg000:A68E                 db    0
seg000:A68F                 db    0
seg000:A690                 db  80h
seg000:A691
seg000:A691 ; =============== S U B R O U T I N E =======================================
seg000:A691
seg000:A691
seg000:A691 sub_A691        proc near
seg000:A691                 mov     ax, boss_x
seg000:A694                 dec     ax
seg000:A695                 mov     bx, 0Eh
seg000:A698                 sub     bx, ax
seg000:A69A                 cmc
seg000:A69B                 jnb     short loc_A69E
seg000:A69D                 retn
seg000:A69E ; ---------------------------------------------------------------------------
seg000:A69E
seg000:A69E loc_A69E:
seg000:A69E                 mov     boss_x, ax
seg000:A6A1                 mov     byte_AC35, 0
seg000:A6A6                 retn
seg000:A6A6 sub_A691        endp
seg000:A6A6
seg000:A6A7
seg000:A6A7 ; =============== S U B R O U T I N E =======================================
seg000:A6A7
seg000:A6A7
seg000:A6A7 sub_A6A7        proc near
seg000:A6A7                 mov     ax, boss_x
seg000:A6AA                 inc     ax
seg000:A6AB                 mov     bx, 35h ; '5'
seg000:A6AE                 sub     bx, ax
seg000:A6B0                 jnb     short loc_A6B3
seg000:A6B2                 retn
seg000:A6B3 ; ---------------------------------------------------------------------------
seg000:A6B3
seg000:A6B3 loc_A6B3:
seg000:A6B3                 mov     boss_x, ax
seg000:A6B6                 mov     byte_AC35, 0
seg000:A6BB                 retn
seg000:A6BB sub_A6A7        endp
seg000:A6BB
seg000:A6BC
seg000:A6BC ; =============== S U B R O U T I N E =======================================
seg000:A6BC
seg000:A6BC
seg000:A6BC sub_A6BC        proc near
seg000:A6BC                 push    cs
seg000:A6BD                 pop     es
seg000:A6BE                 assume es:nothing
seg000:A6BE                 mov     di, offset unk_AC39
seg000:A6C1                 mov     al, 0FFh
seg000:A6C3                 mov     cx, 36h ; '6'
seg000:A6C6                 rep stosb
seg000:A6C8                 mov     di, offset off_A9E4
seg000:A6CB                 mov     si, offset off_AAE1
seg000:A6CE                 test    byte_AC1E, 0FFh
seg000:A6D3                 jnz     short loc_A6DB
seg000:A6D5                 mov     di, offset off_A957
seg000:A6D8                 mov     si, offset off_AA71
seg000:A6DB
seg000:A6DB loc_A6DB:
seg000:A6DB                 mov     bl, byte_AC1B
seg000:A6DF                 xor     bh, bh
seg000:A6E1                 add     bx, bx
seg000:A6E3                 mov     di, [bx+di]
seg000:A6E5                 mov     bp, [bx+si]
seg000:A6E7                 call    sub_A939
seg000:A6EA                 cmp     byte_AC1B, 5
seg000:A6EF                 jnz     short loc_A70E
seg000:A6F1                 test    byte_AC1E, 0FFh
seg000:A6F6                 jz      short loc_A704
seg000:A6F8                 mov     byte_AC41, 23h ; '#'
seg000:A6FD                 mov     byte_AC4A, 1Fh
seg000:A702                 jmp     short loc_A70E
seg000:A704 ; ---------------------------------------------------------------------------
seg000:A704
seg000:A704 loc_A704:
seg000:A704                 mov     byte_AC65, 1Fh
seg000:A709                 mov     byte_AC6E, 21h ; '!'
seg000:A70E
seg000:A70E loc_A70E:
seg000:A70E                 mov     ax, boss_x
seg000:A711                 mov     si, word_AC26
seg000:A715                 mov     di, 0AC39h
seg000:A718                 mov     cx, 6
seg000:A71B
seg000:A71B loc_A71B:
seg000:A71B                 push    cx
seg000:A71C                 push    di
seg000:A71D                 push    ax
seg000:A71E                 call    word ptr cs:6036h
seg000:A723                 pop     ax
seg000:A724                 mov     byte_AC1F, bl
seg000:A728                 jb      short loc_A799
seg000:A72A                 xor     cl, cl
seg000:A72C
seg000:A72C loc_A72C:
seg000:A72C                 push    cx
seg000:A72D                 push    ax
seg000:A72E                 cmp     byte ptr [di], 0FFh
seg000:A731                 jz      short loc_A78F
seg000:A733                 mov     [si], ax
seg000:A735                 add     cl, boss_y
seg000:A739                 and     cl, 3Fh
seg000:A73C                 mov     [si+2], cl
seg000:A73F                 mov     al, byte_AC1F
seg000:A742                 mov     [si+3], al
seg000:A745                 mov     al, [di]
seg000:A747                 mov     ah, al
seg000:A749                 shr     al, 1
seg000:A74B                 shr     al, 1
seg000:A74D                 shr     al, 1
seg000:A74F                 shr     al, 1
seg000:A751                 or      al, byte_AC22
seg000:A755                 mov     [si+4], al
seg000:A758                 mov     [si+6], ah
seg000:A75B                 mov     al, byte_AC1E
seg000:A75E                 and     al, 80h
seg000:A760                 mov     [si+5], al
seg000:A763                 test    byte_AC1D, 0FFh
seg000:A768                 jz      short loc_A76E
seg000:A76A                 or      byte ptr [si+5], 20h
seg000:A76E
seg000:A76E loc_A76E:
seg000:A76E                 push    di
seg000:A76F                 mov     ax, [si+2]
seg000:A772                 call    word ptr cs:6028h
seg000:A777                 mov     bl, byte_AC1C
seg000:A77B                 xor     bh, bh
seg000:A77D                 mov     al, bl
seg000:A77F                 or      al, 80h
seg000:A781                 xchg    al, [di]
seg000:A783                 mov     [bx+0ED20h], al
seg000:A787                 pop     di
seg000:A788                 add     si, 10h
seg000:A78B                 inc     byte_AC1C
seg000:A78F
seg000:A78F loc_A78F:
seg000:A78F                 inc     di
seg000:A790                 pop     ax
seg000:A791                 pop     cx
seg000:A792                 inc     cl
seg000:A794                 cmp     cl, 9
seg000:A797                 jnz     short loc_A72C
seg000:A799
seg000:A799 loc_A799:
seg000:A799                 inc     ax
seg000:A79A                 pop     di
seg000:A79B                 add     di, 9
seg000:A79E                 pop     cx
seg000:A79F                 loop    loc_A7A3
seg000:A7A1                 jmp     short loc_A7A6
seg000:A7A3 ; ---------------------------------------------------------------------------
seg000:A7A3
seg000:A7A3 loc_A7A3:
seg000:A7A3                 jmp     loc_A71B
seg000:A7A6 ; ---------------------------------------------------------------------------
seg000:A7A6
seg000:A7A6 loc_A7A6:
seg000:A7A6                 mov     word_AC26, si
seg000:A7AA                 mov     word ptr [si], 0FFFFh
seg000:A7AE
seg000:A7AE loc_A7AE:
seg000:A7AE                 test    byte_AC28, 0FFh
seg000:A7B3                 jnz     short loc_A7B8
seg000:A7B5                 jmp     loc_A853
seg000:A7B8 ; ---------------------------------------------------------------------------
seg000:A7B8
seg000:A7B8 loc_A7B8:
seg000:A7B8                 mov     si, word_AC26
seg000:A7BC                 cmp     byte_AC2C, 9
seg000:A7C1                 jnb     short loc_A7E6
seg000:A7C3                 cmp     byte_AC2C, 3
seg000:A7C8                 jnb     short loc_A7D3
seg000:A7CA                 inc     byte_AC2A
seg000:A7CE                 and     byte_AC2A, 3Fh
seg000:A7D3
seg000:A7D3 loc_A7D3:
seg000:A7D3                 mov     al, byte_AC29
seg000:A7D6                 inc     al
seg000:A7D8                 test    byte_AC2B, 0FFh
seg000:A7DD                 jnz     short loc_A7E3
seg000:A7DF                 dec     al
seg000:A7E1                 dec     al
seg000:A7E3
seg000:A7E3 loc_A7E3:
seg000:A7E3                 mov     byte_AC29, al
seg000:A7E6
seg000:A7E6 loc_A7E6:
seg000:A7E6                 mov     al, byte_AC29
seg000:A7E9                 xor     ah, ah
seg000:A7EB                 push    ax
seg000:A7EC                 call    word ptr cs:6036h
seg000:A7F1                 pop     ax
seg000:A7F2                 jb      short loc_A83F
seg000:A7F4                 mov     [si], ax
seg000:A7F6                 mov     al, byte_AC2A
seg000:A7F9                 mov     [si+2], al
seg000:A7FC                 mov     [si+3], bl
seg000:A7FF                 mov     byte ptr [si+4], 24h ; '$'
seg000:A803                 xor     al, al
seg000:A805                 mov     ah, byte_AC2C
seg000:A809                 cmp     ah, 3
seg000:A80C                 jb      short loc_A815
seg000:A80E                 and     ah, 3
seg000:A811                 inc     ah
seg000:A813                 mov     al, ah
seg000:A815
seg000:A815 loc_A815:
seg000:A815                 mov     [si+6], al
seg000:A818                 mov     al, byte_AC2B
seg000:A81B                 and     al, 80h
seg000:A81D                 mov     [si+5], al
seg000:A820                 mov     ax, [si+2]
seg000:A823                 call    word ptr cs:6028h
seg000:A828                 mov     bl, byte_AC1C
seg000:A82C                 xor     bh, bh
seg000:A82E                 mov     al, bl
seg000:A830                 or      al, 80h
seg000:A832                 xchg    al, [di]
seg000:A834                 mov     [bx+0ED20h], al
seg000:A838                 add     si, 10h
seg000:A83B                 inc     byte_AC1C
seg000:A83F
seg000:A83F loc_A83F:
seg000:A83F                 mov     word ptr [si], 0FFFFh
seg000:A843                 inc     byte_AC2C
seg000:A847                 cmp     byte_AC2C, 0Bh
seg000:A84C                 jb      short loc_A853
seg000:A84E                 mov     byte_AC28, 0
seg000:A853
seg000:A853 loc_A853:
seg000:A853                 test    byte_AC2D, 0FFh
seg000:A858                 jnz     short loc_A85B
seg000:A85A                 retn
seg000:A85B ; ---------------------------------------------------------------------------
seg000:A85B
seg000:A85B loc_A85B:
seg000:A85B                 xor     dl, dl
seg000:A85D                 cmp     byte_AC31, 3
seg000:A862                 jnb     short loc_A86F
seg000:A864                 inc     byte_AC2F
seg000:A868                 and     byte_AC2F, 3Fh
seg000:A86D                 mov     dl, 2
seg000:A86F
seg000:A86F loc_A86F:
seg000:A86F                 mov     al, byte_AC2E
seg000:A872                 inc     al
seg000:A874                 test    byte_AC30, 0FFh
seg000:A879                 jnz     short loc_A87F
seg000:A87B                 dec     al
seg000:A87D                 dec     al
seg000:A87F
seg000:A87F loc_A87F:
seg000:A87F                 mov     byte_AC2E, al
seg000:A882                 xor     ah, ah
seg000:A884                 push    dx
seg000:A885                 push    ax
seg000:A886                 call    word ptr cs:6036h
seg000:A88B                 pop     ax
seg000:A88C                 pop     dx
seg000:A88D                 jb      short loc_A8C8
seg000:A88F                 mov     [si], ax
seg000:A891                 mov     al, byte_AC2F
seg000:A894                 mov     [si+2], al
seg000:A897                 mov     [si+3], bl
seg000:A89A                 mov     byte ptr [si+4], 25h ; '%'
seg000:A89E                 mov     [si+6], dl
seg000:A8A1                 mov     al, byte_AC30
seg000:A8A4                 and     al, 80h
seg000:A8A6                 mov     [si+5], al
seg000:A8A9                 mov     ax, [si+2]
seg000:A8AC                 call    word ptr cs:6028h
seg000:A8B1                 mov     bl, byte_AC1C
seg000:A8B5                 xor     bh, bh
seg000:A8B7                 mov     al, bl
seg000:A8B9                 or      al, 80h
seg000:A8BB                 xchg    al, [di]
seg000:A8BD                 mov     [bx+0ED20h], al
seg000:A8C1                 add     si, 10h
seg000:A8C4                 inc     byte_AC1C
seg000:A8C8
seg000:A8C8 loc_A8C8:
seg000:A8C8                 mov     word ptr [si], 0FFFFh
seg000:A8CC                 inc     byte_AC31
seg000:A8D0                 cmp     byte_AC2E, 10h
seg000:A8D5                 jb      short loc_A8DF
seg000:A8D7                 cmp     byte_AC2E, 39h ; '9'
seg000:A8DC                 jnb     short loc_A8DF
seg000:A8DE                 retn
seg000:A8DF ; ---------------------------------------------------------------------------
seg000:A8DF
seg000:A8DF loc_A8DF:
seg000:A8DF                 mov     byte_AC2D, 0
seg000:A8E4                 retn
seg000:A8E4 sub_A6BC        endp
seg000:A8E4
seg000:A8E5
seg000:A8E5 ; =============== S U B R O U T I N E =======================================
seg000:A8E5
seg000:A8E5
seg000:A8E5 sub_A8E5        proc near
seg000:A8E5                 mov     byte_AC2C, 0
seg000:A8EA                 mov     byte_AC28, 0FFh
seg000:A8EF                 mov     al, byte_AC1E
seg000:A8F2                 mov     byte_AC2B, al
seg000:A8F5                 and     al, 5
seg000:A8F7                 add     al, byte ptr boss_x
seg000:A8FB                 mov     byte_AC29, al
seg000:A8FE                 mov     al, boss_y
seg000:A901                 add     al, 4
seg000:A903                 and     al, 3Fh
seg000:A905                 mov     byte_AC2A, al
seg000:A908                 mov     byte ptr ds:0FF75h, 3Ah ; ':'
seg000:A90D                 retn
seg000:A90D sub_A8E5        endp
seg000:A90D
seg000:A90E
seg000:A90E ; =============== S U B R O U T I N E =======================================
seg000:A90E
seg000:A90E
seg000:A90E sub_A90E        proc near
seg000:A90E                 mov     byte_AC31, 0
seg000:A913                 mov     byte_AC2D, 0FFh
seg000:A918                 mov     al, byte_AC1E
seg000:A91B                 mov     byte_AC30, al
seg000:A91E                 and     al, 8
seg000:A920                 add     al, byte ptr boss_x
seg000:A924                 dec     al
seg000:A926                 mov     byte_AC2E, al
seg000:A929                 mov     al, boss_y
seg000:A92C                 add     al, 4
seg000:A92E                 and     al, 3Fh
seg000:A930                 mov     byte_AC2F, al
seg000:A933                 mov     byte ptr ds:0FF75h, 3Ah ; ':'
seg000:A938                 retn
seg000:A938 sub_A90E        endp
seg000:A938
seg000:A939
seg000:A939 ; =============== S U B R O U T I N E =======================================
seg000:A939
seg000:A939
seg000:A939 sub_A939        proc near
seg000:A939                 mov     si, offset unk_AC39
seg000:A93C                 mov     cx, 6
seg000:A93F
seg000:A93F loc_A93F:
seg000:A93F                 push    cx
seg000:A940                 mov     cx, 8
seg000:A943
seg000:A943 loc_A943:
seg000:A943                 rol     byte ptr ds:[bp+0], 1
seg000:A947                 jnb     short loc_A94E
seg000:A949                 mov     al, [di]
seg000:A94B                 mov     [si], al
seg000:A94D                 inc     di
seg000:A94E
seg000:A94E loc_A94E:
seg000:A94E                 inc     si
seg000:A94F                 loop    loc_A943
seg000:A951                 inc     bp
seg000:A952                 inc     si
seg000:A953                 pop     cx
seg000:A954                 loop    loc_A93F
seg000:A956                 retn
seg000:A956 sub_A939        endp
seg000:A956
seg000:A956 ; ---------------------------------------------------------------------------
seg000:A957 off_A957        dw offset byte_A973
seg000:A959                 dw offset byte_A97B
seg000:A95B                 dw offset byte_A982
seg000:A95D                 dw offset byte_A98A
seg000:A95F                 dw offset byte_A991
seg000:A961                 dw offset byte_A999
seg000:A963                 dw offset byte_A9A1
seg000:A965                 dw offset byte_A9A8
seg000:A967                 dw offset byte_A9B1
seg000:A969                 dw offset byte_A9BA
seg000:A96B                 dw offset byte_A9C3
seg000:A96D                 dw offset byte_A9CA
seg000:A96F                 dw offset byte_A9D2
seg000:A971                 dw offset byte_A9DB
seg000:A973 byte_A973       db 2, 6, 4, 0, 1, 3, 5, 7
seg000:A97B byte_A97B       db 2, 0, 1, 8, 9, 0Ah, 0Bh
seg000:A982 byte_A982       db 10h, 12h, 11h, 0, 0Ch, 0Dh, 0Eh, 0Fh
seg000:A98A byte_A98A       db 16h, 17h, 0, 0Ch, 13h, 14h, 15h
seg000:A991 byte_A991       db 2, 1Ah, 1Bh, 0, 1, 18h, 19h, 1Ch
seg000:A999 byte_A999       db 2, 22h, 23h, 0, 1, 1Dh, 1Eh, 20h
seg000:A9A1 byte_A9A1       db 2, 1Ah, 0, 1, 18h, 24h, 25h
seg000:A9A8 byte_A9A8       db 27h, 28h, 6, 4, 0, 26h, 3, 5, 7
seg000:A9B1 byte_A9B1       db 2Bh, 2Ah, 6, 4, 0, 29h, 3, 5, 7
seg000:A9BA byte_A9BA       db 2Dh, 2Ch, 6, 4, 0, 29h, 3, 5, 7
seg000:A9C3 byte_A9C3       db 31h, 32h, 0, 1, 2Eh, 2Fh, 30h
seg000:A9CA byte_A9CA       db 27h, 33h, 32h, 0, 26h, 2Eh, 2Fh, 30h
seg000:A9D2 byte_A9D2       db 2Bh, 2Ah, 34h, 32h, 0, 29h, 2Eh, 2Fh, 30h
seg000:A9DB byte_A9DB       db 36h, 2Ch, 35h, 32h, 0, 29h, 2Eh, 2Fh, 30h
seg000:A9E4 off_A9E4        dw offset byte_AA00
seg000:A9E6                 dw offset byte_AA08
seg000:A9E8                 dw offset byte_AA0F
seg000:A9EA                 dw offset byte_AA17
seg000:A9EC                 dw offset byte_AA1E
seg000:A9EE                 dw offset byte_AA26
seg000:A9F0                 dw offset byte_AA2E
seg000:A9F2                 dw offset byte_AA35
seg000:A9F4                 dw offset byte_AA3E
seg000:A9F6                 dw offset byte_AA47
seg000:A9F8                 dw offset byte_AA50
seg000:A9FA                 dw offset byte_AA57
seg000:A9FC                 dw offset byte_AA5F
seg000:A9FE                 dw offset byte_AA68
seg000:AA00 byte_AA00       db 5, 0, 1, 3, 4, 6, 2, 7
seg000:AA08 byte_AA08       db 0Bh, 0, 1, 8, 9, 0Ah, 2
seg000:AA0F byte_AA0F       db 0Fh, 0, 0Ch, 0Dh, 0Eh, 11h, 10h, 12h
seg000:AA17 byte_AA17       db 0, 0Ch, 13h, 14h, 15h, 17h, 16h
seg000:AA1E byte_AA1E       db 1Ch, 0, 1, 18h, 19h, 1Ah, 1Bh, 2
seg000:AA26 byte_AA26       db 22h, 0, 1, 1Dh, 1Eh, 20h, 21h, 2
seg000:AA2E byte_AA2E       db 0, 1, 18h, 24h, 25h, 1Ah, 2
seg000:AA35 byte_AA35       db 5, 0, 26h, 3, 4, 6, 27h, 28h, 7
seg000:AA3E byte_AA3E       db 5, 0, 29h, 3, 4, 6, 2Ah, 7, 2Bh
seg000:AA47 byte_AA47       db 5, 0, 29h, 3, 4, 6, 2Ch, 7, 2Dh
seg000:AA50 byte_AA50       db 30h, 0, 1, 2Eh, 2Fh, 31h, 32h
seg000:AA57 byte_AA57       db 30h, 0, 26h, 2Eh, 2Fh, 27h, 33h, 32h
seg000:AA5F byte_AA5F       db 30h, 0, 29h, 2Eh, 2Fh, 2Ah, 34h, 32h, 2Bh
seg000:AA68 byte_AA68       db 30h, 0, 29h, 2Eh, 2Fh, 2Ch, 35h, 32h, 36h
seg000:AA71 off_AA71        dw offset byte_AA8D
seg000:AA73                 dw offset byte_AA93
seg000:AA75                 dw offset byte_AA99
seg000:AA77                 dw offset byte_AA9F
seg000:AA79                 dw offset byte_AAA5
seg000:AA7B                 dw offset byte_AAAB
seg000:AA7D                 dw offset byte_AAB1
seg000:AA7F                 dw offset byte_AAB7
seg000:AA81                 dw offset byte_AABD
seg000:AA83                 dw offset byte_AAC3
seg000:AA85                 dw offset byte_AAC9
seg000:AA87                 dw offset byte_AACF
seg000:AA89                 dw offset byte_AAD5
seg000:AA8B                 dw offset byte_AADB
seg000:AA8D byte_AA8D       db 0, 0, 11h, 4, 0AAh, 1
seg000:AA93 byte_AA93       db 0, 0, 10h, 0, 0ABh, 1
seg000:AA99 byte_AA99       db 0, 0, 9, 2, 0AAh, 1
seg000:AA9F byte_AA9F       db 0, 0, 10h, 4, 0ABh, 0
seg000:AAA5 byte_AAA5       db 0, 0, 8, 3, 55h, 1
seg000:AAAB byte_AAAB       db 0, 0, 10h, 5, 0AAh, 2
seg000:AAB1 byte_AAB1       db 0, 0, 10h, 4, 0ABh, 0
seg000:AAB7 byte_AAB7       db 0, 0, 31h, 4, 0AAh, 1
seg000:AABD byte_AABD       db 40h, 0, 41h, 4, 0AAh, 1
seg000:AAC3 byte_AAC3       db 0, 10h, 21h, 4, 0AAh, 1
seg000:AAC9 byte_AAC9       db 0, 0, 5, 0, 2Bh, 1
seg000:AACF byte_AACF       db 0, 0, 0Dh, 0, 2Bh, 1
seg000:AAD5 byte_AAD5       db 10h, 0, 15h, 0, 2Bh, 1
seg000:AADB byte_AADB       db 0, 4, 0Dh, 0, 2Bh, 1
seg000:AAE1 off_AAE1        dw offset byte_AAFD
seg000:AAE3                 dw offset byte_AB03
seg000:AAE5                 dw offset byte_AB09
seg000:AAE7                 dw offset byte_AB0F
seg000:AAE9                 dw offset byte_AB15
seg000:AAEB                 dw offset byte_AB1B
seg000:AAED                 dw offset byte_AB21
seg000:AAEF                 dw offset byte_AB27
seg000:AAF1                 dw offset byte_AB2D
seg000:AAF3                 dw offset byte_AB33
seg000:AAF5                 dw offset byte_AB39
seg000:AAF7                 dw offset byte_AB3F
seg000:AAF9                 dw offset byte_AB45
seg000:AAFB                 dw offset byte_AB4B
seg000:AAFD byte_AAFD       db 1, 0AAh, 4, 11h, 0, 0
seg000:AB03 byte_AB03       db 1, 0ABh, 0, 10h, 0, 0
seg000:AB09 byte_AB09       db 1, 0AAh, 2, 9, 0, 0
seg000:AB0F byte_AB0F       db 0, 0ABh, 4, 10h, 0, 0
seg000:AB15 byte_AB15       db 1, 55h, 3, 8, 0, 0
seg000:AB1B byte_AB1B       db 2, 0AAh, 5, 10h, 0, 0
seg000:AB21 byte_AB21       db 0, 0ABh, 4, 10h, 0, 0
seg000:AB27 byte_AB27       db 1, 0AAh, 4, 31h, 0, 0
seg000:AB2D byte_AB2D       db 1, 0AAh, 4, 41h, 0, 40h
seg000:AB33 byte_AB33       db 1, 0AAh, 4, 21h, 10h, 0
seg000:AB39 byte_AB39       db 1, 2Bh, 0, 5, 0, 0
seg000:AB3F byte_AB3F       db 1, 2Bh, 0, 0Dh, 0, 0
seg000:AB45 byte_AB45       db 1, 2Bh, 0, 15h, 0, 10h
seg000:AB4B byte_AB4B       db 1, 2Bh, 0, 0Dh, 4, 0
seg000:AB51
seg000:AB51 ; =============== S U B R O U T I N E =======================================
seg000:AB51
seg000:AB51
seg000:AB51 sub_AB51        proc near
seg000:AB51                 mov     ax, boss_hp
seg000:AB54                 sub     ax, bx
seg000:AB56                 jnb     short loc_AB5A
seg000:AB58                 xor     ax, ax
seg000:AB5A
seg000:AB5A loc_AB5A:
seg000:AB5A                 mov     boss_hp, ax
seg000:AB5D                 mov     bx, ax
seg000:AB5F                 push    ax
seg000:AB60                 call    word ptr cs:200Ch
seg000:AB65                 pop     ax
seg000:AB66                 or      ax, ax
seg000:AB68                 jz      short loc_AB6B
seg000:AB6A                 retn
seg000:AB6B ; ---------------------------------------------------------------------------
seg000:AB6B
seg000:AB6B loc_AB6B:
seg000:AB6B                 test    byte ptr ds:0FF2Eh, 0FFh
seg000:AB70                 jz      short loc_AB73
seg000:AB72                 retn
seg000:AB73 ; ---------------------------------------------------------------------------
seg000:AB73
seg000:AB73 loc_AB73:
seg000:AB73                 mov     byte_AC20, 0
seg000:AB78                 mov     byte_AC28, 0
seg000:AB7D                 mov     byte_AC2D, 0
seg000:AB82                 mov     byte ptr ds:0FF2Eh, 0FFh
seg000:AB87                 retn
seg000:AB87 sub_AB51        endp
seg000:AB87
seg000:AB88
seg000:AB88 ; =============== S U B R O U T I N E =======================================
seg000:AB88
seg000:AB88
seg000:AB88 sub_AB88        proc near
seg000:AB88                 cmp     boss_hp, 320h
seg000:AB8E                 jnz     short loc_AB91
seg000:AB90                 retn
seg000:AB91 ; ---------------------------------------------------------------------------
seg000:AB91
seg000:AB91 loc_AB91:
seg000:AB91                 mov     bx, boss_hp
seg000:AB95                 add     bx, 50h ; 'P'
seg000:AB98                 mov     ax, 320h
seg000:AB9B                 cmp     ax, bx
seg000:AB9D                 jnb     short loc_ABB6
seg000:AB9F                 mov     bx, 320h
seg000:ABA2                 mov     byte_AC32, 0
seg000:ABA7                 mov     byte_AC25, 0Ah
seg000:ABAC                 mov     byte_AC23, 0FFh
seg000:ABB1                 mov     byte_AC22, 60h ; '`'
seg000:ABB6
seg000:ABB6 loc_ABB6:
seg000:ABB6                 mov     boss_hp, bx
seg000:ABBA                 mov     byte ptr ds:0FF75h, 3Ch ; '<'
seg000:ABBF                 jmp     word ptr cs:200Ch
seg000:ABBF sub_AB88        endp
seg000:ABBF
seg000:ABC4 ; ---------------------------------------------------------------------------
seg000:ABC4 ; START OF FUNCTION CHUNK FOR Mao2_AI_proc
seg000:ABC4
seg000:ABC4 loc_ABC4:
seg000:ABC4                 mov     al, byte_AC20
seg000:ABC7                 cmp     al, 28h ; '('
seg000:ABC9                 jnb     short loc_ABF3
seg000:ABCB                 test    byte_AC20, 7
seg000:ABD0                 jnz     short loc_ABD7
seg000:ABD2                 mov     byte ptr ds:0FF75h, 23h ; '#'
seg000:ABD7
seg000:ABD7 loc_ABD7:
seg000:ABD7                 mov     byte ptr ds:0FF2Fh, 0FFh
seg000:ABDC                 inc     byte_AC20
seg000:ABE0                 cmp     al, 14h
seg000:ABE2                 jb      short loc_ABE7
seg000:ABE4                 jmp     sub_A6BC
seg000:ABE7 ; ---------------------------------------------------------------------------
seg000:ABE7
seg000:ABE7 loc_ABE7:
seg000:ABE7                 shr     al, 1
seg000:ABE9                 mov     bx, offset unk_ABF9
seg000:ABEC                 xlat
seg000:ABED                 mov     byte_AC1B, al
seg000:ABF0                 jmp     sub_A6BC
seg000:ABF3 ; ---------------------------------------------------------------------------
seg000:ABF3
seg000:ABF3 loc_ABF3:
seg000:ABF3                 mov     byte ptr ds:0FF30h, 0FFh
seg000:ABF8                 retn
seg000:ABF8 ; END OF FUNCTION CHUNK FOR Mao2_AI_proc
seg000:ABF8 ; ---------------------------------------------------------------------------
seg000:ABF9 unk_ABF9        db    8
seg000:ABFA                 db    8
seg000:ABFB                 db    8
seg000:ABFC                 db  0Ch
seg000:ABFD                 db  0Ch
seg000:ABFE                 db  0Ch
seg000:ABFF                 db  0Dh
seg000:AC00                 db  0Dh
seg000:AC01                 db  0Bh
seg000:AC02                 db  0Bh
seg000:AC03 boss_x          dw 48
seg000:AC05 boss_y          db 9
seg000:AC06 boss_hp         dw 800
seg000:AC08 xp_reward       dw 10000
seg000:AC0A arena_center_x  db 12
seg000:AC0B boss_placement  db 0
seg000:AC0C                 dw offset unk_AC10
seg000:AC0E almas_reward    dw 0
seg000:AC10 unk_AC10        db  11h
seg000:AC11                 db 0BBh
seg000:AC12                 db    2
seg000:AC13 aJashiin        db 7,'Jashiin'
seg000:AC1B byte_AC1B       db 0
seg000:AC1C byte_AC1C       db 0
seg000:AC1D byte_AC1D       db 0
seg000:AC1E byte_AC1E       db 0
seg000:AC1F byte_AC1F       db 0
seg000:AC20 byte_AC20       db 0
seg000:AC21 byte_AC21       db 0
seg000:AC22 byte_AC22       db 0
seg000:AC23 byte_AC23       db 0
seg000:AC24 byte_AC24       db 0
seg000:AC25 byte_AC25       db 0
seg000:AC26 word_AC26       dw 0
seg000:AC28 byte_AC28       db 0
seg000:AC29 byte_AC29       db 0
seg000:AC2A byte_AC2A       db 0
seg000:AC2B byte_AC2B       db 0
seg000:AC2C byte_AC2C       db 0
seg000:AC2D byte_AC2D       db 0
seg000:AC2E byte_AC2E       db 0
seg000:AC2F byte_AC2F       db 0
seg000:AC30 byte_AC30       db 0
seg000:AC31 byte_AC31       db 0
seg000:AC32 byte_AC32       db 0
seg000:AC33 byte_AC33       db 0
seg000:AC34 byte_AC34       db 0
seg000:AC35 byte_AC35       db 0
seg000:AC36 byte_AC36       db 0
seg000:AC37 byte_AC37       db 0
seg000:AC38 byte_AC38       db 0
seg000:AC39 unk_AC39        db    0
seg000:AC3A                 db    0
seg000:AC3B                 db    0
seg000:AC3C                 db    0
seg000:AC3D                 db    0
seg000:AC3E                 db    0
seg000:AC3F                 db    0
seg000:AC40                 db    0
seg000:AC41 byte_AC41       db 0
seg000:AC42                 db    0
seg000:AC43                 db    0
seg000:AC44                 db    0
seg000:AC45                 db    0
seg000:AC46                 db    0
seg000:AC47                 db    0
seg000:AC48                 db    0
seg000:AC49                 db    0
seg000:AC4A byte_AC4A       db 0
seg000:AC4B                 db    0
seg000:AC4C                 db    0
seg000:AC4D                 db    0
seg000:AC4E                 db    0
seg000:AC4F                 db    0
seg000:AC50                 db    0
seg000:AC51                 db    0
seg000:AC52                 db    0
seg000:AC53                 db    0
seg000:AC54                 db    0
seg000:AC55                 db    0
seg000:AC56                 db    0
seg000:AC57                 db    0
seg000:AC58                 db    0
seg000:AC59                 db    0
seg000:AC5A                 db    0
seg000:AC5B                 db    0
seg000:AC5C                 db    0
seg000:AC5D                 db    0
seg000:AC5E                 db    0
seg000:AC5F                 db    0
seg000:AC60                 db    0
seg000:AC61                 db    0
seg000:AC62                 db    0
seg000:AC63                 db    0
seg000:AC64                 db    0
seg000:AC65 byte_AC65       db 0
seg000:AC66                 db    0
seg000:AC67                 db    0
seg000:AC68                 db    0
seg000:AC69                 db    0
seg000:AC6A                 db    0
seg000:AC6B                 db    0
seg000:AC6C                 db    0
seg000:AC6D                 db    0
seg000:AC6E byte_AC6E       db 0
seg000:AC6E seg000          ends
seg000:AC6E
seg000:AC6E
seg000:AC6E                 end
