seg000:A000 ;
seg000:A000 ; +-------------------------------------------------------------------------+
seg000:A000 ; |      This file was generated by The Interactive Disassembler (IDA)      |
seg000:A000 ; |           Copyright (c) 2026 Hex-Rays, <support@hex-rays.com>           |
seg000:A000 ; |                      License info: 48-2137-ACAB-69                      |
seg000:A000 ; |                             hi@hex-rays.com                             |
seg000:A000 ; +-------------------------------------------------------------------------+
seg000:A000 ;
seg000:A000 ; Input SHA256 : E57FC85F87A53D2C2770236F23ADA98FFAEAFA6DC80E45828B97CD82477D37FB
seg000:A000 ; Input MD5    : A422EA1AC7B9F6EFD27C157347038432
seg000:A000 ; Input CRC32  : 7D300DD7
seg000:A000
seg000:A000 ; File Name   : /home/brox/Projects/zeliard/game/0/meda.bin
seg000:A000 ; Format      : Binary file
seg000:A000 ; Base Address: 0000h Range: 0000h - 0888h Loaded length: 0888h
seg000:A000
seg000:A000                 .286
seg000:A000                 .model small
seg000:A000
seg000:A000 ; ===========================================================================
seg000:A000
seg000:A000 ; Segment type: Pure code
seg000:A000 seg000          segment byte public 'CODE'
seg000:A000                 assume cs:seg000
seg000:A000                 ;org 0A000h
seg000:A000                 assume es:nothing, ss:nothing, ds:seg000
seg000:A000                 dw offset Meda_AI_proc
seg000:A002                 dw offset boss_x
seg000:A004                 db    0
seg000:A005                 db    0
seg000:A006                 db    0
seg000:A007                 db    0
seg000:A008                 db    0
seg000:A009                 db    0
seg000:A00A                 db    0
seg000:A00B                 db    0
seg000:A00C                 db    0
seg000:A00D                 db    0
seg000:A00E                 db    0
seg000:A00F                 db    0                 ;
seg000:A00F                                         ; A010
seg000:A010                 db  1Eh
seg000:A011                 db  1Eh
seg000:A012                 db  1Eh
seg000:A013                 db  1Eh
seg000:A014                 db  1Eh
seg000:A015                 db  1Eh
seg000:A016                 db  1Eh
seg000:A017                 db  1Eh
seg000:A018                 db  1Eh
seg000:A019                 db  1Eh
seg000:A01A                 db  1Eh
seg000:A01B                 db  1Eh
seg000:A01C                 db  1Eh
seg000:A01D                 db  1Eh
seg000:A01E                 db  1Eh
seg000:A01F                 db  1Eh
seg000:A020                 db  1Eh
seg000:A021                 db  1Eh
seg000:A022                 db  1Eh
seg000:A023                 db  1Eh
seg000:A024                 db  1Eh
seg000:A025                 db  1Eh
seg000:A026                 db  1Eh
seg000:A027                 db  1Eh
seg000:A028                 db  1Eh
seg000:A029                 db  1Eh
seg000:A02A                 db  1Eh
seg000:A02B                 db  1Eh
seg000:A02C                 db  1Eh
seg000:A02D                 db  1Eh
seg000:A02E                 db  1Eh
seg000:A02F                 db  1Eh                 ;
seg000:A02F                                         ; A030
seg000:A030                 dw offset byte_A050
seg000:A032                 dw offset byte_A0A0
seg000:A034                 dw offset byte_A0F0
seg000:A036                 dw offset byte_A140
seg000:A038                 dw 0
seg000:A03A                 dw 0
seg000:A03C                 dw 0
seg000:A03E                 dw 0
seg000:A040                 dw 0
seg000:A042                 dw 0
seg000:A044                 dw 0
seg000:A046                 dw 0
seg000:A048                 dw 0
seg000:A04A                 dw 0
seg000:A04C                 dw offset byte_A18B
seg000:A04E                 dw offset byte_A1DB
seg000:A050 byte_A050       db 0, 1, 0, 2, 3
seg000:A055                 db 0, 0, 4, 5, 6
seg000:A05A                 db 0, 0, 7, 16h, 9
seg000:A05F                 db 0, 8, 0Bh, 0Ah, 0Ch
seg000:A064                 db 0, 0Dh, 0Eh, 0Fh, 10h
seg000:A069                 db 0, 11h, 12h, 13h, 0Ah
seg000:A06E                 db 0, 14h, 0, 0Ah, 15h
seg000:A073                 db 0, 0, 17h, 18h, 19h
seg000:A078                 db 0, 1Ah, 1Bh, 1Ch, 0Ah
seg000:A07D                 db 0, 1Dh, 1Eh, 1Fh, 20h
seg000:A082                 db 0, 21h, 22h, 0Ah, 23h
seg000:A087                 db 0, 0Ah, 24h, 0Ah, 25h
seg000:A08C                 db 0, 26h, 0Ah, 27h, 0Ah
seg000:A091                 db 0, 28h, 0Ah, 29h, 0Ah
seg000:A096                 db 0, 2Ah, 0Ah, 2Bh, 0Ah
seg000:A09B                 db 0, 0Ah, 0Ah, 0Ah, 2Ch
seg000:A0A0 byte_A0A0       db 0, 2Dh, 0, 0Ah, 2Eh
seg000:A0A5                 db 0, 0Ah, 2Fh, 0Ah, 30h
seg000:A0AA                 db 0, 0Ah, 31h, 32h, 33h
seg000:A0AF                 db 0, 34h, 0, 35h, 36h
seg000:A0B4                 db 0, 0, 0, 37h, 38h
seg000:A0B9                 db 0, 0, 39h, 3Ah, 3Bh
seg000:A0BE                 db 0, 0, 0, 3Ch, 3Dh
seg000:A0C3                 db 0, 3Eh, 3Fh, 40h, 41h
seg000:A0C8                 db 0, 42h, 43h, 44h, 45h
seg000:A0CD                 db 0, 46h, 47h, 48h, 49h
seg000:A0D2                 db 0, 5Ah, 5Bh, 5Ch, 5Dh
seg000:A0D7                 db 0, 5Eh, 5Fh, 60h, 61h
seg000:A0DC                 db 0, 62h, 63h, 64h, 65h
seg000:A0E1                 db 0, 66h, 67h, 68h, 69h
seg000:A0E6                 db 0, 6Ah, 6Bh, 6Ch, 6Dh
seg000:A0EB                 db 0, 6Eh, 6Fh, 70h, 71h
seg000:A0F0 byte_A0F0       db 0, 72h, 73h, 74h, 75h
seg000:A0F5                 db 0, 76h, 77h, 78h, 79h
seg000:A0FA                 db 0, 7Ah, 7Bh, 7Ch, 7Dh
seg000:A0FF                 db 0, 7Eh, 7Fh, 68h, 69h
seg000:A104                 db 0, 80h, 81h, 6Ch, 6Dh
seg000:A109                 db 0, 82h, 83h, 70h, 71h
seg000:A10E                 db 0, 72h, 84h, 85h, 86h
seg000:A113                 db 0, 76h, 87h, 88h, 89h
seg000:A118                 db 0, 62h, 63h, 8Ah, 8Bh
seg000:A11D                 db 0, 8Ch, 8Dh, 68h, 69h
seg000:A122                 db 0, 8Eh, 8Fh, 6Ch, 6Dh
seg000:A127                 db 0, 90h, 91h, 70h, 71h
seg000:A12C                 db 0, 92h, 84h, 93h, 94h
seg000:A131                 db 0, 95h, 96h, 97h, 98h
seg000:A136                 db 0, 99h, 63h, 8Ah, 9Ah
seg000:A13B                 db 0, 9Bh, 9Ch, 68h, 69h
seg000:A140 byte_A140       db 0, 9Dh, 9Eh, 6Ch, 6Dh
seg000:A145                 db 0, 9Fh, 0A0h, 70h, 71h
seg000:A14A                 db 0, 72h, 0A1h, 0A2h, 0A3h
seg000:A14F                 db 0, 76h, 77h, 0A4h, 0A5h
seg000:A154                 db 0, 62h, 63h, 0A6h, 0A7h
seg000:A159                 db 0, 0A8h, 0A9h, 68h, 69h
seg000:A15E                 db 0, 6Ah, 0AAh, 6Ch, 6Dh
seg000:A163                 db 0, 0ABh, 0ACh, 70h, 71h
seg000:A168                 db 0, 5Ah, 0ADh, 0AEh, 0AFh
seg000:A16D                 db 0, 0B0h, 0B1h, 0B2h, 0B3h
seg000:A172                 db 0, 0B4h, 7Bh, 0B5h, 0B6h
seg000:A177                 db 0, 0B7h, 0B8h, 0B9h, 0BAh
seg000:A17C                 db 0, 0BBh, 0BCh, 6Ch, 0BDh
seg000:A181                 db 0, 0BEh, 0BFh, 70h, 71h
seg000:A186                 db 0, 42h, 43h, 44h, 0CCh
seg000:A18B byte_A18B       db 0, 4Ah, 4Bh, 4Ch, 4Dh
seg000:A190                 db 0, 4Eh, 4Fh, 50h, 51h
seg000:A195                 db 0, 52h, 53h, 54h, 55h
seg000:A19A                 db 0, 56h, 57h, 58h, 59h
seg000:A19F                 db 0, 0C0h, 0C1h, 0C2h, 0C3h
seg000:A1A4                 db 0, 0C4h, 0C5h, 0C6h, 0C7h
seg000:A1A9                 db 0, 0, 0, 0C8h, 0C9h
seg000:A1AE                 db 0, 0, 0, 0CAh, 0CBh
seg000:A1B3                 db 0, 0C0h, 0C1h, 0CDh, 0CEh
seg000:A1B8                 db 0, 0CFh, 0C5h, 0C6h, 0C7h
seg000:A1BD                 db 0, 0C0h, 0C1h, 0D0h, 0D1h
seg000:A1C2                 db 0, 0D2h, 0C5h, 0C6h, 0C7h
seg000:A1C7                 db 0, 0, 0, 0C8h, 0D3h
seg000:A1CC                 db 0, 0, 0, 0, 0D4h
seg000:A1D1                 db 0, 0C0h, 0C1h, 0D5h, 0D6h
seg000:A1D6                 db 0, 0D7h, 0C5h, 0D8h, 0C7h
seg000:A1DB byte_A1DB       db 0, 0, 0D9h, 0DAh, 0DBh
seg000:A1E0                 db 0, 0C0h, 0C1h, 0C2h, 0DCh
seg000:A1E5                 db 0, 0DDh, 0C5h, 0DEh, 0C7h
seg000:A1EA
seg000:A1EA ; =============== S U B R O U T I N E =======================================
seg000:A1EA
seg000:A1EA
seg000:A1EA Meda_AI_proc    proc near
seg000:A1EA
seg000:A1EA ; FUNCTION CHUNK AT seg000:A5A6 SIZE 00000036 BYTES
seg000:A1EA
seg000:A1EA                 mov     si, ds:0C010h
seg000:A1EE                 mov     byte_A731, 0
seg000:A1F3                 mov     byte_A732, 0
seg000:A1F8
seg000:A1F8 loc_A1F8:
seg000:A1F8                 cmp     word ptr [si], 0FFFFh
seg000:A1FB                 jz      short loc_A243
seg000:A1FD                 mov     ax, [si]
seg000:A1FF                 call    word ptr cs:6036h
seg000:A204                 jb      short loc_A23A
seg000:A206                 mov     [si+3], bl
seg000:A209                 mov     ax, [si+2]
seg000:A20C                 call    word ptr cs:6028h
seg000:A211                 mov     bl, byte_A731
seg000:A215                 xor     bh, bh
seg000:A217                 mov     al, [bx+0ED20h]
seg000:A21B                 mov     [di], al
seg000:A21D                 test    byte ptr [si+5], 40h
seg000:A221                 jz      short loc_A23A
seg000:A223                 test    byte_A732, 80h
seg000:A228                 jnz     short loc_A23A
seg000:A22A                 mov     al, [si+5]
seg000:A22D                 and     al, 1Fh
seg000:A22F                 test    byte ptr [si+4], 8
seg000:A233                 jz      short loc_A237
seg000:A235                 or      al, 80h
seg000:A237
seg000:A237 loc_A237:
seg000:A237                 mov     byte_A732, al
seg000:A23A
seg000:A23A loc_A23A:
seg000:A23A                 inc     byte_A731
seg000:A23E                 add     si, 10h
seg000:A241                 jmp     short loc_A1F8
seg000:A243 ; ---------------------------------------------------------------------------
seg000:A243
seg000:A243 loc_A243:
seg000:A243                 mov     si, ds:0C010h
seg000:A247                 mov     word ptr [si], 0FFFFh
seg000:A24B                 mov     al, byte_A732
seg000:A24E                 and     al, 1Fh
seg000:A250                 jz      short loc_A287
seg000:A252                 push    ax
seg000:A253                 call    word ptr cs:6038h
seg000:A258                 mov     bl, ah
seg000:A25A                 pop     ax
seg000:A25B                 shr     bl, 1
seg000:A25D                 shr     bl, 1
seg000:A25F                 shr     bl, 1
seg000:A261                 xor     bh, bh
seg000:A263                 cmp     al, 1
seg000:A265                 jnz     short loc_A27F
seg000:A267                 cmp     byte ptr ds:92h, 4
seg000:A26C                 jb      short loc_A27F
seg000:A26E                 add     bx, bx
seg000:A270                 add     bx, bx
seg000:A272                 add     bx, bx
seg000:A274                 add     bx, bx
seg000:A276                 add     bx, bx
seg000:A278                 mov     byte ptr ds:0FF75h, 2Dh ; '-'
seg000:A27D                 jmp     short loc_A284
seg000:A27F ; ---------------------------------------------------------------------------
seg000:A27F
seg000:A27F loc_A27F:
seg000:A27F                 mov     byte ptr ds:0FF75h, 2Eh ; '.'
seg000:A284
seg000:A284 loc_A284:
seg000:A284                 call    sub_A575
seg000:A287
seg000:A287 loc_A287:
seg000:A287                 test    byte ptr ds:0FF2Eh, 0FFh
seg000:A28C                 jz      short loc_A291
seg000:A28E                 jmp     loc_A5A6
seg000:A291 ; ---------------------------------------------------------------------------
seg000:A291
seg000:A291 loc_A291:
seg000:A291                 test    byte_A734, 0FFh
seg000:A296                 jnz     short loc_A2EB
seg000:A298                 cmp     boss_y, 7
seg000:A29D                 jnz     short loc_A2CC
seg000:A29F                 mov     ax, ds:80h
seg000:A2A2                 add     ax, 10h
seg000:A2A5                 mov     bx, ax
seg000:A2A7                 sub     ax, ds:0C002h
seg000:A2AB                 jb      short loc_A2AE
seg000:A2AD                 xchg    ax, bx
seg000:A2AE
seg000:A2AE loc_A2AE:
seg000:A2AE                 mov     ax, boss_x
seg000:A2B1                 add     ax, 4
seg000:A2B4                 sub     ax, bx
seg000:A2B6                 jnb     short loc_A2CC
seg000:A2B8                 mov     ax, boss_x
seg000:A2BB                 add     ax, 6
seg000:A2BE                 sub     ax, bx
seg000:A2C0                 jb      short loc_A2CC
seg000:A2C2                 mov     byte_A735, 3
seg000:A2C7                 mov     byte_A734, 0FFh
seg000:A2CC
seg000:A2CC loc_A2CC:
seg000:A2CC                 test    byte_A736, 0FFh
seg000:A2D1                 jnz     short loc_A2DF
seg000:A2D3                 call    sub_A42B
seg000:A2D6                 jnb     short loc_A317
seg000:A2D8                 mov     byte_A736, 0FFh
seg000:A2DD                 jmp     short loc_A317
seg000:A2DF ; ---------------------------------------------------------------------------
seg000:A2DF
seg000:A2DF loc_A2DF:
seg000:A2DF                 call    sub_A41D
seg000:A2E2                 jnb     short loc_A317
seg000:A2E4                 mov     byte_A736, 0
seg000:A2E9                 jmp     short loc_A317
seg000:A2EB ; ---------------------------------------------------------------------------
seg000:A2EB
seg000:A2EB loc_A2EB:
seg000:A2EB                 test    byte_A735, 0FFh
seg000:A2F0                 jz      short loc_A2F8
seg000:A2F2                 dec     byte_A735
seg000:A2F6                 jmp     short loc_A317
seg000:A2F8 ; ---------------------------------------------------------------------------
seg000:A2F8
seg000:A2F8 loc_A2F8:
seg000:A2F8                 test    byte_A734, 80h
seg000:A2FD                 jz      short loc_A30B
seg000:A2FF                 call    sub_A412
seg000:A302                 jnb     short loc_A325
seg000:A304                 mov     byte_A734, 7Fh
seg000:A309                 jmp     short loc_A325
seg000:A30B ; ---------------------------------------------------------------------------
seg000:A30B
seg000:A30B loc_A30B:
seg000:A30B                 call    sub_A408
seg000:A30E                 jnb     short loc_A325
seg000:A310                 mov     byte_A734, 0
seg000:A315                 jmp     short loc_A325
seg000:A317 ; ---------------------------------------------------------------------------
seg000:A317
seg000:A317 loc_A317:
seg000:A317                 mov     bx, boss_x
seg000:A31B                 sub     bx, 9
seg000:A31E                 mov     al, byte_A6ED[bx]
seg000:A322                 mov     boss_y, al
seg000:A325
seg000:A325 loc_A325:
seg000:A325                 call    sub_A358
seg000:A328                 test    byte_A737, 0FFh
seg000:A32D                 jz      short loc_A336
seg000:A32F                 dec     byte_A737
seg000:A333                 jmp     sub_A438
seg000:A336 ; ---------------------------------------------------------------------------
seg000:A336
seg000:A336 loc_A336:
seg000:A336                 inc     byte_A730
seg000:A33A                 cmp     byte_A730, 5
seg000:A33F                 jnz     short loc_A34B
seg000:A341                 mov     byte_A737, 3
seg000:A346                 mov     byte_A730, 0
seg000:A34B
seg000:A34B loc_A34B:
seg000:A34B                 cmp     byte_A730, 4
seg000:A350                 jnz     short loc_A355
seg000:A352                 call    sub_A3C1
seg000:A355
seg000:A355 loc_A355:
seg000:A355                 jmp     sub_A438
seg000:A355 Meda_AI_proc    endp
seg000:A355
seg000:A358
seg000:A358 ; =============== S U B R O U T I N E =======================================
seg000:A358
seg000:A358
seg000:A358 sub_A358        proc near
seg000:A358                 mov     ax, ds:80h
seg000:A35B                 add     ax, 10h
seg000:A35E                 mov     bx, ax
seg000:A360                 sub     ax, ds:0C002h
seg000:A364                 jb      short loc_A367
seg000:A366                 xchg    ax, bx
seg000:A367
seg000:A367 loc_A367:
seg000:A367                 mov     ax, boss_x
seg000:A36A                 inc     ax
seg000:A36B                 sub     ax, bx
seg000:A36D                 jnb     short loc_A37F
seg000:A36F                 mov     ax, boss_x
seg000:A372                 add     ax, 0Ah
seg000:A375                 sub     ax, bx
seg000:A377                 jb      short loc_A37F
seg000:A379                 mov     byte_A72F, 2
seg000:A37E                 retn
seg000:A37F ; ---------------------------------------------------------------------------
seg000:A37F
seg000:A37F loc_A37F:
seg000:A37F                 mov     ax, boss_x
seg000:A382                 add     ax, 0FFFAh
seg000:A385                 sub     ax, bx
seg000:A387                 jnb     short loc_A3AA
seg000:A389                 mov     ax, boss_x
seg000:A38C                 add     ax, 11h
seg000:A38F                 sub     ax, bx
seg000:A391                 jb      short loc_A3AA
seg000:A393                 mov     ax, boss_x
seg000:A396                 add     ax, 7
seg000:A399                 inc     bx
seg000:A39A                 sub     ax, bx
seg000:A39C                 jb      short loc_A3A4
seg000:A39E                 mov     byte_A72F, 1
seg000:A3A3                 retn
seg000:A3A4 ; ---------------------------------------------------------------------------
seg000:A3A4
seg000:A3A4 loc_A3A4:
seg000:A3A4                 mov     byte_A72F, 3
seg000:A3A9                 retn
seg000:A3AA ; ---------------------------------------------------------------------------
seg000:A3AA
seg000:A3AA loc_A3AA:
seg000:A3AA                 mov     ax, boss_x
seg000:A3AD                 add     ax, 7
seg000:A3B0                 inc     bx
seg000:A3B1                 sub     ax, bx
seg000:A3B3                 jb      short loc_A3BB
seg000:A3B5                 mov     byte_A72F, 0
seg000:A3BA                 retn
seg000:A3BB ; ---------------------------------------------------------------------------
seg000:A3BB
seg000:A3BB loc_A3BB:
seg000:A3BB                 mov     byte_A72F, 4
seg000:A3C0                 retn
seg000:A3C0 sub_A358        endp
seg000:A3C0
seg000:A3C1
seg000:A3C1 ; =============== S U B R O U T I N E =======================================
seg000:A3C1
seg000:A3C1
seg000:A3C1 sub_A3C1        proc near
seg000:A3C1                 mov     ax, boss_x
seg000:A3C4                 add     ax, 6
seg000:A3C7                 call    word ptr cs:6036h
seg000:A3CC                 jb      short loc_A3E4
seg000:A3CE                 mov     byte_A6E0, bl
seg000:A3D2                 mov     al, boss_y
seg000:A3D5                 add     al, 0Ch
seg000:A3D7                 and     al, 3Fh
seg000:A3D9                 mov     byte_A6E1, al
seg000:A3DC                 mov     bx, offset byte_A6E0
seg000:A3DF                 call    word ptr cs:603Ah
seg000:A3E4
seg000:A3E4 loc_A3E4:
seg000:A3E4                 mov     ax, boss_x
seg000:A3E7                 add     ax, 7
seg000:A3EA                 call    word ptr cs:6036h
seg000:A3EF                 jnb     short loc_A3F2
seg000:A3F1                 retn
seg000:A3F2 ; ---------------------------------------------------------------------------
seg000:A3F2
seg000:A3F2 loc_A3F2:
seg000:A3F2                 mov     byte_A6E0, bl
seg000:A3F6                 mov     al, boss_y
seg000:A3F9                 add     al, 0Ah
seg000:A3FB                 and     al, 3Fh
seg000:A3FD                 mov     byte_A6E1, al
seg000:A400                 mov     bx, offset byte_A6E0
seg000:A403                 jmp     word ptr cs:603Ah
seg000:A403 sub_A3C1        endp
seg000:A403
seg000:A408
seg000:A408 ; =============== S U B R O U T I N E =======================================
seg000:A408
seg000:A408
seg000:A408 sub_A408        proc near
seg000:A408                 dec     boss_y
seg000:A40C                 cmp     boss_y, 7
seg000:A411                 retn
seg000:A411 sub_A408        endp
seg000:A411
seg000:A412
seg000:A412 ; =============== S U B R O U T I N E =======================================
seg000:A412
seg000:A412
seg000:A412 sub_A412        proc near
seg000:A412                 inc     boss_y
seg000:A416                 cmp     boss_y, 0Bh
seg000:A41B                 cmc
seg000:A41C                 retn
seg000:A41C sub_A412        endp
seg000:A41C
seg000:A41D
seg000:A41D ; =============== S U B R O U T I N E =======================================
seg000:A41D
seg000:A41D
seg000:A41D sub_A41D        proc near
seg000:A41D                 cmp     byte ptr boss_x, 31h ; '1'
seg000:A422                 cmc
seg000:A423                 jnb     short loc_A426
seg000:A425                 retn
seg000:A426 ; ---------------------------------------------------------------------------
seg000:A426
seg000:A426 loc_A426:
seg000:A426                 inc     byte ptr boss_x
seg000:A42A                 retn
seg000:A42A sub_A41D        endp
seg000:A42A
seg000:A42B
seg000:A42B ; =============== S U B R O U T I N E =======================================
seg000:A42B
seg000:A42B
seg000:A42B sub_A42B        proc near
seg000:A42B                 cmp     byte ptr boss_x, 0Ah
seg000:A430                 jnb     short loc_A433
seg000:A432                 retn
seg000:A433 ; ---------------------------------------------------------------------------
seg000:A433
seg000:A433 loc_A433:
seg000:A433                 dec     byte ptr boss_x
seg000:A437                 retn
seg000:A437 sub_A42B        endp
seg000:A437
seg000:A438
seg000:A438 ; =============== S U B R O U T I N E =======================================
seg000:A438
seg000:A438
seg000:A438 sub_A438        proc near
seg000:A438                 push    cs
seg000:A439                 pop     es
seg000:A43A                 assume es:nothing
seg000:A43A                 mov     di, offset byte_A738
seg000:A43D                 mov     al, 0FFh
seg000:A43F                 mov     cx, 336
seg000:A442                 rep stosb
seg000:A444                 mov     byte_A72C, 0
seg000:A449                 mov     byte_A72D, 0
seg000:A44E                 mov     si, offset unk_A5DC
seg000:A451                 mov     bp, offset unk_A606
seg000:A454                 mov     cx, 0Dh
seg000:A457                 call    sub_A539
seg000:A45A                 mov     byte_A72C, 1
seg000:A45F                 mov     byte_A72D, 8
seg000:A464                 mov     si, offset unk_A613
seg000:A467                 mov     bp, offset unk_A623
seg000:A46A                 mov     cx, 0Bh
seg000:A46D                 call    sub_A539
seg000:A470                 mov     byte_A72C, 4
seg000:A475                 mov     byte_A72D, 3
seg000:A47A                 mov     bl, byte_A72F
seg000:A47E                 xor     bh, bh
seg000:A480                 add     bx, bx
seg000:A482                 mov     si, off_A62E[bx]
seg000:A486                 mov     bp, offset unk_A682
seg000:A489                 mov     cx, 5
seg000:A48C                 call    sub_A539
seg000:A48F                 mov     byte_A72D, 7
seg000:A494                 mov     bl, byte_A730
seg000:A498                 xor     bh, bh
seg000:A49A                 add     bx, bx
seg000:A49C                 mov     si, off_A687[bx]
seg000:A4A0                 mov     bp, off_A6C7[bx]
seg000:A4A4                 mov     cx, 5
seg000:A4A7                 call    sub_A539
seg000:A4AA                 mov     byte_A731, 0
seg000:A4AF                 mov     ax, boss_x
seg000:A4B2                 mov     di, ds:0C010h
seg000:A4B6                 mov     si, offset byte_A738
seg000:A4B9                 mov     cx, 0Eh
seg000:A4BC
seg000:A4BC loc_A4BC:
seg000:A4BC                 push    cx
seg000:A4BD                 push    si
seg000:A4BE                 push    ax
seg000:A4BF                 call    word ptr cs:6036h
seg000:A4C4                 pop     ax
seg000:A4C5                 mov     byte_A72E, bl
seg000:A4C9                 jb      short loc_A52C
seg000:A4CB                 xor     cl, cl
seg000:A4CD
seg000:A4CD loc_A4CD:
seg000:A4CD                 push    cx
seg000:A4CE                 push    ax
seg000:A4CF                 cmp     byte ptr [si], 0FFh
seg000:A4D2                 jz      short loc_A521
seg000:A4D4                 mov     [di], ax
seg000:A4D6                 mov     al, boss_y
seg000:A4D9                 add     al, cl
seg000:A4DB                 and     al, 3Fh
seg000:A4DD                 mov     [di+2], al
seg000:A4E0                 mov     al, byte_A72E
seg000:A4E3                 mov     [di+3], al
seg000:A4E6                 mov     al, [si]
seg000:A4E8                 mov     [di+4], al
seg000:A4EB                 mov     al, [si+1]
seg000:A4EE                 mov     [di+6], al
seg000:A4F1                 mov     byte ptr [di+5], 0
seg000:A4F5                 test    byte_A732, 0FFh
seg000:A4FA                 jz      short loc_A500
seg000:A4FC                 or      byte ptr [di+5], 20h
seg000:A500
seg000:A500 loc_A500:
seg000:A500                 push    di
seg000:A501                 mov     ax, [di+2]
seg000:A504                 call    word ptr cs:6028h
seg000:A509                 mov     bl, byte_A731
seg000:A50D                 xor     bh, bh
seg000:A50F                 mov     al, bl
seg000:A511                 or      al, 80h
seg000:A513                 xchg    al, [di]
seg000:A515                 mov     [bx+0ED20h], al
seg000:A519                 pop     di
seg000:A51A                 add     di, 10h
seg000:A51D                 inc     byte_A731
seg000:A521
seg000:A521 loc_A521:
seg000:A521                 inc     si
seg000:A522                 inc     si
seg000:A523                 pop     ax
seg000:A524                 pop     cx
seg000:A525                 inc     cl
seg000:A527                 cmp     cl, 0Ch
seg000:A52A                 jnz     short loc_A4CD
seg000:A52C
seg000:A52C loc_A52C:
seg000:A52C                 inc     ax
seg000:A52D                 pop     si
seg000:A52E                 add     si, 18h
seg000:A531                 pop     cx
seg000:A532                 loop    loc_A4BC
seg000:A534                 mov     word ptr [di], 0FFFFh
seg000:A538                 retn
seg000:A538 sub_A438        endp
seg000:A538
seg000:A539
seg000:A539 ; =============== S U B R O U T I N E =======================================
seg000:A539
seg000:A539
seg000:A539 sub_A539        proc near
seg000:A539                 push    cs
seg000:A53A                 pop     es
seg000:A53B                 mov     al, byte_A72C
seg000:A53E                 xor     ah, ah
seg000:A540                 add     ax, ax
seg000:A542                 add     ax, ax
seg000:A544                 add     ax, ax
seg000:A546                 mov     dx, ax
seg000:A548                 add     ax, ax
seg000:A54A                 add     ax, dx
seg000:A54C                 mov     dl, byte_A72D
seg000:A550                 xor     dh, dh
seg000:A552                 add     dx, dx
seg000:A554                 add     ax, dx
seg000:A556                 mov     di, ax
seg000:A558                 add     di, offset byte_A738
seg000:A55C
seg000:A55C loc_A55C:
seg000:A55C                 push    cx
seg000:A55D                 mov     cx, 8
seg000:A560
seg000:A560 loc_A560:
seg000:A560                 rol     byte ptr ds:[bp+0], 1
seg000:A564                 jnb     short loc_A569
seg000:A566                 movsw
seg000:A567                 dec     di
seg000:A568                 dec     di
seg000:A569
seg000:A569 loc_A569:
seg000:A569                 inc     di
seg000:A56A                 inc     di
seg000:A56B                 loop    loc_A560
seg000:A56D                 add     di, 8
seg000:A570                 inc     bp
seg000:A571                 pop     cx
seg000:A572                 loop    loc_A55C
seg000:A574                 retn
seg000:A574 sub_A539        endp
seg000:A574
seg000:A575
seg000:A575 ; =============== S U B R O U T I N E =======================================
seg000:A575
seg000:A575
seg000:A575 sub_A575        proc near
seg000:A575                 mov     ax, boss_hp
seg000:A578                 sub     ax, bx
seg000:A57A                 jnb     short loc_A57E
seg000:A57C                 xor     ax, ax
seg000:A57E
seg000:A57E loc_A57E:
seg000:A57E                 mov     boss_hp, ax
seg000:A581                 mov     bx, ax
seg000:A583                 push    ax
seg000:A584                 call    word ptr cs:200Ch
seg000:A589                 pop     ax
seg000:A58A                 or      ax, ax
seg000:A58C                 jz      short loc_A58F
seg000:A58E                 retn
seg000:A58F ; ---------------------------------------------------------------------------
seg000:A58F
seg000:A58F loc_A58F:
seg000:A58F                 test    byte ptr ds:0FF2Eh, 0FFh
seg000:A594                 jz      short loc_A597
seg000:A596                 retn
seg000:A597 ; ---------------------------------------------------------------------------
seg000:A597
seg000:A597 loc_A597:
seg000:A597                 mov     byte_A733, 0
seg000:A59C                 mov     byte ptr ds:0FF2Eh, 0FFh
seg000:A5A1                 jmp     word ptr cs:603Ch
seg000:A5A1 sub_A575        endp
seg000:A5A1
seg000:A5A6 ; ---------------------------------------------------------------------------
seg000:A5A6 ; START OF FUNCTION CHUNK FOR Meda_AI_proc
seg000:A5A6
seg000:A5A6 loc_A5A6:
seg000:A5A6                 cmp     byte_A733, 28h ; '('
seg000:A5AB                 jnb     short loc_A5D6
seg000:A5AD                 mov     byte ptr ds:0FF2Fh, 0FFh
seg000:A5B2                 inc     byte_A733
seg000:A5B6                 cmp     byte_A733, 14h
seg000:A5BB                 jnb     short loc_A5CE
seg000:A5BD                 mov     byte_A730, 0
seg000:A5C2                 call    sub_A358
seg000:A5C5                 call    sub_A438
seg000:A5C8                 mov     byte ptr ds:0FF75h, 23h ; '#'
seg000:A5CD                 retn
seg000:A5CE ; ---------------------------------------------------------------------------
seg000:A5CE
seg000:A5CE loc_A5CE:
seg000:A5CE                 mov     byte_A72F, 5
seg000:A5D3                 jmp     sub_A438
seg000:A5D6 ; ---------------------------------------------------------------------------
seg000:A5D6
seg000:A5D6 loc_A5D6:
seg000:A5D6                 mov     byte ptr ds:0FF30h, 0FFh
seg000:A5DB                 retn
seg000:A5DB ; END OF FUNCTION CHUNK FOR Meda_AI_proc
seg000:A5DB ; ---------------------------------------------------------------------------
seg000:A5DC unk_A5DC        db    0
seg000:A5DD                 db    7
seg000:A5DE                 db    0
seg000:A5DF                 db    8
seg000:A5E0                 db    0
seg000:A5E1                 db    9
seg000:A5E2                 db    0
seg000:A5E3                 db    0
seg000:A5E4                 db    0
seg000:A5E5                 db    2
seg000:A5E6                 db    0
seg000:A5E7                 db  0Ah
seg000:A5E8                 db    0
seg000:A5E9                 db  0Bh
seg000:A5EA                 db    0
seg000:A5EB                 db  0Ch
seg000:A5EC                 db    0
seg000:A5ED                 db    3
seg000:A5EE                 db    1
seg000:A5EF                 db    7
seg000:A5F0                 db    0
seg000:A5F1                 db    4
seg000:A5F2                 db    0
seg000:A5F3                 db    5
seg000:A5F4                 db    1
seg000:A5F5                 db    9
seg000:A5F6                 db    0
seg000:A5F7                 db    6
seg000:A5F8                 db    0
seg000:A5F9                 db  0Dh
seg000:A5FA                 db    0
seg000:A5FB                 db  0Eh
seg000:A5FC                 db    0
seg000:A5FD                 db  0Fh
seg000:A5FE                 db    0
seg000:A5FF                 db    1
seg000:A600                 db    1
seg000:A601                 db    0
seg000:A602                 db    1
seg000:A603                 db    1
seg000:A604                 db    1
seg000:A605                 db    2
seg000:A606 unk_A606        db  2Ah ; *
seg000:A607                 db  80h
seg000:A608                 db  55h ; U
seg000:A609                 db    0
seg000:A60A                 db  41h ; A
seg000:A60B                 db    0
seg000:A60C                 db  40h ; @
seg000:A60D                 db    0
seg000:A60E                 db  41h ; A
seg000:A60F                 db    0
seg000:A610                 db  55h ; U
seg000:A611                 db  80h
seg000:A612                 db  2Ah ; *
seg000:A613 unk_A613        db    1
seg000:A614                 db    3
seg000:A615                 db    1
seg000:A616                 db    4
seg000:A617                 db  0Eh
seg000:A618                 db    2
seg000:A619                 db  0Eh
seg000:A61A                 db    0
seg000:A61B                 db  0Eh
seg000:A61C                 db    1
seg000:A61D                 db  0Eh
seg000:A61E                 db    3
seg000:A61F                 db    1
seg000:A620                 db    5
seg000:A621                 db    1
seg000:A622                 db    6
seg000:A623 unk_A623        db 0C0h
seg000:A624                 db  10h
seg000:A625                 db  40h ; @
seg000:A626                 db    0
seg000:A627                 db    0
seg000:A628                 db    0
seg000:A629                 db    0
seg000:A62A                 db    0
seg000:A62B                 db  40h ; @
seg000:A62C                 db  10h
seg000:A62D                 db 0C0h
seg000:A62E off_A62E        dw offset unk_A63A
seg000:A630                 dw offset unk_A646
seg000:A632                 dw offset unk_A652
seg000:A634                 dw offset unk_A65E
seg000:A636                 dw offset unk_A66A
seg000:A638                 dw offset unk_A676
seg000:A63A unk_A63A        db    1
seg000:A63B                 db  0Ah
seg000:A63C                 db    1
seg000:A63D                 db  0Dh
seg000:A63E                 db    1
seg000:A63F                 db  0Bh
seg000:A640                 db    1
seg000:A641                 db  0Eh
seg000:A642                 db    1
seg000:A643                 db  0Ch
seg000:A644                 db    1
seg000:A645                 db  0Fh
seg000:A646 unk_A646        db    2
seg000:A647                 db    0
seg000:A648                 db    2
seg000:A649                 db    3
seg000:A64A                 db    2
seg000:A64B                 db    1
seg000:A64C                 db    2
seg000:A64D                 db    4
seg000:A64E                 db    2
seg000:A64F                 db    2
seg000:A650                 db    2
seg000:A651                 db    5
seg000:A652 unk_A652        db    2
seg000:A653                 db    6
seg000:A654                 db    2
seg000:A655                 db    9
seg000:A656                 db    2
seg000:A657                 db    7
seg000:A658                 db    2
seg000:A659                 db  0Ah
seg000:A65A                 db    2
seg000:A65B                 db    8
seg000:A65C                 db    2
seg000:A65D                 db  0Bh
seg000:A65E unk_A65E        db    2
seg000:A65F                 db  0Ch
seg000:A660                 db    2
seg000:A661                 db  0Fh
seg000:A662                 db    2
seg000:A663                 db  0Dh
seg000:A664                 db    3
seg000:A665                 db    0
seg000:A666                 db    2
seg000:A667                 db  0Eh
seg000:A668                 db    3
seg000:A669                 db    1
seg000:A66A unk_A66A        db    3
seg000:A66B                 db    2
seg000:A66C                 db    3
seg000:A66D                 db    5
seg000:A66E                 db    3
seg000:A66F                 db    3
seg000:A670                 db    3
seg000:A671                 db    6
seg000:A672                 db    3
seg000:A673                 db    4
seg000:A674                 db    3
seg000:A675                 db    7
seg000:A676 unk_A676        db    3
seg000:A677                 db    8
seg000:A678                 db    3
seg000:A679                 db  0Bh
seg000:A67A                 db    3
seg000:A67B                 db    9
seg000:A67C                 db    3
seg000:A67D                 db  0Ch
seg000:A67E                 db    3
seg000:A67F                 db  0Ah
seg000:A680                 db    3
seg000:A681                 db  0Dh
seg000:A682 unk_A682        db 0A0h
seg000:A683                 db    0
seg000:A684                 db 0A0h
seg000:A685                 db    0
seg000:A686                 db 0A0h
seg000:A687 off_A687        dw offset unk_A691
seg000:A689                 dw offset unk_A69B
seg000:A68B                 dw offset unk_A6A5
seg000:A68D                 dw offset unk_A6B1
seg000:A68F                 dw offset unk_A6BD
seg000:A691 unk_A691        db  0Eh
seg000:A692                 db    6
seg000:A693                 db  0Eh
seg000:A694                 db    4
seg000:A695                 db    1
seg000:A696                 db    8
seg000:A697                 db  0Eh
seg000:A698                 db    5
seg000:A699                 db  0Eh
seg000:A69A                 db    7
seg000:A69B unk_A69B        db  0Eh
seg000:A69C                 db    6
seg000:A69D                 db  0Eh
seg000:A69E                 db    8
seg000:A69F                 db    3
seg000:A6A0                 db  0Eh
seg000:A6A1                 db  0Eh
seg000:A6A2                 db    9
seg000:A6A3                 db  0Eh
seg000:A6A4                 db    7
seg000:A6A5 unk_A6A5        db  0Eh
seg000:A6A6                 db  0Ch
seg000:A6A7                 db  0Eh
seg000:A6A8                 db  0Ah
seg000:A6A9                 db  0Eh
seg000:A6AA                 db  0Dh
seg000:A6AB                 db    1
seg000:A6AC                 db    8
seg000:A6AD                 db  0Eh
seg000:A6AE                 db  0Bh
seg000:A6AF                 db  0Eh
seg000:A6B0                 db    7
seg000:A6B1 unk_A6B1        db  0Eh
seg000:A6B2                 db    6
seg000:A6B3                 db  0Eh
seg000:A6B4                 db  0Eh
seg000:A6B5                 db  0Fh
seg000:A6B6                 db    0
seg000:A6B7                 db    1
seg000:A6B8                 db    8
seg000:A6B9                 db  0Eh
seg000:A6BA                 db  0Fh
seg000:A6BB                 db  0Eh
seg000:A6BC                 db    7
seg000:A6BD unk_A6BD        db  0Eh
seg000:A6BE                 db    6
seg000:A6BF                 db  0Fh
seg000:A6C0                 db    1
seg000:A6C1                 db    1
seg000:A6C2                 db    8
seg000:A6C3                 db  0Fh
seg000:A6C4                 db    2
seg000:A6C5                 db  0Eh
seg000:A6C6                 db    7
seg000:A6C7 off_A6C7        dw offset unk_A6D1
seg000:A6C9                 dw offset unk_A6D1
seg000:A6CB                 dw offset unk_A6D6
seg000:A6CD                 dw offset unk_A6DB
seg000:A6CF                 dw offset unk_A6D1
seg000:A6D1 unk_A6D1        db  10h
seg000:A6D2                 db  20h
seg000:A6D3                 db  80h
seg000:A6D4                 db  20h
seg000:A6D5                 db  10h
seg000:A6D6 unk_A6D6        db  10h
seg000:A6D7                 db  30h ; 0
seg000:A6D8                 db  80h
seg000:A6D9                 db  20h
seg000:A6DA                 db  10h
seg000:A6DB unk_A6DB        db  10h
seg000:A6DC                 db  28h ; (
seg000:A6DD                 db  80h
seg000:A6DE                 db  20h
seg000:A6DF                 db  10h
seg000:A6E0 byte_A6E0       db 0
seg000:A6E1 byte_A6E1       db 0
seg000:A6E2                 db  30h ; 0
seg000:A6E3                 db    0
seg000:A6E4                 db  32h ; 2
seg000:A6E5                 db    6
seg000:A6E6                 db  50h ; P
seg000:A6E7                 db    0
seg000:A6E8                 db    0
seg000:A6E9                 db    0
seg000:A6EA                 db    0
seg000:A6EB                 db    0
seg000:A6EC                 db    0
seg000:A6ED byte_A6ED       db 0Ch
seg000:A6EE                 db  0Bh
seg000:A6EF                 db  0Ah
seg000:A6F0                 db    9
seg000:A6F1                 db    8
seg000:A6F2                 db    7
seg000:A6F3                 db    7
seg000:A6F4                 db    7
seg000:A6F5                 db    7
seg000:A6F6                 db    7
seg000:A6F7                 db    7
seg000:A6F8                 db    7
seg000:A6F9                 db    7
seg000:A6FA                 db    7
seg000:A6FB                 db    7
seg000:A6FC                 db    7
seg000:A6FD                 db    7
seg000:A6FE                 db    7
seg000:A6FF                 db    7
seg000:A700                 db    7
seg000:A701                 db    7
seg000:A702                 db    7
seg000:A703                 db    7
seg000:A704                 db    7
seg000:A705                 db    7
seg000:A706                 db    7
seg000:A707                 db    7
seg000:A708                 db    7
seg000:A709                 db    7
seg000:A70A                 db    7
seg000:A70B                 db    7
seg000:A70C                 db    7
seg000:A70D                 db    7
seg000:A70E                 db    7
seg000:A70F                 db    7
seg000:A710                 db    7
seg000:A711                 db    8
seg000:A712                 db    9
seg000:A713                 db  0Ah
seg000:A714                 db  0Bh
seg000:A715                 db  0Ch                 ;
seg000:A715                                         ; boss_state_block
seg000:A716 boss_x          dw 48
seg000:A718 boss_y          db 11
seg000:A719 boss_hp         dw 700
seg000:A71B xp_reward       dw 3000
seg000:A71D arena_center_x  db 12
seg000:A71E boss_placement  db    0
seg000:A71F                 dw offset name_screen_x
seg000:A721 almas_reward    dw 800
seg000:A723 name_screen_x   db  11h
seg000:A724 name_screen_y   db 0BBh
seg000:A725                 db    2
seg000:A726 aVista          db 5,'Vista'
seg000:A72C byte_A72C       db 0
seg000:A72D byte_A72D       db 0
seg000:A72E byte_A72E       db 0
seg000:A72F byte_A72F       db 0
seg000:A730 byte_A730       db 0
seg000:A731 byte_A731       db 0
seg000:A732 byte_A732       db 0
seg000:A733 byte_A733       db 0
seg000:A734 byte_A734       db 0
seg000:A735 byte_A735       db 0
seg000:A736 byte_A736       db 0
seg000:A737 byte_A737       db 0
seg000:A738 byte_A738       db 0, 0, 0, 0, 0, 0, 0, 0, 0, 0, 0, 0, 0, 0, 0, 0
seg000:A748                 db 0, 0, 0, 0, 0, 0, 0, 0, 0, 0, 0, 0, 0, 0, 0, 0
seg000:A758                 db 0, 0, 0, 0, 0, 0, 0, 0, 0, 0, 0, 0, 0, 0, 0, 0
seg000:A768                 db 0, 0, 0, 0, 0, 0, 0, 0, 0, 0, 0, 0, 0, 0, 0, 0
seg000:A778                 db 0, 0, 0, 0, 0, 0, 0, 0, 0, 0, 0, 0, 0, 0, 0, 0
seg000:A788                 db 0, 0, 0, 0, 0, 0, 0, 0, 0, 0, 0, 0, 0, 0, 0, 0
seg000:A798                 db 0, 0, 0, 0, 0, 0, 0, 0, 0, 0, 0, 0, 0, 0, 0, 0
seg000:A7A8                 db 0, 0, 0, 0, 0, 0, 0, 0, 0, 0, 0, 0, 0, 0, 0, 0
seg000:A7B8                 db 0, 0, 0, 0, 0, 0, 0, 0, 0, 0, 0, 0, 0, 0, 0, 0
seg000:A7C8                 db 0, 0, 0, 0, 0, 0, 0, 0, 0, 0, 0, 0, 0, 0, 0, 0
seg000:A7D8                 db 0, 0, 0, 0, 0, 0, 0, 0, 0, 0, 0, 0, 0, 0, 0, 0
seg000:A7E8                 db 0, 0, 0, 0, 0, 0, 0, 0, 0, 0, 0, 0, 0, 0, 0, 0
seg000:A7F8                 db 0, 0, 0, 0, 0, 0, 0, 0, 0, 0, 0, 0, 0, 0, 0, 0
seg000:A808                 db 0, 0, 0, 0, 0, 0, 0, 0, 0, 0, 0, 0, 0, 0, 0, 0
seg000:A818                 db 0, 0, 0, 0, 0, 0, 0, 0, 0, 0, 0, 0, 0, 0, 0, 0
seg000:A828                 db 0, 0, 0, 0, 0, 0, 0, 0, 0, 0, 0, 0, 0, 0, 0, 0
seg000:A838                 db 0, 0, 0, 0, 0, 0, 0, 0, 0, 0, 0, 0, 0, 0, 0, 0
seg000:A848                 db 0, 0, 0, 0, 0, 0, 0, 0, 0, 0, 0, 0, 0, 0, 0, 0
seg000:A858                 db 0, 0, 0, 0, 0, 0, 0, 0, 0, 0, 0, 0, 0, 0, 0, 0
seg000:A868                 db 0, 0, 0, 0, 0, 0, 0, 0, 0, 0, 0, 0, 0, 0, 0, 0
seg000:A878                 db 0, 0, 0, 0, 0, 0, 0, 0, 0, 0, 0, 0, 0, 0, 0, 0
seg000:A878 seg000          ends
seg000:A878
seg000:A878
seg000:A878                 end
