seg000:A000 ;
seg000:A000 ; +-------------------------------------------------------------------------+
seg000:A000 ; |      This file was generated by The Interactive Disassembler (IDA)      |
seg000:A000 ; |           Copyright (c) 2026 Hex-Rays, <support@hex-rays.com>           |
seg000:A000 ; |                      License info: 48-2137-ACAB-69                      |
seg000:A000 ; |                             hi@hex-rays.com                             |
seg000:A000 ; +-------------------------------------------------------------------------+
seg000:A000 ;
seg000:A000 ; Input SHA256 : 3846B892F7705FBBCFD6C207DF2098D4583FD20F6C1D7010E9033838883BEA75
seg000:A000 ; Input MD5    : A3986E33B828C9A91A441154E4FEF472
seg000:A000 ; Input CRC32  : 1C916B03
seg000:A000
seg000:A000 ; File Name   : /home/brox/Projects/zeliard/game/0/tori.bin
seg000:A000 ; Format      : Binary file
seg000:A000 ; Base Address: 0000h Range: 0000h - 07E4h Loaded length: 07E4h
seg000:A000
seg000:A000                 .286
seg000:A000                 .model small
seg000:A000
seg000:A000 ; ===========================================================================
seg000:A000
seg000:A000 ; Segment type: Pure code
seg000:A000 seg000          segment byte public 'CODE'
seg000:A000                 assume cs:seg000
seg000:A000                 ;org 0A000h
seg000:A000                 assume es:nothing, ss:nothing, ds:seg000
seg000:A000                 dw offset Tori_AI_proc
seg000:A002                 dw offset boss_state_block
seg000:A004                 db    0
seg000:A005                 db    0
seg000:A006                 db    0
seg000:A007                 db    0
seg000:A008                 db    0
seg000:A009                 db    0
seg000:A00A                 db    0
seg000:A00B                 db    0
seg000:A00C                 db    0
seg000:A00D                 db    0
seg000:A00E                 db    0
seg000:A00F                 db    0
seg000:A010                 db 56, 18, 18, 18, 18, 18, 18, 18, 18, 18, 18, 18, 18, 18, 18, 18, 18, 18, 18, 18, 18, 18, 18, 18, 18, 18, 18, 18, 18, 18, 18, 18
seg000:A030                 dw offset byte_A04E
seg000:A032                 dw offset byte_A067
seg000:A034                 dw offset byte_A094
seg000:A036                 dw offset byte_A0BC
seg000:A038                 dw offset byte_A0DA
seg000:A03A                 dw offset byte_A102
seg000:A03C                 dw offset byte_A116
seg000:A03E                 dw offset byte_A12A
seg000:A040                 dw offset byte_A13E
seg000:A042                 dw offset byte_A152
seg000:A044                 dw offset byte_A157
seg000:A046                 dw offset byte_A170
seg000:A048                 dw offset byte_A18E
seg000:A04A                 dw offset byte_A1AC
seg000:A04C                 dw offset byte_A1C5
seg000:A04E byte_A04E       db 0, 1, 2, 3, 4
seg000:A053                 db 0, 9Ch, 2, 9Dh, 4
seg000:A058                 db 0, 29h, 2Ah, 2Bh, 2Ch
seg000:A05D                 db 0, 6Ah, 6Bh, 6Ch, 6Dh
seg000:A062                 db 0, 6Ah, 6Bh, 8Ah, 6Dh
seg000:A067 byte_A067       db 0, 0Eh, 0Fh, 12h, 13h
seg000:A06C                 db 0, 2Dh, 32h, 2Eh, 2Fh
seg000:A071                 db 0, 2Dh, 49h, 2Eh, 50h
seg000:A076                 db 0, 2Dh, 0, 2Eh, 58h
seg000:A07B                 db 0, 0, 62h, 66h, 67h
seg000:A080                 db 0, 7Dh, 7Eh, 0, 87h
seg000:A085                 db 0, 7Dh, 7Eh, 0, 19h
seg000:A08A                 db 0, 0, 0, 8Fh, 90h
seg000:A08F                 db 0, 96h, 97h, 98h, 99h
seg000:A094 byte_A094       db 0, 10h, 11h, 14h, 0
seg000:A099                 db 0, 0, 3Bh, 38h, 39h
seg000:A09E                 db 0, 4Dh, 4Eh, 49h, 4Ah
seg000:A0A3                 db 0, 0, 0, 59h, 5Ah
seg000:A0A8                 db 0, 63h, 64h, 68h, 69h
seg000:A0AD                 db 0, 0, 72h, 6Eh, 6Fh
seg000:A0B2                 db 0, 91h, 0, 94h, 95h
seg000:A0B7                 db 0, 99h, 9Ah, 28h, 9Bh
seg000:A0BC byte_A0BC       db 0, 0, 5, 6, 7
seg000:A0C1                 db 0, 39h, 3Ah, 36h, 37h
seg000:A0C6                 db 0, 4Fh, 0, 4Bh, 4Ch
seg000:A0CB                 db 0, 0, 5Bh, 0, 5Fh
seg000:A0D0                 db 0, 65h, 0, 0A4h, 0A5h
seg000:A0D5                 db 0, 7Ah, 0, 76h, 77h
seg000:A0DA byte_A0DA       db 0, 15h, 16h, 17h, 18h
seg000:A0DF                 db 0, 35h, 36h, 33h, 34h
seg000:A0E4                 db 0, 50h, 51h, 3Ch, 3Dh
seg000:A0E9                 db 0, 5Ch, 5Dh, 60h, 61h
seg000:A0EE                 db 0, 2Eh, 0A6h, 0, 3Ch
seg000:A0F3                 db 0, 7Bh, 7Ch, 78h, 79h
seg000:A0F8                 db 0, 92h, 93h, 0ACh, 0ABh
seg000:A0FD                 db 0, 0AAh, 28h, 27h, 26h
seg000:A102 byte_A102       db 0, 8, 9, 19h, 1Ah
seg000:A107                 db 0, 8, 9, 1Ch, 1Dh
seg000:A10C                 db 0, 8, 9, 19h, 1Fh
seg000:A111                 db 0, 8, 9, 21h, 22h
seg000:A116 byte_A116       db 0, 9, 0Ah, 1Ah, 1Bh
seg000:A11B                 db 0, 9, 0Ah, 1Dh, 1Eh
seg000:A120                 db 0, 9, 0Ah, 1Fh, 20h
seg000:A125                 db 0, 9, 0Ah, 22h, 23h
seg000:A12A byte_A12A       db 0, 0AFh, 0B0h, 0B1h, 0B2h
seg000:A12F                 db 0, 0Bh, 0, 8Bh, 0BAh
seg000:A134                 db 0, 0Bh, 0, 8Bh, 8Ch
seg000:A139                 db 0, 0Bh, 0B5h, 0B3h, 0B4h
seg000:A13E byte_A13E       db 0, 0Bh, 0B1h, 0Ch, 0Dh
seg000:A143                 db 0, 0, 0ADh, 0BBh, 0AEh
seg000:A148                 db 0, 0, 0, 8Dh, 8Eh
seg000:A14D                 db 0, 0B6h, 0B7h, 0, 0B8h
seg000:A152 byte_A152       db 0, 0B1h, 0B2h, 0Dh, 0B9h
seg000:A157 byte_A157       db 0, 2Fh, 30h, 3Ch, 3Dh
seg000:A15C                 db 0, 52h, 53h, 3Eh, 3Fh
seg000:A161                 db 0, 5Eh, 3Fh, 42h, 43h
seg000:A166                 db 0, 0A7h, 0A8h, 3Dh, 3Eh
seg000:A16B                 db 0, 73h, 74h, 70h, 71h
seg000:A170 byte_A170       db 0, 31h, 0, 3Eh, 3Fh
seg000:A175                 db 0, 40h, 41h, 0, 0
seg000:A17A                 db 0, 9Eh, 9Fh, 0A1h, 0A2h
seg000:A17F                 db 0, 0A9h, 0, 3Fh, 0
seg000:A184                 db 0, 75h, 0, 0, 82h
seg000:A189                 db 0, 75h, 0, 0, 0
seg000:A18E byte_A18E       db 0, 40h, 41h, 0, 44h
seg000:A193                 db 0, 42h, 43h, 54h, 46h
seg000:A198                 db 0, 0A0h, 44h, 0A3h, 47h
seg000:A19D                 db 0, 40h, 41h, 0, 0
seg000:A1A2                 db 0, 85h, 86h, 83h, 84h
seg000:A1A7                 db 0, 3Dh, 7Fh, 1Ah, 1Bh
seg000:A1AC byte_A1AC       db 0, 42h, 43h, 45h, 46h
seg000:A1B1                 db 0, 55h, 0, 56h, 57h
seg000:A1B6                 db 0, 45h, 46h, 48h, 0
seg000:A1BB                 db 0, 3Dh, 7Fh, 88h, 89h
seg000:A1C0                 db 0, 3Fh, 0, 8Bh, 8Ch
seg000:A1C5 byte_A1C5       db 0, 44h, 45h, 47h, 48h
seg000:A1CA                 db 0, 80h, 81h, 0, 0
seg000:A1CF                 db 0, 0, 0, 8Dh, 8Eh
seg000:A1D4
seg000:A1D4 ; =============== S U B R O U T I N E =======================================
seg000:A1D4
seg000:A1D4
seg000:A1D4 Tori_AI_proc    proc near
seg000:A1D4
seg000:A1D4 ; FUNCTION CHUNK AT seg000:A60A SIZE 00000043 BYTES
seg000:A1D4
seg000:A1D4                 mov     si, ds:0C010h   ; monsters_table_addr
seg000:A1D8                 mov     byte_A789, 0
seg000:A1DD                 mov     byte_A791, 0
seg000:A1E2
seg000:A1E2 loc_A1E2:
seg000:A1E2                 cmp     word ptr [si], 0FFFFh
seg000:A1E5                 jz      short loc_A22D
seg000:A1E7                 mov     ax, [si]
seg000:A1E9                 call    word ptr cs:6036h ; is_in_proximity_window_proc
seg000:A1EE                 jb      short loc_A224
seg000:A1F0                 mov     [si+3], bl
seg000:A1F3                 mov     ax, [si+2]
seg000:A1F6                 call    word ptr cs:6028h ; coords_in_ax_to_proximity_map_offset_in_di_proc
seg000:A1FB                 mov     bl, byte_A789
seg000:A1FF                 xor     bh, bh
seg000:A201                 mov     al, [bx+0ED20h] ; proximity_second_layer
seg000:A205                 mov     [di], al
seg000:A207                 test    byte ptr [si+5], 40h
seg000:A20B                 jz      short loc_A224
seg000:A20D                 test    byte_A791, 80h
seg000:A212                 jnz     short loc_A224
seg000:A214                 mov     al, [si+5]
seg000:A217                 and     al, 1Fh
seg000:A219                 test    byte ptr [si+4], 0FFh
seg000:A21D                 jnz     short loc_A221
seg000:A21F                 or      al, 80h
seg000:A221
seg000:A221 loc_A221:
seg000:A221                 mov     byte_A791, al
seg000:A224
seg000:A224 loc_A224:
seg000:A224                 inc     byte_A789
seg000:A228                 add     si, 10h
seg000:A22B                 jmp     short loc_A1E2
seg000:A22D ; ---------------------------------------------------------------------------
seg000:A22D
seg000:A22D loc_A22D:                               ;
seg000:A22D                 mov     si, ds:0C010h   ; monsters_table_addr
seg000:A231                 mov     word ptr [si], 0FFFh
seg000:A235                 mov     al, byte_A791
seg000:A238                 or      al, al
seg000:A23A                 jz      short loc_A27B
seg000:A23C                 push    ax
seg000:A23D                 and     al, 1Fh
seg000:A23F                 call    word ptr cs:6038h ; Get_Stats_proc
seg000:A244                 mov     bl, ah
seg000:A246                 xor     bh, bh
seg000:A248                 pop     ax
seg000:A249                 add     bx, bx
seg000:A24B                 or      al, al
seg000:A24D                 jns     short loc_A253
seg000:A24F                 add     bx, bx
seg000:A251                 add     bx, bx
seg000:A253
seg000:A253 loc_A253:                               ;
seg000:A253                 mov     byte ptr ds:0FF75h, 41 ; soundFX_request
seg000:A258                 call    sub_A5BA
seg000:A25B                 test    byte_A78C, 0FFh
seg000:A260                 jz      short loc_A271
seg000:A262                 mov     byte_A78C, 0
seg000:A267                 mov     byte_A78D, 0
seg000:A26C                 mov     byte_A78E, 0FFh
seg000:A271
seg000:A271 loc_A271:
seg000:A271                 jnz     short loc_A276
seg000:A273                 call    sub_A5AB
seg000:A276
seg000:A276 loc_A276:
seg000:A276                 mov     byte_A795, 4
seg000:A27B
seg000:A27B loc_A27B:
seg000:A27B                 mov     byte_A78B, 0
seg000:A280                 test    byte_A795, 0FFh
seg000:A285                 jz      short loc_A290
seg000:A287                 dec     byte_A795
seg000:A28B                 mov     byte_A78B, 1
seg000:A290
seg000:A290 loc_A290:
seg000:A290                 test    byte_A78C, 0FFh
seg000:A295                 jz      short loc_A2E5
seg000:A297                 cmp     byte_A775, 0Eh
seg000:A29C                 jz      short loc_A2A2
seg000:A29E                 dec     byte_A775
seg000:A2A2
seg000:A2A2 loc_A2A2:
seg000:A2A2                 inc     byte_A78D
seg000:A2A6                 and     byte_A78D, 3
seg000:A2AB                 cmp     byte_A78D, 2
seg000:A2B0                 jnz     short loc_A2B7
seg000:A2B2                 mov     byte ptr ds:0FF75h, 43 ; soundFX_request
seg000:A2B7
seg000:A2B7 loc_A2B7:
seg000:A2B7                 call    sub_A59D
seg000:A2BA                 jb      short loc_A2CE
seg000:A2BC                 test    byte_A79B, 0FFh
seg000:A2C1                 jz      short loc_A2CE
seg000:A2C3                 dec     byte_A79B
seg000:A2C7                 test    byte_A791, 0FFh
seg000:A2CC                 jz      short loc_A2E2
seg000:A2CE
seg000:A2CE loc_A2CE:
seg000:A2CE                 mov     byte_A78C, 0
seg000:A2D3                 mov     byte_A78D, 0
seg000:A2D8                 mov     byte_A78E, 0FFh
seg000:A2DD                 mov     byte ptr ds:0FF75h, 42 ; soundFX_request
seg000:A2E2
seg000:A2E2 loc_A2E2:
seg000:A2E2                 jmp     loc_A455
seg000:A2E5 ; ---------------------------------------------------------------------------
seg000:A2E5
seg000:A2E5 loc_A2E5:
seg000:A2E5                 test    byte_A78E, 0FFh
seg000:A2EA                 jz      short loc_A316
seg000:A2EC                 cmp     byte_A78D, 1
seg000:A2F1                 jnz     short loc_A2FB
seg000:A2F3                 mov     byte_A78E, 0
seg000:A2F8                 jmp     loc_A455
seg000:A2FB ; ---------------------------------------------------------------------------
seg000:A2FB
seg000:A2FB loc_A2FB:
seg000:A2FB                 mov     byte_A78D, 1
seg000:A300                 cmp     byte_A775, 12h
seg000:A305                 jz      short loc_A313
seg000:A307                 inc     byte_A775
seg000:A30B                 mov     byte_A78D, 0
seg000:A310                 call    sub_A58F
seg000:A313
seg000:A313 loc_A313:
seg000:A313                 jmp     loc_A455
seg000:A316 ; ---------------------------------------------------------------------------
seg000:A316
seg000:A316 loc_A316:
seg000:A316                 test    byte_A797, 0FFh
seg000:A31B                 jz      short loc_A35D
seg000:A31D                 inc     byte_A790
seg000:A321                 and     byte_A790, 3
seg000:A326                 call    sub_A57B
seg000:A329                 jnb     short loc_A32E
seg000:A32B                 jmp     loc_A455
seg000:A32E ; ---------------------------------------------------------------------------
seg000:A32E
seg000:A32E loc_A32E:
seg000:A32E                 cmp     byte_A798, 4
seg000:A333                 jnb     short loc_A346
seg000:A335                 inc     byte_A798
seg000:A339                 mov     byte ptr ds:0FF75h, 42 ; soundFX_request
seg000:A33E                 mov     byte_A795, 4
seg000:A343                 jmp     loc_A455
seg000:A346 ; ---------------------------------------------------------------------------
seg000:A346
seg000:A346 loc_A346:
seg000:A346                 mov     byte_A797, 0
seg000:A34B                 mov     byte_A78D, 0
seg000:A350                 mov     byte_A78C, 0FFh
seg000:A355                 mov     byte_A79B, 0Fh
seg000:A35A                 jmp     loc_A455
seg000:A35D ; ---------------------------------------------------------------------------
seg000:A35D
seg000:A35D loc_A35D:
seg000:A35D                 test    byte_A79A, 0FFh
seg000:A362                 jz      short loc_A3AD
seg000:A364                 call    sub_A57B
seg000:A367                 jnb     short loc_A36C
seg000:A369                 jmp     loc_A455
seg000:A36C ; ---------------------------------------------------------------------------
seg000:A36C
seg000:A36C loc_A36C:
seg000:A36C                 cmp     byte_A798, 2
seg000:A371                 jnb     short loc_A384
seg000:A373                 inc     byte_A798
seg000:A377                 mov     byte ptr ds:0FF75h, 42 ; soundFX_request
seg000:A37C                 mov     byte_A795, 2
seg000:A381                 jmp     loc_A455
seg000:A384 ; ---------------------------------------------------------------------------
seg000:A384
seg000:A384 loc_A384:
seg000:A384                 mov     ax, boss_state_block
seg000:A387                 add     ax, 4
seg000:A38A                 call    word ptr cs:6036h ; is_in_proximity_window_proc
seg000:A38F                 mov     byte_A766, bl
seg000:A393                 mov     al, byte_A775
seg000:A396                 add     al, 4
seg000:A398                 and     al, 3Fh
seg000:A39A                 mov     byte_A767, al
seg000:A39D                 mov     bx, offset byte_A766
seg000:A3A0                 call    word ptr cs:603Ah ; Add_Projectile_To_Array_proc
seg000:A3A5                 mov     byte_A79A, 0
seg000:A3AA                 jmp     loc_A455
seg000:A3AD ; ---------------------------------------------------------------------------
seg000:A3AD
seg000:A3AD loc_A3AD:                               ;
seg000:A3AD                 test    byte ptr ds:0FF2Eh, 0FFh ; boss_being_hit
seg000:A3B2                 jz      short loc_A3B7
seg000:A3B4                 jmp     loc_A60A
seg000:A3B7 ; ---------------------------------------------------------------------------
seg000:A3B7
seg000:A3B7 loc_A3B7:
seg000:A3B7                 inc     byte_A790
seg000:A3BB                 and     byte_A790, 3
seg000:A3C0                 test    byte_A791, 0FFh
seg000:A3C5                 jz      short loc_A3D8
seg000:A3C7                 cmp     byte ptr boss_state_block, 14h
seg000:A3CC                 jb      short loc_A3D8
seg000:A3CE                 mov     byte_A797, 0FFh
seg000:A3D3                 mov     byte_A798, 0
seg000:A3D8
seg000:A3D8 loc_A3D8:
seg000:A3D8                 test    byte_A797, 0FFh
seg000:A3DD                 jnz     short loc_A3F2
seg000:A3DF                 call    word ptr cs:11Ah ; get_random_proc
seg000:A3E4                 and     al, 0Fh
seg000:A3E6                 jnz     short loc_A3F2
seg000:A3E8                 mov     byte_A79A, 0FFh
seg000:A3ED                 mov     byte_A798, 0
seg000:A3F2
seg000:A3F2 loc_A3F2:
seg000:A3F2                 inc     byte_A796
seg000:A3F6                 test    byte_A796, 1
seg000:A3FB                 jnz     short loc_A455
seg000:A3FD                 mov     al, ds:80h      ; proximity_map_left_col_x
seg000:A400                 add     al, ds:83h      ; hero_x_in_viewport
seg000:A404                 xor     ah, ah
seg000:A406                 mov     cx, ax
seg000:A408                 sub     cx, ds:0C002h   ; mapWidth
seg000:A40C                 jb      short loc_A40F
seg000:A40E                 xchg    ax, cx
seg000:A40F
seg000:A40F loc_A40F:
seg000:A40F                 mov     bl, byte ptr boss_state_block
seg000:A413                 sub     bl, al
seg000:A415                 cmp     bl, 0Ch
seg000:A418                 jz      short loc_A442
seg000:A41A                 jnb     short loc_A436
seg000:A41C                 dec     byte_A78A
seg000:A420                 and     byte_A78A, 3
seg000:A425                 call    sub_A5AB
seg000:A428                 jnb     short loc_A455
seg000:A42A                 mov     byte_A797, 0FFh
seg000:A42F                 mov     byte_A798, 0
seg000:A434                 jmp     short loc_A455
seg000:A436 ; ---------------------------------------------------------------------------
seg000:A436
seg000:A436 loc_A436:
seg000:A436                 inc     byte_A78A
seg000:A43A                 and     byte_A78A, 3
seg000:A43F                 call    sub_A58F
seg000:A442
seg000:A442 loc_A442:                               ;
seg000:A442                 call    word ptr cs:11Ah ; get_random_proc
seg000:A447                 and     al, 1Fh
seg000:A449                 jnz     short loc_A455
seg000:A44B                 mov     byte_A797, 0FFh
seg000:A450                 mov     byte_A798, 0
seg000:A455
seg000:A455 loc_A455:
seg000:A455                 mov     al, byte_A775
seg000:A458                 mov     byte_A793, al
seg000:A45B                 push    cs
seg000:A45C                 pop     es
seg000:A45D                 assume es:nothing
seg000:A45D                 mov     di, offset byte_A79C
seg000:A460                 mov     al, 0FFh
seg000:A462                 mov     cx, 72
seg000:A465                 rep stosb
seg000:A467                 test    byte_A799, 0FFh
seg000:A46C                 jnz     short loc_A475
seg000:A46E                 test    byte_A78E, 0FFh
seg000:A473                 jz      short loc_A481
seg000:A475
seg000:A475 loc_A475:
seg000:A475                 mov     al, byte_A78D
seg000:A478                 and     al, 1
seg000:A47A                 add     al, 11h
seg000:A47C                 call    sub_A552
seg000:A47F                 jmp     short loc_A4BC
seg000:A481 ; ---------------------------------------------------------------------------
seg000:A481
seg000:A481 loc_A481:
seg000:A481                 test    byte_A78C, 0FFh
seg000:A486                 jz      short loc_A49E
seg000:A488                 mov     al, byte_A78D
seg000:A48B                 and     al, 3
seg000:A48D                 add     al, 0Dh
seg000:A48F                 call    sub_A552
seg000:A492                 mov     al, byte_A78D
seg000:A495                 shr     al, 1
seg000:A497                 adc     byte_A793, 0
seg000:A49C                 jmp     short loc_A4BC
seg000:A49E ; ---------------------------------------------------------------------------
seg000:A49E
seg000:A49E loc_A49E:
seg000:A49E                 mov     al, byte_A78B
seg000:A4A1                 call    sub_A552
seg000:A4A4                 mov     al, byte_A78A
seg000:A4A7                 add     al, 6
seg000:A4A9                 call    sub_A552
seg000:A4AC                 mov     al, byte_A78F
seg000:A4AF                 add     al, 0Ah
seg000:A4B1                 call    sub_A552
seg000:A4B4                 mov     al, byte_A790
seg000:A4B7                 add     al, 2
seg000:A4B9                 call    sub_A552
seg000:A4BC
seg000:A4BC loc_A4BC:
seg000:A4BC                 mov     byte_A789, 0
seg000:A4C1                 mov     ax, boss_state_block
seg000:A4C4                 mov     di, ds:0C010h   ; monsters_table_addr
seg000:A4C8                 mov     si, offset byte_A79C
seg000:A4CB                 mov     cx, 9
seg000:A4CE
seg000:A4CE loc_A4CE:
seg000:A4CE                 push    cx
seg000:A4CF                 push    si
seg000:A4D0                 push    ax
seg000:A4D1                 call    word ptr cs:6036h ; is_in_proximity_window_proc
seg000:A4D6                 pop     ax
seg000:A4D7                 jb      short loc_A545
seg000:A4D9                 mov     byte_A792, bl
seg000:A4DD                 xor     cx, cx
seg000:A4DF
seg000:A4DF loc_A4DF:
seg000:A4DF                 push    cx
seg000:A4E0                 push    ax
seg000:A4E1                 cmp     byte ptr [si], 0FFh
seg000:A4E4                 jz      short loc_A53C
seg000:A4E6                 mov     [di], ax
seg000:A4E8                 mov     al, byte_A793
seg000:A4EB                 add     al, cl
seg000:A4ED                 and     al, 3Fh
seg000:A4EF                 mov     [di+2], al
seg000:A4F2                 mov     al, byte_A792
seg000:A4F5                 mov     [di+3], al
seg000:A4F8                 mov     al, [si]
seg000:A4FA                 mov     ah, al
seg000:A4FC                 shr     al, 1
seg000:A4FE                 shr     al, 1
seg000:A500                 shr     al, 1
seg000:A502                 shr     al, 1
seg000:A504                 and     al, 0Fh
seg000:A506                 mov     [di+4], al
seg000:A509                 mov     [di+6], ah
seg000:A50C                 mov     byte ptr [di+5], 0
seg000:A510                 test    byte_A791, 0FFh
seg000:A515                 jz      short loc_A51B
seg000:A517                 or      byte ptr [di+5], 20h
seg000:A51B
seg000:A51B loc_A51B:
seg000:A51B                 mov     ax, [di+2]
seg000:A51E                 push    di
seg000:A51F                 call    word ptr cs:6028h ; coords_in_ax_to_proximity_map_offset_in_di_proc
seg000:A524                 mov     bl, byte_A789
seg000:A528                 xor     bh, bh
seg000:A52A                 mov     al, bl
seg000:A52C                 or      al, 80h
seg000:A52E                 xchg    al, [di]
seg000:A530                 mov     [bx+0ED20h], al ; proximity_second_layer
seg000:A534                 pop     di
seg000:A535                 add     di, 10h
seg000:A538                 inc     byte_A789
seg000:A53C
seg000:A53C loc_A53C:
seg000:A53C                 inc     si
seg000:A53D                 pop     ax
seg000:A53E                 pop     cx
seg000:A53F                 inc     cx
seg000:A540                 cmp     cx, 8
seg000:A543                 jnz     short loc_A4DF
seg000:A545
seg000:A545 loc_A545:
seg000:A545                 inc     ax
seg000:A546                 pop     si
seg000:A547                 add     si, 8
seg000:A54A                 pop     cx
seg000:A54B                 loop    loc_A4CE
seg000:A54D                 mov     word ptr [di], 0FFFFh
seg000:A551                 retn
seg000:A551 Tori_AI_proc    endp
seg000:A551
seg000:A552
seg000:A552 ; =============== S U B R O U T I N E =======================================
seg000:A552
seg000:A552
seg000:A552 sub_A552        proc near
seg000:A552                 add     al, al
seg000:A554                 mov     bl, al
seg000:A556                 xor     bh, bh
seg000:A558                 mov     si, off_A64D[bx]
seg000:A55C                 mov     bp, off_A6CB[bx]
seg000:A560                 mov     di, offset byte_A79C
seg000:A563                 mov     cx, 9
seg000:A566
seg000:A566 loc_A566:
seg000:A566                 push    cx
seg000:A567                 mov     cx, 8
seg000:A56A
seg000:A56A loc_A56A:
seg000:A56A                 rol     byte ptr ds:[bp+0], 1
seg000:A56E                 jnb     short loc_A573
seg000:A570                 lodsb
seg000:A571                 mov     [di], al
seg000:A573
seg000:A573 loc_A573:
seg000:A573                 inc     di
seg000:A574                 loop    loc_A56A
seg000:A576                 inc     bp
seg000:A577                 pop     cx
seg000:A578                 loop    loc_A566
seg000:A57A                 retn
seg000:A57A sub_A552        endp
seg000:A57A
seg000:A57B
seg000:A57B ; =============== S U B R O U T I N E =======================================
seg000:A57B
seg000:A57B
seg000:A57B sub_A57B        proc near
seg000:A57B                 inc     byte_A78F
seg000:A57F                 cmp     byte_A78F, 3
seg000:A584                 stc
seg000:A585                 jz      short loc_A588
seg000:A587                 retn
seg000:A588 ; ---------------------------------------------------------------------------
seg000:A588
seg000:A588 loc_A588:
seg000:A588                 mov     byte_A78F, 0
seg000:A58D                 clc
seg000:A58E                 retn
seg000:A58E sub_A57B        endp
seg000:A58E
seg000:A58F
seg000:A58F ; =============== S U B R O U T I N E =======================================
seg000:A58F
seg000:A58F
seg000:A58F sub_A58F        proc near
seg000:A58F                 cmp     byte ptr boss_state_block, 0Dh
seg000:A594                 jnb     short loc_A597
seg000:A596                 retn
seg000:A597 ; ---------------------------------------------------------------------------
seg000:A597
seg000:A597 loc_A597:
seg000:A597                 dec     byte ptr boss_state_block
seg000:A59B                 clc
seg000:A59C                 retn
seg000:A59C sub_A58F        endp
seg000:A59C
seg000:A59D
seg000:A59D ; =============== S U B R O U T I N E =======================================
seg000:A59D
seg000:A59D
seg000:A59D sub_A59D        proc near
seg000:A59D                 cmp     byte ptr boss_state_block, 11h
seg000:A5A2                 jnb     short loc_A5A5
seg000:A5A4                 retn
seg000:A5A5 ; ---------------------------------------------------------------------------
seg000:A5A5
seg000:A5A5 loc_A5A5:
seg000:A5A5                 dec     byte ptr boss_state_block
seg000:A5A9                 clc
seg000:A5AA                 retn
seg000:A5AA sub_A59D        endp
seg000:A5AA
seg000:A5AB
seg000:A5AB ; =============== S U B R O U T I N E =======================================
seg000:A5AB
seg000:A5AB
seg000:A5AB sub_A5AB        proc near
seg000:A5AB                 cmp     byte ptr boss_state_block, 30h ; '0'
seg000:A5B0                 cmc
seg000:A5B1                 jnb     short loc_A5B4
seg000:A5B3                 retn
seg000:A5B4 ; ---------------------------------------------------------------------------
seg000:A5B4
seg000:A5B4 loc_A5B4:
seg000:A5B4                 inc     byte ptr boss_state_block
seg000:A5B8                 clc
seg000:A5B9                 retn
seg000:A5B9 sub_A5AB        endp
seg000:A5B9
seg000:A5BA
seg000:A5BA ; =============== S U B R O U T I N E =======================================
seg000:A5BA
seg000:A5BA
seg000:A5BA sub_A5BA        proc near
seg000:A5BA                 mov     ax, boss_hp
seg000:A5BD                 sub     ax, bx
seg000:A5BF                 jnb     short loc_A5C3
seg000:A5C1                 xor     ax, ax
seg000:A5C3
seg000:A5C3 loc_A5C3:
seg000:A5C3                 mov     boss_hp, ax
seg000:A5C6                 mov     bx, ax
seg000:A5C8                 push    ax
seg000:A5C9                 call    word ptr cs:200Ch ; Draw_Boss_Health_proc
seg000:A5CE                 pop     ax
seg000:A5CF                 or      ax, ax
seg000:A5D1                 jz      short loc_A5D4
seg000:A5D3                 retn
seg000:A5D4 ; ---------------------------------------------------------------------------
seg000:A5D4
seg000:A5D4 loc_A5D4:                               ;
seg000:A5D4                 mov     byte ptr ds:0FF2Eh, 0FFh ; boss_being_hit
seg000:A5D9                 call    word ptr cs:603Ch ; Browse_Projectiles_proc
seg000:A5DE                 mov     byte_A797, 0
seg000:A5E3                 mov     byte_A79A, 0
seg000:A5E8                 mov     byte_A798, 0
seg000:A5ED                 test    byte_A78C, 0FFh
seg000:A5F2                 jnz     short loc_A5F5
seg000:A5F4                 retn
seg000:A5F5 ; ---------------------------------------------------------------------------
seg000:A5F5
seg000:A5F5 loc_A5F5:
seg000:A5F5                 mov     byte_A794, 0
seg000:A5FA                 mov     byte_A78C, 0
seg000:A5FF                 mov     byte_A78D, 0
seg000:A604                 mov     byte_A78E, 0FFh
seg000:A609                 retn
seg000:A609 sub_A5BA        endp
seg000:A609
seg000:A60A ; ---------------------------------------------------------------------------
seg000:A60A ; START OF FUNCTION CHUNK FOR Tori_AI_proc
seg000:A60A
seg000:A60A loc_A60A:
seg000:A60A                 mov     al, byte_A794
seg000:A60D                 cmp     al, 28h ; '('
seg000:A60F                 jnb     short loc_A647
seg000:A611                 mov     byte ptr ds:0FF2Fh, 0FFh ; sprite_flash_flag
seg000:A616                 mov     byte_A78B, 1
seg000:A61B                 mov     al, byte_A794
seg000:A61E                 inc     byte_A794
seg000:A622                 cmp     al, 14h
seg000:A624                 jnb     short loc_A63A
seg000:A626                 call    sub_A57B
seg000:A629                 inc     byte_A790
seg000:A62D                 and     byte_A790, 3
seg000:A632                 mov     byte ptr ds:0FF75h, 44 ; soundFX_request
seg000:A637                 jmp     loc_A455
seg000:A63A ; ---------------------------------------------------------------------------
seg000:A63A
seg000:A63A loc_A63A:
seg000:A63A                 mov     byte_A799, 0FFh
seg000:A63F                 mov     byte_A78D, 1
seg000:A644                 jmp     loc_A455
seg000:A647 ; ---------------------------------------------------------------------------
seg000:A647
seg000:A647 loc_A647:                               ;
seg000:A647                 mov     byte ptr ds:0FF30h, 0FFh ; boss_is_dead
seg000:A64C                 retn
seg000:A64C ; END OF FUNCTION CHUNK FOR Tori_AI_proc
seg000:A64C ; ---------------------------------------------------------------------------
seg000:A64D off_A64D        dw offset unk_A673
seg000:A64F                 dw offset unk_A675
seg000:A651                 dw offset unk_A677
seg000:A653                 dw offset unk_A67A
seg000:A655                 dw offset unk_A67C
seg000:A657                 dw offset unk_A67E
seg000:A659                 dw offset unk_A680
seg000:A65B                 dw offset unk_A682
seg000:A65D                 dw offset unk_A684
seg000:A65F                 dw offset unk_A686
seg000:A661                 dw offset unk_A688
seg000:A663                 dw offset unk_A68B
seg000:A665                 dw offset unk_A68E
seg000:A667                 dw offset unk_A691
seg000:A669                 dw offset unk_A69B
seg000:A66B                 dw offset unk_A6A4
seg000:A66D                 dw offset unk_A6AD
seg000:A66F                 dw offset unk_A6B7
seg000:A671                 dw offset unk_A6C1
seg000:A673 unk_A673        db    0
seg000:A674                 db  30h ; 0
seg000:A675 unk_A675        db    1
seg000:A676                 db  30h ; 0
seg000:A677 unk_A677        db  80h
seg000:A678                 db  70h ; p
seg000:A679                 db  90h
seg000:A67A unk_A67A        db  71h ; q
seg000:A67B                 db  81h
seg000:A67C unk_A67C        db  72h ; r
seg000:A67D                 db  82h
seg000:A67E unk_A67E        db  73h ; s
seg000:A67F                 db  83h
seg000:A680 unk_A680        db  50h ; P
seg000:A681                 db  60h ; `
seg000:A682 unk_A682        db  51h ; Q
seg000:A683                 db  61h ; a
seg000:A684 unk_A684        db  52h ; R
seg000:A685                 db  62h ; b
seg000:A686 unk_A686        db  53h ; S
seg000:A687                 db  63h ; c
seg000:A688 unk_A688        db  10h
seg000:A689                 db  40h ; @
seg000:A68A                 db  20h
seg000:A68B unk_A68B        db  17h
seg000:A68C                 db  46h ; F
seg000:A68D                 db  26h ; &
seg000:A68E unk_A68E        db  18h
seg000:A68F                 db  47h ; G
seg000:A690                 db  27h ; '
seg000:A691 unk_A691        db    2
seg000:A692                 db  11h
seg000:A693                 db 0A0h
seg000:A694                 db 0C0h
seg000:A695                 db  21h ; !
seg000:A696                 db  41h ; A
seg000:A697                 db 0E0h
seg000:A698                 db  31h ; 1
seg000:A699                 db 0B0h
seg000:A69A                 db 0D0h
seg000:A69B unk_A69B        db    2
seg000:A69C                 db  12h
seg000:A69D                 db  22h ; "
seg000:A69E                 db  42h ; B
seg000:A69F                 db 0B1h
seg000:A6A0                 db  32h ; 2
seg000:A6A1                 db 0A1h
seg000:A6A2                 db 0C1h
seg000:A6A3                 db 0D1h
seg000:A6A4 unk_A6A4        db    2
seg000:A6A5                 db  33h ; 3
seg000:A6A6                 db 0B2h
seg000:A6A7                 db  13h
seg000:A6A8                 db  43h ; C
seg000:A6A9                 db 0C2h
seg000:A6AA                 db  23h ; #
seg000:A6AB                 db 0A2h
seg000:A6AC                 db 0D2h
seg000:A6AD unk_A6AD        db    2
seg000:A6AE                 db  14h
seg000:A6AF                 db  44h ; D
seg000:A6B0                 db 0C3h
seg000:A6B1                 db  24h ; $
seg000:A6B2                 db 0A3h
seg000:A6B3                 db 0C1h
seg000:A6B4                 db 0D1h
seg000:A6B5                 db  34h ; 4
seg000:A6B6                 db 0B3h
seg000:A6B7 unk_A6B7        db    3
seg000:A6B8                 db  25h ; %
seg000:A6B9                 db  15h
seg000:A6BA                 db  35h ; 5
seg000:A6BB                 db 0A4h
seg000:A6BC                 db 0D3h
seg000:A6BD                 db  45h ; E
seg000:A6BE                 db 0B4h
seg000:A6BF                 db 0E1h
seg000:A6C0                 db 0C4h
seg000:A6C1 unk_A6C1        db    4
seg000:A6C2                 db  25h ; %
seg000:A6C3                 db  16h
seg000:A6C4                 db  35h ; 5
seg000:A6C5                 db 0A4h
seg000:A6C6                 db 0C5h
seg000:A6C7                 db  45h ; E
seg000:A6C8                 db 0B5h
seg000:A6C9                 db 0D4h
seg000:A6CA                 db 0E2h
seg000:A6CB off_A6CB        dw offset unk_A6F1
seg000:A6CD                 dw offset unk_A6F1
seg000:A6CF                 dw offset unk_A6FA
seg000:A6D1                 dw offset unk_A703
seg000:A6D3                 dw offset unk_A703
seg000:A6D5                 dw offset unk_A703
seg000:A6D7                 dw offset unk_A70C
seg000:A6D9                 dw offset unk_A70C
seg000:A6DB                 dw offset unk_A70C
seg000:A6DD                 dw offset unk_A70C
seg000:A6DF                 dw offset unk_A715
seg000:A6E1                 dw offset unk_A71E
seg000:A6E3                 dw offset unk_A727
seg000:A6E5                 dw offset unk_A730
seg000:A6E7                 dw offset unk_A739
seg000:A6E9                 dw offset unk_A742
seg000:A6EB                 dw offset unk_A74B
seg000:A6ED                 dw offset unk_A754
seg000:A6EF                 dw offset unk_A75D
seg000:A6F1 unk_A6F1        db    0
seg000:A6F2                 db    0
seg000:A6F3                 db  50h ; P
seg000:A6F4                 db    0
seg000:A6F5                 db    0
seg000:A6F6                 db    0
seg000:A6F7                 db    0
seg000:A6F8                 db    0
seg000:A6F9                 db    0
seg000:A6FA unk_A6FA        db    0
seg000:A6FB                 db    0
seg000:A6FC                 db    0
seg000:A6FD                 db    0
seg000:A6FE                 db    0
seg000:A6FF                 db    0
seg000:A700                 db    4
seg000:A701                 db  0Ch
seg000:A702                 db    0
seg000:A703 unk_A703        db    0
seg000:A704                 db    0
seg000:A705                 db    0
seg000:A706                 db    0
seg000:A707                 db    0
seg000:A708                 db    0
seg000:A709                 db    4
seg000:A70A                 db    0
seg000:A70B                 db    4
seg000:A70C unk_A70C        db    0
seg000:A70D                 db    0
seg000:A70E                 db    0
seg000:A70F                 db    4
seg000:A710                 db    4
seg000:A711                 db    0
seg000:A712                 db    0
seg000:A713                 db    0
seg000:A714                 db    0
seg000:A715 unk_A715        db    0
seg000:A716                 db    0
seg000:A717                 db    0
seg000:A718                 db    0
seg000:A719                 db  50h ; P
seg000:A71A                 db    0
seg000:A71B                 db  40h ; @
seg000:A71C                 db    0
seg000:A71D                 db    0
seg000:A71E unk_A71E        db    0
seg000:A71F                 db    0
seg000:A720                 db    0
seg000:A721                 db    0
seg000:A722                 db  50h ; P
seg000:A723                 db    0
seg000:A724                 db  20h
seg000:A725                 db    0
seg000:A726                 db    0
seg000:A727 unk_A727        db    0
seg000:A728                 db    0
seg000:A729                 db    0
seg000:A72A                 db    0
seg000:A72B                 db  50h ; P
seg000:A72C                 db  20h
seg000:A72D                 db    0
seg000:A72E                 db    0
seg000:A72F                 db    0
seg000:A730 unk_A730        db  10h
seg000:A731                 db    0
seg000:A732                 db  10h
seg000:A733                 db  0Ah
seg000:A734                 db 0A1h
seg000:A735                 db  4Ah ; J
seg000:A736                 db    0
seg000:A737                 db    0
seg000:A738                 db    0
seg000:A739 unk_A739        db  20h
seg000:A73A                 db    0
seg000:A73B                 db  20h
seg000:A73C                 db  54h ; T
seg000:A73D                 db    0
seg000:A73E                 db  55h ; U
seg000:A73F                 db    0
seg000:A740                 db    0
seg000:A741                 db    0
seg000:A742 unk_A742        db  10h
seg000:A743                 db    5
seg000:A744                 db  10h
seg000:A745                 db    5
seg000:A746                 db  10h
seg000:A747                 db    5
seg000:A748                 db    0
seg000:A749                 db    0
seg000:A74A                 db    0
seg000:A74B unk_A74B        db  20h
seg000:A74C                 db    0
seg000:A74D                 db  50h ; P
seg000:A74E                 db    4
seg000:A74F                 db  50h ; P
seg000:A750                 db    5
seg000:A751                 db  50h ; P
seg000:A752                 db    0
seg000:A753                 db    0
seg000:A754 unk_A754        db    4
seg000:A755                 db    0
seg000:A756                 db  14h
seg000:A757                 db    0
seg000:A758                 db  54h ; T
seg000:A759                 db    0
seg000:A75A                 db  54h ; T
seg000:A75B                 db    0
seg000:A75C                 db  10h
seg000:A75D unk_A75D        db    4
seg000:A75E                 db    0
seg000:A75F                 db  14h
seg000:A760                 db    0
seg000:A761                 db  54h ; T
seg000:A762                 db    0
seg000:A763                 db  54h ; T
seg000:A764                 db    0
seg000:A765                 db    4
seg000:A766 byte_A766       db 0
seg000:A767 byte_A767       db 0
seg000:A768                 db 0A7h
seg000:A769                 db    0
seg000:A76A                 db  32h ; 2
seg000:A76B                 db    4
seg000:A76C                 db  28h ; (
seg000:A76D                 db    0
seg000:A76E                 db    0
seg000:A76F                 db    0
seg000:A770                 db    0
seg000:A771                 db    0
seg000:A772                 db    0
seg000:A773 boss_state_block dw 2Eh                 ; boss_x
seg000:A775 byte_A775       db 12h                  ; boss_y
seg000:A776 boss_hp         dw 500
seg000:A778 xp_reward       dw 500
seg000:A77A arena_center_x  db 8
seg000:A77B boss_placement  db 0FFh
seg000:A77C name_block_ptr  dw offset name_screen_x
seg000:A77E                 db 0F4h
seg000:A77F                 db    1
seg000:A780 name_screen_x   db  12h
seg000:A781 name_screen_y   db 0BBh
seg000:A782                 db    0
seg000:A783 boss_name_pstring db 5,'Pollo'
seg000:A789 byte_A789       db 0
seg000:A78A byte_A78A       db 0
seg000:A78B byte_A78B       db 0
seg000:A78C byte_A78C       db 0
seg000:A78D byte_A78D       db 0
seg000:A78E byte_A78E       db 0
seg000:A78F byte_A78F       db 0
seg000:A790 byte_A790       db 0
seg000:A791 byte_A791       db 0
seg000:A792 byte_A792       db 0
seg000:A793 byte_A793       db 0
seg000:A794 byte_A794       db 0
seg000:A795 byte_A795       db 0
seg000:A796 byte_A796       db 0
seg000:A797 byte_A797       db 0
seg000:A798 byte_A798       db 0
seg000:A799 byte_A799       db 0
seg000:A79A byte_A79A       db 0
seg000:A79B byte_A79B       db 0
seg000:A79C byte_A79C       db 0, 0, 0, 0, 0, 0, 0, 0
seg000:A7A4                 db 0, 0, 0, 0, 0, 0, 0, 0
seg000:A7AC                 db 0, 0, 0, 0, 0, 0, 0, 0
seg000:A7B4                 db 0, 0, 0, 0, 0, 0, 0, 0
seg000:A7BC                 db 0, 0, 0, 0, 0, 0, 0, 0
seg000:A7C4                 db 0, 0, 0, 0, 0, 0, 0, 0
seg000:A7CC                 db 0, 0, 0, 0, 0, 0, 0, 0
seg000:A7D4                 db 0, 0, 0, 0, 0, 0, 0, 0
seg000:A7DC                 db 0, 0, 0, 0, 0, 0, 0, 0
seg000:A7DC seg000          ends
seg000:A7DC
seg000:A7DC
seg000:A7DC                 end
