seg000:A000 ;
seg000:A000 ; +-------------------------------------------------------------------------+
seg000:A000 ; |      This file was generated by The Interactive Disassembler (IDA)      |
seg000:A000 ; |           Copyright (c) 2026 Hex-Rays, <support@hex-rays.com>           |
seg000:A000 ; |                      License info: 48-2137-ACAB-69                      |
seg000:A000 ; |                             hi@hex-rays.com                             |
seg000:A000 ; +-------------------------------------------------------------------------+
seg000:A000 ;
seg000:A000 ; Input SHA256 : D6F2BEFE05976FE5221C03F47CC039EFECF910832EF26D5DCFF09890C1001DE0
seg000:A000 ; Input MD5    : CC398EC45A987E2ED6BB6F40E15FFFB6
seg000:A000 ; Input CRC32  : 2E681A56
seg000:A000
seg000:A000 ; File Name   : /home/brox/Projects/zeliard/game/0/zel2.bin
seg000:A000 ; Format      : Binary file
seg000:A000 ; Base Address: 0000h Range: 0000h - 061Bh Loaded length: 061Bh
seg000:A000
seg000:A000                 .286
seg000:A000                 .model small
seg000:A000
seg000:A000 ; ===========================================================================
seg000:A000
seg000:A000 ; Segment type: Pure code
seg000:A000 seg000          segment byte public 'CODE'
seg000:A000                 assume cs:seg000
seg000:A000                 ;org 0A000h
seg000:A000                 assume es:nothing, ss:nothing, ds:seg000
seg000:A000                 dw offset sub_A1B6
seg000:A002                 dw offset word_A5DF
seg000:A004                 db    0
seg000:A005                 db    0
seg000:A006                 db    0
seg000:A007                 db    0
seg000:A008                 db    0
seg000:A009                 db    0
seg000:A00A                 db    0
seg000:A00B                 db    0
seg000:A00C                 db    0
seg000:A00D                 db    0
seg000:A00E                 db    0
seg000:A00F                 db    0
seg000:A010                 db 30, 30, 30, 30, 30, 30, 30, 30, 30, 30, 30, 30, 30, 30, 30, 30
seg000:A020                 db 30, 30, 30, 30, 30, 30, 30, 30, 30, 30, 30, 30, 30, 30, 30, 30
seg000:A030                 dw offset byte_A03A
seg000:A032                 dw offset byte_A08A
seg000:A034                 dw offset byte_A0D0
seg000:A036                 dw offset byte_A116
seg000:A038                 dw offset byte_A166
seg000:A03A byte_A03A       db 0, 1, 2, 3, 4
seg000:A03F                 db 0, 11h, 7, 12h, 13h
seg000:A044                 db 0, 1Eh, 16h, 1Fh, 20h
seg000:A049                 db 0, 5, 6, 7, 8
seg000:A04E                 db 0, 14h, 15h, 16h, 17h
seg000:A053                 db 0, 21h, 22h, 23h, 24h
seg000:A058                 db 0, 9, 0Ah, 0Bh, 0Ch
seg000:A05D                 db 0, 18h, 19h, 1Ah, 1Bh
seg000:A062                 db 0, 25h, 26h, 27h, 1Dh
seg000:A067                 db 0, 0Dh, 0Eh, 0Fh, 10h
seg000:A06C                 db 0, 1Ch, 10h, 1Dh, 10h
seg000:A071                 db 0, 28h, 10h, 29h, 2Ah
seg000:A076                 db 0, 18h, 2Bh, 1Ah, 2Ch
seg000:A07B                 db 0, 2Dh, 10h, 2Eh, 10h
seg000:A080                 db 0, 11h, 7, 12h, 2Fh
seg000:A085                 db 0, 30h, 15h, 31h, 17h
seg000:A08A byte_A08A       db 0, 32h, 33h, 34h, 35h
seg000:A08F                 db 0, 41h, 42h, 43h, 44h
seg000:A094                 db 0, 1Eh, 50h, 1Fh, 51h
seg000:A099                 db 0, 36h, 37h, 38h, 39h
seg000:A09E                 db 0, 45h, 46h, 47h, 48h
seg000:A0A3                 db 0, 52h, 53h, 54h, 24h
seg000:A0A8                 db 0, 3Ah, 3Bh, 3Ch, 3Dh
seg000:A0AD                 db 0, 49h, 4Ah, 4Bh, 4Ch
seg000:A0B2                 db 0, 55h, 4Fh, 56h, 57h
seg000:A0B7                 db 0, 3Eh, 0, 3Fh, 40h
seg000:A0BC                 db 0, 4Dh, 4Eh, 4Fh, 10h
seg000:A0C1                 db 0, 58h, 10h, 59h, 2Ah
seg000:A0C6                 db 0, 49h, 5Ah, 4Bh, 5Bh
seg000:A0CB                 db 0, 5Ch, 4Eh, 5Dh, 5Eh
seg000:A0D0 byte_A0D0       db 0, 0, 32h, 5Fh, 60h
seg000:A0D5                 db 0, 6Bh, 6Ch, 6Dh, 6Eh
seg000:A0DA                 db 0, 79h, 7Ah, 7Bh, 7Ch
seg000:A0DF                 db 0, 61h, 62h, 63h, 64h
seg000:A0E4                 db 0, 6Fh, 70h, 71h, 72h
seg000:A0E9                 db 0, 7Dh, 7Eh, 7Fh, 24h
seg000:A0EE                 db 0, 65h, 66h, 67h, 68h
seg000:A0F3                 db 0, 73h, 1Dh, 74h, 75h
seg000:A0F8                 db 0, 80h, 4Fh, 81h, 59h
seg000:A0FD                 db 0, 69h, 0, 6Ah, 0
seg000:A102                 db 0, 76h, 77h, 4Fh, 78h
seg000:A107                 db 0, 82h, 10h, 59h, 2Ah
seg000:A10C                 db 0, 73h, 83h, 74h, 84h
seg000:A111                 db 0, 76h, 77h, 4Fh, 78h
seg000:A116 byte_A116       db 0, 0, 85h, 86h, 87h
seg000:A11B                 db 0, 93h, 94h, 95h, 96h
seg000:A120                 db 0, 1Eh, 0A1h, 0A2h, 0A3h
seg000:A125                 db 0, 88h, 89h, 8Ah, 8Bh
seg000:A12A                 db 0, 97h, 98h, 99h, 9Ah
seg000:A12F                 db 0, 0A4h, 0A5h, 0A6h, 0A7h
seg000:A134                 db 0, 8Ch, 8Dh, 8Eh, 67h
seg000:A139                 db 0, 9Bh, 9Ch, 9Dh, 9Eh
seg000:A13E                 db 0, 25h, 26h, 27h, 1Dh
seg000:A143                 db 0, 8Fh, 90h, 91h, 92h
seg000:A148                 db 0, 1Dh, 9Fh, 0A0h, 10h
seg000:A14D                 db 0, 28h, 10h, 29h, 2Ah
seg000:A152                 db 0, 0, 0, 0, 0
seg000:A157                 db 0, 0, 0, 0, 0
seg000:A15C                 db 0, 93h, 0A8h, 95h, 0A9h
seg000:A161                 db 0, 0AAh, 0ABh, 0ACh, 0ADh
seg000:A166 byte_A166       db 0, 0, 0AEh, 0, 0AFh
seg000:A16B                 db 0, 0BBh, 0BCh, 0BDh, 0BEh
seg000:A170                 db 0, 1Eh, 0CAh, 0A2h, 0CBh
seg000:A175                 db 0, 0B0h, 0B1h, 0B2h, 0B3h
seg000:A17A                 db 0, 0BFh, 0C0h, 0C1h, 0C2h
seg000:A17F                 db 0, 0CCh, 0CDh, 0CEh, 0CFh
seg000:A184                 db 0, 0B4h, 0B5h, 0B6h, 0B7h
seg000:A189                 db 0, 0C3h, 0C4h, 0C5h, 0C6h
seg000:A18E                 db 0, 0D0h, 0D1h, 0D2h, 0D3h
seg000:A193                 db 0, 0B8h, 0, 0B9h, 0BAh
seg000:A198                 db 0, 0C7h, 0C8h, 4Fh, 0C9h
seg000:A19D                 db 0, 0D4h, 10h, 1Dh, 2Ah
seg000:A1A2                 db 0, 0, 0, 0, 0
seg000:A1A7                 db 0, 0, 0, 0, 0
seg000:A1AC                 db 0, 0BBh, 0BCh, 0BDh, 0BEh
seg000:A1B1                 db 0, 0BFh, 0D5h, 0C1h, 0D6h
seg000:A1B6
seg000:A1B6 ; =============== S U B R O U T I N E =======================================
seg000:A1B6
seg000:A1B6
seg000:A1B6 sub_A1B6        proc near
seg000:A1B6                 mov     si, ds:0C010h
seg000:A1BA                 mov     byte_A5FD, 0
seg000:A1BF                 mov     byte_A5FF, 0
seg000:A1C4
seg000:A1C4 loc_A1C4:
seg000:A1C4                 cmp     word ptr [si], 0FFFFh
seg000:A1C7                 jz      short loc_A207
seg000:A1C9                 mov     ax, [si]
seg000:A1CB                 call    word ptr cs:6036h
seg000:A1D0                 jb      short loc_A1FE
seg000:A1D2                 mov     [si+3], bl
seg000:A1D5                 mov     ax, [si+2]
seg000:A1D8                 call    word ptr cs:6028h
seg000:A1DD                 mov     bl, byte_A5FD
seg000:A1E1                 xor     bh, bh
seg000:A1E3                 mov     al, [bx+0ED20h]
seg000:A1E7                 mov     [di], al
seg000:A1E9                 test    byte ptr [si+5], 40h
seg000:A1ED                 jz      short loc_A1FE
seg000:A1EF                 test    byte_A5FF, 80h
seg000:A1F4                 jnz     short loc_A1FE
seg000:A1F6                 mov     al, [si+5]
seg000:A1F9                 and     al, 1Fh
seg000:A1FB                 mov     byte_A5FF, al
seg000:A1FE
seg000:A1FE loc_A1FE:
seg000:A1FE                 inc     byte_A5FD
seg000:A202                 add     si, 10h
seg000:A205                 jmp     short loc_A1C4
seg000:A207 ; ---------------------------------------------------------------------------
seg000:A207
seg000:A207 loc_A207:
seg000:A207                 mov     si, ds:0C010h
seg000:A20B                 mov     word ptr [si], 0FFFFh
seg000:A20F                 test    byte_A5FF, 0FFh
seg000:A214                 jz      short loc_A254
seg000:A216                 mov     al, byte_A5FF
seg000:A219                 push    ax
seg000:A21A                 and     al, 1Fh
seg000:A21C                 call    word ptr cs:6038h
seg000:A221                 mov     bl, ah
seg000:A223                 pop     ax
seg000:A224                 shr     bl, 1
seg000:A226                 xor     bh, bh
seg000:A228                 mov     byte ptr ds:0FF75h, 24h ; '$'
seg000:A22D                 call    sub_A55D
seg000:A230                 mov     ax, ds:80h
seg000:A233                 add     ax, 0Fh
seg000:A236                 mov     bx, ax
seg000:A238                 sub     ax, ds:0C002h
seg000:A23C                 jb      short loc_A23F
seg000:A23E                 xchg    ax, bx
seg000:A23F
seg000:A23F loc_A23F:
seg000:A23F                 mov     ax, word_A5DF
seg000:A242                 sub     ax, bx
seg000:A244                 jnb     short loc_A24E
seg000:A246                 call    sub_A534
seg000:A249                 call    sub_A534
seg000:A24C                 jmp     short loc_A254
seg000:A24E ; ---------------------------------------------------------------------------
seg000:A24E
seg000:A24E loc_A24E:
seg000:A24E                 call    sub_A525
seg000:A251                 call    sub_A525
seg000:A254
seg000:A254 loc_A254:
seg000:A254                 test    byte_A5F7, 0FFh
seg000:A259                 jz      short loc_A25E
seg000:A25B                 jmp     loc_A362
seg000:A25E ; ---------------------------------------------------------------------------
seg000:A25E
seg000:A25E loc_A25E:
seg000:A25E                 test    byte_A5F8, 0FFh
seg000:A263                 jnz     short loc_A2AF
seg000:A265                 call    word ptr cs:11Ah
seg000:A26A                 and     al, 0Fh
seg000:A26C                 jz      short loc_A271
seg000:A26E                 jmp     loc_A362
seg000:A271 ; ---------------------------------------------------------------------------
seg000:A271
seg000:A271 loc_A271:
seg000:A271                 test    byte ptr ds:0FF2Eh, 0FFh
seg000:A276                 jz      short loc_A27B
seg000:A278                 jmp     loc_A362
seg000:A27B ; ---------------------------------------------------------------------------
seg000:A27B
seg000:A27B loc_A27B:
seg000:A27B                 mov     byte_A5F8, 0FFh
seg000:A280                 mov     byte_A5FA, 0FFh
seg000:A285                 mov     byte_A5F9, 0FFh
seg000:A28A                 mov     byte_A5FB, 0
seg000:A28F                 mov     byte_A5FC, 0
seg000:A294                 mov     ax, ds:80h
seg000:A297                 add     ax, 0Eh
seg000:A29A                 mov     bx, ax
seg000:A29C                 sub     ax, ds:0C002h
seg000:A2A0                 jb      short loc_A2A3
seg000:A2A2                 xchg    ax, bx
seg000:A2A3
seg000:A2A3 loc_A2A3:
seg000:A2A3                 mov     ax, word_A5DF
seg000:A2A6                 sub     ax, bx
seg000:A2A8                 jnb     short loc_A2AF
seg000:A2AA                 mov     byte_A5F9, 0
seg000:A2AF
seg000:A2AF loc_A2AF:
seg000:A2AF                 add     byte_A5F6, 2
seg000:A2B4                 and     byte_A5F6, 6
seg000:A2B9                 test    byte_A5FA, 0FFh
seg000:A2BE                 jz      short loc_A2E5
seg000:A2C0                 inc     byte_A5FC
seg000:A2C4                 and     byte_A5FC, 3
seg000:A2C9                 jz      short loc_A2CE
seg000:A2CB                 jmp     loc_A3B9
seg000:A2CE ; ---------------------------------------------------------------------------
seg000:A2CE
seg000:A2CE loc_A2CE:
seg000:A2CE                 mov     byte_A5FA, 0
seg000:A2D3                 test    byte_A5F8, 80h
seg000:A2D8                 jz      short loc_A2DD
seg000:A2DA                 jmp     loc_A3B9
seg000:A2DD ; ---------------------------------------------------------------------------
seg000:A2DD
seg000:A2DD loc_A2DD:
seg000:A2DD                 mov     byte_A5F8, 0
seg000:A2E2                 jmp     loc_A3B9
seg000:A2E5 ; ---------------------------------------------------------------------------
seg000:A2E5
seg000:A2E5 loc_A2E5:
seg000:A2E5                 mov     bl, byte_A5FB
seg000:A2E9                 inc     byte_A5FB
seg000:A2ED                 xor     bh, bh
seg000:A2EF                 add     bx, bx
seg000:A2F1                 call    funcs_A2F1[bx]
seg000:A2F5                 jmp     loc_A3B9
seg000:A2F5 sub_A1B6        endp
seg000:A2F5
seg000:A2F5 ; ---------------------------------------------------------------------------
seg000:A2F8 funcs_A2F1      dw offset sub_A325
seg000:A2FA                 dw offset sub_A32F
seg000:A2FC                 dw offset sub_A32F
seg000:A2FE                 dw offset sub_A32F
seg000:A300                 dw offset sub_A339
seg000:A302                 dw offset sub_A339
seg000:A304                 dw offset sub_A334
seg000:A306                 dw offset sub_A334
seg000:A308                 dw offset sub_A334
seg000:A30A                 dw offset sub_A30C
seg000:A30C
seg000:A30C ; =============== S U B R O U T I N E =======================================
seg000:A30C
seg000:A30C
seg000:A30C sub_A30C        proc near
seg000:A30C                 mov     byte_A5F8, 7Fh
seg000:A311                 mov     byte_A5FA, 7Fh
seg000:A316                 mov     byte_A602, 0
seg000:A316 sub_A30C        endp
seg000:A316
seg000:A31B
seg000:A31B ; =============== S U B R O U T I N E =======================================
seg000:A31B
seg000:A31B
seg000:A31B sub_A31B        proc near
seg000:A31B                 inc     byte_A5E1
seg000:A31F                 and     byte_A5E1, 3Fh
seg000:A324                 retn
seg000:A324 sub_A31B        endp
seg000:A324
seg000:A325
seg000:A325 ; =============== S U B R O U T I N E =======================================
seg000:A325
seg000:A325
seg000:A325 sub_A325        proc near
seg000:A325                 dec     byte_A5E1
seg000:A329                 and     byte_A5E1, 3Fh
seg000:A32E                 retn
seg000:A32E sub_A325        endp
seg000:A32E
seg000:A32F
seg000:A32F ; =============== S U B R O U T I N E =======================================
seg000:A32F
seg000:A32F
seg000:A32F sub_A32F        proc near
seg000:A32F                 call    sub_A325
seg000:A332                 jmp     short sub_A339
seg000:A332 sub_A32F        endp
seg000:A332
seg000:A334
seg000:A334 ; =============== S U B R O U T I N E =======================================
seg000:A334
seg000:A334
seg000:A334 sub_A334        proc near
seg000:A334                 call    sub_A31B
seg000:A337                 jmp     short $+2
seg000:A337 sub_A334        endp
seg000:A337
seg000:A339
seg000:A339 ; =============== S U B R O U T I N E =======================================
seg000:A339
seg000:A339
seg000:A339 sub_A339        proc near
seg000:A339
seg000:A339 ; FUNCTION CHUNK AT seg000:A58B SIZE 00000054 BYTES
seg000:A339
seg000:A339                 test    byte_A602, 0FFh
seg000:A33E                 jz      short loc_A341
seg000:A340                 retn
seg000:A341 ; ---------------------------------------------------------------------------
seg000:A341
seg000:A341 loc_A341:
seg000:A341                 mov     ax, ds:80h
seg000:A344                 add     ax, 0Ch
seg000:A347                 mov     bx, ax
seg000:A349                 sub     ax, ds:0C002h
seg000:A34D                 jb      short loc_A350
seg000:A34F                 xchg    ax, bx
seg000:A350
seg000:A350 loc_A350:
seg000:A350                 mov     ax, word_A5DF
seg000:A353                 sub     ax, bx
seg000:A355                 jnz     short loc_A358
seg000:A357                 retn
seg000:A358 ; ---------------------------------------------------------------------------
seg000:A358
seg000:A358 loc_A358:
seg000:A358                 pop     ax
seg000:A359                 test    byte_A5F9, 0FFh
seg000:A35E                 jnz     short loc_A39C
seg000:A360                 jmp     short loc_A3AF
seg000:A362 ; ---------------------------------------------------------------------------
seg000:A362
seg000:A362 loc_A362:
seg000:A362                 test    byte ptr ds:0FF2Eh, 0FFh
seg000:A367                 jz      short loc_A36C
seg000:A369                 jmp     loc_A58B
seg000:A36C ; ---------------------------------------------------------------------------
seg000:A36C
seg000:A36C loc_A36C:
seg000:A36C                 dec     byte_A5FE
seg000:A370                 jnz     short loc_A380
seg000:A372                 mov     byte_A5FE, 2
seg000:A377                 inc     byte_A5F6
seg000:A37B                 and     byte_A5F6, 7
seg000:A380
seg000:A380 loc_A380:
seg000:A380                 mov     ax, ds:80h
seg000:A383                 add     ax, 12h
seg000:A386                 mov     bx, ax
seg000:A388                 sub     ax, ds:0C002h
seg000:A38C                 jnb     short loc_A38F
seg000:A38E                 xchg    ax, bx
seg000:A38F
seg000:A38F loc_A38F:
seg000:A38F                 sub     ax, word_A5DF
seg000:A393                 jnb     short loc_A3A8
seg000:A395                 test    byte_A5F6, 0FFh
seg000:A39A                 jnz     short loc_A3B9
seg000:A39C
seg000:A39C loc_A39C:
seg000:A39C                 call    sub_A534
seg000:A39F                 jnb     short loc_A3B9
seg000:A3A1                 mov     byte_A602, 0FFh
seg000:A3A6                 jmp     short loc_A3B9
seg000:A3A8 ; ---------------------------------------------------------------------------
seg000:A3A8
seg000:A3A8 loc_A3A8:
seg000:A3A8                 cmp     byte_A5F6, 4
seg000:A3AD                 jnz     short loc_A3B9
seg000:A3AF
seg000:A3AF loc_A3AF:
seg000:A3AF                 call    sub_A525
seg000:A3B2                 jnb     short loc_A3B9
seg000:A3B4                 mov     byte_A602, 0FFh
seg000:A3B9
seg000:A3B9 loc_A3B9:
seg000:A3B9                 mov     bl, byte_A5F6
seg000:A3BD                 xor     bh, bh
seg000:A3BF                 mov     dl, byte_A4DB[bx]
seg000:A3C3                 xor     dh, dh
seg000:A3C5                 mov     di, offset unk_A603
seg000:A3C8                 mov     cx, 0Ch
seg000:A3CB
seg000:A3CB loc_A3CB:
seg000:A3CB                 mov     [di], dx
seg000:A3CD                 add     di, 2
seg000:A3D0                 inc     dh
seg000:A3D2                 loop    loc_A3CB
seg000:A3D4                 test    byte_A5F8, 0FFh
seg000:A3D9                 jnz     short loc_A458
seg000:A3DB                 test    byte_A5F7, 0FFh
seg000:A3E0                 jz      short loc_A3EB
seg000:A3E2                 cmp     byte_A5F7, 1
seg000:A3E7                 jz      short loc_A444
seg000:A3E9                 jmp     short loc_A422
seg000:A3EB ; ---------------------------------------------------------------------------
seg000:A3EB
seg000:A3EB loc_A3EB:
seg000:A3EB                 call    word ptr cs:11Ah
seg000:A3F0                 and     al, 1
seg000:A3F2                 jnz     short loc_A458
seg000:A3F4                 mov     ax, ds:80h
seg000:A3F7                 add     ax, 12h
seg000:A3FA                 mov     bx, ax
seg000:A3FC                 sub     ax, ds:0C002h
seg000:A400                 jb      short loc_A403
seg000:A402                 xchg    ax, bx
seg000:A403
seg000:A403 loc_A403:
seg000:A403                 mov     ax, word_A5DF
seg000:A406                 sub     ax, bx
seg000:A408                 jnb     short loc_A438
seg000:A40A                 dec     bx
seg000:A40B                 dec     bx
seg000:A40C                 mov     ax, word_A5DF
seg000:A40F                 add     ax, 7
seg000:A412                 sub     ax, bx
seg000:A414                 jnb     short loc_A458
seg000:A416                 cmp     byte_A5F6, 6
seg000:A41B                 jnz     short loc_A458
seg000:A41D                 mov     byte_A5F7, 2
seg000:A422
seg000:A422 loc_A422:
seg000:A422                 mov     byte_A612, 0Ch
seg000:A427                 mov     byte_A618, 0Dh
seg000:A42C                 test    byte_A5F6, 0FFh
seg000:A431                 jnz     short loc_A436
seg000:A433                 call    sub_A4E3
seg000:A436
seg000:A436 loc_A436:
seg000:A436                 jmp     short loc_A458
seg000:A438 ; ---------------------------------------------------------------------------
seg000:A438
seg000:A438 loc_A438:
seg000:A438                 cmp     byte_A5F6, 2
seg000:A43D                 jnz     short loc_A458
seg000:A43F                 mov     byte_A5F7, 1
seg000:A444
seg000:A444 loc_A444:
seg000:A444                 mov     byte_A606, 0Eh
seg000:A449                 mov     byte_A60C, 0Fh
seg000:A44E                 cmp     byte_A5F6, 4
seg000:A453                 jnz     short loc_A458
seg000:A455                 call    sub_A4E3
seg000:A458
seg000:A458 loc_A458:
seg000:A458                 mov     byte_A5FD, 0
seg000:A45D                 mov     di, offset unk_A603
seg000:A460                 mov     si, ds:0C010h
seg000:A464                 mov     ax, word_A5DF
seg000:A467                 mov     cx, 4
seg000:A46A
seg000:A46A loc_A46A:
seg000:A46A                 push    cx
seg000:A46B                 push    ax
seg000:A46C                 call    word ptr cs:6036h
seg000:A471                 pop     ax
seg000:A472                 mov     byte_A600, bl
seg000:A476                 jnb     short loc_A47D
seg000:A478                 add     di, 6
seg000:A47B                 jmp     short loc_A4D1
seg000:A47D ; ---------------------------------------------------------------------------
seg000:A47D
seg000:A47D loc_A47D:
seg000:A47D                 mov     bl, byte_A5E1
seg000:A481                 mov     cx, 3
seg000:A484
seg000:A484 loc_A484:
seg000:A484                 push    cx
seg000:A485                 mov     [si], ax
seg000:A487                 mov     [si+2], bl
seg000:A48A                 mov     dl, byte_A600
seg000:A48E                 mov     [si+3], dl
seg000:A491                 mov     dl, [di]
seg000:A493                 mov     [si+4], dl
seg000:A496                 mov     byte ptr [si+5], 0
seg000:A49A                 mov     dl, [di+1]
seg000:A49D                 mov     [si+6], dl
seg000:A4A0                 add     di, 2
seg000:A4A3                 push    ax
seg000:A4A4                 push    bx
seg000:A4A5                 push    di
seg000:A4A6                 mov     ax, [si+2]
seg000:A4A9                 call    word ptr cs:6028h
seg000:A4AE                 mov     bl, byte_A5FD
seg000:A4B2                 xor     bh, bh
seg000:A4B4                 mov     al, bl
seg000:A4B6                 or      al, 80h
seg000:A4B8                 xchg    al, [di]
seg000:A4BA                 mov     [bx+0ED20h], al
seg000:A4BE                 add     si, 10h
seg000:A4C1                 inc     byte_A5FD
seg000:A4C5                 pop     di
seg000:A4C6                 pop     bx
seg000:A4C7                 pop     ax
seg000:A4C8                 add     bl, 2
seg000:A4CB                 and     bl, 3Fh
seg000:A4CE                 pop     cx
seg000:A4CF                 loop    loc_A484
seg000:A4D1
seg000:A4D1 loc_A4D1:
seg000:A4D1                 inc     ax
seg000:A4D2                 inc     ax
seg000:A4D3                 pop     cx
seg000:A4D4                 loop    loc_A46A
seg000:A4D6                 mov     word ptr [si], 0FFFFh
seg000:A4DA                 retn
seg000:A4DA sub_A339        endp ; sp-analysis failed
seg000:A4DA
seg000:A4DA ; ---------------------------------------------------------------------------
seg000:A4DB byte_A4DB       db 2, 1, 0, 3, 4, 3, 0, 1
seg000:A4E3
seg000:A4E3 ; =============== S U B R O U T I N E =======================================
seg000:A4E3
seg000:A4E3
seg000:A4E3 sub_A4E3        proc near
seg000:A4E3                 mov     al, byte_A5E1
seg000:A4E6                 add     al, 3
seg000:A4E8                 and     al, 3Fh
seg000:A4EA                 mov     byte_A551, al
seg000:A4ED                 mov     byte_A544, al
seg000:A4F0                 mov     ax, word_A5DF
seg000:A4F3                 inc     ax
seg000:A4F4                 call    word ptr cs:6036h
seg000:A4F9                 mov     byte_A543, bl
seg000:A4FD                 mov     ax, word_A5DF
seg000:A500                 add     ax, 7
seg000:A503                 call    word ptr cs:6036h
seg000:A508                 mov     byte_A550, bl
seg000:A50C                 mov     al, byte_A5F7
seg000:A50F                 dec     al
seg000:A511                 mov     cl, 0Dh
seg000:A513                 mul     cl
seg000:A515                 add     ax, offset byte_A543
seg000:A518                 mov     bx, ax
seg000:A51A                 call    word ptr cs:603Ah
seg000:A51F                 mov     byte_A5F7, 0
seg000:A524                 retn
seg000:A524 sub_A4E3        endp
seg000:A524
seg000:A525
seg000:A525 ; =============== S U B R O U T I N E =======================================
seg000:A525
seg000:A525
seg000:A525 sub_A525        proc near
seg000:A525                 cmp     byte ptr word_A5DF, 32h ; '2'
seg000:A52A                 stc
seg000:A52B                 jnz     short loc_A52E
seg000:A52D                 retn
seg000:A52E ; ---------------------------------------------------------------------------
seg000:A52E
seg000:A52E loc_A52E:
seg000:A52E                 inc     byte ptr word_A5DF
seg000:A532                 clc
seg000:A533                 retn
seg000:A533 sub_A525        endp
seg000:A533
seg000:A534
seg000:A534 ; =============== S U B R O U T I N E =======================================
seg000:A534
seg000:A534
seg000:A534 sub_A534        proc near
seg000:A534                 cmp     byte ptr word_A5DF, 11h
seg000:A539                 stc
seg000:A53A                 jnz     short loc_A53D
seg000:A53C                 retn
seg000:A53D ; ---------------------------------------------------------------------------
seg000:A53D
seg000:A53D loc_A53D:
seg000:A53D                 dec     byte ptr word_A5DF
seg000:A541                 clc
seg000:A542                 retn
seg000:A542 sub_A534        endp
seg000:A542
seg000:A542 ; ---------------------------------------------------------------------------
seg000:A543 byte_A543       db 0
seg000:A544 byte_A544       db 0
seg000:A545                 db    5
seg000:A546                 db    0
seg000:A547                 db  32h ; 2
seg000:A548                 db    4
seg000:A549                 db  78h ; x
seg000:A54A                 db    0
seg000:A54B                 db    0
seg000:A54C                 db    0
seg000:A54D                 db    0
seg000:A54E                 db    0
seg000:A54F                 db    0
seg000:A550 byte_A550       db 0
seg000:A551 byte_A551       db 0
seg000:A552                 db    4
seg000:A553                 db    0
seg000:A554                 db  32h ; 2
seg000:A555                 db    0
seg000:A556                 db  78h ; x
seg000:A557                 db    0
seg000:A558                 db    0
seg000:A559                 db    0
seg000:A55A                 db    0
seg000:A55B                 db    0
seg000:A55C                 db    0
seg000:A55D
seg000:A55D ; =============== S U B R O U T I N E =======================================
seg000:A55D
seg000:A55D
seg000:A55D sub_A55D        proc near
seg000:A55D                 mov     ax, word_A5E2
seg000:A560                 sub     ax, bx
seg000:A562                 jnb     short loc_A566
seg000:A564                 xor     ax, ax
seg000:A566
seg000:A566 loc_A566:
seg000:A566                 mov     word_A5E2, ax
seg000:A569                 mov     bx, ax
seg000:A56B                 push    ax
seg000:A56C                 call    word ptr cs:200Ch
seg000:A571                 pop     ax
seg000:A572                 or      ax, ax
seg000:A574                 jz      short loc_A577
seg000:A576                 retn
seg000:A577 ; ---------------------------------------------------------------------------
seg000:A577
seg000:A577 loc_A577:
seg000:A577                 mov     byte ptr ds:0FF2Eh, 0FFh
seg000:A57C                 mov     byte_A601, 0
seg000:A581                 mov     byte_A5F7, 0
seg000:A586                 jmp     word ptr cs:603Ch
seg000:A586 sub_A55D        endp
seg000:A586
seg000:A58B ; ---------------------------------------------------------------------------
seg000:A58B ; START OF FUNCTION CHUNK FOR sub_A339
seg000:A58B
seg000:A58B loc_A58B:
seg000:A58B                 cmp     byte_A601, 28h ; '('
seg000:A590                 jnb     short loc_A5D9
seg000:A592                 mov     byte ptr ds:0FF2Fh, 0FFh
seg000:A597                 inc     byte_A601
seg000:A59B                 cmp     byte_A601, 15h
seg000:A5A0                 jnb     short loc_A5D2
seg000:A5A2                 test    byte_A601, 3
seg000:A5A7                 jnz     short loc_A5AE
seg000:A5A9                 mov     byte ptr ds:0FF75h, 28h ; '('
seg000:A5AE
seg000:A5AE loc_A5AE:
seg000:A5AE                 inc     byte_A5F6
seg000:A5B2                 and     byte_A5F6, 7
seg000:A5B7
seg000:A5B7 loc_A5B7:
seg000:A5B7                 mov     bx, offset byte_A4DB
seg000:A5BA                 mov     al, byte_A5F6
seg000:A5BD                 xlat
seg000:A5BE                 xor     ah, ah
seg000:A5C0                 mov     di, offset unk_A603
seg000:A5C3                 mov     cx, 0Ch
seg000:A5C6
seg000:A5C6 loc_A5C6:
seg000:A5C6                 mov     [di], ax
seg000:A5C8                 add     di, 2
seg000:A5CB                 inc     ah
seg000:A5CD                 loop    loc_A5C6
seg000:A5CF                 jmp     loc_A458
seg000:A5D2 ; ---------------------------------------------------------------------------
seg000:A5D2
seg000:A5D2 loc_A5D2:
seg000:A5D2                 mov     byte_A5F6, 2
seg000:A5D7                 jmp     short loc_A5B7
seg000:A5D9 ; ---------------------------------------------------------------------------
seg000:A5D9
seg000:A5D9 loc_A5D9:
seg000:A5D9                 mov     byte ptr ds:0FF30h, 0FFh
seg000:A5DE                 retn
seg000:A5DE ; END OF FUNCTION CHUNK FOR sub_A339
seg000:A5DE ; ---------------------------------------------------------------------------
seg000:A5DF word_A5DF       dw 48
seg000:A5E1 byte_A5E1       db 12
seg000:A5E2 word_A5E2       dw 600
seg000:A5E4                 dw 3000
seg000:A5E6                 dw 12
seg000:A5E8                 dw offset unk_A5EC
seg000:A5EA                 dw 1600
seg000:A5EC unk_A5EC        db  11h
seg000:A5ED                 db 0BBh
seg000:A5EE                 db    0
seg000:A5EF aPaguro         db 6,'Paguro'
seg000:A5F6 byte_A5F6       db 0
seg000:A5F7 byte_A5F7       db 0
seg000:A5F8 byte_A5F8       db 0
seg000:A5F9 byte_A5F9       db 0
seg000:A5FA byte_A5FA       db 0
seg000:A5FB byte_A5FB       db 0
seg000:A5FC byte_A5FC       db 0
seg000:A5FD byte_A5FD       db 0
seg000:A5FE byte_A5FE       db 2
seg000:A5FF byte_A5FF       db 0
seg000:A600 byte_A600       db 0
seg000:A601 byte_A601       db 0
seg000:A602 byte_A602       db 0
seg000:A603 unk_A603        db    0
seg000:A604                 db    0
seg000:A605                 db    0
seg000:A606 byte_A606       db 0
seg000:A607                 db    0
seg000:A608                 db    0
seg000:A609                 db    0
seg000:A60A                 db    0
seg000:A60B                 db    0
seg000:A60C byte_A60C       db 0
seg000:A60D                 db    0
seg000:A60E                 db    0
seg000:A60F                 db    0
seg000:A610                 db    0
seg000:A611                 db    0
seg000:A612 byte_A612       db 0
seg000:A613                 db    0
seg000:A614                 db    0
seg000:A615                 db    0
seg000:A616                 db    0
seg000:A617                 db    0
seg000:A618 byte_A618       db 0
seg000:A619                 db    0
seg000:A61A                 db    0
seg000:A61A seg000          ends
seg000:A61A
seg000:A61A
seg000:A61A                 end
