seg000:A000 ;
seg000:A000 ; +-------------------------------------------------------------------------+
seg000:A000 ; |      This file was generated by The Interactive Disassembler (IDA)      |
seg000:A000 ; |           Copyright (c) 2026 Hex-Rays, <support@hex-rays.com>           |
seg000:A000 ; |                      License info: 48-2137-ACAB-69                      |
seg000:A000 ; |                             hi@hex-rays.com                             |
seg000:A000 ; +-------------------------------------------------------------------------+
seg000:A000 ;
seg000:A000 ; Input SHA256 : 9A2DE5546D0F651E02B096EA66D07D3A41812792DD8F74ACE04EFA6612242037
seg000:A000 ; Input MD5    : 95EF17A1869070C651709F0E2F7E21B0
seg000:A000 ; Input CRC32  : D331DF96
seg000:A000
seg000:A000 ; File Name   : /home/brox/Projects/zeliard/game/0/zela.bin
seg000:A000 ; Format      : Binary file
seg000:A000 ; Base Address: 0000h Range: 0000h - 0628h Loaded length: 0628h
seg000:A000
seg000:A000                 .286
seg000:A000                 .model small
seg000:A000
seg000:A000 ; ===========================================================================
seg000:A000
seg000:A000 ; Segment type: Pure code
seg000:A000 seg000          segment byte public 'CODE'
seg000:A000                 assume cs:seg000
seg000:A000                 ;org 0A000h
seg000:A000                 assume es:nothing, ss:nothing, ds:seg000
seg000:A000                 dw offset Zela_AI_proc
seg000:A002                 dw offset boss_x
seg000:A004                 db    0
seg000:A005                 db    0
seg000:A006                 db    0
seg000:A007                 db    0
seg000:A008                 db    0
seg000:A009                 db    0
seg000:A00A                 db    0
seg000:A00B                 db    0
seg000:A00C                 db    0
seg000:A00D                 db    0
seg000:A00E                 db    0
seg000:A00F                 db    0                 ;
seg000:A00F                                         ; A010
seg000:A010                 db 1Eh, 1Eh, 1Eh, 1Eh, 1Eh, 1Eh, 1Eh, 1Eh, 1Eh, 1Eh, 1Eh, 1Eh, 1Eh, 1Eh, 1Eh, 1Eh
seg000:A020                 db 1Eh, 1Eh, 1Eh, 1Eh, 1Eh, 1Eh, 1Eh, 1Eh, 1Eh, 1Eh, 1Eh, 1Eh, 1Eh, 1Eh, 1Eh, 1Eh ;
seg000:A020                                         ; A030
seg000:A030                 dw offset byte_A03A
seg000:A032                 dw offset byte_A08A
seg000:A034                 dw offset byte_A0D0
seg000:A036                 dw offset byte_A116
seg000:A038                 dw offset byte_A166
seg000:A03A byte_A03A       db 2, 1, 2, 3, 4
seg000:A03F                 db 2, 11h, 7, 12h, 13h
seg000:A044                 db 2, 1Eh, 16h, 1Fh, 20h
seg000:A049                 db 2, 5, 6, 7, 8
seg000:A04E                 db 2, 14h, 15h, 16h, 17h
seg000:A053                 db 2, 21h, 22h, 23h, 24h
seg000:A058                 db 2, 9, 0Ah, 0Bh, 0Ch
seg000:A05D                 db 2, 18h, 19h, 1Ah, 1Bh
seg000:A062                 db 2, 25h, 26h, 27h, 1Dh
seg000:A067                 db 2, 0Dh, 0Eh, 0Fh, 10h
seg000:A06C                 db 2, 1Ch, 10h, 1Dh, 10h
seg000:A071                 db 2, 28h, 10h, 29h, 2Ah
seg000:A076                 db 2, 18h, 2Bh, 1Ah, 2Ch
seg000:A07B                 db 2, 2Dh, 10h, 2Eh, 10h
seg000:A080                 db 2, 11h, 7, 12h, 2Fh
seg000:A085                 db 2, 30h, 15h, 31h, 17h
seg000:A08A byte_A08A       db 2, 32h, 33h, 34h, 35h
seg000:A08F                 db 2, 41h, 42h, 43h, 44h
seg000:A094                 db 2, 1Eh, 50h, 1Fh, 51h
seg000:A099                 db 2, 36h, 37h, 38h, 39h
seg000:A09E                 db 2, 45h, 46h, 47h, 48h
seg000:A0A3                 db 2, 52h, 53h, 54h, 24h
seg000:A0A8                 db 2, 3Ah, 3Bh, 3Ch, 3Dh
seg000:A0AD                 db 2, 49h, 4Ah, 4Bh, 4Ch
seg000:A0B2                 db 2, 55h, 4Fh, 56h, 57h
seg000:A0B7                 db 2, 3Eh, 0, 3Fh, 40h
seg000:A0BC                 db 2, 4Dh, 4Eh, 4Fh, 10h
seg000:A0C1                 db 2, 58h, 10h, 59h, 2Ah
seg000:A0C6                 db 2, 49h, 5Ah, 4Bh, 5Bh
seg000:A0CB                 db 2, 5Ch, 4Eh, 5Dh, 5Eh
seg000:A0D0 byte_A0D0       db 2, 0, 32h, 5Fh, 60h
seg000:A0D5                 db 2, 6Bh, 6Ch, 6Dh, 6Eh
seg000:A0DA                 db 2, 79h, 7Ah, 7Bh, 7Ch
seg000:A0DF                 db 2, 61h, 62h, 63h, 64h
seg000:A0E4                 db 2, 6Fh, 70h, 71h, 72h
seg000:A0E9                 db 2, 7Dh, 7Eh, 7Fh, 24h
seg000:A0EE                 db 2, 65h, 66h, 67h, 68h
seg000:A0F3                 db 2, 73h, 1Dh, 74h, 75h
seg000:A0F8                 db 2, 80h, 4Fh, 81h, 59h
seg000:A0FD                 db 2, 69h, 0, 6Ah, 0
seg000:A102                 db 2, 76h, 77h, 4Fh, 78h
seg000:A107                 db 2, 82h, 10h, 59h, 2Ah
seg000:A10C                 db 2, 73h, 83h, 74h, 84h
seg000:A111                 db 2, 76h, 77h, 4Fh, 78h
seg000:A116 byte_A116       db 2, 0, 85h, 86h, 87h
seg000:A11B                 db 2, 93h, 94h, 95h, 96h
seg000:A120                 db 2, 1Eh, 0A1h, 0A2h, 0A3h
seg000:A125                 db 2, 88h, 89h, 8Ah, 8Bh
seg000:A12A                 db 2, 97h, 98h, 99h, 9Ah
seg000:A12F                 db 2, 0A4h, 0A5h, 0A6h, 0A7h
seg000:A134                 db 2, 8Ch, 8Dh, 8Eh, 67h
seg000:A139                 db 2, 9Bh, 9Ch, 9Dh, 9Eh
seg000:A13E                 db 2, 25h, 26h, 27h, 1Dh
seg000:A143                 db 2, 8Fh, 90h, 91h, 92h
seg000:A148                 db 2, 1Dh, 9Fh, 0A0h, 10h
seg000:A14D                 db 2, 28h, 10h, 29h, 2Ah
seg000:A152                 db 2, 0, 0, 0, 0
seg000:A157                 db 2, 0, 0, 0, 0
seg000:A15C                 db 2, 93h, 0A8h, 95h, 0A9h
seg000:A161                 db 2, 0AAh, 0ABh, 0ACh, 0ADh
seg000:A166 byte_A166       db 2, 0, 0AEh, 0, 0AFh
seg000:A16B                 db 2, 0BBh, 0BCh, 0BDh, 0BEh
seg000:A170                 db 2, 1Eh, 0CAh, 0A2h, 0CBh
seg000:A175                 db 2, 0B0h, 0B1h, 0B2h, 0B3h
seg000:A17A                 db 2, 0BFh, 0C0h, 0C1h, 0C2h
seg000:A17F                 db 2, 0CCh, 0CDh, 0CEh, 0CFh
seg000:A184                 db 2, 0B4h, 0B5h, 0B6h, 0B7h
seg000:A189                 db 2, 0C3h, 0C4h, 0C5h, 0C6h
seg000:A18E                 db 2, 0D0h, 0D1h, 0D2h, 0D3h
seg000:A193                 db 2, 0B8h, 0, 0B9h, 0BAh
seg000:A198                 db 2, 0C7h, 0C8h, 4Fh, 0C9h
seg000:A19D                 db 2, 0D4h, 10h, 1Dh, 2Ah
seg000:A1A2                 db 2, 0, 0, 0, 0
seg000:A1A7                 db 2, 0, 0, 0, 0
seg000:A1AC                 db 2, 0BBh, 0BCh, 0BDh, 0BEh
seg000:A1B1                 db 2, 0BFh, 0D5h, 0C1h, 0D6h
seg000:A1B6
seg000:A1B6 ; =============== S U B R O U T I N E =======================================
seg000:A1B6
seg000:A1B6
seg000:A1B6 Zela_AI_proc    proc near
seg000:A1B6
seg000:A1B6 ; FUNCTION CHUNK AT seg000:A371 SIZE 0000003A BYTES
seg000:A1B6 ; FUNCTION CHUNK AT seg000:A3B7 SIZE 00000007 BYTES
seg000:A1B6 ; FUNCTION CHUNK AT seg000:A59A SIZE 00000054 BYTES
seg000:A1B6
seg000:A1B6                 mov     si, ds:0C010h   ; monsters_table_addr
seg000:A1BA                 mov     byte_A60A, 0
seg000:A1BF                 mov     byte_A60C, 0
seg000:A1C4
seg000:A1C4 loc_A1C4:
seg000:A1C4                 cmp     word ptr [si], 0FFFFh
seg000:A1C7                 jz      short loc_A207
seg000:A1C9                 mov     ax, [si]
seg000:A1CB                 call    word ptr cs:6036h ; is_in_proximity_window_proc
seg000:A1D0                 jb      short loc_A1FE
seg000:A1D2                 mov     [si+3], bl
seg000:A1D5                 mov     ax, [si+2]
seg000:A1D8                 call    word ptr cs:6028h ; coords_in_ax_to_proximity_map_offset_in_di_proc
seg000:A1DD                 mov     bl, byte_A60A
seg000:A1E1                 xor     bh, bh
seg000:A1E3                 mov     al, [bx+0ED20h] ; proximity_second_layer
seg000:A1E7                 mov     [di], al
seg000:A1E9                 test    byte ptr [si+5], 40h
seg000:A1ED                 jz      short loc_A1FE
seg000:A1EF                 test    byte_A60C, 80h
seg000:A1F4                 jnz     short loc_A1FE
seg000:A1F6                 mov     al, [si+5]
seg000:A1F9                 and     al, 1Fh
seg000:A1FB                 mov     byte_A60C, al
seg000:A1FE
seg000:A1FE loc_A1FE:
seg000:A1FE                 inc     byte_A60A
seg000:A202                 add     si, 10h
seg000:A205                 jmp     short loc_A1C4
seg000:A207 ; ---------------------------------------------------------------------------
seg000:A207
seg000:A207 loc_A207:                               ;
seg000:A207                 mov     si, ds:0C010h   ; monsters_table_addr
seg000:A20B                 mov     word ptr [si], 0FFFFh
seg000:A20F                 test    byte_A60C, 0FFh
seg000:A214                 jz      short loc_A263
seg000:A216                 mov     al, byte_A60C
seg000:A219                 push    ax
seg000:A21A                 and     al, 1Fh
seg000:A21C                 call    word ptr cs:6038h ; Get_Stats_proc
seg000:A221                 mov     bl, ah
seg000:A223                 pop     ax
seg000:A224                 shr     bl, 1
seg000:A226                 xor     bh, bh
seg000:A228                 cmp     al, 4
seg000:A22A                 jnz     short loc_A237
seg000:A22C                 add     bx, bx
seg000:A22E                 add     bx, bx
seg000:A230                 mov     byte ptr ds:0FF75h, 24h ; '$' ; soundFX_request
seg000:A235                 jmp     short loc_A23C
seg000:A237 ; ---------------------------------------------------------------------------
seg000:A237
seg000:A237 loc_A237:                               ;
seg000:A237                 mov     byte ptr ds:0FF75h, 25h ; '%' ; soundFX_request
seg000:A23C
seg000:A23C loc_A23C:
seg000:A23C                 call    sub_A56C
seg000:A23F                 mov     ax, ds:80h      ; proximity_map_left_col_x
seg000:A242                 add     ax, 0Fh
seg000:A245                 mov     bx, ax
seg000:A247                 sub     ax, ds:0C002h   ; mapWidth
seg000:A24B                 jb      short loc_A24E
seg000:A24D                 xchg    ax, bx
seg000:A24E
seg000:A24E loc_A24E:
seg000:A24E                 mov     ax, boss_x
seg000:A251                 sub     ax, bx
seg000:A253                 jnb     short loc_A25D
seg000:A255                 call    sub_A543
seg000:A258                 call    sub_A543
seg000:A25B                 jmp     short loc_A263
seg000:A25D ; ---------------------------------------------------------------------------
seg000:A25D
seg000:A25D loc_A25D:
seg000:A25D                 call    sub_A534
seg000:A260                 call    sub_A534
seg000:A263
seg000:A263 loc_A263:
seg000:A263                 test    byte_A604, 0FFh
seg000:A268                 jz      short loc_A26D
seg000:A26A                 jmp     loc_A371
seg000:A26D ; ---------------------------------------------------------------------------
seg000:A26D
seg000:A26D loc_A26D:
seg000:A26D                 test    byte_A605, 0FFh
seg000:A272                 jnz     short loc_A2BE
seg000:A274                 call    word ptr cs:11Ah ; get_random_proc
seg000:A279                 and     al, 0Fh
seg000:A27B                 jz      short loc_A280
seg000:A27D                 jmp     loc_A371
seg000:A280 ; ---------------------------------------------------------------------------
seg000:A280
seg000:A280 loc_A280:                               ;
seg000:A280                 test    byte ptr ds:0FF2Eh, 0FFh ; boss_being_hit
seg000:A285                 jz      short loc_A28A
seg000:A287                 jmp     loc_A371
seg000:A28A ; ---------------------------------------------------------------------------
seg000:A28A
seg000:A28A loc_A28A:
seg000:A28A                 mov     byte_A605, 0FFh
seg000:A28F                 mov     byte_A607, 0FFh
seg000:A294                 mov     byte_A606, 0FFh
seg000:A299                 mov     byte_A608, 0
seg000:A29E                 mov     byte_A609, 0
seg000:A2A3                 mov     ax, ds:80h      ; proximity_map_left_col_x
seg000:A2A6                 add     ax, 0Eh
seg000:A2A9                 mov     bx, ax
seg000:A2AB                 sub     ax, ds:0C002h   ; mapWidth
seg000:A2AF                 jb      short loc_A2B2
seg000:A2B1                 xchg    ax, bx
seg000:A2B2
seg000:A2B2 loc_A2B2:
seg000:A2B2                 mov     ax, boss_x
seg000:A2B5                 sub     ax, bx
seg000:A2B7                 jnb     short loc_A2BE
seg000:A2B9                 mov     byte_A606, 0
seg000:A2BE
seg000:A2BE loc_A2BE:
seg000:A2BE                 add     byte_A603, 2
seg000:A2C3                 and     byte_A603, 6
seg000:A2C8                 test    byte_A607, 0FFh
seg000:A2CD                 jz      short loc_A2F4
seg000:A2CF                 inc     byte_A609
seg000:A2D3                 and     byte_A609, 3
seg000:A2D8                 jz      short loc_A2DD
seg000:A2DA                 jmp     loc_A3C8
seg000:A2DD ; ---------------------------------------------------------------------------
seg000:A2DD
seg000:A2DD loc_A2DD:
seg000:A2DD                 mov     byte_A607, 0
seg000:A2E2                 test    byte_A605, 80h
seg000:A2E7                 jz      short loc_A2EC
seg000:A2E9                 jmp     loc_A3C8
seg000:A2EC ; ---------------------------------------------------------------------------
seg000:A2EC
seg000:A2EC loc_A2EC:
seg000:A2EC                 mov     byte_A605, 0
seg000:A2F1                 jmp     loc_A3C8
seg000:A2F4 ; ---------------------------------------------------------------------------
seg000:A2F4
seg000:A2F4 loc_A2F4:
seg000:A2F4                 mov     bl, byte_A608
seg000:A2F8                 inc     byte_A608
seg000:A2FC                 xor     bh, bh
seg000:A2FE                 add     bx, bx
seg000:A300                 call    funcs_A300[bx]
seg000:A304                 jmp     loc_A3C8
seg000:A304 Zela_AI_proc    endp
seg000:A304
seg000:A304 ; ---------------------------------------------------------------------------
seg000:A307 funcs_A300      dw offset move_boss_N
seg000:A309                 dw offset sub_A33E
seg000:A30B                 dw offset sub_A33E
seg000:A30D                 dw offset sub_A33E
seg000:A30F                 dw offset loc_A348
seg000:A311                 dw offset loc_A348
seg000:A313                 dw offset sub_A343
seg000:A315                 dw offset sub_A343
seg000:A317                 dw offset sub_A343
seg000:A319                 dw offset sub_A31B
seg000:A31B
seg000:A31B ; =============== S U B R O U T I N E =======================================
seg000:A31B
seg000:A31B
seg000:A31B sub_A31B        proc near
seg000:A31B                 mov     byte_A605, 7Fh
seg000:A320                 mov     byte_A607, 7Fh
seg000:A325                 mov     byte_A60F, 0
seg000:A325 sub_A31B        endp
seg000:A325
seg000:A32A
seg000:A32A ; =============== S U B R O U T I N E =======================================
seg000:A32A
seg000:A32A
seg000:A32A move_boss_S     proc near
seg000:A32A                 inc     boss_y
seg000:A32E                 and     boss_y, 3Fh
seg000:A333                 retn
seg000:A333 move_boss_S     endp
seg000:A333
seg000:A334
seg000:A334 ; =============== S U B R O U T I N E =======================================
seg000:A334
seg000:A334
seg000:A334 move_boss_N     proc near
seg000:A334                 dec     boss_y
seg000:A338                 and     boss_y, 3Fh
seg000:A33D                 retn
seg000:A33D move_boss_N     endp
seg000:A33D
seg000:A33E
seg000:A33E ; =============== S U B R O U T I N E =======================================
seg000:A33E
seg000:A33E
seg000:A33E sub_A33E        proc near
seg000:A33E
seg000:A33E ; FUNCTION CHUNK AT seg000:A3AB SIZE 0000000C BYTES
seg000:A33E ; FUNCTION CHUNK AT seg000:A3BE SIZE 00000082 BYTES
seg000:A33E ; FUNCTION CHUNK AT seg000:A447 SIZE 000000A3 BYTES
seg000:A33E
seg000:A33E                 call    move_boss_N
seg000:A341                 jmp     short loc_A348
seg000:A341 sub_A33E        endp
seg000:A341
seg000:A343
seg000:A343 ; =============== S U B R O U T I N E =======================================
seg000:A343
seg000:A343
seg000:A343 sub_A343        proc near
seg000:A343
seg000:A343 ; FUNCTION CHUNK AT seg000:A3AB SIZE 0000000C BYTES
seg000:A343 ; FUNCTION CHUNK AT seg000:A3BE SIZE 00000082 BYTES
seg000:A343
seg000:A343                 call    move_boss_S
seg000:A346                 jmp     short $+2
seg000:A348 ; ---------------------------------------------------------------------------
seg000:A348
seg000:A348 loc_A348:
seg000:A348                 test    byte_A60F, 0FFh
seg000:A34D                 jz      short loc_A350
seg000:A34F                 retn
seg000:A350 ; ---------------------------------------------------------------------------
seg000:A350
seg000:A350 loc_A350:                               ;
seg000:A350                 mov     ax, ds:80h      ; proximity_map_left_col_x
seg000:A353                 add     ax, 0Ch
seg000:A356                 mov     bx, ax
seg000:A358                 sub     ax, ds:0C002h   ; mapWidth
seg000:A35C                 jb      short loc_A35F
seg000:A35E                 xchg    ax, bx
seg000:A35F
seg000:A35F loc_A35F:
seg000:A35F                 mov     ax, boss_x
seg000:A362                 sub     ax, bx
seg000:A364                 jnz     short loc_A367
seg000:A366                 retn
seg000:A367 ; ---------------------------------------------------------------------------
seg000:A367
seg000:A367 loc_A367:
seg000:A367                 pop     ax
seg000:A368                 test    byte_A606, 0FFh
seg000:A36D                 jnz     short loc_A3AB
seg000:A36F                 jmp     short loc_A3BE
seg000:A36F sub_A343        endp ; sp-analysis failed
seg000:A36F
seg000:A371 ; ---------------------------------------------------------------------------
seg000:A371 ; START OF FUNCTION CHUNK FOR Zela_AI_proc
seg000:A371
seg000:A371 loc_A371:                               ;
seg000:A371                 test    byte ptr ds:0FF2Eh, 0FFh ; boss_being_hit
seg000:A376                 jz      short loc_A37B
seg000:A378                 jmp     loc_A59A
seg000:A37B ; ---------------------------------------------------------------------------
seg000:A37B
seg000:A37B loc_A37B:
seg000:A37B                 dec     byte_A60B
seg000:A37F                 jnz     short loc_A38F
seg000:A381                 mov     byte_A60B, 2
seg000:A386                 inc     byte_A603
seg000:A38A                 and     byte_A603, 7
seg000:A38F
seg000:A38F loc_A38F:                               ;
seg000:A38F                 mov     ax, ds:80h      ; proximity_map_left_col_x
seg000:A392                 add     ax, 12h
seg000:A395                 mov     bx, ax
seg000:A397                 sub     ax, ds:0C002h   ; mapWidth
seg000:A39B                 jnb     short loc_A39E
seg000:A39D                 xchg    ax, bx
seg000:A39E
seg000:A39E loc_A39E:
seg000:A39E                 sub     ax, boss_x
seg000:A3A2                 jnb     short loc_A3B7
seg000:A3A4                 test    byte_A603, 0FFh
seg000:A3A9                 jnz     short loc_A3C8
seg000:A3A9 ; END OF FUNCTION CHUNK FOR Zela_AI_proc
seg000:A3AB ; START OF FUNCTION CHUNK FOR sub_A33E
seg000:A3AB ;   ADDITIONAL PARENT FUNCTION sub_A343
seg000:A3AB
seg000:A3AB loc_A3AB:
seg000:A3AB                 call    sub_A543
seg000:A3AE                 jnb     short loc_A3C8
seg000:A3B0                 mov     byte_A60F, 0FFh
seg000:A3B5                 jmp     short loc_A3C8
seg000:A3B5 ; END OF FUNCTION CHUNK FOR sub_A33E
seg000:A3B7 ; ---------------------------------------------------------------------------
seg000:A3B7 ; START OF FUNCTION CHUNK FOR Zela_AI_proc
seg000:A3B7
seg000:A3B7 loc_A3B7:
seg000:A3B7                 cmp     byte_A603, 4
seg000:A3BC                 jnz     short loc_A3C8
seg000:A3BC ; END OF FUNCTION CHUNK FOR Zela_AI_proc
seg000:A3BE ; START OF FUNCTION CHUNK FOR sub_A33E
seg000:A3BE ;   ADDITIONAL PARENT FUNCTION sub_A343
seg000:A3BE
seg000:A3BE loc_A3BE:
seg000:A3BE                 call    sub_A534
seg000:A3C1                 jnb     short loc_A3C8
seg000:A3C3                 mov     byte_A60F, 0FFh
seg000:A3C8
seg000:A3C8 loc_A3C8:
seg000:A3C8                 mov     bl, byte_A603
seg000:A3CC                 xor     bh, bh
seg000:A3CE                 mov     dl, byte_A4EA[bx]
seg000:A3D2                 xor     dh, dh
seg000:A3D4                 mov     di, offset word_A610
seg000:A3D7                 mov     cx, 12
seg000:A3DA
seg000:A3DA loc_A3DA:
seg000:A3DA                 mov     [di], dx
seg000:A3DC                 add     di, 2
seg000:A3DF                 inc     dh
seg000:A3E1                 loop    loc_A3DA
seg000:A3E3                 test    byte_A605, 0FFh
seg000:A3E8                 jnz     short loc_A467
seg000:A3EA                 test    byte_A604, 0FFh
seg000:A3EF                 jz      short loc_A3FA
seg000:A3F1                 cmp     byte_A604, 1
seg000:A3F6                 jz      short loc_A453
seg000:A3F8                 jmp     short loc_A431
seg000:A3FA ; ---------------------------------------------------------------------------
seg000:A3FA
seg000:A3FA loc_A3FA:                               ;
seg000:A3FA                 call    word ptr cs:11Ah ; get_random_proc
seg000:A3FF                 and     al, 1
seg000:A401                 jnz     short loc_A467
seg000:A403                 mov     ax, ds:80h      ; proximity_map_left_col_x
seg000:A406                 add     ax, 12h
seg000:A409                 mov     bx, ax
seg000:A40B                 sub     ax, ds:0C002h   ; mapWidth
seg000:A40F                 jb      short loc_A412
seg000:A411                 xchg    ax, bx
seg000:A412
seg000:A412 loc_A412:
seg000:A412                 mov     ax, boss_x
seg000:A415                 sub     ax, bx
seg000:A417                 jnb     short loc_A447
seg000:A419                 dec     bx
seg000:A41A                 dec     bx
seg000:A41B                 mov     ax, boss_x
seg000:A41E                 add     ax, 7
seg000:A421                 sub     ax, bx
seg000:A423                 jnb     short loc_A467
seg000:A425                 cmp     byte_A603, 6
seg000:A42A                 jnz     short loc_A467
seg000:A42C                 mov     byte_A604, 2
seg000:A431
seg000:A431 loc_A431:
seg000:A431                 mov     byte_A61F, 0Ch
seg000:A436                 mov     byte_A625, 0Dh
seg000:A43B                 test    byte_A603, 0FFh
seg000:A43B ; END OF FUNCTION CHUNK FOR sub_A33E
seg000:A440                 jnz     short loc_A445
seg000:A442                 call    sub_A4F2
seg000:A445
seg000:A445 loc_A445:
seg000:A445                 jmp     short loc_A467
seg000:A447 ; ---------------------------------------------------------------------------
seg000:A447 ; START OF FUNCTION CHUNK FOR sub_A33E
seg000:A447
seg000:A447 loc_A447:
seg000:A447                 cmp     byte_A603, 2
seg000:A44C                 jnz     short loc_A467
seg000:A44E                 mov     byte_A604, 1
seg000:A453
seg000:A453 loc_A453:
seg000:A453                 mov     byte_A613, 0Eh
seg000:A458                 mov     byte_A619, 0Fh
seg000:A45D                 cmp     byte_A603, 4
seg000:A462                 jnz     short loc_A467
seg000:A464                 call    sub_A4F2
seg000:A467
seg000:A467 loc_A467:
seg000:A467                 mov     byte_A60A, 0
seg000:A46C                 mov     di, offset word_A610
seg000:A46F                 mov     si, ds:0C010h   ; monsters_table_addr
seg000:A473                 mov     ax, boss_x
seg000:A476                 mov     cx, 4
seg000:A479
seg000:A479 loc_A479:
seg000:A479                 push    cx
seg000:A47A                 push    ax
seg000:A47B                 call    word ptr cs:6036h ; is_in_proximity_window_proc
seg000:A480                 pop     ax
seg000:A481                 mov     byte_A60D, bl
seg000:A485                 jnb     short loc_A48C
seg000:A487                 add     di, 6
seg000:A48A                 jmp     short loc_A4E0
seg000:A48C ; ---------------------------------------------------------------------------
seg000:A48C
seg000:A48C loc_A48C:
seg000:A48C                 mov     bl, boss_y
seg000:A490                 mov     cx, 3
seg000:A493
seg000:A493 loc_A493:
seg000:A493                 push    cx
seg000:A494                 mov     [si], ax
seg000:A496                 mov     [si+2], bl
seg000:A499                 mov     dl, byte_A60D
seg000:A49D                 mov     [si+3], dl
seg000:A4A0                 mov     dl, [di]
seg000:A4A2                 mov     [si+4], dl
seg000:A4A5                 mov     byte ptr [si+5], 0
seg000:A4A9                 mov     dl, [di+1]
seg000:A4AC                 mov     [si+6], dl
seg000:A4AF                 add     di, 2
seg000:A4B2                 push    ax
seg000:A4B3                 push    bx
seg000:A4B4                 push    di
seg000:A4B5                 mov     ax, [si+2]
seg000:A4B8                 call    word ptr cs:6028h ; coords_in_ax_to_proximity_map_offset_in_di_proc
seg000:A4BD                 mov     bl, byte_A60A
seg000:A4C1                 xor     bh, bh
seg000:A4C3                 mov     al, bl
seg000:A4C5                 or      al, 80h
seg000:A4C7                 xchg    al, [di]
seg000:A4C9                 mov     [bx+0ED20h], al ; proximity_second_layer
seg000:A4CD                 add     si, 10h
seg000:A4D0                 inc     byte_A60A
seg000:A4D4                 pop     di
seg000:A4D5                 pop     bx
seg000:A4D6                 pop     ax
seg000:A4D7                 add     bl, 2
seg000:A4DA                 and     bl, 3Fh
seg000:A4DD                 pop     cx
seg000:A4DE                 loop    loc_A493
seg000:A4E0
seg000:A4E0 loc_A4E0:
seg000:A4E0                 inc     ax
seg000:A4E1                 inc     ax
seg000:A4E2                 pop     cx
seg000:A4E3                 loop    loc_A479
seg000:A4E5                 mov     word ptr [si], 0FFFFh
seg000:A4E9                 retn
seg000:A4E9 ; END OF FUNCTION CHUNK FOR sub_A33E
seg000:A4E9 ; ---------------------------------------------------------------------------
seg000:A4EA byte_A4EA       db 2, 1, 0, 3, 4, 3, 0, 1
seg000:A4F2
seg000:A4F2 ; =============== S U B R O U T I N E =======================================
seg000:A4F2
seg000:A4F2
seg000:A4F2 sub_A4F2        proc near
seg000:A4F2                 mov     al, boss_y
seg000:A4F5                 add     al, 3
seg000:A4F7                 and     al, 3Fh
seg000:A4F9                 mov     byte_A560, al
seg000:A4FC                 mov     byte_A553, al
seg000:A4FF                 mov     ax, boss_x
seg000:A502                 inc     ax
seg000:A503                 call    word ptr cs:6036h ; is_in_proximity_window_proc
seg000:A508                 mov     byte_A552, bl
seg000:A50C                 mov     ax, boss_x
seg000:A50F                 add     ax, 7
seg000:A512                 call    word ptr cs:6036h ; is_in_proximity_window_proc
seg000:A517                 mov     byte_A55F, bl
seg000:A51B                 mov     al, byte_A604
seg000:A51E                 dec     al
seg000:A520                 mov     cl, 0Dh
seg000:A522                 mul     cl
seg000:A524                 add     ax, offset byte_A552
seg000:A527                 mov     bx, ax
seg000:A529                 call    word ptr cs:603Ah ; Add_Projectile_To_Array_proc
seg000:A52E                 mov     byte_A604, 0
seg000:A533                 retn
seg000:A533 sub_A4F2        endp
seg000:A533
seg000:A534
seg000:A534 ; =============== S U B R O U T I N E =======================================
seg000:A534
seg000:A534
seg000:A534 sub_A534        proc near
seg000:A534                 cmp     byte ptr boss_x, 50
seg000:A539                 stc
seg000:A53A                 jnz     short loc_A53D
seg000:A53C                 retn
seg000:A53D ; ---------------------------------------------------------------------------
seg000:A53D
seg000:A53D loc_A53D:
seg000:A53D                 inc     byte ptr boss_x
seg000:A541                 clc
seg000:A542                 retn
seg000:A542 sub_A534        endp
seg000:A542
seg000:A543
seg000:A543 ; =============== S U B R O U T I N E =======================================
seg000:A543
seg000:A543
seg000:A543 sub_A543        proc near
seg000:A543                 cmp     byte ptr boss_x, 11h
seg000:A548                 stc
seg000:A549                 jnz     short loc_A54C
seg000:A54B                 retn
seg000:A54C ; ---------------------------------------------------------------------------
seg000:A54C
seg000:A54C loc_A54C:
seg000:A54C                 dec     byte ptr boss_x
seg000:A550                 clc
seg000:A551                 retn
seg000:A551 sub_A543        endp
seg000:A551
seg000:A551 ; ---------------------------------------------------------------------------
seg000:A552 byte_A552       db 0
seg000:A553 byte_A553       db 0
seg000:A554                 db  15h
seg000:A555                 db    0
seg000:A556                 db  32h ; 2
seg000:A557                 db    4
seg000:A558                 db  50h ; P
seg000:A559                 db    0
seg000:A55A                 db    0
seg000:A55B                 db    0
seg000:A55C                 db    0
seg000:A55D                 db    0
seg000:A55E                 db    0
seg000:A55F byte_A55F       db 0
seg000:A560 byte_A560       db 0
seg000:A561                 db  14h
seg000:A562                 db    0
seg000:A563                 db  32h ; 2
seg000:A564                 db    0
seg000:A565                 db  50h ; P
seg000:A566                 db    0
seg000:A567                 db    0
seg000:A568                 db    0
seg000:A569                 db    0
seg000:A56A                 db    0
seg000:A56B                 db    0
seg000:A56C
seg000:A56C ; =============== S U B R O U T I N E =======================================
seg000:A56C
seg000:A56C
seg000:A56C sub_A56C        proc near
seg000:A56C                 mov     ax, boss_hp
seg000:A56F                 sub     ax, bx
seg000:A571                 jnb     short loc_A575
seg000:A573                 xor     ax, ax
seg000:A575
seg000:A575 loc_A575:
seg000:A575                 mov     boss_hp, ax
seg000:A578                 mov     bx, ax
seg000:A57A                 push    ax
seg000:A57B                 call    word ptr cs:200Ch ; Draw_Boss_Health_proc
seg000:A580                 pop     ax
seg000:A581                 or      ax, ax
seg000:A583                 jz      short loc_A586
seg000:A585                 retn
seg000:A586 ; ---------------------------------------------------------------------------
seg000:A586
seg000:A586 loc_A586:                               ;
seg000:A586                 mov     byte ptr ds:0FF2Eh, 0FFh ; boss_being_hit
seg000:A58B                 mov     byte_A60E, 0
seg000:A590                 mov     byte_A604, 0
seg000:A595                 jmp     word ptr cs:603Ch ; Browse_Projectiles_proc
seg000:A595 sub_A56C        endp
seg000:A595
seg000:A59A ; ---------------------------------------------------------------------------
seg000:A59A ; START OF FUNCTION CHUNK FOR Zela_AI_proc
seg000:A59A
seg000:A59A loc_A59A:
seg000:A59A                 cmp     byte_A60E, 28h ; '('
seg000:A59F                 jnb     short loc_A5E8
seg000:A5A1                 mov     byte ptr ds:0FF2Fh, 0FFh ; sprite_flash_flag
seg000:A5A6                 inc     byte_A60E
seg000:A5AA                 cmp     byte_A60E, 15h
seg000:A5AF                 jnb     short loc_A5E1
seg000:A5B1                 test    byte_A60E, 3
seg000:A5B6                 jnz     short loc_A5BD
seg000:A5B8                 mov     byte ptr ds:0FF75h, 28h ; '(' ; soundFX_request
seg000:A5BD
seg000:A5BD loc_A5BD:
seg000:A5BD                 inc     byte_A603
seg000:A5C1                 and     byte_A603, 7
seg000:A5C6
seg000:A5C6 loc_A5C6:
seg000:A5C6                 mov     bx, offset byte_A4EA
seg000:A5C9                 mov     al, byte_A603
seg000:A5CC                 xlat
seg000:A5CD                 xor     ah, ah
seg000:A5CF                 mov     di, offset word_A610
seg000:A5D2                 mov     cx, 0Ch
seg000:A5D5
seg000:A5D5 loc_A5D5:
seg000:A5D5                 mov     [di], ax
seg000:A5D7                 add     di, 2
seg000:A5DA                 inc     ah
seg000:A5DC                 loop    loc_A5D5
seg000:A5DE                 jmp     loc_A467
seg000:A5E1 ; ---------------------------------------------------------------------------
seg000:A5E1
seg000:A5E1 loc_A5E1:
seg000:A5E1                 mov     byte_A603, 2
seg000:A5E6                 jmp     short loc_A5C6
seg000:A5E8 ; ---------------------------------------------------------------------------
seg000:A5E8
seg000:A5E8 loc_A5E8:                               ;
seg000:A5E8                 mov     byte ptr ds:0FF30h, 0FFh ; boss_is_dead
seg000:A5ED                 retn
seg000:A5ED ; END OF FUNCTION CHUNK FOR Zela_AI_proc
seg000:A5ED ; ---------------------------------------------------------------------------
seg000:A5EE boss_x          dw 30h                  ; boss_state_block
seg000:A5F0 boss_y          db 0Ch
seg000:A5F1 boss_hp         dw 500
seg000:A5F3 xp_reward       dw 1000
seg000:A5F5 arena_center_x  db 12
seg000:A5F6 boss_placement  db 0
seg000:A5F7                 dw offset name_screen_x
seg000:A5F9 almas_reward    dw 600
seg000:A5FB name_screen_x   db  12h
seg000:A5FC name_screen_y   db 0BBh
seg000:A5FD                 db    0
seg000:A5FE aAgar           db 4,'Agar'
seg000:A603 byte_A603       db 0
seg000:A604 byte_A604       db 0
seg000:A605 byte_A605       db 0
seg000:A606 byte_A606       db 0
seg000:A607 byte_A607       db 0
seg000:A608 byte_A608       db 0
seg000:A609 byte_A609       db 0
seg000:A60A byte_A60A       db 0
seg000:A60B byte_A60B       db 2
seg000:A60C byte_A60C       db 0
seg000:A60D byte_A60D       db 0
seg000:A60E byte_A60E       db 0
seg000:A60F byte_A60F       db 0
seg000:A610 word_A610       dw 0
seg000:A612                 db    0
seg000:A613 byte_A613       db 0
seg000:A614                 db    0
seg000:A615                 db    0
seg000:A616                 db    0
seg000:A617                 db    0
seg000:A618                 db    0
seg000:A619 byte_A619       db 0
seg000:A61A                 db    0
seg000:A61B                 db    0
seg000:A61C                 db    0
seg000:A61D                 db    0
seg000:A61E                 db    0
seg000:A61F byte_A61F       db 0
seg000:A620                 db    0
seg000:A621                 db    0
seg000:A622                 db    0
seg000:A623                 db    0
seg000:A624                 db    0
seg000:A625 byte_A625       db 0
seg000:A626                 db    0
seg000:A627                 db    0
seg000:A627 seg000          ends
seg000:A627
seg000:A627
seg000:A627                 end
